Archive member included to satisfy reference by file (symbol)

/mnt/Storage/soft/nios2eds/bin/gnu/H-x86_64-pc-linux-gnu/bin/../lib/gcc/nios2-elf/4.9.1/mno-hw-mul/libgcc.a(lib2-mul.o)
                              obj/default/queue.o (__mulsi3)
/mnt/Storage/soft/nios2eds/bin/gnu/H-x86_64-pc-linux-gnu/bin/../lib/gcc/nios2-elf/4.9.1/../../../../../H-x86_64-pc-linux-gnu/nios2-elf/lib/mno-hw-mul/libsmallc.a(lib_a-memcpy.o)
                              obj/default/queue.o (memcpy)
/mnt/Storage/soft/nios2eds/bin/gnu/H-x86_64-pc-linux-gnu/bin/../lib/gcc/nios2-elf/4.9.1/../../../../../H-x86_64-pc-linux-gnu/nios2-elf/lib/mno-hw-mul/libsmallc.a(lib_a-memset.o)
                              obj/default/tasks.o (memset)
../slaveSdram_bsp//libhal_bsp.a(alt_irq_handler.o)
                              obj/default/portable/GCC/NiosII/port_asm.o (alt_irq_handler)
../slaveSdram_bsp//libhal_bsp.a(alt_irq_vars.o)
                              obj/default/portable/GCC/NiosII/port.o (alt_irq_active)
../slaveSdram_bsp//libhal_bsp.a(alt_load.o)
                              ../slaveSdram_bsp//obj/HAL/src/crt0.o (alt_load)
../slaveSdram_bsp//libhal_bsp.a(alt_main.o)
                              ../slaveSdram_bsp//obj/HAL/src/crt0.o (alt_main)
../slaveSdram_bsp//libhal_bsp.a(alt_printf.o)
                              obj/default/slaveSdram.o (alt_printf)
../slaveSdram_bsp//libhal_bsp.a(alt_putchar.o)
                              ../slaveSdram_bsp//libhal_bsp.a(alt_printf.o) (alt_putchar)
../slaveSdram_bsp//libhal_bsp.a(alt_putstr.o)
                              obj/default/slaveSdram.o (alt_putstr)
../slaveSdram_bsp//libhal_bsp.a(alt_usleep.o)
                              obj/default/slaveSdram.o (usleep)
../slaveSdram_bsp//libhal_bsp.a(alt_sys_init.o)
                              ../slaveSdram_bsp//libhal_bsp.a(alt_main.o) (alt_irq_init)
../slaveSdram_bsp//libhal_bsp.a(altera_avalon_jtag_uart_write.o)
                              ../slaveSdram_bsp//libhal_bsp.a(alt_putchar.o) (altera_avalon_jtag_uart_write)
../slaveSdram_bsp//libhal_bsp.a(altera_avalon_mutex.o)
                              obj/default/asym.o (altera_avalon_mutex_open)
../slaveSdram_bsp//libhal_bsp.a(alt_busy_sleep.o)
                              ../slaveSdram_bsp//libhal_bsp.a(alt_usleep.o) (alt_busy_sleep)
../slaveSdram_bsp//libhal_bsp.a(alt_dcache_flush_all.o)
                              ../slaveSdram_bsp//libhal_bsp.a(alt_load.o) (alt_dcache_flush_all)
../slaveSdram_bsp//libhal_bsp.a(alt_dev_llist_insert.o)
                              ../slaveSdram_bsp//libhal_bsp.a(alt_sys_init.o) (alt_dev_llist_insert)
../slaveSdram_bsp//libhal_bsp.a(alt_errno.o)
                              ../slaveSdram_bsp//libhal_bsp.a(altera_avalon_mutex.o) (alt_errno)
../slaveSdram_bsp//libhal_bsp.a(alt_find_dev.o)
                              ../slaveSdram_bsp//libhal_bsp.a(altera_avalon_mutex.o) (alt_find_dev)
../slaveSdram_bsp//libhal_bsp.a(alt_icache_flush_all.o)
                              ../slaveSdram_bsp//libhal_bsp.a(alt_load.o) (alt_icache_flush_all)
../slaveSdram_bsp//libhal_bsp.a(altera_nios2_qsys_irq.o)
                              ../slaveSdram_bsp//libhal_bsp.a(alt_sys_init.o) (altera_nios2_qsys_irq_init)
/mnt/Storage/soft/nios2eds/bin/gnu/H-x86_64-pc-linux-gnu/bin/../lib/gcc/nios2-elf/4.9.1/../../../../../H-x86_64-pc-linux-gnu/nios2-elf/lib/mno-hw-mul/libsmallc.a(lib_a-int_errno.o)
                              ../slaveSdram_bsp//libhal_bsp.a(altera_avalon_mutex.o) (errno)
/mnt/Storage/soft/nios2eds/bin/gnu/H-x86_64-pc-linux-gnu/bin/../lib/gcc/nios2-elf/4.9.1/../../../../../H-x86_64-pc-linux-gnu/nios2-elf/lib/mno-hw-mul/libsmallc.a(lib_a-memcmp.o)
                              ../slaveSdram_bsp//libhal_bsp.a(alt_find_dev.o) (memcmp)
/mnt/Storage/soft/nios2eds/bin/gnu/H-x86_64-pc-linux-gnu/bin/../lib/gcc/nios2-elf/4.9.1/../../../../../H-x86_64-pc-linux-gnu/nios2-elf/lib/mno-hw-mul/libsmallc.a(lib_a-strlen.o)
                              ../slaveSdram_bsp//libhal_bsp.a(alt_putstr.o) (strlen)
/mnt/Storage/soft/nios2eds/bin/gnu/H-x86_64-pc-linux-gnu/bin/../lib/gcc/nios2-elf/4.9.1/mno-hw-mul/libgcc.a(lib2-divmod.o)
                              ../slaveSdram_bsp//libhal_bsp.a(alt_busy_sleep.o) (__udivsi3)

Allocating common symbols
Common symbol       size              file

alt_irq             0x100             ../slaveSdram_bsp//libhal_bsp.a(alt_irq_handler.o)
errno               0x4               /mnt/Storage/soft/nios2eds/bin/gnu/H-x86_64-pc-linux-gnu/bin/../lib/gcc/nios2-elf/4.9.1/../../../../../H-x86_64-pc-linux-gnu/nios2-elf/lib/mno-hw-mul/libsmallc.a(lib_a-int_errno.o)

Memory Configuration

Name             Origin             Length             Attributes
memory_buff      0x0000000000008000 0x0000000000001fa0
reset            0x0000000001000000 0x0000000000000020
sdram            0x0000000001000020 0x00000000007fffe0
*default*        0x0000000000000000 0xffffffffffffffff

Linker script and memory map

LOAD ../slaveSdram_bsp//obj/HAL/src/crt0.o
LOAD obj/default/asym.o
LOAD obj/default/croutine.o
LOAD obj/default/list.o
LOAD obj/default/portable/GCC/NiosII/port.o
LOAD obj/default/portable/MemMang/heap_1.o
LOAD obj/default/queue.o
LOAD obj/default/slaveSdram.o
LOAD obj/default/tasks.o
LOAD obj/default/timers.o
LOAD obj/default/portable/GCC/NiosII/port_asm.o
LOAD /mnt/Storage/soft/nios2eds/bin/gnu/H-x86_64-pc-linux-gnu/bin/../lib/gcc/nios2-elf/4.9.1/../../../../../H-x86_64-pc-linux-gnu/nios2-elf/lib/mno-hw-mul/libstdc++.a
LOAD /mnt/Storage/soft/nios2eds/bin/gnu/H-x86_64-pc-linux-gnu/bin/../lib/gcc/nios2-elf/4.9.1/../../../../../H-x86_64-pc-linux-gnu/nios2-elf/lib/mno-hw-mul/libm.a
LOAD /mnt/Storage/soft/nios2eds/bin/gnu/H-x86_64-pc-linux-gnu/bin/../lib/gcc/nios2-elf/4.9.1/mno-hw-mul/libgcc.a
START GROUP
LOAD /mnt/Storage/soft/nios2eds/bin/gnu/H-x86_64-pc-linux-gnu/bin/../lib/gcc/nios2-elf/4.9.1/../../../../../H-x86_64-pc-linux-gnu/nios2-elf/lib/mno-hw-mul/libsmallc.a
LOAD /mnt/Storage/soft/nios2eds/bin/gnu/H-x86_64-pc-linux-gnu/bin/../lib/gcc/nios2-elf/4.9.1/mno-hw-mul/libgcc.a
LOAD ../slaveSdram_bsp//libhal_bsp.a
LOAD /mnt/Storage/soft/nios2eds/bin/gnu/H-x86_64-pc-linux-gnu/bin/../lib/gcc/nios2-elf/4.9.1/../../../../../H-x86_64-pc-linux-gnu/nios2-elf/lib/mno-hw-mul/libm.a
END GROUP
LOAD /mnt/Storage/soft/nios2eds/bin/gnu/H-x86_64-pc-linux-gnu/bin/../lib/gcc/nios2-elf/4.9.1/mno-hw-mul/libgcc.a
                0x0000000000008000                __alt_mem_memory_buff = 0x8000
                0x0000000001000000                __alt_mem_sdram = 0x1000000

.entry          0x0000000001000000       0x20
 *(.entry)
 .entry         0x0000000001000000       0x20 ../slaveSdram_bsp//obj/HAL/src/crt0.o
                0x0000000001000000                __reset
                0x000000000100000c                _exit

.exceptions     0x0000000001000020      0x1bc
                0x0000000001000020                PROVIDE (__ram_exceptions_start, ABSOLUTE (.))
                0x0000000001000020                . = ALIGN (0x20)
 *(.irq)
 *(.exceptions.entry.label)
 *(.exceptions.entry.user)
 *(.exceptions.entry.ecc_fatal)
 *(.exceptions.entry)
 .exceptions.entry
                0x0000000001000020       0x8c obj/default/portable/GCC/NiosII/port_asm.o
 *(.exceptions.irqtest.user)
 *(.exceptions.irqtest)
 .exceptions.irqtest
                0x00000000010000ac       0x14 obj/default/portable/GCC/NiosII/port_asm.o
 *(.exceptions.irqhandler.user)
 *(.exceptions.irqhandler)
 .exceptions.irqhandler
                0x00000000010000c0        0x4 obj/default/portable/GCC/NiosII/port_asm.o
 *(.exceptions.irqreturn.user)
 *(.exceptions.irqreturn)
 .exceptions.irqreturn
                0x00000000010000c4       0x8c obj/default/portable/GCC/NiosII/port_asm.o
                0x00000000010000c4                restore_sp_from_pxCurrentTCB
 *(.exceptions.notirq.label)
 *(.exceptions.notirq.user)
 *(.exceptions.notirq)
 *(.exceptions.soft.user)
 *(.exceptions.soft)
 .exceptions.soft
                0x0000000001000150       0x2c obj/default/portable/GCC/NiosII/port_asm.o
 *(.exceptions.unknown.user)
 *(.exceptions.unknown)
 *(.exceptions.exit.label)
 *(.exceptions.exit.user)
 *(.exceptions.exit)
 *(.exceptions)
 .exceptions    0x000000000100017c       0x60 ../slaveSdram_bsp//libhal_bsp.a(alt_irq_handler.o)
                0x000000000100017c                alt_irq_handler
                0x00000000010001dc                PROVIDE (__ram_exceptions_end, ABSOLUTE (.))
                0x0000000001000020                PROVIDE (__flash_exceptions_start, LOADADDR (.exceptions))

.text           0x00000000010001dc     0x32b8
                0x00000000010001dc                PROVIDE (stext, ABSOLUTE (.))
 *(.interp)
 *(.hash)
 *(.dynsym)
 *(.dynstr)
 *(.gnu.version)
 *(.gnu.version_d)
 *(.gnu.version_r)
 *(.rel.init)
 *(.rela.init)
 *(.rel.text .rel.text.* .rel.gnu.linkonce.t.*)
 *(.rela.text .rela.text.* .rela.gnu.linkonce.t.*)
 *(.rel.fini)
 *(.rela.fini)
 *(.rel.rodata .rel.rodata.* .rel.gnu.linkonce.r.*)
 *(.rela.rodata .rela.rodata.* .rela.gnu.linkonce.r.*)
 *(.rel.data .rel.data.* .rel.gnu.linkonce.d.*)
 *(.rela.data .rela.data.* .rela.gnu.linkonce.d.*)
 *(.rel.tdata .rel.tdata.* .rel.gnu.linkonce.td.*)
 *(.rela.tdata .rela.tdata.* .rela.gnu.linkonce.td.*)
 *(.rel.tbss .rel.tbss.* .rel.gnu.linkonce.tb.*)
 *(.rela.tbss .rela.tbss.* .rela.gnu.linkonce.tb.*)
 *(.rel.ctors)
 *(.rela.ctors)
 *(.rel.dtors)
 *(.rela.dtors)
 *(.rel.got)
 *(.rela.got)
 *(.rel.sdata .rel.sdata.* .rel.gnu.linkonce.s.*)
 *(.rela.sdata .rela.sdata.* .rela.gnu.linkonce.s.*)
 *(.rel.sbss .rel.sbss.* .rel.gnu.linkonce.sb.*)
 *(.rela.sbss .rela.sbss.* .rela.gnu.linkonce.sb.*)
 *(.rel.sdata2 .rel.sdata2.* .rel.gnu.linkonce.s2.*)
 *(.rela.sdata2 .rela.sdata2.* .rela.gnu.linkonce.s2.*)
 *(.rel.sbss2 .rel.sbss2.* .rel.gnu.linkonce.sb2.*)
 *(.rela.sbss2 .rela.sbss2.* .rela.gnu.linkonce.sb2.*)
 *(.rel.bss .rel.bss.* .rel.gnu.linkonce.b.*)
 *(.rela.bss .rela.bss.* .rela.gnu.linkonce.b.*)
 *(.rel.plt)
 *(.rela.plt)
 *(.rel.dyn)
 *(.init)
 *(.plt)
 *(.text .stub .text.* .gnu.linkonce.t.*)
 .text          0x00000000010001dc       0x3c ../slaveSdram_bsp//obj/HAL/src/crt0.o
                0x00000000010001dc                _start
 .text          0x0000000001000218      0x4a4 obj/default/asym.o
                0x0000000001000218                xAsymMutexInit
                0x0000000001000258                xAsymReqQueuInit
                0x00000000010002fc                xAsymGetReq
                0x0000000001000364                xAsymReqQueueNotEmpty
                0x00000000010003a0                xAsymTaskCreate
                0x00000000010003c0                vAsymServeReq
                0x00000000010004a4                vAsymUpdateSentReq
                0x0000000001000580                vAsymSemaphorePolling
                0x0000000001000598                vAsymServeRequest
 .text          0x00000000010006bc        0x0 obj/default/croutine.o
 .text          0x00000000010006bc       0xe4 obj/default/list.o
                0x00000000010006bc                vListInitialise
                0x00000000010006dc                vListInitialiseItem
                0x00000000010006e4                vListInsertEnd
                0x0000000001000714                vListInsert
                0x0000000001000768                uxListRemove
 .text          0x00000000010007a0      0x184 obj/default/portable/GCC/NiosII/port.o
                0x00000000010007a0                vPortSysTickHandler
                0x00000000010007cc                pxPortInitialiseStack
                0x000000000100080c                vPortEndScheduler
                0x0000000001000810                alt_irq_register
                0x00000000010008a8                xPortStartScheduler
 .text          0x0000000001000924       0xa8 obj/default/portable/MemMang/heap_1.o
                0x0000000001000924                pvPortMalloc
                0x00000000010009b0                vPortFree
                0x00000000010009b4                vPortInitialiseBlocks
                0x00000000010009bc                xPortGetFreeHeapSize
 .text          0x00000000010009cc      0xa48 obj/default/queue.o
                0x0000000001000b88                xQueueGenericReset
                0x0000000001000c40                xQueueGenericCreate
                0x0000000001000ccc                xQueueCreateCountingSemaphore
                0x0000000001000d00                xQueueGenericSend
                0x0000000001000e7c                xQueueCreateMutex
                0x0000000001000efc                xQueueGiveMutexRecursive
                0x0000000001000f5c                xQueueGenericSendFromISR
                0x0000000001000fec                xQueueGiveFromISR
                0x000000000100107c                xQueueGenericReceive
                0x0000000001001224                xQueueTakeMutexRecursive
                0x00000000010012a8                xQueueReceiveFromISR
                0x0000000001001334                xQueuePeekFromISR
                0x000000000100137c                uxQueueMessagesWaiting
                0x00000000010013ac                uxQueueSpacesAvailable
                0x00000000010013ec                uxQueueMessagesWaitingFromISR
                0x00000000010013f4                vQueueDelete
                0x00000000010013f8                xQueueIsQueueEmptyFromISR
                0x0000000001001404                xQueueIsQueueFullFromISR
 .text          0x0000000001001414      0x174 obj/default/slaveSdram.o
                0x0000000001001414                xZerothTask
                0x000000000100144c                xFirstTask
                0x0000000001001484                xSecondTask
                0x00000000010014b8                xThirdTask
                0x00000000010014ec                xFourthTask
                0x0000000001001520                xFifthTask
                0x0000000001001554                xSixthTask
 .text.startup  0x0000000001001588       0xb8 obj/default/slaveSdram.o
                0x0000000001001588                main
 .text          0x0000000001001640     0x166c obj/default/tasks.o
                0x00000000010016f4                uxTaskPriorityGetFromISR
                0x0000000001001704                xTaskResumeFromISR
                0x00000000010017ac                vTaskEndScheduler
                0x00000000010017c4                vTaskSuspendAll
                0x00000000010017d4                xTaskGetTickCount
                0x00000000010017dc                xTaskGetTickCountFromISR
                0x00000000010017e4                uxTaskGetNumberOfTasks
                0x00000000010017ec                xTaskIncrementTick
                0x0000000001001948                vTaskSwitchContext
                0x0000000001001a10                vTaskPlaceOnEventList
                0x0000000001001a78                vTaskPlaceOnUnorderedEventList
                0x0000000001001aec                xTaskRemoveFromEventList
                0x0000000001001b90                xTaskRemoveFromUnorderedEventList
                0x0000000001001c1c                vTaskSetTimeOutState
                0x0000000001001c30                vTaskMissedYield
                0x0000000001001c3c                uxTaskGetStackHighWaterMark
                0x0000000001001c70                xTaskGetCurrentTaskHandle
                0x0000000001001c78                vTaskPriorityInherit
                0x0000000001001d54                xTaskPriorityDisinherit
                0x0000000001001df0                vTaskEnterCritical
                0x0000000001001e20                vTaskExitCritical
                0x0000000001001e5c                xTaskGenericCreate
                0x00000000010020d8                vTaskStartScheduler
                0x000000000100214c                vTaskDelete
                0x00000000010021fc                uxTaskPriorityGet
                0x0000000001002234                vTaskPrioritySet
                0x0000000001002338                vTaskSuspend
                0x0000000001002414                vTaskResume
                0x00000000010024ac                xTaskResumeAll
                0x00000000010025d0                vTaskDelayUntil
                0x0000000001002658                vTaskDelay
                0x000000000100272c                xTaskCheckForTimeOut
                0x00000000010027ac                uxTaskResetEventItemValue
                0x00000000010027d0                pvTaskIncrementMutexHeldCount
                0x00000000010027f0                ulTaskNotifyTake
                0x00000000010028b8                xTaskNotifyWait
                0x00000000010029c4                xTaskGenericNotify
                0x0000000001002ad4                xTaskGenericNotifyFromISR
                0x0000000001002bec                vTaskNotifyGiveFromISR
 .text          0x0000000001002cac        0x0 obj/default/timers.o
 .text          0x0000000001002cac        0x0 obj/default/portable/GCC/NiosII/port_asm.o
 .text          0x0000000001002cac       0x28 /mnt/Storage/soft/nios2eds/bin/gnu/H-x86_64-pc-linux-gnu/bin/../lib/gcc/nios2-elf/4.9.1/mno-hw-mul/libgcc.a(lib2-mul.o)
                0x0000000001002cac                __mulsi3
 .text          0x0000000001002cd4       0x28 /mnt/Storage/soft/nios2eds/bin/gnu/H-x86_64-pc-linux-gnu/bin/../lib/gcc/nios2-elf/4.9.1/../../../../../H-x86_64-pc-linux-gnu/nios2-elf/lib/mno-hw-mul/libsmallc.a(lib_a-memcpy.o)
                0x0000000001002cd4                memcpy
 .text          0x0000000001002cfc       0x20 /mnt/Storage/soft/nios2eds/bin/gnu/H-x86_64-pc-linux-gnu/bin/../lib/gcc/nios2-elf/4.9.1/../../../../../H-x86_64-pc-linux-gnu/nios2-elf/lib/mno-hw-mul/libsmallc.a(lib_a-memset.o)
                0x0000000001002cfc                memset
 .text          0x0000000001002d1c        0x0 ../slaveSdram_bsp//libhal_bsp.a(alt_irq_handler.o)
 .text          0x0000000001002d1c        0x0 ../slaveSdram_bsp//libhal_bsp.a(alt_irq_vars.o)
 .text          0x0000000001002d1c       0xf8 ../slaveSdram_bsp//libhal_bsp.a(alt_load.o)
                0x0000000001002d1c                alt_load
 .text          0x0000000001002e14       0x2c ../slaveSdram_bsp//libhal_bsp.a(alt_main.o)
                0x0000000001002e14                alt_main
 .text          0x0000000001002e40      0x16c ../slaveSdram_bsp//libhal_bsp.a(alt_printf.o)
                0x0000000001002e40                alt_printf
 .text          0x0000000001002fac       0x48 ../slaveSdram_bsp//libhal_bsp.a(alt_putchar.o)
                0x0000000001002fac                alt_putchar
 .text          0x0000000001002ff4       0x38 ../slaveSdram_bsp//libhal_bsp.a(alt_putstr.o)
                0x0000000001002ff4                alt_putstr
 .text          0x000000000100302c        0x4 ../slaveSdram_bsp//libhal_bsp.a(alt_usleep.o)
                0x000000000100302c                usleep
 .text          0x0000000001003030       0x34 ../slaveSdram_bsp//libhal_bsp.a(alt_sys_init.o)
                0x0000000001003030                alt_irq_init
                0x0000000001003050                alt_sys_init
 .text          0x0000000001003064       0x34 ../slaveSdram_bsp//libhal_bsp.a(altera_avalon_jtag_uart_write.o)
                0x0000000001003064                altera_avalon_jtag_uart_write
 .text          0x0000000001003098      0x100 ../slaveSdram_bsp//libhal_bsp.a(altera_avalon_mutex.o)
                0x0000000001003098                altera_avalon_mutex_open
                0x00000000010030f0                altera_avalon_mutex_close
                0x00000000010030f4                altera_avalon_mutex_lock
                0x0000000001003118                altera_avalon_mutex_trylock
                0x0000000001003140                altera_avalon_mutex_unlock
                0x0000000001003160                altera_avalon_mutex_is_mine
                0x0000000001003188                altera_avalon_mutex_first_lock
 .text          0x0000000001003198       0x88 ../slaveSdram_bsp//libhal_bsp.a(alt_busy_sleep.o)
                0x0000000001003198                alt_busy_sleep
 .text          0x0000000001003220        0x4 ../slaveSdram_bsp//libhal_bsp.a(alt_dcache_flush_all.o)
                0x0000000001003220                alt_dcache_flush_all
 .text          0x0000000001003224       0x78 ../slaveSdram_bsp//libhal_bsp.a(alt_dev_llist_insert.o)
                0x0000000001003224                alt_dev_llist_insert
 .text          0x000000000100329c        0x0 ../slaveSdram_bsp//libhal_bsp.a(alt_errno.o)
 .text          0x000000000100329c       0x74 ../slaveSdram_bsp//libhal_bsp.a(alt_find_dev.o)
                0x000000000100329c                alt_find_dev
 .text          0x0000000001003310        0x4 ../slaveSdram_bsp//libhal_bsp.a(alt_icache_flush_all.o)
                0x0000000001003310                alt_icache_flush_all
 .text          0x0000000001003314        0x8 ../slaveSdram_bsp//libhal_bsp.a(altera_nios2_qsys_irq.o)
                0x0000000001003314                altera_nios2_qsys_irq_init
 .text          0x000000000100331c        0x0 /mnt/Storage/soft/nios2eds/bin/gnu/H-x86_64-pc-linux-gnu/bin/../lib/gcc/nios2-elf/4.9.1/../../../../../H-x86_64-pc-linux-gnu/nios2-elf/lib/mno-hw-mul/libsmallc.a(lib_a-int_errno.o)
 .text          0x000000000100331c       0x30 /mnt/Storage/soft/nios2eds/bin/gnu/H-x86_64-pc-linux-gnu/bin/../lib/gcc/nios2-elf/4.9.1/../../../../../H-x86_64-pc-linux-gnu/nios2-elf/lib/mno-hw-mul/libsmallc.a(lib_a-memcmp.o)
                0x000000000100331c                memcmp
 .text          0x000000000100334c       0x1c /mnt/Storage/soft/nios2eds/bin/gnu/H-x86_64-pc-linux-gnu/bin/../lib/gcc/nios2-elf/4.9.1/../../../../../H-x86_64-pc-linux-gnu/nios2-elf/lib/mno-hw-mul/libsmallc.a(lib_a-strlen.o)
                0x000000000100334c                strlen
 .text          0x0000000001003368      0x12c /mnt/Storage/soft/nios2eds/bin/gnu/H-x86_64-pc-linux-gnu/bin/../lib/gcc/nios2-elf/4.9.1/mno-hw-mul/libgcc.a(lib2-divmod.o)
                0x00000000010033d4                __divsi3
                0x0000000001003428                __modsi3
                0x0000000001003484                __udivsi3
                0x000000000100348c                __umodsi3
 *(.gnu.warning.*)
 *(.fini)
                0x0000000001003494                PROVIDE (__etext, ABSOLUTE (.))
                0x0000000001003494                PROVIDE (_etext, ABSOLUTE (.))
                0x0000000001003494                PROVIDE (etext, ABSOLUTE (.))
 *(.eh_frame_hdr)
                0x0000000001003494                . = ALIGN (0x4)
                0x0000000001003494                PROVIDE (__preinit_array_start, ABSOLUTE (.))
 *(.preinit_array)
                0x0000000001003494                PROVIDE (__preinit_array_end, ABSOLUTE (.))
                0x0000000001003494                PROVIDE (__init_array_start, ABSOLUTE (.))
 *(.init_array)
                0x0000000001003494                PROVIDE (__init_array_end, ABSOLUTE (.))
                0x0000000001003494                PROVIDE (__fini_array_start, ABSOLUTE (.))
 *(.fini_array)
                0x0000000001003494                PROVIDE (__fini_array_end, ABSOLUTE (.))
 *(.eh_frame)
 *(.gcc_except_table .gcc_except_table.*)
 *(.dynamic)
                0x0000000001003494                PROVIDE (__CTOR_LIST__, ABSOLUTE (.))
 *(.ctors)
 *(SORT(.ctors.*))
                0x0000000001003494                PROVIDE (__CTOR_END__, ABSOLUTE (.))
                0x0000000001003494                PROVIDE (__DTOR_LIST__, ABSOLUTE (.))
 *(.dtors)
 *(SORT(.dtors.*))
                0x0000000001003494                PROVIDE (__DTOR_END__, ABSOLUTE (.))
 *(.jcr)
                0x0000000001003494                . = ALIGN (0x4)

.rodata         0x0000000001003494       0xec
                0x0000000001003494                PROVIDE (__ram_rodata_start, ABSOLUTE (.))
                0x0000000001003494                . = ALIGN (0x4)
 *(.rodata .rodata.* .gnu.linkonce.r.*)
 .rodata.str1.4
                0x0000000001003494       0x18 obj/default/asym.o
 .rodata.str1.4
                0x00000000010034ac       0xcb obj/default/slaveSdram.o
                                         0xcc (size before relaxing)
 *fill*         0x0000000001003577        0x1 
 .rodata.str1.4
                0x0000000001003578        0x8 obj/default/tasks.o
 .rodata.str1.4
                0x0000000000000000       0x10 ../slaveSdram_bsp//libhal_bsp.a(alt_sys_init.o)
 *(.rodata1)
                0x0000000001003580                . = ALIGN (0x4)
                0x0000000001003580                PROVIDE (__ram_rodata_end, ABSOLUTE (.))
                0x0000000001003494                PROVIDE (__flash_rodata_start, LOADADDR (.rodata))

.rwdata         0x0000000001003580       0x24 load address 0x00000000010035a4
                0x0000000001003580                PROVIDE (__ram_rwdata_start, ABSOLUTE (.))
                0x0000000001003580                . = ALIGN (0x4)
 *(.got.plt)
 *(.got)
 *(.data1)
 *(.data .data.* .gnu.linkonce.d.*)
 .data          0x0000000001003580        0x0 ../slaveSdram_bsp//obj/HAL/src/crt0.o
 .data          0x0000000001003580        0x0 obj/default/asym.o
 .data          0x0000000001003580        0x0 obj/default/croutine.o
 .data          0x0000000001003580        0x0 obj/default/list.o
 .data          0x0000000001003580        0x0 obj/default/portable/GCC/NiosII/port.o
 .data          0x0000000001003580        0x0 obj/default/portable/MemMang/heap_1.o
 .data          0x0000000001003580        0x0 obj/default/queue.o
 .data          0x0000000001003580        0x0 obj/default/slaveSdram.o
 .data          0x0000000001003580        0x0 obj/default/tasks.o
 .data          0x0000000001003580        0x0 obj/default/timers.o
 .data          0x0000000001003580        0x0 obj/default/portable/GCC/NiosII/port_asm.o
 .data          0x0000000001003580        0x0 /mnt/Storage/soft/nios2eds/bin/gnu/H-x86_64-pc-linux-gnu/bin/../lib/gcc/nios2-elf/4.9.1/mno-hw-mul/libgcc.a(lib2-mul.o)
 .data          0x0000000001003580        0x0 /mnt/Storage/soft/nios2eds/bin/gnu/H-x86_64-pc-linux-gnu/bin/../lib/gcc/nios2-elf/4.9.1/../../../../../H-x86_64-pc-linux-gnu/nios2-elf/lib/mno-hw-mul/libsmallc.a(lib_a-memcpy.o)
 .data          0x0000000001003580        0x0 /mnt/Storage/soft/nios2eds/bin/gnu/H-x86_64-pc-linux-gnu/bin/../lib/gcc/nios2-elf/4.9.1/../../../../../H-x86_64-pc-linux-gnu/nios2-elf/lib/mno-hw-mul/libsmallc.a(lib_a-memset.o)
 .data          0x0000000001003580        0x0 ../slaveSdram_bsp//libhal_bsp.a(alt_irq_handler.o)
 .data          0x0000000001003580        0x0 ../slaveSdram_bsp//libhal_bsp.a(alt_irq_vars.o)
 .data          0x0000000001003580        0x0 ../slaveSdram_bsp//libhal_bsp.a(alt_load.o)
 .data          0x0000000001003580        0x0 ../slaveSdram_bsp//libhal_bsp.a(alt_main.o)
 .data          0x0000000001003580        0x0 ../slaveSdram_bsp//libhal_bsp.a(alt_printf.o)
 .data          0x0000000001003580        0x0 ../slaveSdram_bsp//libhal_bsp.a(alt_putchar.o)
 .data          0x0000000001003580        0x0 ../slaveSdram_bsp//libhal_bsp.a(alt_putstr.o)
 .data          0x0000000001003580        0x0 ../slaveSdram_bsp//libhal_bsp.a(alt_usleep.o)
 .data          0x0000000001003580       0x10 ../slaveSdram_bsp//libhal_bsp.a(alt_sys_init.o)
 .data          0x0000000001003590        0x0 ../slaveSdram_bsp//libhal_bsp.a(altera_avalon_jtag_uart_write.o)
 .data          0x0000000001003590        0x0 ../slaveSdram_bsp//libhal_bsp.a(altera_avalon_mutex.o)
 .data          0x0000000001003590        0x0 ../slaveSdram_bsp//libhal_bsp.a(alt_busy_sleep.o)
 .data          0x0000000001003590        0x0 ../slaveSdram_bsp//libhal_bsp.a(alt_dcache_flush_all.o)
 .data          0x0000000001003590        0x0 ../slaveSdram_bsp//libhal_bsp.a(alt_dev_llist_insert.o)
 .data          0x0000000001003590        0x0 ../slaveSdram_bsp//libhal_bsp.a(alt_errno.o)
 .data          0x0000000001003590        0x0 ../slaveSdram_bsp//libhal_bsp.a(alt_find_dev.o)
 .data          0x0000000001003590        0x0 ../slaveSdram_bsp//libhal_bsp.a(alt_icache_flush_all.o)
 .data          0x0000000001003590        0x0 ../slaveSdram_bsp//libhal_bsp.a(altera_nios2_qsys_irq.o)
 .data          0x0000000001003590        0x0 /mnt/Storage/soft/nios2eds/bin/gnu/H-x86_64-pc-linux-gnu/bin/../lib/gcc/nios2-elf/4.9.1/../../../../../H-x86_64-pc-linux-gnu/nios2-elf/lib/mno-hw-mul/libsmallc.a(lib_a-int_errno.o)
 .data          0x0000000001003590        0x0 /mnt/Storage/soft/nios2eds/bin/gnu/H-x86_64-pc-linux-gnu/bin/../lib/gcc/nios2-elf/4.9.1/../../../../../H-x86_64-pc-linux-gnu/nios2-elf/lib/mno-hw-mul/libsmallc.a(lib_a-memcmp.o)
 .data          0x0000000001003590        0x0 /mnt/Storage/soft/nios2eds/bin/gnu/H-x86_64-pc-linux-gnu/bin/../lib/gcc/nios2-elf/4.9.1/../../../../../H-x86_64-pc-linux-gnu/nios2-elf/lib/mno-hw-mul/libsmallc.a(lib_a-strlen.o)
 .data          0x0000000001003590        0x0 /mnt/Storage/soft/nios2eds/bin/gnu/H-x86_64-pc-linux-gnu/bin/../lib/gcc/nios2-elf/4.9.1/mno-hw-mul/libgcc.a(lib2-divmod.o)
                0x000000000100b590                _gp = ABSOLUTE ((. + 0x8000))
                0x000000000100b590                PROVIDE (gp, _gp)
 *(.rwdata .rwdata.*)
 *(.sdata .sdata.* .gnu.linkonce.s.*)
 .sdata         0x0000000001003590        0x4 ../slaveSdram_bsp//libhal_bsp.a(alt_irq_vars.o)
                0x0000000001003590                alt_priority_mask
 .sdata         0x0000000001003594        0x4 ../slaveSdram_bsp//libhal_bsp.a(alt_sys_init.o)
                0x0000000001003594                jtag_uart_1
 .sdata         0x0000000001003598        0x8 ../slaveSdram_bsp//libhal_bsp.a(altera_avalon_mutex.o)
                0x0000000001003598                alt_mutex_list
 .sdata         0x00000000010035a0        0x4 ../slaveSdram_bsp//libhal_bsp.a(alt_errno.o)
                0x00000000010035a0                alt_errno
 *(.sdata2 .sdata2.* .gnu.linkonce.s2.*)
                0x00000000010035a4                . = ALIGN (0x4)
                0x00000000010035a4                _edata = ABSOLUTE (.)
                0x00000000010035a4                PROVIDE (edata, ABSOLUTE (.))
                0x00000000010035a4                PROVIDE (__ram_rwdata_end, ABSOLUTE (.))
                0x00000000010035a4                PROVIDE (__flash_rwdata_start, LOADADDR (.rwdata))

.bss            0x00000000010035c8     0x4158
                0x00000000010035c8                __bss_start = ABSOLUTE (.)
                0x00000000010035c8                PROVIDE (__sbss_start, ABSOLUTE (.))
                0x00000000010035c8                PROVIDE (___sbss_start, ABSOLUTE (.))
 *(.dynsbss)
 *(.sbss .sbss.* .gnu.linkonce.sb.*)
 .sbss          0x00000000010035c8        0x4 obj/default/asym.o
 .sbss          0x00000000010035cc        0x8 obj/default/portable/MemMang/heap_1.o
 .sbss          0x00000000010035d4       0x38 obj/default/tasks.o
                0x0000000001003608                pxCurrentTCB
 .sbss          0x000000000100360c        0x4 ../slaveSdram_bsp//libhal_bsp.a(alt_irq_vars.o)
                0x000000000100360c                alt_irq_active
 .sbss          0x0000000001003610        0xc ../slaveSdram_bsp//libhal_bsp.a(alt_main.o)
                0x0000000001003610                alt_envp
                0x0000000001003614                alt_argv
                0x0000000001003618                alt_argc
 .sbss          0x000000000100361c        0x4 /mnt/Storage/soft/nios2eds/bin/gnu/H-x86_64-pc-linux-gnu/bin/../lib/gcc/nios2-elf/4.9.1/../../../../../H-x86_64-pc-linux-gnu/nios2-elf/lib/mno-hw-mul/libsmallc.a(lib_a-int_errno.o)
                0x000000000100361c                errno
 *(.sbss2 .sbss2.* .gnu.linkonce.sb2.*)
 *(.scommon)
                0x0000000001003620                PROVIDE (__sbss_end, ABSOLUTE (.))
                0x0000000001003620                PROVIDE (___sbss_end, ABSOLUTE (.))
 *(.dynbss)
 *(.bss .bss.* .gnu.linkonce.b.*)
 .bss           0x0000000001003620        0x0 ../slaveSdram_bsp//obj/HAL/src/crt0.o
 .bss           0x0000000001003620       0xa0 obj/default/asym.o
 .bss           0x00000000010036c0        0x0 obj/default/croutine.o
 .bss           0x00000000010036c0        0x0 obj/default/list.o
 .bss           0x00000000010036c0        0x0 obj/default/portable/GCC/NiosII/port.o
 .bss           0x00000000010036c0     0x3e98 obj/default/portable/MemMang/heap_1.o
 .bss           0x0000000001007558        0x0 obj/default/queue.o
 .bss           0x0000000001007558        0x0 obj/default/slaveSdram.o
 .bss           0x0000000001007558       0xc8 obj/default/tasks.o
 .bss           0x0000000001007620        0x0 obj/default/timers.o
 .bss           0x0000000001007620        0x0 obj/default/portable/GCC/NiosII/port_asm.o
 .bss           0x0000000001007620        0x0 /mnt/Storage/soft/nios2eds/bin/gnu/H-x86_64-pc-linux-gnu/bin/../lib/gcc/nios2-elf/4.9.1/mno-hw-mul/libgcc.a(lib2-mul.o)
 .bss           0x0000000001007620        0x0 /mnt/Storage/soft/nios2eds/bin/gnu/H-x86_64-pc-linux-gnu/bin/../lib/gcc/nios2-elf/4.9.1/../../../../../H-x86_64-pc-linux-gnu/nios2-elf/lib/mno-hw-mul/libsmallc.a(lib_a-memcpy.o)
 .bss           0x0000000001007620        0x0 /mnt/Storage/soft/nios2eds/bin/gnu/H-x86_64-pc-linux-gnu/bin/../lib/gcc/nios2-elf/4.9.1/../../../../../H-x86_64-pc-linux-gnu/nios2-elf/lib/mno-hw-mul/libsmallc.a(lib_a-memset.o)
 .bss           0x0000000001007620        0x0 ../slaveSdram_bsp//libhal_bsp.a(alt_irq_handler.o)
 .bss           0x0000000001007620        0x0 ../slaveSdram_bsp//libhal_bsp.a(alt_irq_vars.o)
 .bss           0x0000000001007620        0x0 ../slaveSdram_bsp//libhal_bsp.a(alt_load.o)
 .bss           0x0000000001007620        0x0 ../slaveSdram_bsp//libhal_bsp.a(alt_main.o)
 .bss           0x0000000001007620        0x0 ../slaveSdram_bsp//libhal_bsp.a(alt_printf.o)
 .bss           0x0000000001007620        0x0 ../slaveSdram_bsp//libhal_bsp.a(alt_putchar.o)
 .bss           0x0000000001007620        0x0 ../slaveSdram_bsp//libhal_bsp.a(alt_putstr.o)
 .bss           0x0000000001007620        0x0 ../slaveSdram_bsp//libhal_bsp.a(alt_usleep.o)
 .bss           0x0000000001007620        0x0 ../slaveSdram_bsp//libhal_bsp.a(alt_sys_init.o)
 .bss           0x0000000001007620        0x0 ../slaveSdram_bsp//libhal_bsp.a(altera_avalon_jtag_uart_write.o)
 .bss           0x0000000001007620        0x0 ../slaveSdram_bsp//libhal_bsp.a(altera_avalon_mutex.o)
 .bss           0x0000000001007620        0x0 ../slaveSdram_bsp//libhal_bsp.a(alt_busy_sleep.o)
 .bss           0x0000000001007620        0x0 ../slaveSdram_bsp//libhal_bsp.a(alt_dcache_flush_all.o)
 .bss           0x0000000001007620        0x0 ../slaveSdram_bsp//libhal_bsp.a(alt_dev_llist_insert.o)
 .bss           0x0000000001007620        0x0 ../slaveSdram_bsp//libhal_bsp.a(alt_errno.o)
 .bss           0x0000000001007620        0x0 ../slaveSdram_bsp//libhal_bsp.a(alt_find_dev.o)
 .bss           0x0000000001007620        0x0 ../slaveSdram_bsp//libhal_bsp.a(alt_icache_flush_all.o)
 .bss           0x0000000001007620        0x0 ../slaveSdram_bsp//libhal_bsp.a(altera_nios2_qsys_irq.o)
 .bss           0x0000000001007620        0x0 /mnt/Storage/soft/nios2eds/bin/gnu/H-x86_64-pc-linux-gnu/bin/../lib/gcc/nios2-elf/4.9.1/../../../../../H-x86_64-pc-linux-gnu/nios2-elf/lib/mno-hw-mul/libsmallc.a(lib_a-int_errno.o)
 .bss           0x0000000001007620        0x0 /mnt/Storage/soft/nios2eds/bin/gnu/H-x86_64-pc-linux-gnu/bin/../lib/gcc/nios2-elf/4.9.1/../../../../../H-x86_64-pc-linux-gnu/nios2-elf/lib/mno-hw-mul/libsmallc.a(lib_a-memcmp.o)
 .bss           0x0000000001007620        0x0 /mnt/Storage/soft/nios2eds/bin/gnu/H-x86_64-pc-linux-gnu/bin/../lib/gcc/nios2-elf/4.9.1/../../../../../H-x86_64-pc-linux-gnu/nios2-elf/lib/mno-hw-mul/libsmallc.a(lib_a-strlen.o)
 .bss           0x0000000001007620        0x0 /mnt/Storage/soft/nios2eds/bin/gnu/H-x86_64-pc-linux-gnu/bin/../lib/gcc/nios2-elf/4.9.1/mno-hw-mul/libgcc.a(lib2-divmod.o)
 *(COMMON)
 COMMON         0x0000000001007620      0x100 ../slaveSdram_bsp//libhal_bsp.a(alt_irq_handler.o)
                0x0000000001007620                alt_irq
                0x0000000001007720                . = ALIGN (0x4)
                0x0000000001007720                __bss_end = ABSOLUTE (.)

.memory_buff    0x0000000000008000        0x0 load address 0x0000000001007720
                0x0000000000008000                PROVIDE (_alt_partition_memory_buff_start, ABSOLUTE (.))
 *(.memory_buff .memory_buff. memory_buff.*)
                0x0000000000008000                . = ALIGN (0x4)
                0x0000000000008000                PROVIDE (_alt_partition_memory_buff_end, ABSOLUTE (.))
                0x0000000001007720                PROVIDE (_alt_partition_memory_buff_load_addr, LOADADDR (.memory_buff))

.sdram          0x0000000001007720        0x0
                0x0000000001007720                PROVIDE (_alt_partition_sdram_start, ABSOLUTE (.))
 *(.sdram .sdram. sdram.*)
                0x0000000001007720                . = ALIGN (0x4)
                0x0000000001007720                PROVIDE (_alt_partition_sdram_end, ABSOLUTE (.))
                0x0000000001007720                _end = ABSOLUTE (.)
                0x0000000001007720                end = ABSOLUTE (.)
                0x0000000001007720                __alt_stack_base = ABSOLUTE (.)
                0x0000000001007720                PROVIDE (_alt_partition_sdram_load_addr, LOADADDR (.sdram))

.stab
 *(.stab)

.stabstr
 *(.stabstr)

.stab.excl
 *(.stab.excl)

.stab.exclstr
 *(.stab.exclstr)

.stab.index
 *(.stab.index)

.stab.indexstr
 *(.stab.indexstr)

.comment        0x0000000000000000       0x23
 *(.comment)
 .comment       0x0000000000000000       0x23 obj/default/asym.o
                                         0x24 (size before relaxing)
 .comment       0x0000000000000000       0x24 obj/default/croutine.o
 .comment       0x0000000000000000       0x24 obj/default/list.o
 .comment       0x0000000000000000       0x24 obj/default/portable/GCC/NiosII/port.o
 .comment       0x0000000000000000       0x24 obj/default/portable/MemMang/heap_1.o
 .comment       0x0000000000000000       0x24 obj/default/queue.o
 .comment       0x0000000000000000       0x24 obj/default/slaveSdram.o
 .comment       0x0000000000000000       0x24 obj/default/tasks.o
 .comment       0x0000000000000000       0x24 obj/default/timers.o
 .comment       0x0000000000000000       0x24 /mnt/Storage/soft/nios2eds/bin/gnu/H-x86_64-pc-linux-gnu/bin/../lib/gcc/nios2-elf/4.9.1/mno-hw-mul/libgcc.a(lib2-mul.o)
 .comment       0x0000000000000000       0x24 /mnt/Storage/soft/nios2eds/bin/gnu/H-x86_64-pc-linux-gnu/bin/../lib/gcc/nios2-elf/4.9.1/../../../../../H-x86_64-pc-linux-gnu/nios2-elf/lib/mno-hw-mul/libsmallc.a(lib_a-memcpy.o)
 .comment       0x0000000000000000       0x24 /mnt/Storage/soft/nios2eds/bin/gnu/H-x86_64-pc-linux-gnu/bin/../lib/gcc/nios2-elf/4.9.1/../../../../../H-x86_64-pc-linux-gnu/nios2-elf/lib/mno-hw-mul/libsmallc.a(lib_a-memset.o)
 .comment       0x0000000000000000       0x24 ../slaveSdram_bsp//libhal_bsp.a(alt_irq_handler.o)
 .comment       0x0000000000000000       0x24 ../slaveSdram_bsp//libhal_bsp.a(alt_irq_vars.o)
 .comment       0x0000000000000000       0x24 ../slaveSdram_bsp//libhal_bsp.a(alt_load.o)
 .comment       0x0000000000000000       0x24 ../slaveSdram_bsp//libhal_bsp.a(alt_main.o)
 .comment       0x0000000000000000       0x24 ../slaveSdram_bsp//libhal_bsp.a(alt_printf.o)
 .comment       0x0000000000000000       0x24 ../slaveSdram_bsp//libhal_bsp.a(alt_putchar.o)
 .comment       0x0000000000000000       0x24 ../slaveSdram_bsp//libhal_bsp.a(alt_putstr.o)
 .comment       0x0000000000000000       0x24 ../slaveSdram_bsp//libhal_bsp.a(alt_usleep.o)
 .comment       0x0000000000000000       0x24 ../slaveSdram_bsp//libhal_bsp.a(alt_sys_init.o)
 .comment       0x0000000000000000       0x24 ../slaveSdram_bsp//libhal_bsp.a(altera_avalon_jtag_uart_write.o)
 .comment       0x0000000000000000       0x24 ../slaveSdram_bsp//libhal_bsp.a(altera_avalon_mutex.o)
 .comment       0x0000000000000000       0x24 ../slaveSdram_bsp//libhal_bsp.a(alt_busy_sleep.o)
 .comment       0x0000000000000000       0x24 ../slaveSdram_bsp//libhal_bsp.a(alt_dcache_flush_all.o)
 .comment       0x0000000000000000       0x24 ../slaveSdram_bsp//libhal_bsp.a(alt_dev_llist_insert.o)
 .comment       0x0000000000000000       0x24 ../slaveSdram_bsp//libhal_bsp.a(alt_errno.o)
 .comment       0x0000000000000000       0x24 ../slaveSdram_bsp//libhal_bsp.a(alt_find_dev.o)
 .comment       0x0000000000000000       0x24 ../slaveSdram_bsp//libhal_bsp.a(alt_icache_flush_all.o)
 .comment       0x0000000000000000       0x24 ../slaveSdram_bsp//libhal_bsp.a(altera_nios2_qsys_irq.o)
 .comment       0x0000000000000000       0x24 /mnt/Storage/soft/nios2eds/bin/gnu/H-x86_64-pc-linux-gnu/bin/../lib/gcc/nios2-elf/4.9.1/../../../../../H-x86_64-pc-linux-gnu/nios2-elf/lib/mno-hw-mul/libsmallc.a(lib_a-int_errno.o)
 .comment       0x0000000000000000       0x24 /mnt/Storage/soft/nios2eds/bin/gnu/H-x86_64-pc-linux-gnu/bin/../lib/gcc/nios2-elf/4.9.1/../../../../../H-x86_64-pc-linux-gnu/nios2-elf/lib/mno-hw-mul/libsmallc.a(lib_a-memcmp.o)
 .comment       0x0000000000000000       0x24 /mnt/Storage/soft/nios2eds/bin/gnu/H-x86_64-pc-linux-gnu/bin/../lib/gcc/nios2-elf/4.9.1/../../../../../H-x86_64-pc-linux-gnu/nios2-elf/lib/mno-hw-mul/libsmallc.a(lib_a-strlen.o)
 .comment       0x0000000000000000       0x24 /mnt/Storage/soft/nios2eds/bin/gnu/H-x86_64-pc-linux-gnu/bin/../lib/gcc/nios2-elf/4.9.1/mno-hw-mul/libgcc.a(lib2-divmod.o)

.debug
 *(.debug)

.line
 *(.line)

.debug_srcinfo
 *(.debug_srcinfo)

.debug_sfnames
 *(.debug_sfnames)

.debug_aranges  0x0000000000000000      0x488
 *(.debug_aranges)
 .debug_aranges
                0x0000000000000000       0x28 ../slaveSdram_bsp//obj/HAL/src/crt0.o
 .debug_aranges
                0x0000000000000028       0x20 obj/default/asym.o
 .debug_aranges
                0x0000000000000048       0x18 obj/default/croutine.o
 .debug_aranges
                0x0000000000000060       0x20 obj/default/list.o
 .debug_aranges
                0x0000000000000080       0x20 obj/default/portable/GCC/NiosII/port.o
 .debug_aranges
                0x00000000000000a0       0x20 obj/default/portable/MemMang/heap_1.o
 .debug_aranges
                0x00000000000000c0       0x20 obj/default/queue.o
 .debug_aranges
                0x00000000000000e0       0x28 obj/default/slaveSdram.o
 .debug_aranges
                0x0000000000000108       0x20 obj/default/tasks.o
 .debug_aranges
                0x0000000000000128       0x18 obj/default/timers.o
 .debug_aranges
                0x0000000000000140       0x40 obj/default/portable/GCC/NiosII/port_asm.o
 .debug_aranges
                0x0000000000000180       0x20 /mnt/Storage/soft/nios2eds/bin/gnu/H-x86_64-pc-linux-gnu/bin/../lib/gcc/nios2-elf/4.9.1/mno-hw-mul/libgcc.a(lib2-mul.o)
 .debug_aranges
                0x00000000000001a0       0x20 /mnt/Storage/soft/nios2eds/bin/gnu/H-x86_64-pc-linux-gnu/bin/../lib/gcc/nios2-elf/4.9.1/../../../../../H-x86_64-pc-linux-gnu/nios2-elf/lib/mno-hw-mul/libsmallc.a(lib_a-memcpy.o)
 .debug_aranges
                0x00000000000001c0       0x20 /mnt/Storage/soft/nios2eds/bin/gnu/H-x86_64-pc-linux-gnu/bin/../lib/gcc/nios2-elf/4.9.1/../../../../../H-x86_64-pc-linux-gnu/nios2-elf/lib/mno-hw-mul/libsmallc.a(lib_a-memset.o)
 .debug_aranges
                0x00000000000001e0       0x20 ../slaveSdram_bsp//libhal_bsp.a(alt_irq_handler.o)
 .debug_aranges
                0x0000000000000200       0x18 ../slaveSdram_bsp//libhal_bsp.a(alt_irq_vars.o)
 .debug_aranges
                0x0000000000000218       0x20 ../slaveSdram_bsp//libhal_bsp.a(alt_load.o)
 .debug_aranges
                0x0000000000000238       0x20 ../slaveSdram_bsp//libhal_bsp.a(alt_main.o)
 .debug_aranges
                0x0000000000000258       0x20 ../slaveSdram_bsp//libhal_bsp.a(alt_printf.o)
 .debug_aranges
                0x0000000000000278       0x20 ../slaveSdram_bsp//libhal_bsp.a(alt_putchar.o)
 .debug_aranges
                0x0000000000000298       0x20 ../slaveSdram_bsp//libhal_bsp.a(alt_putstr.o)
 .debug_aranges
                0x00000000000002b8       0x20 ../slaveSdram_bsp//libhal_bsp.a(alt_usleep.o)
 .debug_aranges
                0x00000000000002d8       0x20 ../slaveSdram_bsp//libhal_bsp.a(alt_sys_init.o)
 .debug_aranges
                0x00000000000002f8       0x20 ../slaveSdram_bsp//libhal_bsp.a(altera_avalon_jtag_uart_write.o)
 .debug_aranges
                0x0000000000000318       0x20 ../slaveSdram_bsp//libhal_bsp.a(altera_avalon_mutex.o)
 .debug_aranges
                0x0000000000000338       0x20 ../slaveSdram_bsp//libhal_bsp.a(alt_busy_sleep.o)
 .debug_aranges
                0x0000000000000358       0x20 ../slaveSdram_bsp//libhal_bsp.a(alt_dcache_flush_all.o)
 .debug_aranges
                0x0000000000000378       0x20 ../slaveSdram_bsp//libhal_bsp.a(alt_dev_llist_insert.o)
 .debug_aranges
                0x0000000000000398       0x18 ../slaveSdram_bsp//libhal_bsp.a(alt_errno.o)
 .debug_aranges
                0x00000000000003b0       0x20 ../slaveSdram_bsp//libhal_bsp.a(alt_find_dev.o)
 .debug_aranges
                0x00000000000003d0       0x20 ../slaveSdram_bsp//libhal_bsp.a(alt_icache_flush_all.o)
 .debug_aranges
                0x00000000000003f0       0x20 ../slaveSdram_bsp//libhal_bsp.a(altera_nios2_qsys_irq.o)
 .debug_aranges
                0x0000000000000410       0x18 /mnt/Storage/soft/nios2eds/bin/gnu/H-x86_64-pc-linux-gnu/bin/../lib/gcc/nios2-elf/4.9.1/../../../../../H-x86_64-pc-linux-gnu/nios2-elf/lib/mno-hw-mul/libsmallc.a(lib_a-int_errno.o)
 .debug_aranges
                0x0000000000000428       0x20 /mnt/Storage/soft/nios2eds/bin/gnu/H-x86_64-pc-linux-gnu/bin/../lib/gcc/nios2-elf/4.9.1/../../../../../H-x86_64-pc-linux-gnu/nios2-elf/lib/mno-hw-mul/libsmallc.a(lib_a-memcmp.o)
 .debug_aranges
                0x0000000000000448       0x20 /mnt/Storage/soft/nios2eds/bin/gnu/H-x86_64-pc-linux-gnu/bin/../lib/gcc/nios2-elf/4.9.1/../../../../../H-x86_64-pc-linux-gnu/nios2-elf/lib/mno-hw-mul/libsmallc.a(lib_a-strlen.o)
 .debug_aranges
                0x0000000000000468       0x20 /mnt/Storage/soft/nios2eds/bin/gnu/H-x86_64-pc-linux-gnu/bin/../lib/gcc/nios2-elf/4.9.1/mno-hw-mul/libgcc.a(lib2-divmod.o)

.debug_pubnames
 *(.debug_pubnames)

.debug_info     0x0000000000000000     0x6f39
 *(.debug_info .gnu.linkonce.wi.*)
 .debug_info    0x0000000000000000       0x78 ../slaveSdram_bsp//obj/HAL/src/crt0.o
 .debug_info    0x0000000000000078      0x932 obj/default/asym.o
 .debug_info    0x00000000000009aa       0x98 obj/default/croutine.o
 .debug_info    0x0000000000000a42      0x2b7 obj/default/list.o
 .debug_info    0x0000000000000cf9      0x4ee obj/default/portable/GCC/NiosII/port.o
 .debug_info    0x00000000000011e7      0x1be obj/default/portable/MemMang/heap_1.o
 .debug_info    0x00000000000013a5     0x1123 obj/default/queue.o
 .debug_info    0x00000000000024c8      0x7d6 obj/default/slaveSdram.o
 .debug_info    0x0000000000002c9e     0x1d62 obj/default/tasks.o
 .debug_info    0x0000000000004a00       0x98 obj/default/timers.o
 .debug_info    0x0000000000004a98       0x84 obj/default/portable/GCC/NiosII/port_asm.o
 .debug_info    0x0000000000004b1c       0xb4 /mnt/Storage/soft/nios2eds/bin/gnu/H-x86_64-pc-linux-gnu/bin/../lib/gcc/nios2-elf/4.9.1/mno-hw-mul/libgcc.a(lib2-mul.o)
 .debug_info    0x0000000000004bd0      0x106 /mnt/Storage/soft/nios2eds/bin/gnu/H-x86_64-pc-linux-gnu/bin/../lib/gcc/nios2-elf/4.9.1/../../../../../H-x86_64-pc-linux-gnu/nios2-elf/lib/mno-hw-mul/libsmallc.a(lib_a-memcpy.o)
 .debug_info    0x0000000000004cd6       0xd5 /mnt/Storage/soft/nios2eds/bin/gnu/H-x86_64-pc-linux-gnu/bin/../lib/gcc/nios2-elf/4.9.1/../../../../../H-x86_64-pc-linux-gnu/nios2-elf/lib/mno-hw-mul/libsmallc.a(lib_a-memset.o)
 .debug_info    0x0000000000004dab      0x1a5 ../slaveSdram_bsp//libhal_bsp.a(alt_irq_handler.o)
 .debug_info    0x0000000000004f50       0x88 ../slaveSdram_bsp//libhal_bsp.a(alt_irq_vars.o)
 .debug_info    0x0000000000004fd8      0x1d2 ../slaveSdram_bsp//libhal_bsp.a(alt_load.o)
 .debug_info    0x00000000000051aa      0x1a1 ../slaveSdram_bsp//libhal_bsp.a(alt_main.o)
 .debug_info    0x000000000000534b      0x153 ../slaveSdram_bsp//libhal_bsp.a(alt_printf.o)
 .debug_info    0x000000000000549e      0x138 ../slaveSdram_bsp//libhal_bsp.a(alt_putchar.o)
 .debug_info    0x00000000000055d6      0x15d ../slaveSdram_bsp//libhal_bsp.a(alt_putstr.o)
 .debug_info    0x0000000000005733       0xd0 ../slaveSdram_bsp//libhal_bsp.a(alt_usleep.o)
 .debug_info    0x0000000000005803      0x306 ../slaveSdram_bsp//libhal_bsp.a(alt_sys_init.o)
 .debug_info    0x0000000000005b09      0x1a6 ../slaveSdram_bsp//libhal_bsp.a(altera_avalon_jtag_uart_write.o)
 .debug_info    0x0000000000005caf      0x5ef ../slaveSdram_bsp//libhal_bsp.a(altera_avalon_mutex.o)
 .debug_info    0x000000000000629e       0xd1 ../slaveSdram_bsp//libhal_bsp.a(alt_busy_sleep.o)
 .debug_info    0x000000000000636f       0x8b ../slaveSdram_bsp//libhal_bsp.a(alt_dcache_flush_all.o)
 .debug_info    0x00000000000063fa      0x1a8 ../slaveSdram_bsp//libhal_bsp.a(alt_dev_llist_insert.o)
 .debug_info    0x00000000000065a2       0x9f ../slaveSdram_bsp//libhal_bsp.a(alt_errno.o)
 .debug_info    0x0000000000006641      0x356 ../slaveSdram_bsp//libhal_bsp.a(alt_find_dev.o)
 .debug_info    0x0000000000006997       0x8b ../slaveSdram_bsp//libhal_bsp.a(alt_icache_flush_all.o)
 .debug_info    0x0000000000006a22       0xb1 ../slaveSdram_bsp//libhal_bsp.a(altera_nios2_qsys_irq.o)
 .debug_info    0x0000000000006ad3       0x83 /mnt/Storage/soft/nios2eds/bin/gnu/H-x86_64-pc-linux-gnu/bin/../lib/gcc/nios2-elf/4.9.1/../../../../../H-x86_64-pc-linux-gnu/nios2-elf/lib/mno-hw-mul/libsmallc.a(lib_a-int_errno.o)
 .debug_info    0x0000000000006b56       0xed /mnt/Storage/soft/nios2eds/bin/gnu/H-x86_64-pc-linux-gnu/bin/../lib/gcc/nios2-elf/4.9.1/../../../../../H-x86_64-pc-linux-gnu/nios2-elf/lib/mno-hw-mul/libsmallc.a(lib_a-memcmp.o)
 .debug_info    0x0000000000006c43       0xc2 /mnt/Storage/soft/nios2eds/bin/gnu/H-x86_64-pc-linux-gnu/bin/../lib/gcc/nios2-elf/4.9.1/../../../../../H-x86_64-pc-linux-gnu/nios2-elf/lib/mno-hw-mul/libsmallc.a(lib_a-strlen.o)
 .debug_info    0x0000000000006d05      0x234 /mnt/Storage/soft/nios2eds/bin/gnu/H-x86_64-pc-linux-gnu/bin/../lib/gcc/nios2-elf/4.9.1/mno-hw-mul/libgcc.a(lib2-divmod.o)

.debug_abbrev   0x0000000000000000     0x23a8
 *(.debug_abbrev)
 .debug_abbrev  0x0000000000000000       0x12 ../slaveSdram_bsp//obj/HAL/src/crt0.o
 .debug_abbrev  0x0000000000000012      0x256 obj/default/asym.o
 .debug_abbrev  0x0000000000000268       0x4b obj/default/croutine.o
 .debug_abbrev  0x00000000000002b3       0xe7 obj/default/list.o
 .debug_abbrev  0x000000000000039a      0x278 obj/default/portable/GCC/NiosII/port.o
 .debug_abbrev  0x0000000000000612      0x144 obj/default/portable/MemMang/heap_1.o
 .debug_abbrev  0x0000000000000756      0x2c2 obj/default/queue.o
 .debug_abbrev  0x0000000000000a18      0x1c0 obj/default/slaveSdram.o
 .debug_abbrev  0x0000000000000bd8      0x418 obj/default/tasks.o
 .debug_abbrev  0x0000000000000ff0       0x4b obj/default/timers.o
 .debug_abbrev  0x000000000000103b       0x12 obj/default/portable/GCC/NiosII/port_asm.o
 .debug_abbrev  0x000000000000104d       0x6f /mnt/Storage/soft/nios2eds/bin/gnu/H-x86_64-pc-linux-gnu/bin/../lib/gcc/nios2-elf/4.9.1/mno-hw-mul/libgcc.a(lib2-mul.o)
 .debug_abbrev  0x00000000000010bc       0xa4 /mnt/Storage/soft/nios2eds/bin/gnu/H-x86_64-pc-linux-gnu/bin/../lib/gcc/nios2-elf/4.9.1/../../../../../H-x86_64-pc-linux-gnu/nios2-elf/lib/mno-hw-mul/libsmallc.a(lib_a-memcpy.o)
 .debug_abbrev  0x0000000000001160       0x8e /mnt/Storage/soft/nios2eds/bin/gnu/H-x86_64-pc-linux-gnu/bin/../lib/gcc/nios2-elf/4.9.1/../../../../../H-x86_64-pc-linux-gnu/nios2-elf/lib/mno-hw-mul/libsmallc.a(lib_a-memset.o)
 .debug_abbrev  0x00000000000011ee      0x13a ../slaveSdram_bsp//libhal_bsp.a(alt_irq_handler.o)
 .debug_abbrev  0x0000000000001328       0x40 ../slaveSdram_bsp//libhal_bsp.a(alt_irq_vars.o)
 .debug_abbrev  0x0000000000001368       0xe1 ../slaveSdram_bsp//libhal_bsp.a(alt_load.o)
 .debug_abbrev  0x0000000000001449      0x127 ../slaveSdram_bsp//libhal_bsp.a(alt_main.o)
 .debug_abbrev  0x0000000000001570       0xde ../slaveSdram_bsp//libhal_bsp.a(alt_printf.o)
 .debug_abbrev  0x000000000000164e       0xd4 ../slaveSdram_bsp//libhal_bsp.a(alt_putchar.o)
 .debug_abbrev  0x0000000000001722       0xe2 ../slaveSdram_bsp//libhal_bsp.a(alt_putstr.o)
 .debug_abbrev  0x0000000000001804       0x96 ../slaveSdram_bsp//libhal_bsp.a(alt_usleep.o)
 .debug_abbrev  0x000000000000189a      0x1c5 ../slaveSdram_bsp//libhal_bsp.a(alt_sys_init.o)
 .debug_abbrev  0x0000000000001a5f       0xd5 ../slaveSdram_bsp//libhal_bsp.a(altera_avalon_jtag_uart_write.o)
 .debug_abbrev  0x0000000000001b34      0x24a ../slaveSdram_bsp//libhal_bsp.a(altera_avalon_mutex.o)
 .debug_abbrev  0x0000000000001d7e       0x8d ../slaveSdram_bsp//libhal_bsp.a(alt_busy_sleep.o)
 .debug_abbrev  0x0000000000001e0b       0x42 ../slaveSdram_bsp//libhal_bsp.a(alt_dcache_flush_all.o)
 .debug_abbrev  0x0000000000001e4d      0x11c ../slaveSdram_bsp//libhal_bsp.a(alt_dev_llist_insert.o)
 .debug_abbrev  0x0000000000001f69       0x5a ../slaveSdram_bsp//libhal_bsp.a(alt_errno.o)
 .debug_abbrev  0x0000000000001fc3      0x12e ../slaveSdram_bsp//libhal_bsp.a(alt_find_dev.o)
 .debug_abbrev  0x00000000000020f1       0x42 ../slaveSdram_bsp//libhal_bsp.a(alt_icache_flush_all.o)
 .debug_abbrev  0x0000000000002133       0x67 ../slaveSdram_bsp//libhal_bsp.a(altera_nios2_qsys_irq.o)
 .debug_abbrev  0x000000000000219a       0x37 /mnt/Storage/soft/nios2eds/bin/gnu/H-x86_64-pc-linux-gnu/bin/../lib/gcc/nios2-elf/4.9.1/../../../../../H-x86_64-pc-linux-gnu/nios2-elf/lib/mno-hw-mul/libsmallc.a(lib_a-int_errno.o)
 .debug_abbrev  0x00000000000021d1       0x7f /mnt/Storage/soft/nios2eds/bin/gnu/H-x86_64-pc-linux-gnu/bin/../lib/gcc/nios2-elf/4.9.1/../../../../../H-x86_64-pc-linux-gnu/nios2-elf/lib/mno-hw-mul/libsmallc.a(lib_a-memcmp.o)
 .debug_abbrev  0x0000000000002250       0x7f /mnt/Storage/soft/nios2eds/bin/gnu/H-x86_64-pc-linux-gnu/bin/../lib/gcc/nios2-elf/4.9.1/../../../../../H-x86_64-pc-linux-gnu/nios2-elf/lib/mno-hw-mul/libsmallc.a(lib_a-strlen.o)
 .debug_abbrev  0x00000000000022cf       0xd9 /mnt/Storage/soft/nios2eds/bin/gnu/H-x86_64-pc-linux-gnu/bin/../lib/gcc/nios2-elf/4.9.1/mno-hw-mul/libgcc.a(lib2-divmod.o)

.debug_line     0x0000000000000000     0x2e13
 *(.debug_line)
 .debug_line    0x0000000000000000       0x66 ../slaveSdram_bsp//obj/HAL/src/crt0.o
 .debug_line    0x0000000000000066      0x2d7 obj/default/asym.o
 .debug_line    0x000000000000033d       0x7b obj/default/croutine.o
 .debug_line    0x00000000000003b8      0x15d obj/default/list.o
 .debug_line    0x0000000000000515      0x1e8 obj/default/portable/GCC/NiosII/port.o
 .debug_line    0x00000000000006fd      0x1bf obj/default/portable/MemMang/heap_1.o
 .debug_line    0x00000000000008bc      0x40b obj/default/queue.o
 .debug_line    0x0000000000000cc7      0x2c9 obj/default/slaveSdram.o
 .debug_line    0x0000000000000f90      0x7bf obj/default/tasks.o
 .debug_line    0x000000000000174f       0x7b obj/default/timers.o
 .debug_line    0x00000000000017ca       0xdf obj/default/portable/GCC/NiosII/port_asm.o
 .debug_line    0x00000000000018a9       0x80 /mnt/Storage/soft/nios2eds/bin/gnu/H-x86_64-pc-linux-gnu/bin/../lib/gcc/nios2-elf/4.9.1/mno-hw-mul/libgcc.a(lib2-mul.o)
 .debug_line    0x0000000000001929      0x160 /mnt/Storage/soft/nios2eds/bin/gnu/H-x86_64-pc-linux-gnu/bin/../lib/gcc/nios2-elf/4.9.1/../../../../../H-x86_64-pc-linux-gnu/nios2-elf/lib/mno-hw-mul/libsmallc.a(lib_a-memcpy.o)
 .debug_line    0x0000000000001a89      0x15f /mnt/Storage/soft/nios2eds/bin/gnu/H-x86_64-pc-linux-gnu/bin/../lib/gcc/nios2-elf/4.9.1/../../../../../H-x86_64-pc-linux-gnu/nios2-elf/lib/mno-hw-mul/libsmallc.a(lib_a-memset.o)
 .debug_line    0x0000000000001be8       0xc8 ../slaveSdram_bsp//libhal_bsp.a(alt_irq_handler.o)
 .debug_line    0x0000000000001cb0       0x50 ../slaveSdram_bsp//libhal_bsp.a(alt_irq_vars.o)
 .debug_line    0x0000000000001d00       0xa6 ../slaveSdram_bsp//libhal_bsp.a(alt_load.o)
 .debug_line    0x0000000000001da6       0xea ../slaveSdram_bsp//libhal_bsp.a(alt_main.o)
 .debug_line    0x0000000000001e90      0x110 ../slaveSdram_bsp//libhal_bsp.a(alt_printf.o)
 .debug_line    0x0000000000001fa0       0x4d ../slaveSdram_bsp//libhal_bsp.a(alt_putchar.o)
 .debug_line    0x0000000000001fed      0x105 ../slaveSdram_bsp//libhal_bsp.a(alt_putstr.o)
 .debug_line    0x00000000000020f2       0xcf ../slaveSdram_bsp//libhal_bsp.a(alt_usleep.o)
 .debug_line    0x00000000000021c1      0x18a ../slaveSdram_bsp//libhal_bsp.a(alt_sys_init.o)
 .debug_line    0x000000000000234b      0x104 ../slaveSdram_bsp//libhal_bsp.a(altera_avalon_jtag_uart_write.o)
 .debug_line    0x000000000000244f      0x160 ../slaveSdram_bsp//libhal_bsp.a(altera_avalon_mutex.o)
 .debug_line    0x00000000000025af       0xc0 ../slaveSdram_bsp//libhal_bsp.a(alt_busy_sleep.o)
 .debug_line    0x000000000000266f       0x4e ../slaveSdram_bsp//libhal_bsp.a(alt_dcache_flush_all.o)
 .debug_line    0x00000000000026bd       0xd8 ../slaveSdram_bsp//libhal_bsp.a(alt_dev_llist_insert.o)
 .debug_line    0x0000000000002795       0x51 ../slaveSdram_bsp//libhal_bsp.a(alt_errno.o)
 .debug_line    0x00000000000027e6      0x16c ../slaveSdram_bsp//libhal_bsp.a(alt_find_dev.o)
 .debug_line    0x0000000000002952       0x4e ../slaveSdram_bsp//libhal_bsp.a(alt_icache_flush_all.o)
 .debug_line    0x00000000000029a0       0x8c ../slaveSdram_bsp//libhal_bsp.a(altera_nios2_qsys_irq.o)
 .debug_line    0x0000000000002a2c       0x60 /mnt/Storage/soft/nios2eds/bin/gnu/H-x86_64-pc-linux-gnu/bin/../lib/gcc/nios2-elf/4.9.1/../../../../../H-x86_64-pc-linux-gnu/nios2-elf/lib/mno-hw-mul/libsmallc.a(lib_a-int_errno.o)
 .debug_line    0x0000000000002a8c      0x162 /mnt/Storage/soft/nios2eds/bin/gnu/H-x86_64-pc-linux-gnu/bin/../lib/gcc/nios2-elf/4.9.1/../../../../../H-x86_64-pc-linux-gnu/nios2-elf/lib/mno-hw-mul/libsmallc.a(lib_a-memcmp.o)
 .debug_line    0x0000000000002bee      0x15e /mnt/Storage/soft/nios2eds/bin/gnu/H-x86_64-pc-linux-gnu/bin/../lib/gcc/nios2-elf/4.9.1/../../../../../H-x86_64-pc-linux-gnu/nios2-elf/lib/mno-hw-mul/libsmallc.a(lib_a-strlen.o)
 .debug_line    0x0000000000002d4c       0xc7 /mnt/Storage/soft/nios2eds/bin/gnu/H-x86_64-pc-linux-gnu/bin/../lib/gcc/nios2-elf/4.9.1/mno-hw-mul/libgcc.a(lib2-divmod.o)

.debug_frame    0x0000000000000000     0x1070
 *(.debug_frame)
 .debug_frame   0x0000000000000000      0x144 obj/default/asym.o
 .debug_frame   0x0000000000000144       0x60 obj/default/list.o
 .debug_frame   0x00000000000001a4       0x80 obj/default/portable/GCC/NiosII/port.o
 .debug_frame   0x0000000000000224       0x64 obj/default/portable/MemMang/heap_1.o
 .debug_frame   0x0000000000000288      0x2f0 obj/default/queue.o
 .debug_frame   0x0000000000000578       0xf0 obj/default/slaveSdram.o
 .debug_frame   0x0000000000000668      0x594 obj/default/tasks.o
 .debug_frame   0x0000000000000bfc       0x20 /mnt/Storage/soft/nios2eds/bin/gnu/H-x86_64-pc-linux-gnu/bin/../lib/gcc/nios2-elf/4.9.1/mno-hw-mul/libgcc.a(lib2-mul.o)
 .debug_frame   0x0000000000000c1c       0x20 /mnt/Storage/soft/nios2eds/bin/gnu/H-x86_64-pc-linux-gnu/bin/../lib/gcc/nios2-elf/4.9.1/../../../../../H-x86_64-pc-linux-gnu/nios2-elf/lib/mno-hw-mul/libsmallc.a(lib_a-memcpy.o)
 .debug_frame   0x0000000000000c3c       0x20 /mnt/Storage/soft/nios2eds/bin/gnu/H-x86_64-pc-linux-gnu/bin/../lib/gcc/nios2-elf/4.9.1/../../../../../H-x86_64-pc-linux-gnu/nios2-elf/lib/mno-hw-mul/libsmallc.a(lib_a-memset.o)
 .debug_frame   0x0000000000000c5c       0x34 ../slaveSdram_bsp//libhal_bsp.a(alt_irq_handler.o)
 .debug_frame   0x0000000000000c90       0x30 ../slaveSdram_bsp//libhal_bsp.a(alt_load.o)
 .debug_frame   0x0000000000000cc0       0x2c ../slaveSdram_bsp//libhal_bsp.a(alt_main.o)
 .debug_frame   0x0000000000000cec       0x54 ../slaveSdram_bsp//libhal_bsp.a(alt_printf.o)
 .debug_frame   0x0000000000000d40       0x30 ../slaveSdram_bsp//libhal_bsp.a(alt_putchar.o)
 .debug_frame   0x0000000000000d70       0x30 ../slaveSdram_bsp//libhal_bsp.a(alt_putstr.o)
 .debug_frame   0x0000000000000da0       0x20 ../slaveSdram_bsp//libhal_bsp.a(alt_usleep.o)
 .debug_frame   0x0000000000000dc0       0x3c ../slaveSdram_bsp//libhal_bsp.a(alt_sys_init.o)
 .debug_frame   0x0000000000000dfc       0x20 ../slaveSdram_bsp//libhal_bsp.a(altera_avalon_jtag_uart_write.o)
 .debug_frame   0x0000000000000e1c       0x90 ../slaveSdram_bsp//libhal_bsp.a(altera_avalon_mutex.o)
 .debug_frame   0x0000000000000eac       0x30 ../slaveSdram_bsp//libhal_bsp.a(alt_busy_sleep.o)
 .debug_frame   0x0000000000000edc       0x20 ../slaveSdram_bsp//libhal_bsp.a(alt_dcache_flush_all.o)
 .debug_frame   0x0000000000000efc       0x2c ../slaveSdram_bsp//libhal_bsp.a(alt_dev_llist_insert.o)
 .debug_frame   0x0000000000000f28       0x3c ../slaveSdram_bsp//libhal_bsp.a(alt_find_dev.o)
 .debug_frame   0x0000000000000f64       0x20 ../slaveSdram_bsp//libhal_bsp.a(alt_icache_flush_all.o)
 .debug_frame   0x0000000000000f84       0x20 ../slaveSdram_bsp//libhal_bsp.a(altera_nios2_qsys_irq.o)
 .debug_frame   0x0000000000000fa4       0x20 /mnt/Storage/soft/nios2eds/bin/gnu/H-x86_64-pc-linux-gnu/bin/../lib/gcc/nios2-elf/4.9.1/../../../../../H-x86_64-pc-linux-gnu/nios2-elf/lib/mno-hw-mul/libsmallc.a(lib_a-memcmp.o)
 .debug_frame   0x0000000000000fc4       0x20 /mnt/Storage/soft/nios2eds/bin/gnu/H-x86_64-pc-linux-gnu/bin/../lib/gcc/nios2-elf/4.9.1/../../../../../H-x86_64-pc-linux-gnu/nios2-elf/lib/mno-hw-mul/libsmallc.a(lib_a-strlen.o)
 .debug_frame   0x0000000000000fe4       0x8c /mnt/Storage/soft/nios2eds/bin/gnu/H-x86_64-pc-linux-gnu/bin/../lib/gcc/nios2-elf/4.9.1/mno-hw-mul/libgcc.a(lib2-divmod.o)

.debug_str      0x0000000000000000     0x1fdf
 *(.debug_str)
 .debug_str     0x0000000000000000      0x508 obj/default/asym.o
                                        0x579 (size before relaxing)
 .debug_str     0x0000000000000508        0xb obj/default/croutine.o
                                        0x13e (size before relaxing)
 .debug_str     0x0000000000000513      0x109 obj/default/list.o
                                        0x282 (size before relaxing)
 .debug_str     0x000000000000061c      0x186 obj/default/portable/GCC/NiosII/port.o
                                        0x303 (size before relaxing)
 .debug_str     0x00000000000007a2       0xbb obj/default/portable/MemMang/heap_1.o
                                        0x20a (size before relaxing)
 .debug_str     0x000000000000085d      0x471 obj/default/queue.o
                                        0x784 (size before relaxing)
 .debug_str     0x0000000000000cce       0x9e obj/default/slaveSdram.o
                                        0x371 (size before relaxing)
 .debug_str     0x0000000000000d6c      0x7cd obj/default/tasks.o
                                        0xd64 (size before relaxing)
 .debug_str     0x0000000000001539        0x9 obj/default/timers.o
                                        0x13c (size before relaxing)
 .debug_str     0x0000000000001542      0x147 /mnt/Storage/soft/nios2eds/bin/gnu/H-x86_64-pc-linux-gnu/bin/../lib/gcc/nios2-elf/4.9.1/mno-hw-mul/libgcc.a(lib2-mul.o)
                                        0x192 (size before relaxing)
 .debug_str     0x0000000000001689      0x118 /mnt/Storage/soft/nios2eds/bin/gnu/H-x86_64-pc-linux-gnu/bin/../lib/gcc/nios2-elf/4.9.1/../../../../../H-x86_64-pc-linux-gnu/nios2-elf/lib/mno-hw-mul/libsmallc.a(lib_a-memcpy.o)
                                        0x1b8 (size before relaxing)
 .debug_str     0x00000000000017a1       0x3e /mnt/Storage/soft/nios2eds/bin/gnu/H-x86_64-pc-linux-gnu/bin/../lib/gcc/nios2-elf/4.9.1/../../../../../H-x86_64-pc-linux-gnu/nios2-elf/lib/mno-hw-mul/libsmallc.a(lib_a-memset.o)
                                        0x1a4 (size before relaxing)
 .debug_str     0x00000000000017df       0x7e ../slaveSdram_bsp//libhal_bsp.a(alt_irq_handler.o)
                                        0x1a5 (size before relaxing)
 .debug_str     0x000000000000185d       0x17 ../slaveSdram_bsp//libhal_bsp.a(alt_irq_vars.o)
                                        0x133 (size before relaxing)
 .debug_str     0x0000000000001874      0x113 ../slaveSdram_bsp//libhal_bsp.a(alt_load.o)
                                        0x229 (size before relaxing)
 .debug_str     0x0000000000001987       0x5e ../slaveSdram_bsp//libhal_bsp.a(alt_main.o)
                                        0x1cb (size before relaxing)
 .debug_str     0x00000000000019e5       0x59 ../slaveSdram_bsp//libhal_bsp.a(alt_printf.o)
                                         0xff (size before relaxing)
 .debug_str     0x0000000000001a3e       0x60 ../slaveSdram_bsp//libhal_bsp.a(alt_putchar.o)
                                        0x17a (size before relaxing)
 .debug_str     0x0000000000001a9e       0x1c ../slaveSdram_bsp//libhal_bsp.a(alt_putstr.o)
                                        0x186 (size before relaxing)
 .debug_str     0x0000000000001aba       0x24 ../slaveSdram_bsp//libhal_bsp.a(alt_usleep.o)
                                        0x144 (size before relaxing)
 .debug_str     0x0000000000001ade      0x102 ../slaveSdram_bsp//libhal_bsp.a(alt_sys_init.o)
                                        0x305 (size before relaxing)
 .debug_str     0x0000000000001be0       0x32 ../slaveSdram_bsp//libhal_bsp.a(altera_avalon_jtag_uart_write.o)
                                        0x223 (size before relaxing)
 .debug_str     0x0000000000001c12       0xfd ../slaveSdram_bsp//libhal_bsp.a(altera_avalon_mutex.o)
                                        0x328 (size before relaxing)
 .debug_str     0x0000000000001d0f       0x33 ../slaveSdram_bsp//libhal_bsp.a(alt_busy_sleep.o)
                                        0x158 (size before relaxing)
 .debug_str     0x0000000000001d42       0x1f ../slaveSdram_bsp//libhal_bsp.a(alt_dcache_flush_all.o)
                                        0x142 (size before relaxing)
 .debug_str     0x0000000000001d61       0x36 ../slaveSdram_bsp//libhal_bsp.a(alt_dev_llist_insert.o)
                                        0x1b9 (size before relaxing)
 .debug_str     0x0000000000001d97       0x14 ../slaveSdram_bsp//libhal_bsp.a(alt_errno.o)
                                        0x132 (size before relaxing)
 .debug_str     0x0000000000001dab       0x25 ../slaveSdram_bsp//libhal_bsp.a(alt_find_dev.o)
                                        0x1ee (size before relaxing)
 .debug_str     0x0000000000001dd0       0x1f ../slaveSdram_bsp//libhal_bsp.a(alt_icache_flush_all.o)
                                        0x142 (size before relaxing)
 .debug_str     0x0000000000001def       0x20 ../slaveSdram_bsp//libhal_bsp.a(altera_nios2_qsys_irq.o)
                                        0x172 (size before relaxing)
 .debug_str     0x0000000000001e0f       0xd5 /mnt/Storage/soft/nios2eds/bin/gnu/H-x86_64-pc-linux-gnu/bin/../lib/gcc/nios2-elf/4.9.1/../../../../../H-x86_64-pc-linux-gnu/nios2-elf/lib/mno-hw-mul/libsmallc.a(lib_a-int_errno.o)
                                        0x19d (size before relaxing)
 .debug_str     0x0000000000001ee4       0x3e /mnt/Storage/soft/nios2eds/bin/gnu/H-x86_64-pc-linux-gnu/bin/../lib/gcc/nios2-elf/4.9.1/../../../../../H-x86_64-pc-linux-gnu/nios2-elf/lib/mno-hw-mul/libsmallc.a(lib_a-memcmp.o)
                                        0x1a4 (size before relaxing)
 .debug_str     0x0000000000001f22       0x3e /mnt/Storage/soft/nios2eds/bin/gnu/H-x86_64-pc-linux-gnu/bin/../lib/gcc/nios2-elf/4.9.1/../../../../../H-x86_64-pc-linux-gnu/nios2-elf/lib/mno-hw-mul/libsmallc.a(lib_a-strlen.o)
                                        0x1aa (size before relaxing)
 .debug_str     0x0000000000001f60       0x7f /mnt/Storage/soft/nios2eds/bin/gnu/H-x86_64-pc-linux-gnu/bin/../lib/gcc/nios2-elf/4.9.1/mno-hw-mul/libgcc.a(lib2-divmod.o)
                                        0x1d1 (size before relaxing)

.debug_loc      0x0000000000000000     0x30fc
 *(.debug_loc)
 .debug_loc     0x0000000000000000      0x215 obj/default/asym.o
 .debug_loc     0x0000000000000215       0x73 obj/default/list.o
 .debug_loc     0x0000000000000288      0x24a obj/default/portable/GCC/NiosII/port.o
 .debug_loc     0x00000000000004d2       0x78 obj/default/portable/MemMang/heap_1.o
 .debug_loc     0x000000000000054a      0xb3c obj/default/queue.o
 .debug_loc     0x0000000000001086       0xe7 obj/default/slaveSdram.o
 .debug_loc     0x000000000000116d     0x130d obj/default/tasks.o
 .debug_loc     0x000000000000247a       0x93 /mnt/Storage/soft/nios2eds/bin/gnu/H-x86_64-pc-linux-gnu/bin/../lib/gcc/nios2-elf/4.9.1/mno-hw-mul/libgcc.a(lib2-mul.o)
 .debug_loc     0x000000000000250d      0x11b /mnt/Storage/soft/nios2eds/bin/gnu/H-x86_64-pc-linux-gnu/bin/../lib/gcc/nios2-elf/4.9.1/../../../../../H-x86_64-pc-linux-gnu/nios2-elf/lib/mno-hw-mul/libsmallc.a(lib_a-memcpy.o)
 .debug_loc     0x0000000000002628       0xa5 /mnt/Storage/soft/nios2eds/bin/gnu/H-x86_64-pc-linux-gnu/bin/../lib/gcc/nios2-elf/4.9.1/../../../../../H-x86_64-pc-linux-gnu/nios2-elf/lib/mno-hw-mul/libsmallc.a(lib_a-memset.o)
 .debug_loc     0x00000000000026cd       0x98 ../slaveSdram_bsp//libhal_bsp.a(alt_irq_handler.o)
 .debug_loc     0x0000000000002765       0x8d ../slaveSdram_bsp//libhal_bsp.a(alt_load.o)
 .debug_loc     0x00000000000027f2      0x1c6 ../slaveSdram_bsp//libhal_bsp.a(alt_printf.o)
 .debug_loc     0x00000000000029b8       0x2c ../slaveSdram_bsp//libhal_bsp.a(alt_putchar.o)
 .debug_loc     0x00000000000029e4       0x37 ../slaveSdram_bsp//libhal_bsp.a(alt_putstr.o)
 .debug_loc     0x0000000000002a1b       0x21 ../slaveSdram_bsp//libhal_bsp.a(alt_usleep.o)
 .debug_loc     0x0000000000002a3c       0x21 ../slaveSdram_bsp//libhal_bsp.a(alt_sys_init.o)
 .debug_loc     0x0000000000002a5d       0x8b ../slaveSdram_bsp//libhal_bsp.a(altera_avalon_jtag_uart_write.o)
 .debug_loc     0x0000000000002ae8      0x1b2 ../slaveSdram_bsp//libhal_bsp.a(altera_avalon_mutex.o)
 .debug_loc     0x0000000000002c9a       0x67 ../slaveSdram_bsp//libhal_bsp.a(alt_busy_sleep.o)
 .debug_loc     0x0000000000002d01       0x58 ../slaveSdram_bsp//libhal_bsp.a(alt_dev_llist_insert.o)
 .debug_loc     0x0000000000002d59       0x7e ../slaveSdram_bsp//libhal_bsp.a(alt_find_dev.o)
 .debug_loc     0x0000000000002dd7       0x94 /mnt/Storage/soft/nios2eds/bin/gnu/H-x86_64-pc-linux-gnu/bin/../lib/gcc/nios2-elf/4.9.1/../../../../../H-x86_64-pc-linux-gnu/nios2-elf/lib/mno-hw-mul/libsmallc.a(lib_a-memcmp.o)
 .debug_loc     0x0000000000002e6b       0x1e /mnt/Storage/soft/nios2eds/bin/gnu/H-x86_64-pc-linux-gnu/bin/../lib/gcc/nios2-elf/4.9.1/../../../../../H-x86_64-pc-linux-gnu/nios2-elf/lib/mno-hw-mul/libsmallc.a(lib_a-strlen.o)
 .debug_loc     0x0000000000002e89      0x273 /mnt/Storage/soft/nios2eds/bin/gnu/H-x86_64-pc-linux-gnu/bin/../lib/gcc/nios2-elf/4.9.1/mno-hw-mul/libgcc.a(lib2-divmod.o)

.debug_macinfo
 *(.debug_macinfo)

.debug_weaknames
 *(.debug_weaknames)

.debug_funcnames
 *(.debug_funcnames)

.debug_typenames
 *(.debug_typenames)

.debug_varnames
 *(.debug_varnames)

.debug_alt_sim_info
                0x0000000000000000       0x40
 *(.debug_alt_sim_info)
 .debug_alt_sim_info
                0x0000000000000000       0x10 ../slaveSdram_bsp//obj/HAL/src/crt0.o
 .debug_alt_sim_info
                0x0000000000000010       0x30 ../slaveSdram_bsp//libhal_bsp.a(alt_busy_sleep.o)
                0x0000000001800000                __alt_data_end = 0x1800000
                0x0000000001800000                PROVIDE (__alt_stack_pointer, __alt_data_end)
                0x0000000001007720                PROVIDE (__alt_stack_limit, __alt_stack_base)
                0x0000000001007720                PROVIDE (__alt_heap_start, end)
                0x0000000001800000                PROVIDE (__alt_heap_limit, 0x1800000)
OUTPUT(slaveSdram.elf elf32-littlenios2)

.debug_ranges   0x0000000000000000      0x1f8
 .debug_ranges  0x0000000000000000       0x20 ../slaveSdram_bsp//obj/HAL/src/crt0.o
 .debug_ranges  0x0000000000000020       0x18 obj/default/asym.o
 .debug_ranges  0x0000000000000038       0x20 obj/default/portable/GCC/NiosII/port.o
 .debug_ranges  0x0000000000000058       0x18 obj/default/slaveSdram.o
 .debug_ranges  0x0000000000000070       0xa8 obj/default/tasks.o
 .debug_ranges  0x0000000000000118       0x38 obj/default/portable/GCC/NiosII/port_asm.o
 .debug_ranges  0x0000000000000150       0x10 ../slaveSdram_bsp//libhal_bsp.a(alt_irq_handler.o)
 .debug_ranges  0x0000000000000160       0x48 ../slaveSdram_bsp//libhal_bsp.a(alt_load.o)
 .debug_ranges  0x00000000000001a8       0x18 ../slaveSdram_bsp//libhal_bsp.a(alt_printf.o)
 .debug_ranges  0x00000000000001c0       0x18 ../slaveSdram_bsp//libhal_bsp.a(alt_sys_init.o)
 .debug_ranges  0x00000000000001d8       0x20 ../slaveSdram_bsp//libhal_bsp.a(alt_dev_llist_insert.o)
