Archive member included to satisfy reference by file (symbol)

/mnt/Storage/soft/nios2eds/bin/gnu/H-x86_64-pc-linux-gnu/bin/../lib/gcc/nios2-elf/4.9.1/mno-hw-mul/libgcc.a(lib2-mul.o)
                              obj/default/asym.o (__mulsi3)
/mnt/Storage/soft/nios2eds/bin/gnu/H-x86_64-pc-linux-gnu/bin/../lib/gcc/nios2-elf/4.9.1/../../../../../H-x86_64-pc-linux-gnu/nios2-elf/lib/mno-hw-mul/libsmallc.a(lib_a-memcpy.o)
                              obj/default/queue.o (memcpy)
/mnt/Storage/soft/nios2eds/bin/gnu/H-x86_64-pc-linux-gnu/bin/../lib/gcc/nios2-elf/4.9.1/../../../../../H-x86_64-pc-linux-gnu/nios2-elf/lib/mno-hw-mul/libsmallc.a(lib_a-memset.o)
                              obj/default/tasks.o (memset)
../slaveSdram_bsp//libhal_bsp.a(alt_irq_handler.o)
                              obj/default/portable/GCC/NiosII/port_asm.o (alt_irq_handler)
../slaveSdram_bsp//libhal_bsp.a(alt_irq_vars.o)
                              obj/default/portable/GCC/NiosII/port.o (alt_irq_active)
../slaveSdram_bsp//libhal_bsp.a(alt_load.o)
                              ../slaveSdram_bsp//obj/HAL/src/crt0.o (alt_load)
../slaveSdram_bsp//libhal_bsp.a(alt_main.o)
                              ../slaveSdram_bsp//obj/HAL/src/crt0.o (alt_main)
../slaveSdram_bsp//libhal_bsp.a(alt_printf.o)
                              obj/default/asym.o (alt_printf)
../slaveSdram_bsp//libhal_bsp.a(alt_putchar.o)
                              ../slaveSdram_bsp//libhal_bsp.a(alt_printf.o) (alt_putchar)
../slaveSdram_bsp//libhal_bsp.a(alt_putstr.o)
                              obj/default/slaveSdram.o (alt_putstr)
../slaveSdram_bsp//libhal_bsp.a(alt_sys_init.o)
                              ../slaveSdram_bsp//libhal_bsp.a(alt_main.o) (alt_irq_init)
../slaveSdram_bsp//libhal_bsp.a(altera_avalon_jtag_uart_write.o)
                              ../slaveSdram_bsp//libhal_bsp.a(alt_putchar.o) (altera_avalon_jtag_uart_write)
../slaveSdram_bsp//libhal_bsp.a(altera_avalon_mutex.o)
                              obj/default/asym.o (altera_avalon_mutex_open)
../slaveSdram_bsp//libhal_bsp.a(alt_dcache_flush_all.o)
                              ../slaveSdram_bsp//libhal_bsp.a(alt_load.o) (alt_dcache_flush_all)
../slaveSdram_bsp//libhal_bsp.a(alt_dev_llist_insert.o)
                              ../slaveSdram_bsp//libhal_bsp.a(alt_sys_init.o) (alt_dev_llist_insert)
../slaveSdram_bsp//libhal_bsp.a(alt_errno.o)
                              ../slaveSdram_bsp//libhal_bsp.a(altera_avalon_mutex.o) (alt_errno)
../slaveSdram_bsp//libhal_bsp.a(alt_find_dev.o)
                              ../slaveSdram_bsp//libhal_bsp.a(altera_avalon_mutex.o) (alt_find_dev)
../slaveSdram_bsp//libhal_bsp.a(alt_icache_flush_all.o)
                              ../slaveSdram_bsp//libhal_bsp.a(alt_load.o) (alt_icache_flush_all)
../slaveSdram_bsp//libhal_bsp.a(altera_nios2_qsys_irq.o)
                              ../slaveSdram_bsp//libhal_bsp.a(alt_sys_init.o) (altera_nios2_qsys_irq_init)
/mnt/Storage/soft/nios2eds/bin/gnu/H-x86_64-pc-linux-gnu/bin/../lib/gcc/nios2-elf/4.9.1/../../../../../H-x86_64-pc-linux-gnu/nios2-elf/lib/mno-hw-mul/libsmallc.a(lib_a-int_errno.o)
                              ../slaveSdram_bsp//libhal_bsp.a(altera_avalon_mutex.o) (errno)
/mnt/Storage/soft/nios2eds/bin/gnu/H-x86_64-pc-linux-gnu/bin/../lib/gcc/nios2-elf/4.9.1/../../../../../H-x86_64-pc-linux-gnu/nios2-elf/lib/mno-hw-mul/libsmallc.a(lib_a-memcmp.o)
                              ../slaveSdram_bsp//libhal_bsp.a(alt_find_dev.o) (memcmp)
/mnt/Storage/soft/nios2eds/bin/gnu/H-x86_64-pc-linux-gnu/bin/../lib/gcc/nios2-elf/4.9.1/../../../../../H-x86_64-pc-linux-gnu/nios2-elf/lib/mno-hw-mul/libsmallc.a(lib_a-strlen.o)
                              ../slaveSdram_bsp//libhal_bsp.a(alt_putstr.o) (strlen)

Allocating common symbols
Common symbol       size              file

alt_irq             0x100             ../slaveSdram_bsp//libhal_bsp.a(alt_irq_handler.o)
errno               0x4               /mnt/Storage/soft/nios2eds/bin/gnu/H-x86_64-pc-linux-gnu/bin/../lib/gcc/nios2-elf/4.9.1/../../../../../H-x86_64-pc-linux-gnu/nios2-elf/lib/mno-hw-mul/libsmallc.a(lib_a-int_errno.o)

Memory Configuration

Name             Origin             Length             Attributes
memory_buff      0x0000000000008000 0x0000000000001fa0
reset            0x0000000001000000 0x0000000000000020
sdram            0x0000000001000020 0x00000000007fffe0
*default*        0x0000000000000000 0xffffffffffffffff

Linker script and memory map

LOAD ../slaveSdram_bsp//obj/HAL/src/crt0.o
LOAD obj/default/asym.o
LOAD obj/default/croutine.o
LOAD obj/default/list.o
LOAD obj/default/portable/GCC/NiosII/port.o
LOAD obj/default/portable/MemMang/heap_1.o
LOAD obj/default/queue.o
LOAD obj/default/slaveSdram.o
LOAD obj/default/tasks.o
LOAD obj/default/timers.o
LOAD obj/default/portable/GCC/NiosII/port_asm.o
LOAD /mnt/Storage/soft/nios2eds/bin/gnu/H-x86_64-pc-linux-gnu/bin/../lib/gcc/nios2-elf/4.9.1/../../../../../H-x86_64-pc-linux-gnu/nios2-elf/lib/mno-hw-mul/libstdc++.a
LOAD /mnt/Storage/soft/nios2eds/bin/gnu/H-x86_64-pc-linux-gnu/bin/../lib/gcc/nios2-elf/4.9.1/../../../../../H-x86_64-pc-linux-gnu/nios2-elf/lib/mno-hw-mul/libm.a
LOAD /mnt/Storage/soft/nios2eds/bin/gnu/H-x86_64-pc-linux-gnu/bin/../lib/gcc/nios2-elf/4.9.1/mno-hw-mul/libgcc.a
START GROUP
LOAD /mnt/Storage/soft/nios2eds/bin/gnu/H-x86_64-pc-linux-gnu/bin/../lib/gcc/nios2-elf/4.9.1/../../../../../H-x86_64-pc-linux-gnu/nios2-elf/lib/mno-hw-mul/libsmallc.a
LOAD /mnt/Storage/soft/nios2eds/bin/gnu/H-x86_64-pc-linux-gnu/bin/../lib/gcc/nios2-elf/4.9.1/mno-hw-mul/libgcc.a
LOAD ../slaveSdram_bsp//libhal_bsp.a
LOAD /mnt/Storage/soft/nios2eds/bin/gnu/H-x86_64-pc-linux-gnu/bin/../lib/gcc/nios2-elf/4.9.1/../../../../../H-x86_64-pc-linux-gnu/nios2-elf/lib/mno-hw-mul/libm.a
END GROUP
LOAD /mnt/Storage/soft/nios2eds/bin/gnu/H-x86_64-pc-linux-gnu/bin/../lib/gcc/nios2-elf/4.9.1/mno-hw-mul/libgcc.a
                0x0000000000008000                __alt_mem_memory_buff = 0x8000
                0x0000000001000000                __alt_mem_sdram = 0x1000000

.entry          0x0000000001000000       0x20
 *(.entry)
 .entry         0x0000000001000000       0x20 ../slaveSdram_bsp//obj/HAL/src/crt0.o
                0x0000000001000000                __reset
                0x000000000100000c                _exit

.exceptions     0x0000000001000020      0x1bc
                0x0000000001000020                PROVIDE (__ram_exceptions_start, ABSOLUTE (.))
                0x0000000001000020                . = ALIGN (0x20)
 *(.irq)
 *(.exceptions.entry.label)
 *(.exceptions.entry.user)
 *(.exceptions.entry.ecc_fatal)
 *(.exceptions.entry)
 .exceptions.entry
                0x0000000001000020       0x8c obj/default/portable/GCC/NiosII/port_asm.o
 *(.exceptions.irqtest.user)
 *(.exceptions.irqtest)
 .exceptions.irqtest
                0x00000000010000ac       0x14 obj/default/portable/GCC/NiosII/port_asm.o
 *(.exceptions.irqhandler.user)
 *(.exceptions.irqhandler)
 .exceptions.irqhandler
                0x00000000010000c0        0x4 obj/default/portable/GCC/NiosII/port_asm.o
 *(.exceptions.irqreturn.user)
 *(.exceptions.irqreturn)
 .exceptions.irqreturn
                0x00000000010000c4       0x8c obj/default/portable/GCC/NiosII/port_asm.o
                0x00000000010000c4                restore_sp_from_pxCurrentTCB
 *(.exceptions.notirq.label)
 *(.exceptions.notirq.user)
 *(.exceptions.notirq)
 *(.exceptions.soft.user)
 *(.exceptions.soft)
 .exceptions.soft
                0x0000000001000150       0x2c obj/default/portable/GCC/NiosII/port_asm.o
 *(.exceptions.unknown.user)
 *(.exceptions.unknown)
 *(.exceptions.exit.label)
 *(.exceptions.exit.user)
 *(.exceptions.exit)
 *(.exceptions)
 .exceptions    0x000000000100017c       0x60 ../slaveSdram_bsp//libhal_bsp.a(alt_irq_handler.o)
                0x000000000100017c                alt_irq_handler
                0x00000000010001dc                PROVIDE (__ram_exceptions_end, ABSOLUTE (.))
                0x0000000001000020                PROVIDE (__flash_exceptions_start, LOADADDR (.exceptions))

.text           0x00000000010001dc     0x32cc
                0x00000000010001dc                PROVIDE (stext, ABSOLUTE (.))
 *(.interp)
 *(.hash)
 *(.dynsym)
 *(.dynstr)
 *(.gnu.version)
 *(.gnu.version_d)
 *(.gnu.version_r)
 *(.rel.init)
 *(.rela.init)
 *(.rel.text .rel.text.* .rel.gnu.linkonce.t.*)
 *(.rela.text .rela.text.* .rela.gnu.linkonce.t.*)
 *(.rel.fini)
 *(.rela.fini)
 *(.rel.rodata .rel.rodata.* .rel.gnu.linkonce.r.*)
 *(.rela.rodata .rela.rodata.* .rela.gnu.linkonce.r.*)
 *(.rel.data .rel.data.* .rel.gnu.linkonce.d.*)
 *(.rela.data .rela.data.* .rela.gnu.linkonce.d.*)
 *(.rel.tdata .rel.tdata.* .rel.gnu.linkonce.td.*)
 *(.rela.tdata .rela.tdata.* .rela.gnu.linkonce.td.*)
 *(.rel.tbss .rel.tbss.* .rel.gnu.linkonce.tb.*)
 *(.rela.tbss .rela.tbss.* .rela.gnu.linkonce.tb.*)
 *(.rel.ctors)
 *(.rela.ctors)
 *(.rel.dtors)
 *(.rela.dtors)
 *(.rel.got)
 *(.rela.got)
 *(.rel.sdata .rel.sdata.* .rel.gnu.linkonce.s.*)
 *(.rela.sdata .rela.sdata.* .rela.gnu.linkonce.s.*)
 *(.rel.sbss .rel.sbss.* .rel.gnu.linkonce.sb.*)
 *(.rela.sbss .rela.sbss.* .rela.gnu.linkonce.sb.*)
 *(.rel.sdata2 .rel.sdata2.* .rel.gnu.linkonce.s2.*)
 *(.rela.sdata2 .rela.sdata2.* .rela.gnu.linkonce.s2.*)
 *(.rel.sbss2 .rel.sbss2.* .rel.gnu.linkonce.sb2.*)
 *(.rela.sbss2 .rela.sbss2.* .rela.gnu.linkonce.sb2.*)
 *(.rel.bss .rel.bss.* .rel.gnu.linkonce.b.*)
 *(.rela.bss .rela.bss.* .rela.gnu.linkonce.b.*)
 *(.rel.plt)
 *(.rela.plt)
 *(.rel.dyn)
 *(.init)
 *(.plt)
 *(.text .stub .text.* .gnu.linkonce.t.*)
 .text          0x00000000010001dc       0x3c ../slaveSdram_bsp//obj/HAL/src/crt0.o
                0x00000000010001dc                _start
 .text          0x0000000001000218      0x52c obj/default/asym.o
                0x0000000001000218                xAsymMutexInit
                0x0000000001000258                xAsymReqQueuInit
                0x0000000001000308                xAsymGetReq
                0x0000000001000374                xAsymReqQueueNotEmpty
                0x00000000010003b0                xAsymTaskCreate
                0x00000000010003d0                vAsymServeReq
                0x00000000010004c8                vAsymUpdateSentReq
                0x00000000010005dc                vAsymSemaphorePolling
                0x00000000010005f4                vAsymServeRequest
 .text          0x0000000001000744        0x0 obj/default/croutine.o
 .text          0x0000000001000744       0xe4 obj/default/list.o
                0x0000000001000744                vListInitialise
                0x0000000001000764                vListInitialiseItem
                0x000000000100076c                vListInsertEnd
                0x000000000100079c                vListInsert
                0x00000000010007f0                uxListRemove
 .text          0x0000000001000828      0x184 obj/default/portable/GCC/NiosII/port.o
                0x0000000001000828                vPortSysTickHandler
                0x0000000001000854                pxPortInitialiseStack
                0x0000000001000894                vPortEndScheduler
                0x0000000001000898                alt_irq_register
                0x0000000001000930                xPortStartScheduler
 .text          0x00000000010009ac       0xa8 obj/default/portable/MemMang/heap_1.o
                0x00000000010009ac                pvPortMalloc
                0x0000000001000a38                vPortFree
                0x0000000001000a3c                vPortInitialiseBlocks
                0x0000000001000a44                xPortGetFreeHeapSize
 .text          0x0000000001000a54      0xa48 obj/default/queue.o
                0x0000000001000c10                xQueueGenericReset
                0x0000000001000cc8                xQueueGenericCreate
                0x0000000001000d54                xQueueCreateCountingSemaphore
                0x0000000001000d88                xQueueGenericSend
                0x0000000001000f04                xQueueCreateMutex
                0x0000000001000f84                xQueueGiveMutexRecursive
                0x0000000001000fe4                xQueueGenericSendFromISR
                0x0000000001001074                xQueueGiveFromISR
                0x0000000001001104                xQueueGenericReceive
                0x00000000010012ac                xQueueTakeMutexRecursive
                0x0000000001001330                xQueueReceiveFromISR
                0x00000000010013bc                xQueuePeekFromISR
                0x0000000001001404                uxQueueMessagesWaiting
                0x0000000001001434                uxQueueSpacesAvailable
                0x0000000001001474                uxQueueMessagesWaitingFromISR
                0x000000000100147c                vQueueDelete
                0x0000000001001480                xQueueIsQueueEmptyFromISR
                0x000000000100148c                xQueueIsQueueFullFromISR
 .text          0x000000000100149c      0x1dc obj/default/slaveSdram.o
                0x000000000100149c                xZerothTask
                0x00000000010014e0                xFirstTask
                0x0000000001001524                xSecondTask
                0x0000000001001568                xThirdTask
                0x00000000010015ac                xFourthTask
                0x00000000010015f0                xFifthTask
                0x0000000001001634                xSixthTask
 .text.startup  0x0000000001001678      0x194 obj/default/slaveSdram.o
                0x0000000001001678                main
 .text          0x000000000100180c     0x166c obj/default/tasks.o
                0x00000000010018c0                uxTaskPriorityGetFromISR
                0x00000000010018d0                xTaskResumeFromISR
                0x0000000001001978                vTaskEndScheduler
                0x0000000001001990                vTaskSuspendAll
                0x00000000010019a0                xTaskGetTickCount
                0x00000000010019a8                xTaskGetTickCountFromISR
                0x00000000010019b0                uxTaskGetNumberOfTasks
                0x00000000010019b8                xTaskIncrementTick
                0x0000000001001b14                vTaskSwitchContext
                0x0000000001001bdc                vTaskPlaceOnEventList
                0x0000000001001c44                vTaskPlaceOnUnorderedEventList
                0x0000000001001cb8                xTaskRemoveFromEventList
                0x0000000001001d5c                xTaskRemoveFromUnorderedEventList
                0x0000000001001de8                vTaskSetTimeOutState
                0x0000000001001dfc                vTaskMissedYield
                0x0000000001001e08                uxTaskGetStackHighWaterMark
                0x0000000001001e3c                xTaskGetCurrentTaskHandle
                0x0000000001001e44                vTaskPriorityInherit
                0x0000000001001f20                xTaskPriorityDisinherit
                0x0000000001001fbc                vTaskEnterCritical
                0x0000000001001fec                vTaskExitCritical
                0x0000000001002028                xTaskGenericCreate
                0x00000000010022a4                vTaskStartScheduler
                0x0000000001002318                vTaskDelete
                0x00000000010023c8                uxTaskPriorityGet
                0x0000000001002400                vTaskPrioritySet
                0x0000000001002504                vTaskSuspend
                0x00000000010025e0                vTaskResume
                0x0000000001002678                xTaskResumeAll
                0x000000000100279c                vTaskDelayUntil
                0x0000000001002824                vTaskDelay
                0x00000000010028f8                xTaskCheckForTimeOut
                0x0000000001002978                uxTaskResetEventItemValue
                0x000000000100299c                pvTaskIncrementMutexHeldCount
                0x00000000010029bc                ulTaskNotifyTake
                0x0000000001002a84                xTaskNotifyWait
                0x0000000001002b90                xTaskGenericNotify
                0x0000000001002ca0                xTaskGenericNotifyFromISR
                0x0000000001002db8                vTaskNotifyGiveFromISR
 .text          0x0000000001002e78        0x0 obj/default/timers.o
 .text          0x0000000001002e78        0x0 obj/default/portable/GCC/NiosII/port_asm.o
 .text          0x0000000001002e78       0x28 /mnt/Storage/soft/nios2eds/bin/gnu/H-x86_64-pc-linux-gnu/bin/../lib/gcc/nios2-elf/4.9.1/mno-hw-mul/libgcc.a(lib2-mul.o)
                0x0000000001002e78                __mulsi3
 .text          0x0000000001002ea0       0x28 /mnt/Storage/soft/nios2eds/bin/gnu/H-x86_64-pc-linux-gnu/bin/../lib/gcc/nios2-elf/4.9.1/../../../../../H-x86_64-pc-linux-gnu/nios2-elf/lib/mno-hw-mul/libsmallc.a(lib_a-memcpy.o)
                0x0000000001002ea0                memcpy
 .text          0x0000000001002ec8       0x20 /mnt/Storage/soft/nios2eds/bin/gnu/H-x86_64-pc-linux-gnu/bin/../lib/gcc/nios2-elf/4.9.1/../../../../../H-x86_64-pc-linux-gnu/nios2-elf/lib/mno-hw-mul/libsmallc.a(lib_a-memset.o)
                0x0000000001002ec8                memset
 .text          0x0000000001002ee8        0x0 ../slaveSdram_bsp//libhal_bsp.a(alt_irq_handler.o)
 .text          0x0000000001002ee8        0x0 ../slaveSdram_bsp//libhal_bsp.a(alt_irq_vars.o)
 .text          0x0000000001002ee8       0xf8 ../slaveSdram_bsp//libhal_bsp.a(alt_load.o)
                0x0000000001002ee8                alt_load
 .text          0x0000000001002fe0       0x2c ../slaveSdram_bsp//libhal_bsp.a(alt_main.o)
                0x0000000001002fe0                alt_main
 .text          0x000000000100300c      0x16c ../slaveSdram_bsp//libhal_bsp.a(alt_printf.o)
                0x000000000100300c                alt_printf
 .text          0x0000000001003178       0x48 ../slaveSdram_bsp//libhal_bsp.a(alt_putchar.o)
                0x0000000001003178                alt_putchar
 .text          0x00000000010031c0       0x38 ../slaveSdram_bsp//libhal_bsp.a(alt_putstr.o)
                0x00000000010031c0                alt_putstr
 .text          0x00000000010031f8       0x34 ../slaveSdram_bsp//libhal_bsp.a(alt_sys_init.o)
                0x00000000010031f8                alt_irq_init
                0x0000000001003218                alt_sys_init
 .text          0x000000000100322c       0x34 ../slaveSdram_bsp//libhal_bsp.a(altera_avalon_jtag_uart_write.o)
                0x000000000100322c                altera_avalon_jtag_uart_write
 .text          0x0000000001003260      0x100 ../slaveSdram_bsp//libhal_bsp.a(altera_avalon_mutex.o)
                0x0000000001003260                altera_avalon_mutex_open
                0x00000000010032b8                altera_avalon_mutex_close
                0x00000000010032bc                altera_avalon_mutex_lock
                0x00000000010032e0                altera_avalon_mutex_trylock
                0x0000000001003308                altera_avalon_mutex_unlock
                0x0000000001003328                altera_avalon_mutex_is_mine
                0x0000000001003350                altera_avalon_mutex_first_lock
 .text          0x0000000001003360        0x4 ../slaveSdram_bsp//libhal_bsp.a(alt_dcache_flush_all.o)
                0x0000000001003360                alt_dcache_flush_all
 .text          0x0000000001003364       0x78 ../slaveSdram_bsp//libhal_bsp.a(alt_dev_llist_insert.o)
                0x0000000001003364                alt_dev_llist_insert
 .text          0x00000000010033dc        0x0 ../slaveSdram_bsp//libhal_bsp.a(alt_errno.o)
 .text          0x00000000010033dc       0x74 ../slaveSdram_bsp//libhal_bsp.a(alt_find_dev.o)
                0x00000000010033dc                alt_find_dev
 .text          0x0000000001003450        0x4 ../slaveSdram_bsp//libhal_bsp.a(alt_icache_flush_all.o)
                0x0000000001003450                alt_icache_flush_all
 .text          0x0000000001003454        0x8 ../slaveSdram_bsp//libhal_bsp.a(altera_nios2_qsys_irq.o)
                0x0000000001003454                altera_nios2_qsys_irq_init
 .text          0x000000000100345c        0x0 /mnt/Storage/soft/nios2eds/bin/gnu/H-x86_64-pc-linux-gnu/bin/../lib/gcc/nios2-elf/4.9.1/../../../../../H-x86_64-pc-linux-gnu/nios2-elf/lib/mno-hw-mul/libsmallc.a(lib_a-int_errno.o)
 .text          0x000000000100345c       0x30 /mnt/Storage/soft/nios2eds/bin/gnu/H-x86_64-pc-linux-gnu/bin/../lib/gcc/nios2-elf/4.9.1/../../../../../H-x86_64-pc-linux-gnu/nios2-elf/lib/mno-hw-mul/libsmallc.a(lib_a-memcmp.o)
                0x000000000100345c                memcmp
 .text          0x000000000100348c       0x1c /mnt/Storage/soft/nios2eds/bin/gnu/H-x86_64-pc-linux-gnu/bin/../lib/gcc/nios2-elf/4.9.1/../../../../../H-x86_64-pc-linux-gnu/nios2-elf/lib/mno-hw-mul/libsmallc.a(lib_a-strlen.o)
                0x000000000100348c                strlen
 *(.gnu.warning.*)
 *(.fini)
                0x00000000010034a8                PROVIDE (__etext, ABSOLUTE (.))
                0x00000000010034a8                PROVIDE (_etext, ABSOLUTE (.))
                0x00000000010034a8                PROVIDE (etext, ABSOLUTE (.))
 *(.eh_frame_hdr)
                0x00000000010034a8                . = ALIGN (0x4)
                0x00000000010034a8                PROVIDE (__preinit_array_start, ABSOLUTE (.))
 *(.preinit_array)
                0x00000000010034a8                PROVIDE (__preinit_array_end, ABSOLUTE (.))
                0x00000000010034a8                PROVIDE (__init_array_start, ABSOLUTE (.))
 *(.init_array)
                0x00000000010034a8                PROVIDE (__init_array_end, ABSOLUTE (.))
                0x00000000010034a8                PROVIDE (__fini_array_start, ABSOLUTE (.))
 *(.fini_array)
                0x00000000010034a8                PROVIDE (__fini_array_end, ABSOLUTE (.))
 *(.eh_frame)
 *(.gcc_except_table .gcc_except_table.*)
 *(.dynamic)
                0x00000000010034a8                PROVIDE (__CTOR_LIST__, ABSOLUTE (.))
 *(.ctors)
 *(SORT(.ctors.*))
                0x00000000010034a8                PROVIDE (__CTOR_END__, ABSOLUTE (.))
                0x00000000010034a8                PROVIDE (__DTOR_LIST__, ABSOLUTE (.))
 *(.dtors)
 *(SORT(.dtors.*))
                0x00000000010034a8                PROVIDE (__DTOR_END__, ABSOLUTE (.))
 *(.jcr)
                0x00000000010034a8                . = ALIGN (0x4)

.rodata         0x00000000010034a8      0x134
                0x00000000010034a8                PROVIDE (__ram_rodata_start, ABSOLUTE (.))
                0x00000000010034a8                . = ALIGN (0x4)
 *(.rodata .rodata.* .gnu.linkonce.r.*)
 .rodata.str1.4
                0x00000000010034a8       0x37 obj/default/asym.o
                                         0x38 (size before relaxing)
 *fill*         0x00000000010034df        0x1 
 .rodata.str1.4
                0x00000000010034e0       0xf3 obj/default/slaveSdram.o
                                         0xf4 (size before relaxing)
 *fill*         0x00000000010035d3        0x1 
 .rodata.str1.4
                0x00000000010035d4        0x8 obj/default/tasks.o
 .rodata.str1.4
                0x0000000000000000       0x10 ../slaveSdram_bsp//libhal_bsp.a(alt_sys_init.o)
 *(.rodata1)
                0x00000000010035dc                . = ALIGN (0x4)
                0x00000000010035dc                PROVIDE (__ram_rodata_end, ABSOLUTE (.))
                0x00000000010034a8                PROVIDE (__flash_rodata_start, LOADADDR (.rodata))

.rwdata         0x00000000010035dc       0x24 load address 0x0000000001003600
                0x00000000010035dc                PROVIDE (__ram_rwdata_start, ABSOLUTE (.))
                0x00000000010035dc                . = ALIGN (0x4)
 *(.got.plt)
 *(.got)
 *(.data1)
 *(.data .data.* .gnu.linkonce.d.*)
 .data          0x00000000010035dc        0x0 ../slaveSdram_bsp//obj/HAL/src/crt0.o
 .data          0x00000000010035dc        0x0 obj/default/asym.o
 .data          0x00000000010035dc        0x0 obj/default/croutine.o
 .data          0x00000000010035dc        0x0 obj/default/list.o
 .data          0x00000000010035dc        0x0 obj/default/portable/GCC/NiosII/port.o
 .data          0x00000000010035dc        0x0 obj/default/portable/MemMang/heap_1.o
 .data          0x00000000010035dc        0x0 obj/default/queue.o
 .data          0x00000000010035dc        0x0 obj/default/slaveSdram.o
 .data          0x00000000010035dc        0x0 obj/default/tasks.o
 .data          0x00000000010035dc        0x0 obj/default/timers.o
 .data          0x00000000010035dc        0x0 obj/default/portable/GCC/NiosII/port_asm.o
 .data          0x00000000010035dc        0x0 /mnt/Storage/soft/nios2eds/bin/gnu/H-x86_64-pc-linux-gnu/bin/../lib/gcc/nios2-elf/4.9.1/mno-hw-mul/libgcc.a(lib2-mul.o)
 .data          0x00000000010035dc        0x0 /mnt/Storage/soft/nios2eds/bin/gnu/H-x86_64-pc-linux-gnu/bin/../lib/gcc/nios2-elf/4.9.1/../../../../../H-x86_64-pc-linux-gnu/nios2-elf/lib/mno-hw-mul/libsmallc.a(lib_a-memcpy.o)
 .data          0x00000000010035dc        0x0 /mnt/Storage/soft/nios2eds/bin/gnu/H-x86_64-pc-linux-gnu/bin/../lib/gcc/nios2-elf/4.9.1/../../../../../H-x86_64-pc-linux-gnu/nios2-elf/lib/mno-hw-mul/libsmallc.a(lib_a-memset.o)
 .data          0x00000000010035dc        0x0 ../slaveSdram_bsp//libhal_bsp.a(alt_irq_handler.o)
 .data          0x00000000010035dc        0x0 ../slaveSdram_bsp//libhal_bsp.a(alt_irq_vars.o)
 .data          0x00000000010035dc        0x0 ../slaveSdram_bsp//libhal_bsp.a(alt_load.o)
 .data          0x00000000010035dc        0x0 ../slaveSdram_bsp//libhal_bsp.a(alt_main.o)
 .data          0x00000000010035dc        0x0 ../slaveSdram_bsp//libhal_bsp.a(alt_printf.o)
 .data          0x00000000010035dc        0x0 ../slaveSdram_bsp//libhal_bsp.a(alt_putchar.o)
 .data          0x00000000010035dc        0x0 ../slaveSdram_bsp//libhal_bsp.a(alt_putstr.o)
 .data          0x00000000010035dc       0x10 ../slaveSdram_bsp//libhal_bsp.a(alt_sys_init.o)
 .data          0x00000000010035ec        0x0 ../slaveSdram_bsp//libhal_bsp.a(altera_avalon_jtag_uart_write.o)
 .data          0x00000000010035ec        0x0 ../slaveSdram_bsp//libhal_bsp.a(altera_avalon_mutex.o)
 .data          0x00000000010035ec        0x0 ../slaveSdram_bsp//libhal_bsp.a(alt_dcache_flush_all.o)
 .data          0x00000000010035ec        0x0 ../slaveSdram_bsp//libhal_bsp.a(alt_dev_llist_insert.o)
 .data          0x00000000010035ec        0x0 ../slaveSdram_bsp//libhal_bsp.a(alt_errno.o)
 .data          0x00000000010035ec        0x0 ../slaveSdram_bsp//libhal_bsp.a(alt_find_dev.o)
 .data          0x00000000010035ec        0x0 ../slaveSdram_bsp//libhal_bsp.a(alt_icache_flush_all.o)
 .data          0x00000000010035ec        0x0 ../slaveSdram_bsp//libhal_bsp.a(altera_nios2_qsys_irq.o)
 .data          0x00000000010035ec        0x0 /mnt/Storage/soft/nios2eds/bin/gnu/H-x86_64-pc-linux-gnu/bin/../lib/gcc/nios2-elf/4.9.1/../../../../../H-x86_64-pc-linux-gnu/nios2-elf/lib/mno-hw-mul/libsmallc.a(lib_a-int_errno.o)
 .data          0x00000000010035ec        0x0 /mnt/Storage/soft/nios2eds/bin/gnu/H-x86_64-pc-linux-gnu/bin/../lib/gcc/nios2-elf/4.9.1/../../../../../H-x86_64-pc-linux-gnu/nios2-elf/lib/mno-hw-mul/libsmallc.a(lib_a-memcmp.o)
 .data          0x00000000010035ec        0x0 /mnt/Storage/soft/nios2eds/bin/gnu/H-x86_64-pc-linux-gnu/bin/../lib/gcc/nios2-elf/4.9.1/../../../../../H-x86_64-pc-linux-gnu/nios2-elf/lib/mno-hw-mul/libsmallc.a(lib_a-strlen.o)
                0x000000000100b5ec                _gp = ABSOLUTE ((. + 0x8000))
                0x000000000100b5ec                PROVIDE (gp, _gp)
 *(.rwdata .rwdata.*)
 *(.sdata .sdata.* .gnu.linkonce.s.*)
 .sdata         0x00000000010035ec        0x4 ../slaveSdram_bsp//libhal_bsp.a(alt_irq_vars.o)
                0x00000000010035ec                alt_priority_mask
 .sdata         0x00000000010035f0        0x4 ../slaveSdram_bsp//libhal_bsp.a(alt_sys_init.o)
                0x00000000010035f0                jtag_uart_1
 .sdata         0x00000000010035f4        0x8 ../slaveSdram_bsp//libhal_bsp.a(altera_avalon_mutex.o)
                0x00000000010035f4                alt_mutex_list
 .sdata         0x00000000010035fc        0x4 ../slaveSdram_bsp//libhal_bsp.a(alt_errno.o)
                0x00000000010035fc                alt_errno
 *(.sdata2 .sdata2.* .gnu.linkonce.s2.*)
                0x0000000001003600                . = ALIGN (0x4)
                0x0000000001003600                _edata = ABSOLUTE (.)
                0x0000000001003600                PROVIDE (edata, ABSOLUTE (.))
                0x0000000001003600                PROVIDE (__ram_rwdata_end, ABSOLUTE (.))
                0x0000000001003600                PROVIDE (__flash_rwdata_start, LOADADDR (.rwdata))

.bss            0x0000000001003624     0x4168
                0x0000000001003624                __bss_start = ABSOLUTE (.)
                0x0000000001003624                PROVIDE (__sbss_start, ABSOLUTE (.))
                0x0000000001003624                PROVIDE (___sbss_start, ABSOLUTE (.))
 *(.dynsbss)
 *(.sbss .sbss.* .gnu.linkonce.sb.*)
 .sbss          0x0000000001003624        0x4 obj/default/asym.o
 .sbss          0x0000000001003628        0x8 obj/default/portable/MemMang/heap_1.o
 .sbss          0x0000000001003630       0x38 obj/default/tasks.o
                0x0000000001003664                pxCurrentTCB
 .sbss          0x0000000001003668        0x4 ../slaveSdram_bsp//libhal_bsp.a(alt_irq_vars.o)
                0x0000000001003668                alt_irq_active
 .sbss          0x000000000100366c        0xc ../slaveSdram_bsp//libhal_bsp.a(alt_main.o)
                0x000000000100366c                alt_envp
                0x0000000001003670                alt_argv
                0x0000000001003674                alt_argc
 .sbss          0x0000000001003678        0x4 /mnt/Storage/soft/nios2eds/bin/gnu/H-x86_64-pc-linux-gnu/bin/../lib/gcc/nios2-elf/4.9.1/../../../../../H-x86_64-pc-linux-gnu/nios2-elf/lib/mno-hw-mul/libsmallc.a(lib_a-int_errno.o)
                0x0000000001003678                errno
 *(.sbss2 .sbss2.* .gnu.linkonce.sb2.*)
 *(.scommon)
                0x000000000100367c                PROVIDE (__sbss_end, ABSOLUTE (.))
                0x000000000100367c                PROVIDE (___sbss_end, ABSOLUTE (.))
 *(.dynbss)
 *(.bss .bss.* .gnu.linkonce.b.*)
 .bss           0x000000000100367c        0x0 ../slaveSdram_bsp//obj/HAL/src/crt0.o
 .bss           0x000000000100367c       0xb0 obj/default/asym.o
 .bss           0x000000000100372c        0x0 obj/default/croutine.o
 .bss           0x000000000100372c        0x0 obj/default/list.o
 .bss           0x000000000100372c        0x0 obj/default/portable/GCC/NiosII/port.o
 .bss           0x000000000100372c     0x3e98 obj/default/portable/MemMang/heap_1.o
 .bss           0x00000000010075c4        0x0 obj/default/queue.o
 .bss           0x00000000010075c4        0x0 obj/default/slaveSdram.o
 .bss           0x00000000010075c4       0xc8 obj/default/tasks.o
 .bss           0x000000000100768c        0x0 obj/default/timers.o
 .bss           0x000000000100768c        0x0 obj/default/portable/GCC/NiosII/port_asm.o
 .bss           0x000000000100768c        0x0 /mnt/Storage/soft/nios2eds/bin/gnu/H-x86_64-pc-linux-gnu/bin/../lib/gcc/nios2-elf/4.9.1/mno-hw-mul/libgcc.a(lib2-mul.o)
 .bss           0x000000000100768c        0x0 /mnt/Storage/soft/nios2eds/bin/gnu/H-x86_64-pc-linux-gnu/bin/../lib/gcc/nios2-elf/4.9.1/../../../../../H-x86_64-pc-linux-gnu/nios2-elf/lib/mno-hw-mul/libsmallc.a(lib_a-memcpy.o)
 .bss           0x000000000100768c        0x0 /mnt/Storage/soft/nios2eds/bin/gnu/H-x86_64-pc-linux-gnu/bin/../lib/gcc/nios2-elf/4.9.1/../../../../../H-x86_64-pc-linux-gnu/nios2-elf/lib/mno-hw-mul/libsmallc.a(lib_a-memset.o)
 .bss           0x000000000100768c        0x0 ../slaveSdram_bsp//libhal_bsp.a(alt_irq_handler.o)
 .bss           0x000000000100768c        0x0 ../slaveSdram_bsp//libhal_bsp.a(alt_irq_vars.o)
 .bss           0x000000000100768c        0x0 ../slaveSdram_bsp//libhal_bsp.a(alt_load.o)
 .bss           0x000000000100768c        0x0 ../slaveSdram_bsp//libhal_bsp.a(alt_main.o)
 .bss           0x000000000100768c        0x0 ../slaveSdram_bsp//libhal_bsp.a(alt_printf.o)
 .bss           0x000000000100768c        0x0 ../slaveSdram_bsp//libhal_bsp.a(alt_putchar.o)
 .bss           0x000000000100768c        0x0 ../slaveSdram_bsp//libhal_bsp.a(alt_putstr.o)
 .bss           0x000000000100768c        0x0 ../slaveSdram_bsp//libhal_bsp.a(alt_sys_init.o)
 .bss           0x000000000100768c        0x0 ../slaveSdram_bsp//libhal_bsp.a(altera_avalon_jtag_uart_write.o)
 .bss           0x000000000100768c        0x0 ../slaveSdram_bsp//libhal_bsp.a(altera_avalon_mutex.o)
 .bss           0x000000000100768c        0x0 ../slaveSdram_bsp//libhal_bsp.a(alt_dcache_flush_all.o)
 .bss           0x000000000100768c        0x0 ../slaveSdram_bsp//libhal_bsp.a(alt_dev_llist_insert.o)
 .bss           0x000000000100768c        0x0 ../slaveSdram_bsp//libhal_bsp.a(alt_errno.o)
 .bss           0x000000000100768c        0x0 ../slaveSdram_bsp//libhal_bsp.a(alt_find_dev.o)
 .bss           0x000000000100768c        0x0 ../slaveSdram_bsp//libhal_bsp.a(alt_icache_flush_all.o)
 .bss           0x000000000100768c        0x0 ../slaveSdram_bsp//libhal_bsp.a(altera_nios2_qsys_irq.o)
 .bss           0x000000000100768c        0x0 /mnt/Storage/soft/nios2eds/bin/gnu/H-x86_64-pc-linux-gnu/bin/../lib/gcc/nios2-elf/4.9.1/../../../../../H-x86_64-pc-linux-gnu/nios2-elf/lib/mno-hw-mul/libsmallc.a(lib_a-int_errno.o)
 .bss           0x000000000100768c        0x0 /mnt/Storage/soft/nios2eds/bin/gnu/H-x86_64-pc-linux-gnu/bin/../lib/gcc/nios2-elf/4.9.1/../../../../../H-x86_64-pc-linux-gnu/nios2-elf/lib/mno-hw-mul/libsmallc.a(lib_a-memcmp.o)
 .bss           0x000000000100768c        0x0 /mnt/Storage/soft/nios2eds/bin/gnu/H-x86_64-pc-linux-gnu/bin/../lib/gcc/nios2-elf/4.9.1/../../../../../H-x86_64-pc-linux-gnu/nios2-elf/lib/mno-hw-mul/libsmallc.a(lib_a-strlen.o)
 *(COMMON)
 COMMON         0x000000000100768c      0x100 ../slaveSdram_bsp//libhal_bsp.a(alt_irq_handler.o)
                0x000000000100768c                alt_irq
                0x000000000100778c                . = ALIGN (0x4)
                0x000000000100778c                __bss_end = ABSOLUTE (.)

.memory_buff    0x0000000000008000        0x0 load address 0x000000000100778c
                0x0000000000008000                PROVIDE (_alt_partition_memory_buff_start, ABSOLUTE (.))
 *(.memory_buff .memory_buff. memory_buff.*)
                0x0000000000008000                . = ALIGN (0x4)
                0x0000000000008000                PROVIDE (_alt_partition_memory_buff_end, ABSOLUTE (.))
                0x000000000100778c                PROVIDE (_alt_partition_memory_buff_load_addr, LOADADDR (.memory_buff))

.sdram          0x000000000100778c        0x0
                0x000000000100778c                PROVIDE (_alt_partition_sdram_start, ABSOLUTE (.))
 *(.sdram .sdram. sdram.*)
                0x000000000100778c                . = ALIGN (0x4)
                0x000000000100778c                PROVIDE (_alt_partition_sdram_end, ABSOLUTE (.))
                0x000000000100778c                _end = ABSOLUTE (.)
                0x000000000100778c                end = ABSOLUTE (.)
                0x000000000100778c                __alt_stack_base = ABSOLUTE (.)
                0x000000000100778c                PROVIDE (_alt_partition_sdram_load_addr, LOADADDR (.sdram))

.stab
 *(.stab)

.stabstr
 *(.stabstr)

.stab.excl
 *(.stab.excl)

.stab.exclstr
 *(.stab.exclstr)

.stab.index
 *(.stab.index)

.stab.indexstr
 *(.stab.indexstr)

.comment        0x0000000000000000       0x23
 *(.comment)
 .comment       0x0000000000000000       0x23 obj/default/asym.o
                                         0x24 (size before relaxing)
 .comment       0x0000000000000000       0x24 obj/default/croutine.o
 .comment       0x0000000000000000       0x24 obj/default/list.o
 .comment       0x0000000000000000       0x24 obj/default/portable/GCC/NiosII/port.o
 .comment       0x0000000000000000       0x24 obj/default/portable/MemMang/heap_1.o
 .comment       0x0000000000000000       0x24 obj/default/queue.o
 .comment       0x0000000000000000       0x24 obj/default/slaveSdram.o
 .comment       0x0000000000000000       0x24 obj/default/tasks.o
 .comment       0x0000000000000000       0x24 obj/default/timers.o
 .comment       0x0000000000000000       0x24 /mnt/Storage/soft/nios2eds/bin/gnu/H-x86_64-pc-linux-gnu/bin/../lib/gcc/nios2-elf/4.9.1/mno-hw-mul/libgcc.a(lib2-mul.o)
 .comment       0x0000000000000000       0x24 /mnt/Storage/soft/nios2eds/bin/gnu/H-x86_64-pc-linux-gnu/bin/../lib/gcc/nios2-elf/4.9.1/../../../../../H-x86_64-pc-linux-gnu/nios2-elf/lib/mno-hw-mul/libsmallc.a(lib_a-memcpy.o)
 .comment       0x0000000000000000       0x24 /mnt/Storage/soft/nios2eds/bin/gnu/H-x86_64-pc-linux-gnu/bin/../lib/gcc/nios2-elf/4.9.1/../../../../../H-x86_64-pc-linux-gnu/nios2-elf/lib/mno-hw-mul/libsmallc.a(lib_a-memset.o)
 .comment       0x0000000000000000       0x24 ../slaveSdram_bsp//libhal_bsp.a(alt_irq_handler.o)
 .comment       0x0000000000000000       0x24 ../slaveSdram_bsp//libhal_bsp.a(alt_irq_vars.o)
 .comment       0x0000000000000000       0x24 ../slaveSdram_bsp//libhal_bsp.a(alt_load.o)
 .comment       0x0000000000000000       0x24 ../slaveSdram_bsp//libhal_bsp.a(alt_main.o)
 .comment       0x0000000000000000       0x24 ../slaveSdram_bsp//libhal_bsp.a(alt_printf.o)
 .comment       0x0000000000000000       0x24 ../slaveSdram_bsp//libhal_bsp.a(alt_putchar.o)
 .comment       0x0000000000000000       0x24 ../slaveSdram_bsp//libhal_bsp.a(alt_putstr.o)
 .comment       0x0000000000000000       0x24 ../slaveSdram_bsp//libhal_bsp.a(alt_sys_init.o)
 .comment       0x0000000000000000       0x24 ../slaveSdram_bsp//libhal_bsp.a(altera_avalon_jtag_uart_write.o)
 .comment       0x0000000000000000       0x24 ../slaveSdram_bsp//libhal_bsp.a(altera_avalon_mutex.o)
 .comment       0x0000000000000000       0x24 ../slaveSdram_bsp//libhal_bsp.a(alt_dcache_flush_all.o)
 .comment       0x0000000000000000       0x24 ../slaveSdram_bsp//libhal_bsp.a(alt_dev_llist_insert.o)
 .comment       0x0000000000000000       0x24 ../slaveSdram_bsp//libhal_bsp.a(alt_errno.o)
 .comment       0x0000000000000000       0x24 ../slaveSdram_bsp//libhal_bsp.a(alt_find_dev.o)
 .comment       0x0000000000000000       0x24 ../slaveSdram_bsp//libhal_bsp.a(alt_icache_flush_all.o)
 .comment       0x0000000000000000       0x24 ../slaveSdram_bsp//libhal_bsp.a(altera_nios2_qsys_irq.o)
 .comment       0x0000000000000000       0x24 /mnt/Storage/soft/nios2eds/bin/gnu/H-x86_64-pc-linux-gnu/bin/../lib/gcc/nios2-elf/4.9.1/../../../../../H-x86_64-pc-linux-gnu/nios2-elf/lib/mno-hw-mul/libsmallc.a(lib_a-int_errno.o)
 .comment       0x0000000000000000       0x24 /mnt/Storage/soft/nios2eds/bin/gnu/H-x86_64-pc-linux-gnu/bin/../lib/gcc/nios2-elf/4.9.1/../../../../../H-x86_64-pc-linux-gnu/nios2-elf/lib/mno-hw-mul/libsmallc.a(lib_a-memcmp.o)
 .comment       0x0000000000000000       0x24 /mnt/Storage/soft/nios2eds/bin/gnu/H-x86_64-pc-linux-gnu/bin/../lib/gcc/nios2-elf/4.9.1/../../../../../H-x86_64-pc-linux-gnu/nios2-elf/lib/mno-hw-mul/libsmallc.a(lib_a-strlen.o)

.debug
 *(.debug)

.line
 *(.line)

.debug_srcinfo
 *(.debug_srcinfo)

.debug_sfnames
 *(.debug_sfnames)

.debug_aranges  0x0000000000000000      0x428
 *(.debug_aranges)
 .debug_aranges
                0x0000000000000000       0x28 ../slaveSdram_bsp//obj/HAL/src/crt0.o
 .debug_aranges
                0x0000000000000028       0x20 obj/default/asym.o
 .debug_aranges
                0x0000000000000048       0x18 obj/default/croutine.o
 .debug_aranges
                0x0000000000000060       0x20 obj/default/list.o
 .debug_aranges
                0x0000000000000080       0x20 obj/default/portable/GCC/NiosII/port.o
 .debug_aranges
                0x00000000000000a0       0x20 obj/default/portable/MemMang/heap_1.o
 .debug_aranges
                0x00000000000000c0       0x20 obj/default/queue.o
 .debug_aranges
                0x00000000000000e0       0x28 obj/default/slaveSdram.o
 .debug_aranges
                0x0000000000000108       0x20 obj/default/tasks.o
 .debug_aranges
                0x0000000000000128       0x18 obj/default/timers.o
 .debug_aranges
                0x0000000000000140       0x40 obj/default/portable/GCC/NiosII/port_asm.o
 .debug_aranges
                0x0000000000000180       0x20 /mnt/Storage/soft/nios2eds/bin/gnu/H-x86_64-pc-linux-gnu/bin/../lib/gcc/nios2-elf/4.9.1/mno-hw-mul/libgcc.a(lib2-mul.o)
 .debug_aranges
                0x00000000000001a0       0x20 /mnt/Storage/soft/nios2eds/bin/gnu/H-x86_64-pc-linux-gnu/bin/../lib/gcc/nios2-elf/4.9.1/../../../../../H-x86_64-pc-linux-gnu/nios2-elf/lib/mno-hw-mul/libsmallc.a(lib_a-memcpy.o)
 .debug_aranges
                0x00000000000001c0       0x20 /mnt/Storage/soft/nios2eds/bin/gnu/H-x86_64-pc-linux-gnu/bin/../lib/gcc/nios2-elf/4.9.1/../../../../../H-x86_64-pc-linux-gnu/nios2-elf/lib/mno-hw-mul/libsmallc.a(lib_a-memset.o)
 .debug_aranges
                0x00000000000001e0       0x20 ../slaveSdram_bsp//libhal_bsp.a(alt_irq_handler.o)
 .debug_aranges
                0x0000000000000200       0x18 ../slaveSdram_bsp//libhal_bsp.a(alt_irq_vars.o)
 .debug_aranges
                0x0000000000000218       0x20 ../slaveSdram_bsp//libhal_bsp.a(alt_load.o)
 .debug_aranges
                0x0000000000000238       0x20 ../slaveSdram_bsp//libhal_bsp.a(alt_main.o)
 .debug_aranges
                0x0000000000000258       0x20 ../slaveSdram_bsp//libhal_bsp.a(alt_printf.o)
 .debug_aranges
                0x0000000000000278       0x20 ../slaveSdram_bsp//libhal_bsp.a(alt_putchar.o)
 .debug_aranges
                0x0000000000000298       0x20 ../slaveSdram_bsp//libhal_bsp.a(alt_putstr.o)
 .debug_aranges
                0x00000000000002b8       0x20 ../slaveSdram_bsp//libhal_bsp.a(alt_sys_init.o)
 .debug_aranges
                0x00000000000002d8       0x20 ../slaveSdram_bsp//libhal_bsp.a(altera_avalon_jtag_uart_write.o)
 .debug_aranges
                0x00000000000002f8       0x20 ../slaveSdram_bsp//libhal_bsp.a(altera_avalon_mutex.o)
 .debug_aranges
                0x0000000000000318       0x20 ../slaveSdram_bsp//libhal_bsp.a(alt_dcache_flush_all.o)
 .debug_aranges
                0x0000000000000338       0x20 ../slaveSdram_bsp//libhal_bsp.a(alt_dev_llist_insert.o)
 .debug_aranges
                0x0000000000000358       0x18 ../slaveSdram_bsp//libhal_bsp.a(alt_errno.o)
 .debug_aranges
                0x0000000000000370       0x20 ../slaveSdram_bsp//libhal_bsp.a(alt_find_dev.o)
 .debug_aranges
                0x0000000000000390       0x20 ../slaveSdram_bsp//libhal_bsp.a(alt_icache_flush_all.o)
 .debug_aranges
                0x00000000000003b0       0x20 ../slaveSdram_bsp//libhal_bsp.a(altera_nios2_qsys_irq.o)
 .debug_aranges
                0x00000000000003d0       0x18 /mnt/Storage/soft/nios2eds/bin/gnu/H-x86_64-pc-linux-gnu/bin/../lib/gcc/nios2-elf/4.9.1/../../../../../H-x86_64-pc-linux-gnu/nios2-elf/lib/mno-hw-mul/libsmallc.a(lib_a-int_errno.o)
 .debug_aranges
                0x00000000000003e8       0x20 /mnt/Storage/soft/nios2eds/bin/gnu/H-x86_64-pc-linux-gnu/bin/../lib/gcc/nios2-elf/4.9.1/../../../../../H-x86_64-pc-linux-gnu/nios2-elf/lib/mno-hw-mul/libsmallc.a(lib_a-memcmp.o)
 .debug_aranges
                0x0000000000000408       0x20 /mnt/Storage/soft/nios2eds/bin/gnu/H-x86_64-pc-linux-gnu/bin/../lib/gcc/nios2-elf/4.9.1/../../../../../H-x86_64-pc-linux-gnu/nios2-elf/lib/mno-hw-mul/libsmallc.a(lib_a-strlen.o)

.debug_pubnames
 *(.debug_pubnames)

.debug_info     0x0000000000000000     0x6eb0
 *(.debug_info .gnu.linkonce.wi.*)
 .debug_info    0x0000000000000000       0x78 ../slaveSdram_bsp//obj/HAL/src/crt0.o
 .debug_info    0x0000000000000078      0x9a9 obj/default/asym.o
 .debug_info    0x0000000000000a21       0x98 obj/default/croutine.o
 .debug_info    0x0000000000000ab9      0x2b7 obj/default/list.o
 .debug_info    0x0000000000000d70      0x4ee obj/default/portable/GCC/NiosII/port.o
 .debug_info    0x000000000000125e      0x1be obj/default/portable/MemMang/heap_1.o
 .debug_info    0x000000000000141c     0x1123 obj/default/queue.o
 .debug_info    0x000000000000253f      0xaab obj/default/slaveSdram.o
 .debug_info    0x0000000000002fea     0x1d62 obj/default/tasks.o
 .debug_info    0x0000000000004d4c       0x98 obj/default/timers.o
 .debug_info    0x0000000000004de4       0x84 obj/default/portable/GCC/NiosII/port_asm.o
 .debug_info    0x0000000000004e68       0xb4 /mnt/Storage/soft/nios2eds/bin/gnu/H-x86_64-pc-linux-gnu/bin/../lib/gcc/nios2-elf/4.9.1/mno-hw-mul/libgcc.a(lib2-mul.o)
 .debug_info    0x0000000000004f1c      0x106 /mnt/Storage/soft/nios2eds/bin/gnu/H-x86_64-pc-linux-gnu/bin/../lib/gcc/nios2-elf/4.9.1/../../../../../H-x86_64-pc-linux-gnu/nios2-elf/lib/mno-hw-mul/libsmallc.a(lib_a-memcpy.o)
 .debug_info    0x0000000000005022       0xd5 /mnt/Storage/soft/nios2eds/bin/gnu/H-x86_64-pc-linux-gnu/bin/../lib/gcc/nios2-elf/4.9.1/../../../../../H-x86_64-pc-linux-gnu/nios2-elf/lib/mno-hw-mul/libsmallc.a(lib_a-memset.o)
 .debug_info    0x00000000000050f7      0x1a5 ../slaveSdram_bsp//libhal_bsp.a(alt_irq_handler.o)
 .debug_info    0x000000000000529c       0x88 ../slaveSdram_bsp//libhal_bsp.a(alt_irq_vars.o)
 .debug_info    0x0000000000005324      0x1d2 ../slaveSdram_bsp//libhal_bsp.a(alt_load.o)
 .debug_info    0x00000000000054f6      0x1a1 ../slaveSdram_bsp//libhal_bsp.a(alt_main.o)
 .debug_info    0x0000000000005697      0x153 ../slaveSdram_bsp//libhal_bsp.a(alt_printf.o)
 .debug_info    0x00000000000057ea      0x138 ../slaveSdram_bsp//libhal_bsp.a(alt_putchar.o)
 .debug_info    0x0000000000005922      0x15d ../slaveSdram_bsp//libhal_bsp.a(alt_putstr.o)
 .debug_info    0x0000000000005a7f      0x306 ../slaveSdram_bsp//libhal_bsp.a(alt_sys_init.o)
 .debug_info    0x0000000000005d85      0x1a6 ../slaveSdram_bsp//libhal_bsp.a(altera_avalon_jtag_uart_write.o)
 .debug_info    0x0000000000005f2b      0x5ef ../slaveSdram_bsp//libhal_bsp.a(altera_avalon_mutex.o)
 .debug_info    0x000000000000651a       0x8b ../slaveSdram_bsp//libhal_bsp.a(alt_dcache_flush_all.o)
 .debug_info    0x00000000000065a5      0x1a8 ../slaveSdram_bsp//libhal_bsp.a(alt_dev_llist_insert.o)
 .debug_info    0x000000000000674d       0x9f ../slaveSdram_bsp//libhal_bsp.a(alt_errno.o)
 .debug_info    0x00000000000067ec      0x356 ../slaveSdram_bsp//libhal_bsp.a(alt_find_dev.o)
 .debug_info    0x0000000000006b42       0x8b ../slaveSdram_bsp//libhal_bsp.a(alt_icache_flush_all.o)
 .debug_info    0x0000000000006bcd       0xb1 ../slaveSdram_bsp//libhal_bsp.a(altera_nios2_qsys_irq.o)
 .debug_info    0x0000000000006c7e       0x83 /mnt/Storage/soft/nios2eds/bin/gnu/H-x86_64-pc-linux-gnu/bin/../lib/gcc/nios2-elf/4.9.1/../../../../../H-x86_64-pc-linux-gnu/nios2-elf/lib/mno-hw-mul/libsmallc.a(lib_a-int_errno.o)
 .debug_info    0x0000000000006d01       0xed /mnt/Storage/soft/nios2eds/bin/gnu/H-x86_64-pc-linux-gnu/bin/../lib/gcc/nios2-elf/4.9.1/../../../../../H-x86_64-pc-linux-gnu/nios2-elf/lib/mno-hw-mul/libsmallc.a(lib_a-memcmp.o)
 .debug_info    0x0000000000006dee       0xc2 /mnt/Storage/soft/nios2eds/bin/gnu/H-x86_64-pc-linux-gnu/bin/../lib/gcc/nios2-elf/4.9.1/../../../../../H-x86_64-pc-linux-gnu/nios2-elf/lib/mno-hw-mul/libsmallc.a(lib_a-strlen.o)

.debug_abbrev   0x0000000000000000     0x21d0
 *(.debug_abbrev)
 .debug_abbrev  0x0000000000000000       0x12 ../slaveSdram_bsp//obj/HAL/src/crt0.o
 .debug_abbrev  0x0000000000000012      0x29b obj/default/asym.o
 .debug_abbrev  0x00000000000002ad       0x4b obj/default/croutine.o
 .debug_abbrev  0x00000000000002f8       0xe7 obj/default/list.o
 .debug_abbrev  0x00000000000003df      0x278 obj/default/portable/GCC/NiosII/port.o
 .debug_abbrev  0x0000000000000657      0x144 obj/default/portable/MemMang/heap_1.o
 .debug_abbrev  0x000000000000079b      0x2c2 obj/default/queue.o
 .debug_abbrev  0x0000000000000a5d      0x19f obj/default/slaveSdram.o
 .debug_abbrev  0x0000000000000bfc      0x418 obj/default/tasks.o
 .debug_abbrev  0x0000000000001014       0x4b obj/default/timers.o
 .debug_abbrev  0x000000000000105f       0x12 obj/default/portable/GCC/NiosII/port_asm.o
 .debug_abbrev  0x0000000000001071       0x6f /mnt/Storage/soft/nios2eds/bin/gnu/H-x86_64-pc-linux-gnu/bin/../lib/gcc/nios2-elf/4.9.1/mno-hw-mul/libgcc.a(lib2-mul.o)
 .debug_abbrev  0x00000000000010e0       0xa4 /mnt/Storage/soft/nios2eds/bin/gnu/H-x86_64-pc-linux-gnu/bin/../lib/gcc/nios2-elf/4.9.1/../../../../../H-x86_64-pc-linux-gnu/nios2-elf/lib/mno-hw-mul/libsmallc.a(lib_a-memcpy.o)
 .debug_abbrev  0x0000000000001184       0x8e /mnt/Storage/soft/nios2eds/bin/gnu/H-x86_64-pc-linux-gnu/bin/../lib/gcc/nios2-elf/4.9.1/../../../../../H-x86_64-pc-linux-gnu/nios2-elf/lib/mno-hw-mul/libsmallc.a(lib_a-memset.o)
 .debug_abbrev  0x0000000000001212      0x13a ../slaveSdram_bsp//libhal_bsp.a(alt_irq_handler.o)
 .debug_abbrev  0x000000000000134c       0x40 ../slaveSdram_bsp//libhal_bsp.a(alt_irq_vars.o)
 .debug_abbrev  0x000000000000138c       0xe1 ../slaveSdram_bsp//libhal_bsp.a(alt_load.o)
 .debug_abbrev  0x000000000000146d      0x127 ../slaveSdram_bsp//libhal_bsp.a(alt_main.o)
 .debug_abbrev  0x0000000000001594       0xde ../slaveSdram_bsp//libhal_bsp.a(alt_printf.o)
 .debug_abbrev  0x0000000000001672       0xd4 ../slaveSdram_bsp//libhal_bsp.a(alt_putchar.o)
 .debug_abbrev  0x0000000000001746       0xe2 ../slaveSdram_bsp//libhal_bsp.a(alt_putstr.o)
 .debug_abbrev  0x0000000000001828      0x1c5 ../slaveSdram_bsp//libhal_bsp.a(alt_sys_init.o)
 .debug_abbrev  0x00000000000019ed       0xd5 ../slaveSdram_bsp//libhal_bsp.a(altera_avalon_jtag_uart_write.o)
 .debug_abbrev  0x0000000000001ac2      0x24a ../slaveSdram_bsp//libhal_bsp.a(altera_avalon_mutex.o)
 .debug_abbrev  0x0000000000001d0c       0x42 ../slaveSdram_bsp//libhal_bsp.a(alt_dcache_flush_all.o)
 .debug_abbrev  0x0000000000001d4e      0x11c ../slaveSdram_bsp//libhal_bsp.a(alt_dev_llist_insert.o)
 .debug_abbrev  0x0000000000001e6a       0x5a ../slaveSdram_bsp//libhal_bsp.a(alt_errno.o)
 .debug_abbrev  0x0000000000001ec4      0x12e ../slaveSdram_bsp//libhal_bsp.a(alt_find_dev.o)
 .debug_abbrev  0x0000000000001ff2       0x42 ../slaveSdram_bsp//libhal_bsp.a(alt_icache_flush_all.o)
 .debug_abbrev  0x0000000000002034       0x67 ../slaveSdram_bsp//libhal_bsp.a(altera_nios2_qsys_irq.o)
 .debug_abbrev  0x000000000000209b       0x37 /mnt/Storage/soft/nios2eds/bin/gnu/H-x86_64-pc-linux-gnu/bin/../lib/gcc/nios2-elf/4.9.1/../../../../../H-x86_64-pc-linux-gnu/nios2-elf/lib/mno-hw-mul/libsmallc.a(lib_a-int_errno.o)
 .debug_abbrev  0x00000000000020d2       0x7f /mnt/Storage/soft/nios2eds/bin/gnu/H-x86_64-pc-linux-gnu/bin/../lib/gcc/nios2-elf/4.9.1/../../../../../H-x86_64-pc-linux-gnu/nios2-elf/lib/mno-hw-mul/libsmallc.a(lib_a-memcmp.o)
 .debug_abbrev  0x0000000000002151       0x7f /mnt/Storage/soft/nios2eds/bin/gnu/H-x86_64-pc-linux-gnu/bin/../lib/gcc/nios2-elf/4.9.1/../../../../../H-x86_64-pc-linux-gnu/nios2-elf/lib/mno-hw-mul/libsmallc.a(lib_a-strlen.o)

.debug_line     0x0000000000000000     0x2c06
 *(.debug_line)
 .debug_line    0x0000000000000000       0x66 ../slaveSdram_bsp//obj/HAL/src/crt0.o
 .debug_line    0x0000000000000066      0x2dc obj/default/asym.o
 .debug_line    0x0000000000000342       0x7b obj/default/croutine.o
 .debug_line    0x00000000000003bd      0x15d obj/default/list.o
 .debug_line    0x000000000000051a      0x1e8 obj/default/portable/GCC/NiosII/port.o
 .debug_line    0x0000000000000702      0x1bf obj/default/portable/MemMang/heap_1.o
 .debug_line    0x00000000000008c1      0x40b obj/default/queue.o
 .debug_line    0x0000000000000ccc      0x30d obj/default/slaveSdram.o
 .debug_line    0x0000000000000fd9      0x7bf obj/default/tasks.o
 .debug_line    0x0000000000001798       0x7b obj/default/timers.o
 .debug_line    0x0000000000001813       0xdf obj/default/portable/GCC/NiosII/port_asm.o
 .debug_line    0x00000000000018f2       0x80 /mnt/Storage/soft/nios2eds/bin/gnu/H-x86_64-pc-linux-gnu/bin/../lib/gcc/nios2-elf/4.9.1/mno-hw-mul/libgcc.a(lib2-mul.o)
 .debug_line    0x0000000000001972      0x160 /mnt/Storage/soft/nios2eds/bin/gnu/H-x86_64-pc-linux-gnu/bin/../lib/gcc/nios2-elf/4.9.1/../../../../../H-x86_64-pc-linux-gnu/nios2-elf/lib/mno-hw-mul/libsmallc.a(lib_a-memcpy.o)
 .debug_line    0x0000000000001ad2      0x15f /mnt/Storage/soft/nios2eds/bin/gnu/H-x86_64-pc-linux-gnu/bin/../lib/gcc/nios2-elf/4.9.1/../../../../../H-x86_64-pc-linux-gnu/nios2-elf/lib/mno-hw-mul/libsmallc.a(lib_a-memset.o)
 .debug_line    0x0000000000001c31       0xc8 ../slaveSdram_bsp//libhal_bsp.a(alt_irq_handler.o)
 .debug_line    0x0000000000001cf9       0x50 ../slaveSdram_bsp//libhal_bsp.a(alt_irq_vars.o)
 .debug_line    0x0000000000001d49       0xa6 ../slaveSdram_bsp//libhal_bsp.a(alt_load.o)
 .debug_line    0x0000000000001def       0xea ../slaveSdram_bsp//libhal_bsp.a(alt_main.o)
 .debug_line    0x0000000000001ed9      0x110 ../slaveSdram_bsp//libhal_bsp.a(alt_printf.o)
 .debug_line    0x0000000000001fe9       0x4d ../slaveSdram_bsp//libhal_bsp.a(alt_putchar.o)
 .debug_line    0x0000000000002036      0x105 ../slaveSdram_bsp//libhal_bsp.a(alt_putstr.o)
 .debug_line    0x000000000000213b      0x18a ../slaveSdram_bsp//libhal_bsp.a(alt_sys_init.o)
 .debug_line    0x00000000000022c5      0x104 ../slaveSdram_bsp//libhal_bsp.a(altera_avalon_jtag_uart_write.o)
 .debug_line    0x00000000000023c9      0x160 ../slaveSdram_bsp//libhal_bsp.a(altera_avalon_mutex.o)
 .debug_line    0x0000000000002529       0x4e ../slaveSdram_bsp//libhal_bsp.a(alt_dcache_flush_all.o)
 .debug_line    0x0000000000002577       0xd8 ../slaveSdram_bsp//libhal_bsp.a(alt_dev_llist_insert.o)
 .debug_line    0x000000000000264f       0x51 ../slaveSdram_bsp//libhal_bsp.a(alt_errno.o)
 .debug_line    0x00000000000026a0      0x16c ../slaveSdram_bsp//libhal_bsp.a(alt_find_dev.o)
 .debug_line    0x000000000000280c       0x4e ../slaveSdram_bsp//libhal_bsp.a(alt_icache_flush_all.o)
 .debug_line    0x000000000000285a       0x8c ../slaveSdram_bsp//libhal_bsp.a(altera_nios2_qsys_irq.o)
 .debug_line    0x00000000000028e6       0x60 /mnt/Storage/soft/nios2eds/bin/gnu/H-x86_64-pc-linux-gnu/bin/../lib/gcc/nios2-elf/4.9.1/../../../../../H-x86_64-pc-linux-gnu/nios2-elf/lib/mno-hw-mul/libsmallc.a(lib_a-int_errno.o)
 .debug_line    0x0000000000002946      0x162 /mnt/Storage/soft/nios2eds/bin/gnu/H-x86_64-pc-linux-gnu/bin/../lib/gcc/nios2-elf/4.9.1/../../../../../H-x86_64-pc-linux-gnu/nios2-elf/lib/mno-hw-mul/libsmallc.a(lib_a-memcmp.o)
 .debug_line    0x0000000000002aa8      0x15e /mnt/Storage/soft/nios2eds/bin/gnu/H-x86_64-pc-linux-gnu/bin/../lib/gcc/nios2-elf/4.9.1/../../../../../H-x86_64-pc-linux-gnu/nios2-elf/lib/mno-hw-mul/libsmallc.a(lib_a-strlen.o)

.debug_frame    0x0000000000000000      0xf94
 *(.debug_frame)
 .debug_frame   0x0000000000000000      0x154 obj/default/asym.o
 .debug_frame   0x0000000000000154       0x60 obj/default/list.o
 .debug_frame   0x00000000000001b4       0x80 obj/default/portable/GCC/NiosII/port.o
 .debug_frame   0x0000000000000234       0x64 obj/default/portable/MemMang/heap_1.o
 .debug_frame   0x0000000000000298      0x2f0 obj/default/queue.o
 .debug_frame   0x0000000000000588       0xe0 obj/default/slaveSdram.o
 .debug_frame   0x0000000000000668      0x594 obj/default/tasks.o
 .debug_frame   0x0000000000000bfc       0x20 /mnt/Storage/soft/nios2eds/bin/gnu/H-x86_64-pc-linux-gnu/bin/../lib/gcc/nios2-elf/4.9.1/mno-hw-mul/libgcc.a(lib2-mul.o)
 .debug_frame   0x0000000000000c1c       0x20 /mnt/Storage/soft/nios2eds/bin/gnu/H-x86_64-pc-linux-gnu/bin/../lib/gcc/nios2-elf/4.9.1/../../../../../H-x86_64-pc-linux-gnu/nios2-elf/lib/mno-hw-mul/libsmallc.a(lib_a-memcpy.o)
 .debug_frame   0x0000000000000c3c       0x20 /mnt/Storage/soft/nios2eds/bin/gnu/H-x86_64-pc-linux-gnu/bin/../lib/gcc/nios2-elf/4.9.1/../../../../../H-x86_64-pc-linux-gnu/nios2-elf/lib/mno-hw-mul/libsmallc.a(lib_a-memset.o)
 .debug_frame   0x0000000000000c5c       0x34 ../slaveSdram_bsp//libhal_bsp.a(alt_irq_handler.o)
 .debug_frame   0x0000000000000c90       0x30 ../slaveSdram_bsp//libhal_bsp.a(alt_load.o)
 .debug_frame   0x0000000000000cc0       0x2c ../slaveSdram_bsp//libhal_bsp.a(alt_main.o)
 .debug_frame   0x0000000000000cec       0x54 ../slaveSdram_bsp//libhal_bsp.a(alt_printf.o)
 .debug_frame   0x0000000000000d40       0x30 ../slaveSdram_bsp//libhal_bsp.a(alt_putchar.o)
 .debug_frame   0x0000000000000d70       0x30 ../slaveSdram_bsp//libhal_bsp.a(alt_putstr.o)
 .debug_frame   0x0000000000000da0       0x3c ../slaveSdram_bsp//libhal_bsp.a(alt_sys_init.o)
 .debug_frame   0x0000000000000ddc       0x20 ../slaveSdram_bsp//libhal_bsp.a(altera_avalon_jtag_uart_write.o)
 .debug_frame   0x0000000000000dfc       0x90 ../slaveSdram_bsp//libhal_bsp.a(altera_avalon_mutex.o)
 .debug_frame   0x0000000000000e8c       0x20 ../slaveSdram_bsp//libhal_bsp.a(alt_dcache_flush_all.o)
 .debug_frame   0x0000000000000eac       0x2c ../slaveSdram_bsp//libhal_bsp.a(alt_dev_llist_insert.o)
 .debug_frame   0x0000000000000ed8       0x3c ../slaveSdram_bsp//libhal_bsp.a(alt_find_dev.o)
 .debug_frame   0x0000000000000f14       0x20 ../slaveSdram_bsp//libhal_bsp.a(alt_icache_flush_all.o)
 .debug_frame   0x0000000000000f34       0x20 ../slaveSdram_bsp//libhal_bsp.a(altera_nios2_qsys_irq.o)
 .debug_frame   0x0000000000000f54       0x20 /mnt/Storage/soft/nios2eds/bin/gnu/H-x86_64-pc-linux-gnu/bin/../lib/gcc/nios2-elf/4.9.1/../../../../../H-x86_64-pc-linux-gnu/nios2-elf/lib/mno-hw-mul/libsmallc.a(lib_a-memcmp.o)
 .debug_frame   0x0000000000000f74       0x20 /mnt/Storage/soft/nios2eds/bin/gnu/H-x86_64-pc-linux-gnu/bin/../lib/gcc/nios2-elf/4.9.1/../../../../../H-x86_64-pc-linux-gnu/nios2-elf/lib/mno-hw-mul/libsmallc.a(lib_a-strlen.o)

.debug_str      0x0000000000000000     0x1f0c
 *(.debug_str)
 .debug_str     0x0000000000000000      0x528 obj/default/asym.o
                                        0x599 (size before relaxing)
 .debug_str     0x0000000000000528        0xb obj/default/croutine.o
                                        0x13e (size before relaxing)
 .debug_str     0x0000000000000533      0x109 obj/default/list.o
                                        0x282 (size before relaxing)
 .debug_str     0x000000000000063c      0x186 obj/default/portable/GCC/NiosII/port.o
                                        0x303 (size before relaxing)
 .debug_str     0x00000000000007c2       0xbb obj/default/portable/MemMang/heap_1.o
                                        0x20a (size before relaxing)
 .debug_str     0x000000000000087d      0x471 obj/default/queue.o
                                        0x784 (size before relaxing)
 .debug_str     0x0000000000000cee       0x87 obj/default/slaveSdram.o
                                        0x365 (size before relaxing)
 .debug_str     0x0000000000000d75      0x7cd obj/default/tasks.o
                                        0xd64 (size before relaxing)
 .debug_str     0x0000000000001542        0x9 obj/default/timers.o
                                        0x13c (size before relaxing)
 .debug_str     0x000000000000154b      0x147 /mnt/Storage/soft/nios2eds/bin/gnu/H-x86_64-pc-linux-gnu/bin/../lib/gcc/nios2-elf/4.9.1/mno-hw-mul/libgcc.a(lib2-mul.o)
                                        0x192 (size before relaxing)
 .debug_str     0x0000000000001692      0x118 /mnt/Storage/soft/nios2eds/bin/gnu/H-x86_64-pc-linux-gnu/bin/../lib/gcc/nios2-elf/4.9.1/../../../../../H-x86_64-pc-linux-gnu/nios2-elf/lib/mno-hw-mul/libsmallc.a(lib_a-memcpy.o)
                                        0x1b8 (size before relaxing)
 .debug_str     0x00000000000017aa       0x3e /mnt/Storage/soft/nios2eds/bin/gnu/H-x86_64-pc-linux-gnu/bin/../lib/gcc/nios2-elf/4.9.1/../../../../../H-x86_64-pc-linux-gnu/nios2-elf/lib/mno-hw-mul/libsmallc.a(lib_a-memset.o)
                                        0x1a4 (size before relaxing)
 .debug_str     0x00000000000017e8       0x7e ../slaveSdram_bsp//libhal_bsp.a(alt_irq_handler.o)
                                        0x1a5 (size before relaxing)
 .debug_str     0x0000000000001866       0x17 ../slaveSdram_bsp//libhal_bsp.a(alt_irq_vars.o)
                                        0x133 (size before relaxing)
 .debug_str     0x000000000000187d      0x113 ../slaveSdram_bsp//libhal_bsp.a(alt_load.o)
                                        0x229 (size before relaxing)
 .debug_str     0x0000000000001990       0x5e ../slaveSdram_bsp//libhal_bsp.a(alt_main.o)
                                        0x1cb (size before relaxing)
 .debug_str     0x00000000000019ee       0x59 ../slaveSdram_bsp//libhal_bsp.a(alt_printf.o)
                                         0xff (size before relaxing)
 .debug_str     0x0000000000001a47       0x60 ../slaveSdram_bsp//libhal_bsp.a(alt_putchar.o)
                                        0x17a (size before relaxing)
 .debug_str     0x0000000000001aa7       0x1c ../slaveSdram_bsp//libhal_bsp.a(alt_putstr.o)
                                        0x186 (size before relaxing)
 .debug_str     0x0000000000001ac3      0x102 ../slaveSdram_bsp//libhal_bsp.a(alt_sys_init.o)
                                        0x305 (size before relaxing)
 .debug_str     0x0000000000001bc5       0x32 ../slaveSdram_bsp//libhal_bsp.a(altera_avalon_jtag_uart_write.o)
                                        0x223 (size before relaxing)
 .debug_str     0x0000000000001bf7       0xf7 ../slaveSdram_bsp//libhal_bsp.a(altera_avalon_mutex.o)
                                        0x328 (size before relaxing)
 .debug_str     0x0000000000001cee       0x1f ../slaveSdram_bsp//libhal_bsp.a(alt_dcache_flush_all.o)
                                        0x142 (size before relaxing)
 .debug_str     0x0000000000001d0d       0x36 ../slaveSdram_bsp//libhal_bsp.a(alt_dev_llist_insert.o)
                                        0x1b9 (size before relaxing)
 .debug_str     0x0000000000001d43       0x14 ../slaveSdram_bsp//libhal_bsp.a(alt_errno.o)
                                        0x132 (size before relaxing)
 .debug_str     0x0000000000001d57       0x25 ../slaveSdram_bsp//libhal_bsp.a(alt_find_dev.o)
                                        0x1ee (size before relaxing)
 .debug_str     0x0000000000001d7c       0x1f ../slaveSdram_bsp//libhal_bsp.a(alt_icache_flush_all.o)
                                        0x142 (size before relaxing)
 .debug_str     0x0000000000001d9b       0x20 ../slaveSdram_bsp//libhal_bsp.a(altera_nios2_qsys_irq.o)
                                        0x172 (size before relaxing)
 .debug_str     0x0000000000001dbb       0xd5 /mnt/Storage/soft/nios2eds/bin/gnu/H-x86_64-pc-linux-gnu/bin/../lib/gcc/nios2-elf/4.9.1/../../../../../H-x86_64-pc-linux-gnu/nios2-elf/lib/mno-hw-mul/libsmallc.a(lib_a-int_errno.o)
                                        0x19d (size before relaxing)
 .debug_str     0x0000000000001e90       0x3e /mnt/Storage/soft/nios2eds/bin/gnu/H-x86_64-pc-linux-gnu/bin/../lib/gcc/nios2-elf/4.9.1/../../../../../H-x86_64-pc-linux-gnu/nios2-elf/lib/mno-hw-mul/libsmallc.a(lib_a-memcmp.o)
                                        0x1a4 (size before relaxing)
 .debug_str     0x0000000000001ece       0x3e /mnt/Storage/soft/nios2eds/bin/gnu/H-x86_64-pc-linux-gnu/bin/../lib/gcc/nios2-elf/4.9.1/../../../../../H-x86_64-pc-linux-gnu/nios2-elf/lib/mno-hw-mul/libsmallc.a(lib_a-strlen.o)
                                        0x1aa (size before relaxing)

.debug_loc      0x0000000000000000     0x2ee6
 *(.debug_loc)
 .debug_loc     0x0000000000000000      0x228 obj/default/asym.o
 .debug_loc     0x0000000000000228       0x73 obj/default/list.o
 .debug_loc     0x000000000000029b      0x24a obj/default/portable/GCC/NiosII/port.o
 .debug_loc     0x00000000000004e5       0x78 obj/default/portable/MemMang/heap_1.o
 .debug_loc     0x000000000000055d      0xb3c obj/default/queue.o
 .debug_loc     0x0000000000001099      0x1b9 obj/default/slaveSdram.o
 .debug_loc     0x0000000000001252     0x130d obj/default/tasks.o
 .debug_loc     0x000000000000255f       0x93 /mnt/Storage/soft/nios2eds/bin/gnu/H-x86_64-pc-linux-gnu/bin/../lib/gcc/nios2-elf/4.9.1/mno-hw-mul/libgcc.a(lib2-mul.o)
 .debug_loc     0x00000000000025f2      0x11b /mnt/Storage/soft/nios2eds/bin/gnu/H-x86_64-pc-linux-gnu/bin/../lib/gcc/nios2-elf/4.9.1/../../../../../H-x86_64-pc-linux-gnu/nios2-elf/lib/mno-hw-mul/libsmallc.a(lib_a-memcpy.o)
 .debug_loc     0x000000000000270d       0xa5 /mnt/Storage/soft/nios2eds/bin/gnu/H-x86_64-pc-linux-gnu/bin/../lib/gcc/nios2-elf/4.9.1/../../../../../H-x86_64-pc-linux-gnu/nios2-elf/lib/mno-hw-mul/libsmallc.a(lib_a-memset.o)
 .debug_loc     0x00000000000027b2       0x98 ../slaveSdram_bsp//libhal_bsp.a(alt_irq_handler.o)
 .debug_loc     0x000000000000284a       0x8d ../slaveSdram_bsp//libhal_bsp.a(alt_load.o)
 .debug_loc     0x00000000000028d7      0x1c6 ../slaveSdram_bsp//libhal_bsp.a(alt_printf.o)
 .debug_loc     0x0000000000002a9d       0x2c ../slaveSdram_bsp//libhal_bsp.a(alt_putchar.o)
 .debug_loc     0x0000000000002ac9       0x37 ../slaveSdram_bsp//libhal_bsp.a(alt_putstr.o)
 .debug_loc     0x0000000000002b00       0x21 ../slaveSdram_bsp//libhal_bsp.a(alt_sys_init.o)
 .debug_loc     0x0000000000002b21       0x8b ../slaveSdram_bsp//libhal_bsp.a(altera_avalon_jtag_uart_write.o)
 .debug_loc     0x0000000000002bac      0x1b2 ../slaveSdram_bsp//libhal_bsp.a(altera_avalon_mutex.o)
 .debug_loc     0x0000000000002d5e       0x58 ../slaveSdram_bsp//libhal_bsp.a(alt_dev_llist_insert.o)
 .debug_loc     0x0000000000002db6       0x7e ../slaveSdram_bsp//libhal_bsp.a(alt_find_dev.o)
 .debug_loc     0x0000000000002e34       0x94 /mnt/Storage/soft/nios2eds/bin/gnu/H-x86_64-pc-linux-gnu/bin/../lib/gcc/nios2-elf/4.9.1/../../../../../H-x86_64-pc-linux-gnu/nios2-elf/lib/mno-hw-mul/libsmallc.a(lib_a-memcmp.o)
 .debug_loc     0x0000000000002ec8       0x1e /mnt/Storage/soft/nios2eds/bin/gnu/H-x86_64-pc-linux-gnu/bin/../lib/gcc/nios2-elf/4.9.1/../../../../../H-x86_64-pc-linux-gnu/nios2-elf/lib/mno-hw-mul/libsmallc.a(lib_a-strlen.o)

.debug_macinfo
 *(.debug_macinfo)

.debug_weaknames
 *(.debug_weaknames)

.debug_funcnames
 *(.debug_funcnames)

.debug_typenames
 *(.debug_typenames)

.debug_varnames
 *(.debug_varnames)

.debug_alt_sim_info
                0x0000000000000000       0x10
 *(.debug_alt_sim_info)
 .debug_alt_sim_info
                0x0000000000000000       0x10 ../slaveSdram_bsp//obj/HAL/src/crt0.o
                0x0000000001800000                __alt_data_end = 0x1800000
                0x0000000001800000                PROVIDE (__alt_stack_pointer, __alt_data_end)
                0x000000000100778c                PROVIDE (__alt_stack_limit, __alt_stack_base)
                0x000000000100778c                PROVIDE (__alt_heap_start, end)
                0x0000000001800000                PROVIDE (__alt_heap_limit, 0x1800000)
OUTPUT(slaveSdram.elf elf32-littlenios2)

.debug_ranges   0x0000000000000000      0x1e0
 .debug_ranges  0x0000000000000000       0x20 ../slaveSdram_bsp//obj/HAL/src/crt0.o
 .debug_ranges  0x0000000000000020       0x20 obj/default/portable/GCC/NiosII/port.o
 .debug_ranges  0x0000000000000040       0x18 obj/default/slaveSdram.o
 .debug_ranges  0x0000000000000058       0xa8 obj/default/tasks.o
 .debug_ranges  0x0000000000000100       0x38 obj/default/portable/GCC/NiosII/port_asm.o
 .debug_ranges  0x0000000000000138       0x10 ../slaveSdram_bsp//libhal_bsp.a(alt_irq_handler.o)
 .debug_ranges  0x0000000000000148       0x48 ../slaveSdram_bsp//libhal_bsp.a(alt_load.o)
 .debug_ranges  0x0000000000000190       0x18 ../slaveSdram_bsp//libhal_bsp.a(alt_printf.o)
 .debug_ranges  0x00000000000001a8       0x18 ../slaveSdram_bsp//libhal_bsp.a(alt_sys_init.o)
 .debug_ranges  0x00000000000001c0       0x20 ../slaveSdram_bsp//libhal_bsp.a(alt_dev_llist_insert.o)
