Archive member included to satisfy reference by file (symbol)

/mnt/Storage/soft/nios2eds/bin/gnu/H-x86_64-pc-linux-gnu/bin/../lib/gcc/nios2-elf/4.9.1/mno-hw-mul/libgcc.a(lib2-mul.o)
                              obj/default/asym.o (__mulsi3)
/mnt/Storage/soft/nios2eds/bin/gnu/H-x86_64-pc-linux-gnu/bin/../lib/gcc/nios2-elf/4.9.1/../../../../../H-x86_64-pc-linux-gnu/nios2-elf/lib/mno-hw-mul/libsmallc.a(lib_a-memcpy.o)
                              obj/default/queue.o (memcpy)
/mnt/Storage/soft/nios2eds/bin/gnu/H-x86_64-pc-linux-gnu/bin/../lib/gcc/nios2-elf/4.9.1/../../../../../H-x86_64-pc-linux-gnu/nios2-elf/lib/mno-hw-mul/libsmallc.a(lib_a-memset.o)
                              obj/default/tasks.o (memset)
../slaveSdram_bsp//libhal_bsp.a(alt_irq_handler.o)
                              obj/default/portable/GCC/NiosII/port_asm.o (alt_irq_handler)
../slaveSdram_bsp//libhal_bsp.a(alt_irq_vars.o)
                              obj/default/portable/GCC/NiosII/port.o (alt_irq_active)
../slaveSdram_bsp//libhal_bsp.a(alt_load.o)
                              ../slaveSdram_bsp//obj/HAL/src/crt0.o (alt_load)
../slaveSdram_bsp//libhal_bsp.a(alt_main.o)
                              ../slaveSdram_bsp//obj/HAL/src/crt0.o (alt_main)
../slaveSdram_bsp//libhal_bsp.a(alt_printf.o)
                              obj/default/slaveSdram.o (alt_printf)
../slaveSdram_bsp//libhal_bsp.a(alt_putchar.o)
                              ../slaveSdram_bsp//libhal_bsp.a(alt_printf.o) (alt_putchar)
../slaveSdram_bsp//libhal_bsp.a(alt_putstr.o)
                              obj/default/slaveSdram.o (alt_putstr)
../slaveSdram_bsp//libhal_bsp.a(alt_sys_init.o)
                              ../slaveSdram_bsp//libhal_bsp.a(alt_main.o) (alt_irq_init)
../slaveSdram_bsp//libhal_bsp.a(altera_avalon_jtag_uart_write.o)
                              ../slaveSdram_bsp//libhal_bsp.a(alt_putchar.o) (altera_avalon_jtag_uart_write)
../slaveSdram_bsp//libhal_bsp.a(altera_avalon_mutex.o)
                              obj/default/asym.o (altera_avalon_mutex_open)
../slaveSdram_bsp//libhal_bsp.a(alt_dcache_flush_all.o)
                              ../slaveSdram_bsp//libhal_bsp.a(alt_load.o) (alt_dcache_flush_all)
../slaveSdram_bsp//libhal_bsp.a(alt_dev_llist_insert.o)
                              ../slaveSdram_bsp//libhal_bsp.a(alt_sys_init.o) (alt_dev_llist_insert)
../slaveSdram_bsp//libhal_bsp.a(alt_errno.o)
                              ../slaveSdram_bsp//libhal_bsp.a(altera_avalon_mutex.o) (alt_errno)
../slaveSdram_bsp//libhal_bsp.a(alt_find_dev.o)
                              ../slaveSdram_bsp//libhal_bsp.a(altera_avalon_mutex.o) (alt_find_dev)
../slaveSdram_bsp//libhal_bsp.a(alt_icache_flush_all.o)
                              ../slaveSdram_bsp//libhal_bsp.a(alt_load.o) (alt_icache_flush_all)
../slaveSdram_bsp//libhal_bsp.a(altera_nios2_qsys_irq.o)
                              ../slaveSdram_bsp//libhal_bsp.a(alt_sys_init.o) (altera_nios2_qsys_irq_init)
/mnt/Storage/soft/nios2eds/bin/gnu/H-x86_64-pc-linux-gnu/bin/../lib/gcc/nios2-elf/4.9.1/../../../../../H-x86_64-pc-linux-gnu/nios2-elf/lib/mno-hw-mul/libsmallc.a(lib_a-int_errno.o)
                              ../slaveSdram_bsp//libhal_bsp.a(altera_avalon_mutex.o) (errno)
/mnt/Storage/soft/nios2eds/bin/gnu/H-x86_64-pc-linux-gnu/bin/../lib/gcc/nios2-elf/4.9.1/../../../../../H-x86_64-pc-linux-gnu/nios2-elf/lib/mno-hw-mul/libsmallc.a(lib_a-memcmp.o)
                              ../slaveSdram_bsp//libhal_bsp.a(alt_find_dev.o) (memcmp)
/mnt/Storage/soft/nios2eds/bin/gnu/H-x86_64-pc-linux-gnu/bin/../lib/gcc/nios2-elf/4.9.1/../../../../../H-x86_64-pc-linux-gnu/nios2-elf/lib/mno-hw-mul/libsmallc.a(lib_a-strlen.o)
                              ../slaveSdram_bsp//libhal_bsp.a(alt_putstr.o) (strlen)

Allocating common symbols
Common symbol       size              file

alt_irq             0x100             ../slaveSdram_bsp//libhal_bsp.a(alt_irq_handler.o)
errno               0x4               /mnt/Storage/soft/nios2eds/bin/gnu/H-x86_64-pc-linux-gnu/bin/../lib/gcc/nios2-elf/4.9.1/../../../../../H-x86_64-pc-linux-gnu/nios2-elf/lib/mno-hw-mul/libsmallc.a(lib_a-int_errno.o)

Memory Configuration

Name             Origin             Length             Attributes
memory_buff      0x0000000000008000 0x0000000000001fa0
reset            0x0000000001000000 0x0000000000000020
sdram            0x0000000001000020 0x00000000007fffe0
*default*        0x0000000000000000 0xffffffffffffffff

Linker script and memory map

LOAD ../slaveSdram_bsp//obj/HAL/src/crt0.o
LOAD obj/default/asym.o
LOAD obj/default/croutine.o
LOAD obj/default/list.o
LOAD obj/default/portable/GCC/NiosII/port.o
LOAD obj/default/portable/MemMang/heap_1.o
LOAD obj/default/queue.o
LOAD obj/default/slaveSdram.o
LOAD obj/default/tasks.o
LOAD obj/default/timers.o
LOAD obj/default/portable/GCC/NiosII/port_asm.o
LOAD /mnt/Storage/soft/nios2eds/bin/gnu/H-x86_64-pc-linux-gnu/bin/../lib/gcc/nios2-elf/4.9.1/../../../../../H-x86_64-pc-linux-gnu/nios2-elf/lib/mno-hw-mul/libstdc++.a
LOAD /mnt/Storage/soft/nios2eds/bin/gnu/H-x86_64-pc-linux-gnu/bin/../lib/gcc/nios2-elf/4.9.1/../../../../../H-x86_64-pc-linux-gnu/nios2-elf/lib/mno-hw-mul/libm.a
LOAD /mnt/Storage/soft/nios2eds/bin/gnu/H-x86_64-pc-linux-gnu/bin/../lib/gcc/nios2-elf/4.9.1/mno-hw-mul/libgcc.a
START GROUP
LOAD /mnt/Storage/soft/nios2eds/bin/gnu/H-x86_64-pc-linux-gnu/bin/../lib/gcc/nios2-elf/4.9.1/../../../../../H-x86_64-pc-linux-gnu/nios2-elf/lib/mno-hw-mul/libsmallc.a
LOAD /mnt/Storage/soft/nios2eds/bin/gnu/H-x86_64-pc-linux-gnu/bin/../lib/gcc/nios2-elf/4.9.1/mno-hw-mul/libgcc.a
LOAD ../slaveSdram_bsp//libhal_bsp.a
LOAD /mnt/Storage/soft/nios2eds/bin/gnu/H-x86_64-pc-linux-gnu/bin/../lib/gcc/nios2-elf/4.9.1/../../../../../H-x86_64-pc-linux-gnu/nios2-elf/lib/mno-hw-mul/libm.a
END GROUP
LOAD /mnt/Storage/soft/nios2eds/bin/gnu/H-x86_64-pc-linux-gnu/bin/../lib/gcc/nios2-elf/4.9.1/mno-hw-mul/libgcc.a
                0x0000000000008000                __alt_mem_memory_buff = 0x8000
                0x0000000001000000                __alt_mem_sdram = 0x1000000

.entry          0x0000000001000000       0x20
 *(.entry)
 .entry         0x0000000001000000       0x20 ../slaveSdram_bsp//obj/HAL/src/crt0.o
                0x0000000001000000                __reset
                0x000000000100000c                _exit

.exceptions     0x0000000001000020      0x1bc
                0x0000000001000020                PROVIDE (__ram_exceptions_start, ABSOLUTE (.))
                0x0000000001000020                . = ALIGN (0x20)
 *(.irq)
 *(.exceptions.entry.label)
 *(.exceptions.entry.user)
 *(.exceptions.entry.ecc_fatal)
 *(.exceptions.entry)
 .exceptions.entry
                0x0000000001000020       0x8c obj/default/portable/GCC/NiosII/port_asm.o
 *(.exceptions.irqtest.user)
 *(.exceptions.irqtest)
 .exceptions.irqtest
                0x00000000010000ac       0x14 obj/default/portable/GCC/NiosII/port_asm.o
 *(.exceptions.irqhandler.user)
 *(.exceptions.irqhandler)
 .exceptions.irqhandler
                0x00000000010000c0        0x4 obj/default/portable/GCC/NiosII/port_asm.o
 *(.exceptions.irqreturn.user)
 *(.exceptions.irqreturn)
 .exceptions.irqreturn
                0x00000000010000c4       0x8c obj/default/portable/GCC/NiosII/port_asm.o
                0x00000000010000c4                restore_sp_from_pxCurrentTCB
 *(.exceptions.notirq.label)
 *(.exceptions.notirq.user)
 *(.exceptions.notirq)
 *(.exceptions.soft.user)
 *(.exceptions.soft)
 .exceptions.soft
                0x0000000001000150       0x2c obj/default/portable/GCC/NiosII/port_asm.o
 *(.exceptions.unknown.user)
 *(.exceptions.unknown)
 *(.exceptions.exit.label)
 *(.exceptions.exit.user)
 *(.exceptions.exit)
 *(.exceptions)
 .exceptions    0x000000000100017c       0x60 ../slaveSdram_bsp//libhal_bsp.a(alt_irq_handler.o)
                0x000000000100017c                alt_irq_handler
                0x00000000010001dc                PROVIDE (__ram_exceptions_end, ABSOLUTE (.))
                0x0000000001000020                PROVIDE (__flash_exceptions_start, LOADADDR (.exceptions))

.text           0x00000000010001dc     0x32d4
                0x00000000010001dc                PROVIDE (stext, ABSOLUTE (.))
 *(.interp)
 *(.hash)
 *(.dynsym)
 *(.dynstr)
 *(.gnu.version)
 *(.gnu.version_d)
 *(.gnu.version_r)
 *(.rel.init)
 *(.rela.init)
 *(.rel.text .rel.text.* .rel.gnu.linkonce.t.*)
 *(.rela.text .rela.text.* .rela.gnu.linkonce.t.*)
 *(.rel.fini)
 *(.rela.fini)
 *(.rel.rodata .rel.rodata.* .rel.gnu.linkonce.r.*)
 *(.rela.rodata .rela.rodata.* .rela.gnu.linkonce.r.*)
 *(.rel.data .rel.data.* .rel.gnu.linkonce.d.*)
 *(.rela.data .rela.data.* .rela.gnu.linkonce.d.*)
 *(.rel.tdata .rel.tdata.* .rel.gnu.linkonce.td.*)
 *(.rela.tdata .rela.tdata.* .rela.gnu.linkonce.td.*)
 *(.rel.tbss .rel.tbss.* .rel.gnu.linkonce.tb.*)
 *(.rela.tbss .rela.tbss.* .rela.gnu.linkonce.tb.*)
 *(.rel.ctors)
 *(.rela.ctors)
 *(.rel.dtors)
 *(.rela.dtors)
 *(.rel.got)
 *(.rela.got)
 *(.rel.sdata .rel.sdata.* .rel.gnu.linkonce.s.*)
 *(.rela.sdata .rela.sdata.* .rela.gnu.linkonce.s.*)
 *(.rel.sbss .rel.sbss.* .rel.gnu.linkonce.sb.*)
 *(.rela.sbss .rela.sbss.* .rela.gnu.linkonce.sb.*)
 *(.rel.sdata2 .rel.sdata2.* .rel.gnu.linkonce.s2.*)
 *(.rela.sdata2 .rela.sdata2.* .rela.gnu.linkonce.s2.*)
 *(.rel.sbss2 .rel.sbss2.* .rel.gnu.linkonce.sb2.*)
 *(.rela.sbss2 .rela.sbss2.* .rela.gnu.linkonce.sb2.*)
 *(.rel.bss .rel.bss.* .rel.gnu.linkonce.b.*)
 *(.rela.bss .rela.bss.* .rela.gnu.linkonce.b.*)
 *(.rel.plt)
 *(.rela.plt)
 *(.rel.dyn)
 *(.init)
 *(.plt)
 *(.text .stub .text.* .gnu.linkonce.t.*)
 .text          0x00000000010001dc       0x3c ../slaveSdram_bsp//obj/HAL/src/crt0.o
                0x00000000010001dc                _start
 .text          0x0000000001000218      0x52c obj/default/asym.o
                0x0000000001000218                xAsymMutexInit
                0x0000000001000258                xAsymReqQueuInit
                0x0000000001000308                xAsymGetReq
                0x0000000001000374                xAsymReqQueueNotEmpty
                0x00000000010003b0                xAsymTaskCreate
                0x00000000010003d0                vAsymServeReq
                0x00000000010004c8                vAsymUpdateSentReq
                0x00000000010005ec                vAsymSemaphorePolling
                0x0000000001000604                vAsymServeRequest
 .text          0x0000000001000744        0x0 obj/default/croutine.o
 .text          0x0000000001000744       0xe4 obj/default/list.o
                0x0000000001000744                vListInitialise
                0x0000000001000764                vListInitialiseItem
                0x000000000100076c                vListInsertEnd
                0x000000000100079c                vListInsert
                0x00000000010007f0                uxListRemove
 .text          0x0000000001000828      0x184 obj/default/portable/GCC/NiosII/port.o
                0x0000000001000828                vPortSysTickHandler
                0x0000000001000854                pxPortInitialiseStack
                0x0000000001000894                vPortEndScheduler
                0x0000000001000898                alt_irq_register
                0x0000000001000930                xPortStartScheduler
 .text          0x00000000010009ac       0xa8 obj/default/portable/MemMang/heap_1.o
                0x00000000010009ac                pvPortMalloc
                0x0000000001000a38                vPortFree
                0x0000000001000a3c                vPortInitialiseBlocks
                0x0000000001000a44                xPortGetFreeHeapSize
 .text          0x0000000001000a54      0xa48 obj/default/queue.o
                0x0000000001000c10                xQueueGenericReset
                0x0000000001000cc8                xQueueGenericCreate
                0x0000000001000d54                xQueueCreateCountingSemaphore
                0x0000000001000d88                xQueueGenericSend
                0x0000000001000f04                xQueueCreateMutex
                0x0000000001000f84                xQueueGiveMutexRecursive
                0x0000000001000fe4                xQueueGenericSendFromISR
                0x0000000001001074                xQueueGiveFromISR
                0x0000000001001104                xQueueGenericReceive
                0x00000000010012ac                xQueueTakeMutexRecursive
                0x0000000001001330                xQueueReceiveFromISR
                0x00000000010013bc                xQueuePeekFromISR
                0x0000000001001404                uxQueueMessagesWaiting
                0x0000000001001434                uxQueueSpacesAvailable
                0x0000000001001474                uxQueueMessagesWaitingFromISR
                0x000000000100147c                vQueueDelete
                0x0000000001001480                xQueueIsQueueEmptyFromISR
                0x000000000100148c                xQueueIsQueueFullFromISR
 .text          0x000000000100149c      0x27c obj/default/slaveSdram.o
                0x000000000100149c                xTempretureTask
                0x00000000010014f0                xPressureTask
                0x0000000001001544                xHeartTask
                0x0000000001001598                xDisplayTask
 .text.startup  0x0000000001001718       0xfc obj/default/slaveSdram.o
                0x0000000001001718                main
 .text          0x0000000001001814     0x166c obj/default/tasks.o
                0x00000000010018c8                uxTaskPriorityGetFromISR
                0x00000000010018d8                xTaskResumeFromISR
                0x0000000001001980                vTaskEndScheduler
                0x0000000001001998                vTaskSuspendAll
                0x00000000010019a8                xTaskGetTickCount
                0x00000000010019b0                xTaskGetTickCountFromISR
                0x00000000010019b8                uxTaskGetNumberOfTasks
                0x00000000010019c0                xTaskIncrementTick
                0x0000000001001b1c                vTaskSwitchContext
                0x0000000001001be4                vTaskPlaceOnEventList
                0x0000000001001c4c                vTaskPlaceOnUnorderedEventList
                0x0000000001001cc0                xTaskRemoveFromEventList
                0x0000000001001d64                xTaskRemoveFromUnorderedEventList
                0x0000000001001df0                vTaskSetTimeOutState
                0x0000000001001e04                vTaskMissedYield
                0x0000000001001e10                uxTaskGetStackHighWaterMark
                0x0000000001001e44                xTaskGetCurrentTaskHandle
                0x0000000001001e4c                vTaskPriorityInherit
                0x0000000001001f28                xTaskPriorityDisinherit
                0x0000000001001fc4                vTaskEnterCritical
                0x0000000001001ff4                vTaskExitCritical
                0x0000000001002030                xTaskGenericCreate
                0x00000000010022ac                vTaskStartScheduler
                0x0000000001002320                vTaskDelete
                0x00000000010023d0                uxTaskPriorityGet
                0x0000000001002408                vTaskPrioritySet
                0x000000000100250c                vTaskSuspend
                0x00000000010025e8                vTaskResume
                0x0000000001002680                xTaskResumeAll
                0x00000000010027a4                vTaskDelayUntil
                0x000000000100282c                vTaskDelay
                0x0000000001002900                xTaskCheckForTimeOut
                0x0000000001002980                uxTaskResetEventItemValue
                0x00000000010029a4                pvTaskIncrementMutexHeldCount
                0x00000000010029c4                ulTaskNotifyTake
                0x0000000001002a8c                xTaskNotifyWait
                0x0000000001002b98                xTaskGenericNotify
                0x0000000001002ca8                xTaskGenericNotifyFromISR
                0x0000000001002dc0                vTaskNotifyGiveFromISR
 .text          0x0000000001002e80        0x0 obj/default/timers.o
 .text          0x0000000001002e80        0x0 obj/default/portable/GCC/NiosII/port_asm.o
 .text          0x0000000001002e80       0x28 /mnt/Storage/soft/nios2eds/bin/gnu/H-x86_64-pc-linux-gnu/bin/../lib/gcc/nios2-elf/4.9.1/mno-hw-mul/libgcc.a(lib2-mul.o)
                0x0000000001002e80                __mulsi3
 .text          0x0000000001002ea8       0x28 /mnt/Storage/soft/nios2eds/bin/gnu/H-x86_64-pc-linux-gnu/bin/../lib/gcc/nios2-elf/4.9.1/../../../../../H-x86_64-pc-linux-gnu/nios2-elf/lib/mno-hw-mul/libsmallc.a(lib_a-memcpy.o)
                0x0000000001002ea8                memcpy
 .text          0x0000000001002ed0       0x20 /mnt/Storage/soft/nios2eds/bin/gnu/H-x86_64-pc-linux-gnu/bin/../lib/gcc/nios2-elf/4.9.1/../../../../../H-x86_64-pc-linux-gnu/nios2-elf/lib/mno-hw-mul/libsmallc.a(lib_a-memset.o)
                0x0000000001002ed0                memset
 .text          0x0000000001002ef0        0x0 ../slaveSdram_bsp//libhal_bsp.a(alt_irq_handler.o)
 .text          0x0000000001002ef0        0x0 ../slaveSdram_bsp//libhal_bsp.a(alt_irq_vars.o)
 .text          0x0000000001002ef0       0xf8 ../slaveSdram_bsp//libhal_bsp.a(alt_load.o)
                0x0000000001002ef0                alt_load
 .text          0x0000000001002fe8       0x2c ../slaveSdram_bsp//libhal_bsp.a(alt_main.o)
                0x0000000001002fe8                alt_main
 .text          0x0000000001003014      0x16c ../slaveSdram_bsp//libhal_bsp.a(alt_printf.o)
                0x0000000001003014                alt_printf
 .text          0x0000000001003180       0x48 ../slaveSdram_bsp//libhal_bsp.a(alt_putchar.o)
                0x0000000001003180                alt_putchar
 .text          0x00000000010031c8       0x38 ../slaveSdram_bsp//libhal_bsp.a(alt_putstr.o)
                0x00000000010031c8                alt_putstr
 .text          0x0000000001003200       0x34 ../slaveSdram_bsp//libhal_bsp.a(alt_sys_init.o)
                0x0000000001003200                alt_irq_init
                0x0000000001003220                alt_sys_init
 .text          0x0000000001003234       0x34 ../slaveSdram_bsp//libhal_bsp.a(altera_avalon_jtag_uart_write.o)
                0x0000000001003234                altera_avalon_jtag_uart_write
 .text          0x0000000001003268      0x100 ../slaveSdram_bsp//libhal_bsp.a(altera_avalon_mutex.o)
                0x0000000001003268                altera_avalon_mutex_open
                0x00000000010032c0                altera_avalon_mutex_close
                0x00000000010032c4                altera_avalon_mutex_lock
                0x00000000010032e8                altera_avalon_mutex_trylock
                0x0000000001003310                altera_avalon_mutex_unlock
                0x0000000001003330                altera_avalon_mutex_is_mine
                0x0000000001003358                altera_avalon_mutex_first_lock
 .text          0x0000000001003368        0x4 ../slaveSdram_bsp//libhal_bsp.a(alt_dcache_flush_all.o)
                0x0000000001003368                alt_dcache_flush_all
 .text          0x000000000100336c       0x78 ../slaveSdram_bsp//libhal_bsp.a(alt_dev_llist_insert.o)
                0x000000000100336c                alt_dev_llist_insert
 .text          0x00000000010033e4        0x0 ../slaveSdram_bsp//libhal_bsp.a(alt_errno.o)
 .text          0x00000000010033e4       0x74 ../slaveSdram_bsp//libhal_bsp.a(alt_find_dev.o)
                0x00000000010033e4                alt_find_dev
 .text          0x0000000001003458        0x4 ../slaveSdram_bsp//libhal_bsp.a(alt_icache_flush_all.o)
                0x0000000001003458                alt_icache_flush_all
 .text          0x000000000100345c        0x8 ../slaveSdram_bsp//libhal_bsp.a(altera_nios2_qsys_irq.o)
                0x000000000100345c                altera_nios2_qsys_irq_init
 .text          0x0000000001003464        0x0 /mnt/Storage/soft/nios2eds/bin/gnu/H-x86_64-pc-linux-gnu/bin/../lib/gcc/nios2-elf/4.9.1/../../../../../H-x86_64-pc-linux-gnu/nios2-elf/lib/mno-hw-mul/libsmallc.a(lib_a-int_errno.o)
 .text          0x0000000001003464       0x30 /mnt/Storage/soft/nios2eds/bin/gnu/H-x86_64-pc-linux-gnu/bin/../lib/gcc/nios2-elf/4.9.1/../../../../../H-x86_64-pc-linux-gnu/nios2-elf/lib/mno-hw-mul/libsmallc.a(lib_a-memcmp.o)
                0x0000000001003464                memcmp
 .text          0x0000000001003494       0x1c /mnt/Storage/soft/nios2eds/bin/gnu/H-x86_64-pc-linux-gnu/bin/../lib/gcc/nios2-elf/4.9.1/../../../../../H-x86_64-pc-linux-gnu/nios2-elf/lib/mno-hw-mul/libsmallc.a(lib_a-strlen.o)
                0x0000000001003494                strlen
 *(.gnu.warning.*)
 *(.fini)
                0x00000000010034b0                PROVIDE (__etext, ABSOLUTE (.))
                0x00000000010034b0                PROVIDE (_etext, ABSOLUTE (.))
                0x00000000010034b0                PROVIDE (etext, ABSOLUTE (.))
 *(.eh_frame_hdr)
                0x00000000010034b0                . = ALIGN (0x4)
                0x00000000010034b0                PROVIDE (__preinit_array_start, ABSOLUTE (.))
 *(.preinit_array)
                0x00000000010034b0                PROVIDE (__preinit_array_end, ABSOLUTE (.))
                0x00000000010034b0                PROVIDE (__init_array_start, ABSOLUTE (.))
 *(.init_array)
                0x00000000010034b0                PROVIDE (__init_array_end, ABSOLUTE (.))
                0x00000000010034b0                PROVIDE (__fini_array_start, ABSOLUTE (.))
 *(.fini_array)
                0x00000000010034b0                PROVIDE (__fini_array_end, ABSOLUTE (.))
 *(.eh_frame)
 *(.gcc_except_table .gcc_except_table.*)
 *(.dynamic)
                0x00000000010034b0                PROVIDE (__CTOR_LIST__, ABSOLUTE (.))
 *(.ctors)
 *(SORT(.ctors.*))
                0x00000000010034b0                PROVIDE (__CTOR_END__, ABSOLUTE (.))
                0x00000000010034b0                PROVIDE (__DTOR_LIST__, ABSOLUTE (.))
 *(.dtors)
 *(SORT(.dtors.*))
                0x00000000010034b0                PROVIDE (__DTOR_END__, ABSOLUTE (.))
 *(.jcr)
                0x00000000010034b0                . = ALIGN (0x4)

.rodata         0x00000000010034b0      0x180
                0x00000000010034b0                PROVIDE (__ram_rodata_start, ABSOLUTE (.))
                0x00000000010034b0                . = ALIGN (0x4)
 *(.rodata .rodata.* .gnu.linkonce.r.*)
 .rodata.str1.4
                0x00000000010034b0       0x18 obj/default/asym.o
 .rodata.str1.4
                0x00000000010034c8      0x15f obj/default/slaveSdram.o
                                        0x164 (size before relaxing)
 *fill*         0x0000000001003627        0x1 
 .rodata.str1.4
                0x0000000001003628        0x8 obj/default/tasks.o
 .rodata.str1.4
                0x0000000000000000       0x10 ../slaveSdram_bsp//libhal_bsp.a(alt_sys_init.o)
 *(.rodata1)
                0x0000000001003630                . = ALIGN (0x4)
                0x0000000001003630                PROVIDE (__ram_rodata_end, ABSOLUTE (.))
                0x00000000010034b0                PROVIDE (__flash_rodata_start, LOADADDR (.rodata))

.rwdata         0x0000000001003630       0x24 load address 0x0000000001003654
                0x0000000001003630                PROVIDE (__ram_rwdata_start, ABSOLUTE (.))
                0x0000000001003630                . = ALIGN (0x4)
 *(.got.plt)
 *(.got)
 *(.data1)
 *(.data .data.* .gnu.linkonce.d.*)
 .data          0x0000000001003630        0x0 ../slaveSdram_bsp//obj/HAL/src/crt0.o
 .data          0x0000000001003630        0x0 obj/default/asym.o
 .data          0x0000000001003630        0x0 obj/default/croutine.o
 .data          0x0000000001003630        0x0 obj/default/list.o
 .data          0x0000000001003630        0x0 obj/default/portable/GCC/NiosII/port.o
 .data          0x0000000001003630        0x0 obj/default/portable/MemMang/heap_1.o
 .data          0x0000000001003630        0x0 obj/default/queue.o
 .data          0x0000000001003630        0x0 obj/default/slaveSdram.o
 .data          0x0000000001003630        0x0 obj/default/tasks.o
 .data          0x0000000001003630        0x0 obj/default/timers.o
 .data          0x0000000001003630        0x0 obj/default/portable/GCC/NiosII/port_asm.o
 .data          0x0000000001003630        0x0 /mnt/Storage/soft/nios2eds/bin/gnu/H-x86_64-pc-linux-gnu/bin/../lib/gcc/nios2-elf/4.9.1/mno-hw-mul/libgcc.a(lib2-mul.o)
 .data          0x0000000001003630        0x0 /mnt/Storage/soft/nios2eds/bin/gnu/H-x86_64-pc-linux-gnu/bin/../lib/gcc/nios2-elf/4.9.1/../../../../../H-x86_64-pc-linux-gnu/nios2-elf/lib/mno-hw-mul/libsmallc.a(lib_a-memcpy.o)
 .data          0x0000000001003630        0x0 /mnt/Storage/soft/nios2eds/bin/gnu/H-x86_64-pc-linux-gnu/bin/../lib/gcc/nios2-elf/4.9.1/../../../../../H-x86_64-pc-linux-gnu/nios2-elf/lib/mno-hw-mul/libsmallc.a(lib_a-memset.o)
 .data          0x0000000001003630        0x0 ../slaveSdram_bsp//libhal_bsp.a(alt_irq_handler.o)
 .data          0x0000000001003630        0x0 ../slaveSdram_bsp//libhal_bsp.a(alt_irq_vars.o)
 .data          0x0000000001003630        0x0 ../slaveSdram_bsp//libhal_bsp.a(alt_load.o)
 .data          0x0000000001003630        0x0 ../slaveSdram_bsp//libhal_bsp.a(alt_main.o)
 .data          0x0000000001003630        0x0 ../slaveSdram_bsp//libhal_bsp.a(alt_printf.o)
 .data          0x0000000001003630        0x0 ../slaveSdram_bsp//libhal_bsp.a(alt_putchar.o)
 .data          0x0000000001003630        0x0 ../slaveSdram_bsp//libhal_bsp.a(alt_putstr.o)
 .data          0x0000000001003630       0x10 ../slaveSdram_bsp//libhal_bsp.a(alt_sys_init.o)
 .data          0x0000000001003640        0x0 ../slaveSdram_bsp//libhal_bsp.a(altera_avalon_jtag_uart_write.o)
 .data          0x0000000001003640        0x0 ../slaveSdram_bsp//libhal_bsp.a(altera_avalon_mutex.o)
 .data          0x0000000001003640        0x0 ../slaveSdram_bsp//libhal_bsp.a(alt_dcache_flush_all.o)
 .data          0x0000000001003640        0x0 ../slaveSdram_bsp//libhal_bsp.a(alt_dev_llist_insert.o)
 .data          0x0000000001003640        0x0 ../slaveSdram_bsp//libhal_bsp.a(alt_errno.o)
 .data          0x0000000001003640        0x0 ../slaveSdram_bsp//libhal_bsp.a(alt_find_dev.o)
 .data          0x0000000001003640        0x0 ../slaveSdram_bsp//libhal_bsp.a(alt_icache_flush_all.o)
 .data          0x0000000001003640        0x0 ../slaveSdram_bsp//libhal_bsp.a(altera_nios2_qsys_irq.o)
 .data          0x0000000001003640        0x0 /mnt/Storage/soft/nios2eds/bin/gnu/H-x86_64-pc-linux-gnu/bin/../lib/gcc/nios2-elf/4.9.1/../../../../../H-x86_64-pc-linux-gnu/nios2-elf/lib/mno-hw-mul/libsmallc.a(lib_a-int_errno.o)
 .data          0x0000000001003640        0x0 /mnt/Storage/soft/nios2eds/bin/gnu/H-x86_64-pc-linux-gnu/bin/../lib/gcc/nios2-elf/4.9.1/../../../../../H-x86_64-pc-linux-gnu/nios2-elf/lib/mno-hw-mul/libsmallc.a(lib_a-memcmp.o)
 .data          0x0000000001003640        0x0 /mnt/Storage/soft/nios2eds/bin/gnu/H-x86_64-pc-linux-gnu/bin/../lib/gcc/nios2-elf/4.9.1/../../../../../H-x86_64-pc-linux-gnu/nios2-elf/lib/mno-hw-mul/libsmallc.a(lib_a-strlen.o)
                0x000000000100b640                _gp = ABSOLUTE ((. + 0x8000))
                0x000000000100b640                PROVIDE (gp, _gp)
 *(.rwdata .rwdata.*)
 *(.sdata .sdata.* .gnu.linkonce.s.*)
 .sdata         0x0000000001003640        0x4 ../slaveSdram_bsp//libhal_bsp.a(alt_irq_vars.o)
                0x0000000001003640                alt_priority_mask
 .sdata         0x0000000001003644        0x4 ../slaveSdram_bsp//libhal_bsp.a(alt_sys_init.o)
                0x0000000001003644                jtag_uart_1
 .sdata         0x0000000001003648        0x8 ../slaveSdram_bsp//libhal_bsp.a(altera_avalon_mutex.o)
                0x0000000001003648                alt_mutex_list
 .sdata         0x0000000001003650        0x4 ../slaveSdram_bsp//libhal_bsp.a(alt_errno.o)
                0x0000000001003650                alt_errno
 *(.sdata2 .sdata2.* .gnu.linkonce.s2.*)
                0x0000000001003654                . = ALIGN (0x4)
                0x0000000001003654                _edata = ABSOLUTE (.)
                0x0000000001003654                PROVIDE (edata, ABSOLUTE (.))
                0x0000000001003654                PROVIDE (__ram_rwdata_end, ABSOLUTE (.))
                0x0000000001003654                PROVIDE (__flash_rwdata_start, LOADADDR (.rwdata))

.bss            0x0000000001003678     0x42d0
                0x0000000001003678                __bss_start = ABSOLUTE (.)
                0x0000000001003678                PROVIDE (__sbss_start, ABSOLUTE (.))
                0x0000000001003678                PROVIDE (___sbss_start, ABSOLUTE (.))
 *(.dynsbss)
 *(.sbss .sbss.* .gnu.linkonce.sb.*)
 .sbss          0x0000000001003678        0x4 obj/default/asym.o
 .sbss          0x000000000100367c        0x8 obj/default/portable/MemMang/heap_1.o
 .sbss          0x0000000001003684       0x38 obj/default/tasks.o
                0x00000000010036b8                pxCurrentTCB
 .sbss          0x00000000010036bc        0x4 ../slaveSdram_bsp//libhal_bsp.a(alt_irq_vars.o)
                0x00000000010036bc                alt_irq_active
 .sbss          0x00000000010036c0        0xc ../slaveSdram_bsp//libhal_bsp.a(alt_main.o)
                0x00000000010036c0                alt_envp
                0x00000000010036c4                alt_argv
                0x00000000010036c8                alt_argc
 .sbss          0x00000000010036cc        0x4 /mnt/Storage/soft/nios2eds/bin/gnu/H-x86_64-pc-linux-gnu/bin/../lib/gcc/nios2-elf/4.9.1/../../../../../H-x86_64-pc-linux-gnu/nios2-elf/lib/mno-hw-mul/libsmallc.a(lib_a-int_errno.o)
                0x00000000010036cc                errno
 *(.sbss2 .sbss2.* .gnu.linkonce.sb2.*)
 *(.scommon)
                0x00000000010036d0                PROVIDE (__sbss_end, ABSOLUTE (.))
                0x00000000010036d0                PROVIDE (___sbss_end, ABSOLUTE (.))
 *(.dynbss)
 *(.bss .bss.* .gnu.linkonce.b.*)
 .bss           0x00000000010036d0        0x0 ../slaveSdram_bsp//obj/HAL/src/crt0.o
 .bss           0x00000000010036d0       0xb0 obj/default/asym.o
 .bss           0x0000000001003780        0x0 obj/default/croutine.o
 .bss           0x0000000001003780        0x0 obj/default/list.o
 .bss           0x0000000001003780        0x0 obj/default/portable/GCC/NiosII/port.o
 .bss           0x0000000001003780     0x3e98 obj/default/portable/MemMang/heap_1.o
 .bss           0x0000000001007618        0x0 obj/default/queue.o
 .bss           0x0000000001007618      0x168 obj/default/slaveSdram.o
                0x0000000001007618                heartRate
                0x0000000001007690                pressure
                0x0000000001007708                tempreture
 .bss           0x0000000001007780       0xc8 obj/default/tasks.o
 .bss           0x0000000001007848        0x0 obj/default/timers.o
 .bss           0x0000000001007848        0x0 obj/default/portable/GCC/NiosII/port_asm.o
 .bss           0x0000000001007848        0x0 /mnt/Storage/soft/nios2eds/bin/gnu/H-x86_64-pc-linux-gnu/bin/../lib/gcc/nios2-elf/4.9.1/mno-hw-mul/libgcc.a(lib2-mul.o)
 .bss           0x0000000001007848        0x0 /mnt/Storage/soft/nios2eds/bin/gnu/H-x86_64-pc-linux-gnu/bin/../lib/gcc/nios2-elf/4.9.1/../../../../../H-x86_64-pc-linux-gnu/nios2-elf/lib/mno-hw-mul/libsmallc.a(lib_a-memcpy.o)
 .bss           0x0000000001007848        0x0 /mnt/Storage/soft/nios2eds/bin/gnu/H-x86_64-pc-linux-gnu/bin/../lib/gcc/nios2-elf/4.9.1/../../../../../H-x86_64-pc-linux-gnu/nios2-elf/lib/mno-hw-mul/libsmallc.a(lib_a-memset.o)
 .bss           0x0000000001007848        0x0 ../slaveSdram_bsp//libhal_bsp.a(alt_irq_handler.o)
 .bss           0x0000000001007848        0x0 ../slaveSdram_bsp//libhal_bsp.a(alt_irq_vars.o)
 .bss           0x0000000001007848        0x0 ../slaveSdram_bsp//libhal_bsp.a(alt_load.o)
 .bss           0x0000000001007848        0x0 ../slaveSdram_bsp//libhal_bsp.a(alt_main.o)
 .bss           0x0000000001007848        0x0 ../slaveSdram_bsp//libhal_bsp.a(alt_printf.o)
 .bss           0x0000000001007848        0x0 ../slaveSdram_bsp//libhal_bsp.a(alt_putchar.o)
 .bss           0x0000000001007848        0x0 ../slaveSdram_bsp//libhal_bsp.a(alt_putstr.o)
 .bss           0x0000000001007848        0x0 ../slaveSdram_bsp//libhal_bsp.a(alt_sys_init.o)
 .bss           0x0000000001007848        0x0 ../slaveSdram_bsp//libhal_bsp.a(altera_avalon_jtag_uart_write.o)
 .bss           0x0000000001007848        0x0 ../slaveSdram_bsp//libhal_bsp.a(altera_avalon_mutex.o)
 .bss           0x0000000001007848        0x0 ../slaveSdram_bsp//libhal_bsp.a(alt_dcache_flush_all.o)
 .bss           0x0000000001007848        0x0 ../slaveSdram_bsp//libhal_bsp.a(alt_dev_llist_insert.o)
 .bss           0x0000000001007848        0x0 ../slaveSdram_bsp//libhal_bsp.a(alt_errno.o)
 .bss           0x0000000001007848        0x0 ../slaveSdram_bsp//libhal_bsp.a(alt_find_dev.o)
 .bss           0x0000000001007848        0x0 ../slaveSdram_bsp//libhal_bsp.a(alt_icache_flush_all.o)
 .bss           0x0000000001007848        0x0 ../slaveSdram_bsp//libhal_bsp.a(altera_nios2_qsys_irq.o)
 .bss           0x0000000001007848        0x0 /mnt/Storage/soft/nios2eds/bin/gnu/H-x86_64-pc-linux-gnu/bin/../lib/gcc/nios2-elf/4.9.1/../../../../../H-x86_64-pc-linux-gnu/nios2-elf/lib/mno-hw-mul/libsmallc.a(lib_a-int_errno.o)
 .bss           0x0000000001007848        0x0 /mnt/Storage/soft/nios2eds/bin/gnu/H-x86_64-pc-linux-gnu/bin/../lib/gcc/nios2-elf/4.9.1/../../../../../H-x86_64-pc-linux-gnu/nios2-elf/lib/mno-hw-mul/libsmallc.a(lib_a-memcmp.o)
 .bss           0x0000000001007848        0x0 /mnt/Storage/soft/nios2eds/bin/gnu/H-x86_64-pc-linux-gnu/bin/../lib/gcc/nios2-elf/4.9.1/../../../../../H-x86_64-pc-linux-gnu/nios2-elf/lib/mno-hw-mul/libsmallc.a(lib_a-strlen.o)
 *(COMMON)
 COMMON         0x0000000001007848      0x100 ../slaveSdram_bsp//libhal_bsp.a(alt_irq_handler.o)
                0x0000000001007848                alt_irq
                0x0000000001007948                . = ALIGN (0x4)
                0x0000000001007948                __bss_end = ABSOLUTE (.)

.memory_buff    0x0000000000008000        0x0 load address 0x0000000001007948
                0x0000000000008000                PROVIDE (_alt_partition_memory_buff_start, ABSOLUTE (.))
 *(.memory_buff .memory_buff. memory_buff.*)
                0x0000000000008000                . = ALIGN (0x4)
                0x0000000000008000                PROVIDE (_alt_partition_memory_buff_end, ABSOLUTE (.))
                0x0000000001007948                PROVIDE (_alt_partition_memory_buff_load_addr, LOADADDR (.memory_buff))

.sdram          0x0000000001007948        0x0
                0x0000000001007948                PROVIDE (_alt_partition_sdram_start, ABSOLUTE (.))
 *(.sdram .sdram. sdram.*)
                0x0000000001007948                . = ALIGN (0x4)
                0x0000000001007948                PROVIDE (_alt_partition_sdram_end, ABSOLUTE (.))
                0x0000000001007948                _end = ABSOLUTE (.)
                0x0000000001007948                end = ABSOLUTE (.)
                0x0000000001007948                __alt_stack_base = ABSOLUTE (.)
                0x0000000001007948                PROVIDE (_alt_partition_sdram_load_addr, LOADADDR (.sdram))

.stab
 *(.stab)

.stabstr
 *(.stabstr)

.stab.excl
 *(.stab.excl)

.stab.exclstr
 *(.stab.exclstr)

.stab.index
 *(.stab.index)

.stab.indexstr
 *(.stab.indexstr)

.comment        0x0000000000000000       0x23
 *(.comment)
 .comment       0x0000000000000000       0x23 obj/default/asym.o
                                         0x24 (size before relaxing)
 .comment       0x0000000000000000       0x24 obj/default/croutine.o
 .comment       0x0000000000000000       0x24 obj/default/list.o
 .comment       0x0000000000000000       0x24 obj/default/portable/GCC/NiosII/port.o
 .comment       0x0000000000000000       0x24 obj/default/portable/MemMang/heap_1.o
 .comment       0x0000000000000000       0x24 obj/default/queue.o
 .comment       0x0000000000000000       0x24 obj/default/slaveSdram.o
 .comment       0x0000000000000000       0x24 obj/default/tasks.o
 .comment       0x0000000000000000       0x24 obj/default/timers.o
 .comment       0x0000000000000000       0x24 /mnt/Storage/soft/nios2eds/bin/gnu/H-x86_64-pc-linux-gnu/bin/../lib/gcc/nios2-elf/4.9.1/mno-hw-mul/libgcc.a(lib2-mul.o)
 .comment       0x0000000000000000       0x24 /mnt/Storage/soft/nios2eds/bin/gnu/H-x86_64-pc-linux-gnu/bin/../lib/gcc/nios2-elf/4.9.1/../../../../../H-x86_64-pc-linux-gnu/nios2-elf/lib/mno-hw-mul/libsmallc.a(lib_a-memcpy.o)
 .comment       0x0000000000000000       0x24 /mnt/Storage/soft/nios2eds/bin/gnu/H-x86_64-pc-linux-gnu/bin/../lib/gcc/nios2-elf/4.9.1/../../../../../H-x86_64-pc-linux-gnu/nios2-elf/lib/mno-hw-mul/libsmallc.a(lib_a-memset.o)
 .comment       0x0000000000000000       0x24 ../slaveSdram_bsp//libhal_bsp.a(alt_irq_handler.o)
 .comment       0x0000000000000000       0x24 ../slaveSdram_bsp//libhal_bsp.a(alt_irq_vars.o)
 .comment       0x0000000000000000       0x24 ../slaveSdram_bsp//libhal_bsp.a(alt_load.o)
 .comment       0x0000000000000000       0x24 ../slaveSdram_bsp//libhal_bsp.a(alt_main.o)
 .comment       0x0000000000000000       0x24 ../slaveSdram_bsp//libhal_bsp.a(alt_printf.o)
 .comment       0x0000000000000000       0x24 ../slaveSdram_bsp//libhal_bsp.a(alt_putchar.o)
 .comment       0x0000000000000000       0x24 ../slaveSdram_bsp//libhal_bsp.a(alt_putstr.o)
 .comment       0x0000000000000000       0x24 ../slaveSdram_bsp//libhal_bsp.a(alt_sys_init.o)
 .comment       0x0000000000000000       0x24 ../slaveSdram_bsp//libhal_bsp.a(altera_avalon_jtag_uart_write.o)
 .comment       0x0000000000000000       0x24 ../slaveSdram_bsp//libhal_bsp.a(altera_avalon_mutex.o)
 .comment       0x0000000000000000       0x24 ../slaveSdram_bsp//libhal_bsp.a(alt_dcache_flush_all.o)
 .comment       0x0000000000000000       0x24 ../slaveSdram_bsp//libhal_bsp.a(alt_dev_llist_insert.o)
 .comment       0x0000000000000000       0x24 ../slaveSdram_bsp//libhal_bsp.a(alt_errno.o)
 .comment       0x0000000000000000       0x24 ../slaveSdram_bsp//libhal_bsp.a(alt_find_dev.o)
 .comment       0x0000000000000000       0x24 ../slaveSdram_bsp//libhal_bsp.a(alt_icache_flush_all.o)
 .comment       0x0000000000000000       0x24 ../slaveSdram_bsp//libhal_bsp.a(altera_nios2_qsys_irq.o)
 .comment       0x0000000000000000       0x24 /mnt/Storage/soft/nios2eds/bin/gnu/H-x86_64-pc-linux-gnu/bin/../lib/gcc/nios2-elf/4.9.1/../../../../../H-x86_64-pc-linux-gnu/nios2-elf/lib/mno-hw-mul/libsmallc.a(lib_a-int_errno.o)
 .comment       0x0000000000000000       0x24 /mnt/Storage/soft/nios2eds/bin/gnu/H-x86_64-pc-linux-gnu/bin/../lib/gcc/nios2-elf/4.9.1/../../../../../H-x86_64-pc-linux-gnu/nios2-elf/lib/mno-hw-mul/libsmallc.a(lib_a-memcmp.o)
 .comment       0x0000000000000000       0x24 /mnt/Storage/soft/nios2eds/bin/gnu/H-x86_64-pc-linux-gnu/bin/../lib/gcc/nios2-elf/4.9.1/../../../../../H-x86_64-pc-linux-gnu/nios2-elf/lib/mno-hw-mul/libsmallc.a(lib_a-strlen.o)

.debug
 *(.debug)

.line
 *(.line)

.debug_srcinfo
 *(.debug_srcinfo)

.debug_sfnames
 *(.debug_sfnames)

.debug_aranges  0x0000000000000000      0x428
 *(.debug_aranges)
 .debug_aranges
                0x0000000000000000       0x28 ../slaveSdram_bsp//obj/HAL/src/crt0.o
 .debug_aranges
                0x0000000000000028       0x20 obj/default/asym.o
 .debug_aranges
                0x0000000000000048       0x18 obj/default/croutine.o
 .debug_aranges
                0x0000000000000060       0x20 obj/default/list.o
 .debug_aranges
                0x0000000000000080       0x20 obj/default/portable/GCC/NiosII/port.o
 .debug_aranges
                0x00000000000000a0       0x20 obj/default/portable/MemMang/heap_1.o
 .debug_aranges
                0x00000000000000c0       0x20 obj/default/queue.o
 .debug_aranges
                0x00000000000000e0       0x28 obj/default/slaveSdram.o
 .debug_aranges
                0x0000000000000108       0x20 obj/default/tasks.o
 .debug_aranges
                0x0000000000000128       0x18 obj/default/timers.o
 .debug_aranges
                0x0000000000000140       0x40 obj/default/portable/GCC/NiosII/port_asm.o
 .debug_aranges
                0x0000000000000180       0x20 /mnt/Storage/soft/nios2eds/bin/gnu/H-x86_64-pc-linux-gnu/bin/../lib/gcc/nios2-elf/4.9.1/mno-hw-mul/libgcc.a(lib2-mul.o)
 .debug_aranges
                0x00000000000001a0       0x20 /mnt/Storage/soft/nios2eds/bin/gnu/H-x86_64-pc-linux-gnu/bin/../lib/gcc/nios2-elf/4.9.1/../../../../../H-x86_64-pc-linux-gnu/nios2-elf/lib/mno-hw-mul/libsmallc.a(lib_a-memcpy.o)
 .debug_aranges
                0x00000000000001c0       0x20 /mnt/Storage/soft/nios2eds/bin/gnu/H-x86_64-pc-linux-gnu/bin/../lib/gcc/nios2-elf/4.9.1/../../../../../H-x86_64-pc-linux-gnu/nios2-elf/lib/mno-hw-mul/libsmallc.a(lib_a-memset.o)
 .debug_aranges
                0x00000000000001e0       0x20 ../slaveSdram_bsp//libhal_bsp.a(alt_irq_handler.o)
 .debug_aranges
                0x0000000000000200       0x18 ../slaveSdram_bsp//libhal_bsp.a(alt_irq_vars.o)
 .debug_aranges
                0x0000000000000218       0x20 ../slaveSdram_bsp//libhal_bsp.a(alt_load.o)
 .debug_aranges
                0x0000000000000238       0x20 ../slaveSdram_bsp//libhal_bsp.a(alt_main.o)
 .debug_aranges
                0x0000000000000258       0x20 ../slaveSdram_bsp//libhal_bsp.a(alt_printf.o)
 .debug_aranges
                0x0000000000000278       0x20 ../slaveSdram_bsp//libhal_bsp.a(alt_putchar.o)
 .debug_aranges
                0x0000000000000298       0x20 ../slaveSdram_bsp//libhal_bsp.a(alt_putstr.o)
 .debug_aranges
                0x00000000000002b8       0x20 ../slaveSdram_bsp//libhal_bsp.a(alt_sys_init.o)
 .debug_aranges
                0x00000000000002d8       0x20 ../slaveSdram_bsp//libhal_bsp.a(altera_avalon_jtag_uart_write.o)
 .debug_aranges
                0x00000000000002f8       0x20 ../slaveSdram_bsp//libhal_bsp.a(altera_avalon_mutex.o)
 .debug_aranges
                0x0000000000000318       0x20 ../slaveSdram_bsp//libhal_bsp.a(alt_dcache_flush_all.o)
 .debug_aranges
                0x0000000000000338       0x20 ../slaveSdram_bsp//libhal_bsp.a(alt_dev_llist_insert.o)
 .debug_aranges
                0x0000000000000358       0x18 ../slaveSdram_bsp//libhal_bsp.a(alt_errno.o)
 .debug_aranges
                0x0000000000000370       0x20 ../slaveSdram_bsp//libhal_bsp.a(alt_find_dev.o)
 .debug_aranges
                0x0000000000000390       0x20 ../slaveSdram_bsp//libhal_bsp.a(alt_icache_flush_all.o)
 .debug_aranges
                0x00000000000003b0       0x20 ../slaveSdram_bsp//libhal_bsp.a(altera_nios2_qsys_irq.o)
 .debug_aranges
                0x00000000000003d0       0x18 /mnt/Storage/soft/nios2eds/bin/gnu/H-x86_64-pc-linux-gnu/bin/../lib/gcc/nios2-elf/4.9.1/../../../../../H-x86_64-pc-linux-gnu/nios2-elf/lib/mno-hw-mul/libsmallc.a(lib_a-int_errno.o)
 .debug_aranges
                0x00000000000003e8       0x20 /mnt/Storage/soft/nios2eds/bin/gnu/H-x86_64-pc-linux-gnu/bin/../lib/gcc/nios2-elf/4.9.1/../../../../../H-x86_64-pc-linux-gnu/nios2-elf/lib/mno-hw-mul/libsmallc.a(lib_a-memcmp.o)
 .debug_aranges
                0x0000000000000408       0x20 /mnt/Storage/soft/nios2eds/bin/gnu/H-x86_64-pc-linux-gnu/bin/../lib/gcc/nios2-elf/4.9.1/../../../../../H-x86_64-pc-linux-gnu/nios2-elf/lib/mno-hw-mul/libsmallc.a(lib_a-strlen.o)

.debug_pubnames
 *(.debug_pubnames)

.debug_info     0x0000000000000000     0x6b01
 *(.debug_info .gnu.linkonce.wi.*)
 .debug_info    0x0000000000000000       0x78 ../slaveSdram_bsp//obj/HAL/src/crt0.o
 .debug_info    0x0000000000000078      0x96b obj/default/asym.o
 .debug_info    0x00000000000009e3       0x98 obj/default/croutine.o
 .debug_info    0x0000000000000a7b      0x2b7 obj/default/list.o
 .debug_info    0x0000000000000d32      0x4ee obj/default/portable/GCC/NiosII/port.o
 .debug_info    0x0000000000001220      0x1be obj/default/portable/MemMang/heap_1.o
 .debug_info    0x00000000000013de     0x1123 obj/default/queue.o
 .debug_info    0x0000000000002501      0x73a obj/default/slaveSdram.o
 .debug_info    0x0000000000002c3b     0x1d62 obj/default/tasks.o
 .debug_info    0x000000000000499d       0x98 obj/default/timers.o
 .debug_info    0x0000000000004a35       0x84 obj/default/portable/GCC/NiosII/port_asm.o
 .debug_info    0x0000000000004ab9       0xb4 /mnt/Storage/soft/nios2eds/bin/gnu/H-x86_64-pc-linux-gnu/bin/../lib/gcc/nios2-elf/4.9.1/mno-hw-mul/libgcc.a(lib2-mul.o)
 .debug_info    0x0000000000004b6d      0x106 /mnt/Storage/soft/nios2eds/bin/gnu/H-x86_64-pc-linux-gnu/bin/../lib/gcc/nios2-elf/4.9.1/../../../../../H-x86_64-pc-linux-gnu/nios2-elf/lib/mno-hw-mul/libsmallc.a(lib_a-memcpy.o)
 .debug_info    0x0000000000004c73       0xd5 /mnt/Storage/soft/nios2eds/bin/gnu/H-x86_64-pc-linux-gnu/bin/../lib/gcc/nios2-elf/4.9.1/../../../../../H-x86_64-pc-linux-gnu/nios2-elf/lib/mno-hw-mul/libsmallc.a(lib_a-memset.o)
 .debug_info    0x0000000000004d48      0x1a5 ../slaveSdram_bsp//libhal_bsp.a(alt_irq_handler.o)
 .debug_info    0x0000000000004eed       0x88 ../slaveSdram_bsp//libhal_bsp.a(alt_irq_vars.o)
 .debug_info    0x0000000000004f75      0x1d2 ../slaveSdram_bsp//libhal_bsp.a(alt_load.o)
 .debug_info    0x0000000000005147      0x1a1 ../slaveSdram_bsp//libhal_bsp.a(alt_main.o)
 .debug_info    0x00000000000052e8      0x153 ../slaveSdram_bsp//libhal_bsp.a(alt_printf.o)
 .debug_info    0x000000000000543b      0x138 ../slaveSdram_bsp//libhal_bsp.a(alt_putchar.o)
 .debug_info    0x0000000000005573      0x15d ../slaveSdram_bsp//libhal_bsp.a(alt_putstr.o)
 .debug_info    0x00000000000056d0      0x306 ../slaveSdram_bsp//libhal_bsp.a(alt_sys_init.o)
 .debug_info    0x00000000000059d6      0x1a6 ../slaveSdram_bsp//libhal_bsp.a(altera_avalon_jtag_uart_write.o)
 .debug_info    0x0000000000005b7c      0x5ef ../slaveSdram_bsp//libhal_bsp.a(altera_avalon_mutex.o)
 .debug_info    0x000000000000616b       0x8b ../slaveSdram_bsp//libhal_bsp.a(alt_dcache_flush_all.o)
 .debug_info    0x00000000000061f6      0x1a8 ../slaveSdram_bsp//libhal_bsp.a(alt_dev_llist_insert.o)
 .debug_info    0x000000000000639e       0x9f ../slaveSdram_bsp//libhal_bsp.a(alt_errno.o)
 .debug_info    0x000000000000643d      0x356 ../slaveSdram_bsp//libhal_bsp.a(alt_find_dev.o)
 .debug_info    0x0000000000006793       0x8b ../slaveSdram_bsp//libhal_bsp.a(alt_icache_flush_all.o)
 .debug_info    0x000000000000681e       0xb1 ../slaveSdram_bsp//libhal_bsp.a(altera_nios2_qsys_irq.o)
 .debug_info    0x00000000000068cf       0x83 /mnt/Storage/soft/nios2eds/bin/gnu/H-x86_64-pc-linux-gnu/bin/../lib/gcc/nios2-elf/4.9.1/../../../../../H-x86_64-pc-linux-gnu/nios2-elf/lib/mno-hw-mul/libsmallc.a(lib_a-int_errno.o)
 .debug_info    0x0000000000006952       0xed /mnt/Storage/soft/nios2eds/bin/gnu/H-x86_64-pc-linux-gnu/bin/../lib/gcc/nios2-elf/4.9.1/../../../../../H-x86_64-pc-linux-gnu/nios2-elf/lib/mno-hw-mul/libsmallc.a(lib_a-memcmp.o)
 .debug_info    0x0000000000006a3f       0xc2 /mnt/Storage/soft/nios2eds/bin/gnu/H-x86_64-pc-linux-gnu/bin/../lib/gcc/nios2-elf/4.9.1/../../../../../H-x86_64-pc-linux-gnu/nios2-elf/lib/mno-hw-mul/libsmallc.a(lib_a-strlen.o)

.debug_abbrev   0x0000000000000000     0x2233
 *(.debug_abbrev)
 .debug_abbrev  0x0000000000000000       0x12 ../slaveSdram_bsp//obj/HAL/src/crt0.o
 .debug_abbrev  0x0000000000000012      0x292 obj/default/asym.o
 .debug_abbrev  0x00000000000002a4       0x4b obj/default/croutine.o
 .debug_abbrev  0x00000000000002ef       0xe7 obj/default/list.o
 .debug_abbrev  0x00000000000003d6      0x278 obj/default/portable/GCC/NiosII/port.o
 .debug_abbrev  0x000000000000064e      0x144 obj/default/portable/MemMang/heap_1.o
 .debug_abbrev  0x0000000000000792      0x2c2 obj/default/queue.o
 .debug_abbrev  0x0000000000000a54      0x20b obj/default/slaveSdram.o
 .debug_abbrev  0x0000000000000c5f      0x418 obj/default/tasks.o
 .debug_abbrev  0x0000000000001077       0x4b obj/default/timers.o
 .debug_abbrev  0x00000000000010c2       0x12 obj/default/portable/GCC/NiosII/port_asm.o
 .debug_abbrev  0x00000000000010d4       0x6f /mnt/Storage/soft/nios2eds/bin/gnu/H-x86_64-pc-linux-gnu/bin/../lib/gcc/nios2-elf/4.9.1/mno-hw-mul/libgcc.a(lib2-mul.o)
 .debug_abbrev  0x0000000000001143       0xa4 /mnt/Storage/soft/nios2eds/bin/gnu/H-x86_64-pc-linux-gnu/bin/../lib/gcc/nios2-elf/4.9.1/../../../../../H-x86_64-pc-linux-gnu/nios2-elf/lib/mno-hw-mul/libsmallc.a(lib_a-memcpy.o)
 .debug_abbrev  0x00000000000011e7       0x8e /mnt/Storage/soft/nios2eds/bin/gnu/H-x86_64-pc-linux-gnu/bin/../lib/gcc/nios2-elf/4.9.1/../../../../../H-x86_64-pc-linux-gnu/nios2-elf/lib/mno-hw-mul/libsmallc.a(lib_a-memset.o)
 .debug_abbrev  0x0000000000001275      0x13a ../slaveSdram_bsp//libhal_bsp.a(alt_irq_handler.o)
 .debug_abbrev  0x00000000000013af       0x40 ../slaveSdram_bsp//libhal_bsp.a(alt_irq_vars.o)
 .debug_abbrev  0x00000000000013ef       0xe1 ../slaveSdram_bsp//libhal_bsp.a(alt_load.o)
 .debug_abbrev  0x00000000000014d0      0x127 ../slaveSdram_bsp//libhal_bsp.a(alt_main.o)
 .debug_abbrev  0x00000000000015f7       0xde ../slaveSdram_bsp//libhal_bsp.a(alt_printf.o)
 .debug_abbrev  0x00000000000016d5       0xd4 ../slaveSdram_bsp//libhal_bsp.a(alt_putchar.o)
 .debug_abbrev  0x00000000000017a9       0xe2 ../slaveSdram_bsp//libhal_bsp.a(alt_putstr.o)
 .debug_abbrev  0x000000000000188b      0x1c5 ../slaveSdram_bsp//libhal_bsp.a(alt_sys_init.o)
 .debug_abbrev  0x0000000000001a50       0xd5 ../slaveSdram_bsp//libhal_bsp.a(altera_avalon_jtag_uart_write.o)
 .debug_abbrev  0x0000000000001b25      0x24a ../slaveSdram_bsp//libhal_bsp.a(altera_avalon_mutex.o)
 .debug_abbrev  0x0000000000001d6f       0x42 ../slaveSdram_bsp//libhal_bsp.a(alt_dcache_flush_all.o)
 .debug_abbrev  0x0000000000001db1      0x11c ../slaveSdram_bsp//libhal_bsp.a(alt_dev_llist_insert.o)
 .debug_abbrev  0x0000000000001ecd       0x5a ../slaveSdram_bsp//libhal_bsp.a(alt_errno.o)
 .debug_abbrev  0x0000000000001f27      0x12e ../slaveSdram_bsp//libhal_bsp.a(alt_find_dev.o)
 .debug_abbrev  0x0000000000002055       0x42 ../slaveSdram_bsp//libhal_bsp.a(alt_icache_flush_all.o)
 .debug_abbrev  0x0000000000002097       0x67 ../slaveSdram_bsp//libhal_bsp.a(altera_nios2_qsys_irq.o)
 .debug_abbrev  0x00000000000020fe       0x37 /mnt/Storage/soft/nios2eds/bin/gnu/H-x86_64-pc-linux-gnu/bin/../lib/gcc/nios2-elf/4.9.1/../../../../../H-x86_64-pc-linux-gnu/nios2-elf/lib/mno-hw-mul/libsmallc.a(lib_a-int_errno.o)
 .debug_abbrev  0x0000000000002135       0x7f /mnt/Storage/soft/nios2eds/bin/gnu/H-x86_64-pc-linux-gnu/bin/../lib/gcc/nios2-elf/4.9.1/../../../../../H-x86_64-pc-linux-gnu/nios2-elf/lib/mno-hw-mul/libsmallc.a(lib_a-memcmp.o)
 .debug_abbrev  0x00000000000021b4       0x7f /mnt/Storage/soft/nios2eds/bin/gnu/H-x86_64-pc-linux-gnu/bin/../lib/gcc/nios2-elf/4.9.1/../../../../../H-x86_64-pc-linux-gnu/nios2-elf/lib/mno-hw-mul/libsmallc.a(lib_a-strlen.o)

.debug_line     0x0000000000000000     0x2b59
 *(.debug_line)
 .debug_line    0x0000000000000000       0x66 ../slaveSdram_bsp//obj/HAL/src/crt0.o
 .debug_line    0x0000000000000066      0x2dd obj/default/asym.o
 .debug_line    0x0000000000000343       0x7b obj/default/croutine.o
 .debug_line    0x00000000000003be      0x15d obj/default/list.o
 .debug_line    0x000000000000051b      0x1e8 obj/default/portable/GCC/NiosII/port.o
 .debug_line    0x0000000000000703      0x1bf obj/default/portable/MemMang/heap_1.o
 .debug_line    0x00000000000008c2      0x40b obj/default/queue.o
 .debug_line    0x0000000000000ccd      0x25f obj/default/slaveSdram.o
 .debug_line    0x0000000000000f2c      0x7bf obj/default/tasks.o
 .debug_line    0x00000000000016eb       0x7b obj/default/timers.o
 .debug_line    0x0000000000001766       0xdf obj/default/portable/GCC/NiosII/port_asm.o
 .debug_line    0x0000000000001845       0x80 /mnt/Storage/soft/nios2eds/bin/gnu/H-x86_64-pc-linux-gnu/bin/../lib/gcc/nios2-elf/4.9.1/mno-hw-mul/libgcc.a(lib2-mul.o)
 .debug_line    0x00000000000018c5      0x160 /mnt/Storage/soft/nios2eds/bin/gnu/H-x86_64-pc-linux-gnu/bin/../lib/gcc/nios2-elf/4.9.1/../../../../../H-x86_64-pc-linux-gnu/nios2-elf/lib/mno-hw-mul/libsmallc.a(lib_a-memcpy.o)
 .debug_line    0x0000000000001a25      0x15f /mnt/Storage/soft/nios2eds/bin/gnu/H-x86_64-pc-linux-gnu/bin/../lib/gcc/nios2-elf/4.9.1/../../../../../H-x86_64-pc-linux-gnu/nios2-elf/lib/mno-hw-mul/libsmallc.a(lib_a-memset.o)
 .debug_line    0x0000000000001b84       0xc8 ../slaveSdram_bsp//libhal_bsp.a(alt_irq_handler.o)
 .debug_line    0x0000000000001c4c       0x50 ../slaveSdram_bsp//libhal_bsp.a(alt_irq_vars.o)
 .debug_line    0x0000000000001c9c       0xa6 ../slaveSdram_bsp//libhal_bsp.a(alt_load.o)
 .debug_line    0x0000000000001d42       0xea ../slaveSdram_bsp//libhal_bsp.a(alt_main.o)
 .debug_line    0x0000000000001e2c      0x110 ../slaveSdram_bsp//libhal_bsp.a(alt_printf.o)
 .debug_line    0x0000000000001f3c       0x4d ../slaveSdram_bsp//libhal_bsp.a(alt_putchar.o)
 .debug_line    0x0000000000001f89      0x105 ../slaveSdram_bsp//libhal_bsp.a(alt_putstr.o)
 .debug_line    0x000000000000208e      0x18a ../slaveSdram_bsp//libhal_bsp.a(alt_sys_init.o)
 .debug_line    0x0000000000002218      0x104 ../slaveSdram_bsp//libhal_bsp.a(altera_avalon_jtag_uart_write.o)
 .debug_line    0x000000000000231c      0x160 ../slaveSdram_bsp//libhal_bsp.a(altera_avalon_mutex.o)
 .debug_line    0x000000000000247c       0x4e ../slaveSdram_bsp//libhal_bsp.a(alt_dcache_flush_all.o)
 .debug_line    0x00000000000024ca       0xd8 ../slaveSdram_bsp//libhal_bsp.a(alt_dev_llist_insert.o)
 .debug_line    0x00000000000025a2       0x51 ../slaveSdram_bsp//libhal_bsp.a(alt_errno.o)
 .debug_line    0x00000000000025f3      0x16c ../slaveSdram_bsp//libhal_bsp.a(alt_find_dev.o)
 .debug_line    0x000000000000275f       0x4e ../slaveSdram_bsp//libhal_bsp.a(alt_icache_flush_all.o)
 .debug_line    0x00000000000027ad       0x8c ../slaveSdram_bsp//libhal_bsp.a(altera_nios2_qsys_irq.o)
 .debug_line    0x0000000000002839       0x60 /mnt/Storage/soft/nios2eds/bin/gnu/H-x86_64-pc-linux-gnu/bin/../lib/gcc/nios2-elf/4.9.1/../../../../../H-x86_64-pc-linux-gnu/nios2-elf/lib/mno-hw-mul/libsmallc.a(lib_a-int_errno.o)
 .debug_line    0x0000000000002899      0x162 /mnt/Storage/soft/nios2eds/bin/gnu/H-x86_64-pc-linux-gnu/bin/../lib/gcc/nios2-elf/4.9.1/../../../../../H-x86_64-pc-linux-gnu/nios2-elf/lib/mno-hw-mul/libsmallc.a(lib_a-memcmp.o)
 .debug_line    0x00000000000029fb      0x15e /mnt/Storage/soft/nios2eds/bin/gnu/H-x86_64-pc-linux-gnu/bin/../lib/gcc/nios2-elf/4.9.1/../../../../../H-x86_64-pc-linux-gnu/nios2-elf/lib/mno-hw-mul/libsmallc.a(lib_a-strlen.o)

.debug_frame    0x0000000000000000      0xf64
 *(.debug_frame)
 .debug_frame   0x0000000000000000      0x154 obj/default/asym.o
 .debug_frame   0x0000000000000154       0x60 obj/default/list.o
 .debug_frame   0x00000000000001b4       0x80 obj/default/portable/GCC/NiosII/port.o
 .debug_frame   0x0000000000000234       0x64 obj/default/portable/MemMang/heap_1.o
 .debug_frame   0x0000000000000298      0x2f0 obj/default/queue.o
 .debug_frame   0x0000000000000588       0xb0 obj/default/slaveSdram.o
 .debug_frame   0x0000000000000638      0x594 obj/default/tasks.o
 .debug_frame   0x0000000000000bcc       0x20 /mnt/Storage/soft/nios2eds/bin/gnu/H-x86_64-pc-linux-gnu/bin/../lib/gcc/nios2-elf/4.9.1/mno-hw-mul/libgcc.a(lib2-mul.o)
 .debug_frame   0x0000000000000bec       0x20 /mnt/Storage/soft/nios2eds/bin/gnu/H-x86_64-pc-linux-gnu/bin/../lib/gcc/nios2-elf/4.9.1/../../../../../H-x86_64-pc-linux-gnu/nios2-elf/lib/mno-hw-mul/libsmallc.a(lib_a-memcpy.o)
 .debug_frame   0x0000000000000c0c       0x20 /mnt/Storage/soft/nios2eds/bin/gnu/H-x86_64-pc-linux-gnu/bin/../lib/gcc/nios2-elf/4.9.1/../../../../../H-x86_64-pc-linux-gnu/nios2-elf/lib/mno-hw-mul/libsmallc.a(lib_a-memset.o)
 .debug_frame   0x0000000000000c2c       0x34 ../slaveSdram_bsp//libhal_bsp.a(alt_irq_handler.o)
 .debug_frame   0x0000000000000c60       0x30 ../slaveSdram_bsp//libhal_bsp.a(alt_load.o)
 .debug_frame   0x0000000000000c90       0x2c ../slaveSdram_bsp//libhal_bsp.a(alt_main.o)
 .debug_frame   0x0000000000000cbc       0x54 ../slaveSdram_bsp//libhal_bsp.a(alt_printf.o)
 .debug_frame   0x0000000000000d10       0x30 ../slaveSdram_bsp//libhal_bsp.a(alt_putchar.o)
 .debug_frame   0x0000000000000d40       0x30 ../slaveSdram_bsp//libhal_bsp.a(alt_putstr.o)
 .debug_frame   0x0000000000000d70       0x3c ../slaveSdram_bsp//libhal_bsp.a(alt_sys_init.o)
 .debug_frame   0x0000000000000dac       0x20 ../slaveSdram_bsp//libhal_bsp.a(altera_avalon_jtag_uart_write.o)
 .debug_frame   0x0000000000000dcc       0x90 ../slaveSdram_bsp//libhal_bsp.a(altera_avalon_mutex.o)
 .debug_frame   0x0000000000000e5c       0x20 ../slaveSdram_bsp//libhal_bsp.a(alt_dcache_flush_all.o)
 .debug_frame   0x0000000000000e7c       0x2c ../slaveSdram_bsp//libhal_bsp.a(alt_dev_llist_insert.o)
 .debug_frame   0x0000000000000ea8       0x3c ../slaveSdram_bsp//libhal_bsp.a(alt_find_dev.o)
 .debug_frame   0x0000000000000ee4       0x20 ../slaveSdram_bsp//libhal_bsp.a(alt_icache_flush_all.o)
 .debug_frame   0x0000000000000f04       0x20 ../slaveSdram_bsp//libhal_bsp.a(altera_nios2_qsys_irq.o)
 .debug_frame   0x0000000000000f24       0x20 /mnt/Storage/soft/nios2eds/bin/gnu/H-x86_64-pc-linux-gnu/bin/../lib/gcc/nios2-elf/4.9.1/../../../../../H-x86_64-pc-linux-gnu/nios2-elf/lib/mno-hw-mul/libsmallc.a(lib_a-memcmp.o)
 .debug_frame   0x0000000000000f44       0x20 /mnt/Storage/soft/nios2eds/bin/gnu/H-x86_64-pc-linux-gnu/bin/../lib/gcc/nios2-elf/4.9.1/../../../../../H-x86_64-pc-linux-gnu/nios2-elf/lib/mno-hw-mul/libsmallc.a(lib_a-strlen.o)

.debug_str      0x0000000000000000     0x1f1e
 *(.debug_str)
 .debug_str     0x0000000000000000      0x51d obj/default/asym.o
                                        0x58e (size before relaxing)
 .debug_str     0x000000000000051d        0xb obj/default/croutine.o
                                        0x13e (size before relaxing)
 .debug_str     0x0000000000000528      0x109 obj/default/list.o
                                        0x282 (size before relaxing)
 .debug_str     0x0000000000000631      0x186 obj/default/portable/GCC/NiosII/port.o
                                        0x303 (size before relaxing)
 .debug_str     0x00000000000007b7       0xbb obj/default/portable/MemMang/heap_1.o
                                        0x20a (size before relaxing)
 .debug_str     0x0000000000000872      0x471 obj/default/queue.o
                                        0x784 (size before relaxing)
 .debug_str     0x0000000000000ce3       0xa4 obj/default/slaveSdram.o
                                        0x377 (size before relaxing)
 .debug_str     0x0000000000000d87      0x7cd obj/default/tasks.o
                                        0xd64 (size before relaxing)
 .debug_str     0x0000000000001554        0x9 obj/default/timers.o
                                        0x13c (size before relaxing)
 .debug_str     0x000000000000155d      0x147 /mnt/Storage/soft/nios2eds/bin/gnu/H-x86_64-pc-linux-gnu/bin/../lib/gcc/nios2-elf/4.9.1/mno-hw-mul/libgcc.a(lib2-mul.o)
                                        0x192 (size before relaxing)
 .debug_str     0x00000000000016a4      0x118 /mnt/Storage/soft/nios2eds/bin/gnu/H-x86_64-pc-linux-gnu/bin/../lib/gcc/nios2-elf/4.9.1/../../../../../H-x86_64-pc-linux-gnu/nios2-elf/lib/mno-hw-mul/libsmallc.a(lib_a-memcpy.o)
                                        0x1b8 (size before relaxing)
 .debug_str     0x00000000000017bc       0x3e /mnt/Storage/soft/nios2eds/bin/gnu/H-x86_64-pc-linux-gnu/bin/../lib/gcc/nios2-elf/4.9.1/../../../../../H-x86_64-pc-linux-gnu/nios2-elf/lib/mno-hw-mul/libsmallc.a(lib_a-memset.o)
                                        0x1a4 (size before relaxing)
 .debug_str     0x00000000000017fa       0x7e ../slaveSdram_bsp//libhal_bsp.a(alt_irq_handler.o)
                                        0x1a5 (size before relaxing)
 .debug_str     0x0000000000001878       0x17 ../slaveSdram_bsp//libhal_bsp.a(alt_irq_vars.o)
                                        0x133 (size before relaxing)
 .debug_str     0x000000000000188f      0x113 ../slaveSdram_bsp//libhal_bsp.a(alt_load.o)
                                        0x229 (size before relaxing)
 .debug_str     0x00000000000019a2       0x5e ../slaveSdram_bsp//libhal_bsp.a(alt_main.o)
                                        0x1cb (size before relaxing)
 .debug_str     0x0000000000001a00       0x59 ../slaveSdram_bsp//libhal_bsp.a(alt_printf.o)
                                         0xff (size before relaxing)
 .debug_str     0x0000000000001a59       0x60 ../slaveSdram_bsp//libhal_bsp.a(alt_putchar.o)
                                        0x17a (size before relaxing)
 .debug_str     0x0000000000001ab9       0x1c ../slaveSdram_bsp//libhal_bsp.a(alt_putstr.o)
                                        0x186 (size before relaxing)
 .debug_str     0x0000000000001ad5      0x102 ../slaveSdram_bsp//libhal_bsp.a(alt_sys_init.o)
                                        0x305 (size before relaxing)
 .debug_str     0x0000000000001bd7       0x32 ../slaveSdram_bsp//libhal_bsp.a(altera_avalon_jtag_uart_write.o)
                                        0x223 (size before relaxing)
 .debug_str     0x0000000000001c09       0xf7 ../slaveSdram_bsp//libhal_bsp.a(altera_avalon_mutex.o)
                                        0x328 (size before relaxing)
 .debug_str     0x0000000000001d00       0x1f ../slaveSdram_bsp//libhal_bsp.a(alt_dcache_flush_all.o)
                                        0x142 (size before relaxing)
 .debug_str     0x0000000000001d1f       0x36 ../slaveSdram_bsp//libhal_bsp.a(alt_dev_llist_insert.o)
                                        0x1b9 (size before relaxing)
 .debug_str     0x0000000000001d55       0x14 ../slaveSdram_bsp//libhal_bsp.a(alt_errno.o)
                                        0x132 (size before relaxing)
 .debug_str     0x0000000000001d69       0x25 ../slaveSdram_bsp//libhal_bsp.a(alt_find_dev.o)
                                        0x1ee (size before relaxing)
 .debug_str     0x0000000000001d8e       0x1f ../slaveSdram_bsp//libhal_bsp.a(alt_icache_flush_all.o)
                                        0x142 (size before relaxing)
 .debug_str     0x0000000000001dad       0x20 ../slaveSdram_bsp//libhal_bsp.a(altera_nios2_qsys_irq.o)
                                        0x172 (size before relaxing)
 .debug_str     0x0000000000001dcd       0xd5 /mnt/Storage/soft/nios2eds/bin/gnu/H-x86_64-pc-linux-gnu/bin/../lib/gcc/nios2-elf/4.9.1/../../../../../H-x86_64-pc-linux-gnu/nios2-elf/lib/mno-hw-mul/libsmallc.a(lib_a-int_errno.o)
                                        0x19d (size before relaxing)
 .debug_str     0x0000000000001ea2       0x3e /mnt/Storage/soft/nios2eds/bin/gnu/H-x86_64-pc-linux-gnu/bin/../lib/gcc/nios2-elf/4.9.1/../../../../../H-x86_64-pc-linux-gnu/nios2-elf/lib/mno-hw-mul/libsmallc.a(lib_a-memcmp.o)
                                        0x1a4 (size before relaxing)
 .debug_str     0x0000000000001ee0       0x3e /mnt/Storage/soft/nios2eds/bin/gnu/H-x86_64-pc-linux-gnu/bin/../lib/gcc/nios2-elf/4.9.1/../../../../../H-x86_64-pc-linux-gnu/nios2-elf/lib/mno-hw-mul/libsmallc.a(lib_a-strlen.o)
                                        0x1aa (size before relaxing)

.debug_loc      0x0000000000000000     0x2ebb
 *(.debug_loc)
 .debug_loc     0x0000000000000000      0x228 obj/default/asym.o
 .debug_loc     0x0000000000000228       0x73 obj/default/list.o
 .debug_loc     0x000000000000029b      0x24a obj/default/portable/GCC/NiosII/port.o
 .debug_loc     0x00000000000004e5       0x78 obj/default/portable/MemMang/heap_1.o
 .debug_loc     0x000000000000055d      0xb3c obj/default/queue.o
 .debug_loc     0x0000000000001099      0x18e obj/default/slaveSdram.o
 .debug_loc     0x0000000000001227     0x130d obj/default/tasks.o
 .debug_loc     0x0000000000002534       0x93 /mnt/Storage/soft/nios2eds/bin/gnu/H-x86_64-pc-linux-gnu/bin/../lib/gcc/nios2-elf/4.9.1/mno-hw-mul/libgcc.a(lib2-mul.o)
 .debug_loc     0x00000000000025c7      0x11b /mnt/Storage/soft/nios2eds/bin/gnu/H-x86_64-pc-linux-gnu/bin/../lib/gcc/nios2-elf/4.9.1/../../../../../H-x86_64-pc-linux-gnu/nios2-elf/lib/mno-hw-mul/libsmallc.a(lib_a-memcpy.o)
 .debug_loc     0x00000000000026e2       0xa5 /mnt/Storage/soft/nios2eds/bin/gnu/H-x86_64-pc-linux-gnu/bin/../lib/gcc/nios2-elf/4.9.1/../../../../../H-x86_64-pc-linux-gnu/nios2-elf/lib/mno-hw-mul/libsmallc.a(lib_a-memset.o)
 .debug_loc     0x0000000000002787       0x98 ../slaveSdram_bsp//libhal_bsp.a(alt_irq_handler.o)
 .debug_loc     0x000000000000281f       0x8d ../slaveSdram_bsp//libhal_bsp.a(alt_load.o)
 .debug_loc     0x00000000000028ac      0x1c6 ../slaveSdram_bsp//libhal_bsp.a(alt_printf.o)
 .debug_loc     0x0000000000002a72       0x2c ../slaveSdram_bsp//libhal_bsp.a(alt_putchar.o)
 .debug_loc     0x0000000000002a9e       0x37 ../slaveSdram_bsp//libhal_bsp.a(alt_putstr.o)
 .debug_loc     0x0000000000002ad5       0x21 ../slaveSdram_bsp//libhal_bsp.a(alt_sys_init.o)
 .debug_loc     0x0000000000002af6       0x8b ../slaveSdram_bsp//libhal_bsp.a(altera_avalon_jtag_uart_write.o)
 .debug_loc     0x0000000000002b81      0x1b2 ../slaveSdram_bsp//libhal_bsp.a(altera_avalon_mutex.o)
 .debug_loc     0x0000000000002d33       0x58 ../slaveSdram_bsp//libhal_bsp.a(alt_dev_llist_insert.o)
 .debug_loc     0x0000000000002d8b       0x7e ../slaveSdram_bsp//libhal_bsp.a(alt_find_dev.o)
 .debug_loc     0x0000000000002e09       0x94 /mnt/Storage/soft/nios2eds/bin/gnu/H-x86_64-pc-linux-gnu/bin/../lib/gcc/nios2-elf/4.9.1/../../../../../H-x86_64-pc-linux-gnu/nios2-elf/lib/mno-hw-mul/libsmallc.a(lib_a-memcmp.o)
 .debug_loc     0x0000000000002e9d       0x1e /mnt/Storage/soft/nios2eds/bin/gnu/H-x86_64-pc-linux-gnu/bin/../lib/gcc/nios2-elf/4.9.1/../../../../../H-x86_64-pc-linux-gnu/nios2-elf/lib/mno-hw-mul/libsmallc.a(lib_a-strlen.o)

.debug_macinfo
 *(.debug_macinfo)

.debug_weaknames
 *(.debug_weaknames)

.debug_funcnames
 *(.debug_funcnames)

.debug_typenames
 *(.debug_typenames)

.debug_varnames
 *(.debug_varnames)

.debug_alt_sim_info
                0x0000000000000000       0x10
 *(.debug_alt_sim_info)
 .debug_alt_sim_info
                0x0000000000000000       0x10 ../slaveSdram_bsp//obj/HAL/src/crt0.o
                0x0000000001800000                __alt_data_end = 0x1800000
                0x0000000001800000                PROVIDE (__alt_stack_pointer, __alt_data_end)
                0x0000000001007948                PROVIDE (__alt_stack_limit, __alt_stack_base)
                0x0000000001007948                PROVIDE (__alt_heap_start, end)
                0x0000000001800000                PROVIDE (__alt_heap_limit, 0x1800000)
OUTPUT(slaveSdram.elf elf32-littlenios2)

.debug_ranges   0x0000000000000000      0x200
 .debug_ranges  0x0000000000000000       0x20 ../slaveSdram_bsp//obj/HAL/src/crt0.o
 .debug_ranges  0x0000000000000020       0x20 obj/default/portable/GCC/NiosII/port.o
 .debug_ranges  0x0000000000000040       0x38 obj/default/slaveSdram.o
 .debug_ranges  0x0000000000000078       0xa8 obj/default/tasks.o
 .debug_ranges  0x0000000000000120       0x38 obj/default/portable/GCC/NiosII/port_asm.o
 .debug_ranges  0x0000000000000158       0x10 ../slaveSdram_bsp//libhal_bsp.a(alt_irq_handler.o)
 .debug_ranges  0x0000000000000168       0x48 ../slaveSdram_bsp//libhal_bsp.a(alt_load.o)
 .debug_ranges  0x00000000000001b0       0x18 ../slaveSdram_bsp//libhal_bsp.a(alt_printf.o)
 .debug_ranges  0x00000000000001c8       0x18 ../slaveSdram_bsp//libhal_bsp.a(alt_sys_init.o)
 .debug_ranges  0x00000000000001e0       0x20 ../slaveSdram_bsp//libhal_bsp.a(alt_dev_llist_insert.o)
