Archive member included to satisfy reference by file (symbol)

/mnt/Storage/soft/nios2eds/bin/gnu/H-x86_64-pc-linux-gnu/bin/../lib/gcc/nios2-elf/4.9.1/mno-hw-mul/libgcc.a(lib2-mul.o)
                              obj/default/queue.o (__mulsi3)
/mnt/Storage/soft/nios2eds/bin/gnu/H-x86_64-pc-linux-gnu/bin/../lib/gcc/nios2-elf/4.9.1/../../../../../H-x86_64-pc-linux-gnu/nios2-elf/lib/mno-hw-mul/libsmallc.a(lib_a-memcpy.o)
                              obj/default/queue.o (memcpy)
/mnt/Storage/soft/nios2eds/bin/gnu/H-x86_64-pc-linux-gnu/bin/../lib/gcc/nios2-elf/4.9.1/../../../../../H-x86_64-pc-linux-gnu/nios2-elf/lib/mno-hw-mul/libsmallc.a(lib_a-memset.o)
                              obj/default/tasks.o (memset)
/mnt/Storage/soft/nios2eds/bin/gnu/H-x86_64-pc-linux-gnu/bin/../lib/gcc/nios2-elf/4.9.1/../../../../../H-x86_64-pc-linux-gnu/nios2-elf/lib/mno-hw-mul/libsmallc.a(lib_a-rand.o)
                              obj/default/master.o (rand)
/mnt/Storage/soft/nios2eds/bin/gnu/H-x86_64-pc-linux-gnu/bin/../lib/gcc/nios2-elf/4.9.1/mno-hw-mul/libgcc.a(_muldi3.o)
                              /mnt/Storage/soft/nios2eds/bin/gnu/H-x86_64-pc-linux-gnu/bin/../lib/gcc/nios2-elf/4.9.1/../../../../../H-x86_64-pc-linux-gnu/nios2-elf/lib/mno-hw-mul/libsmallc.a(lib_a-rand.o) (__muldi3)
../master_bsp//libhal_bsp.a(alt_irq_handler.o)
                              obj/default/portable/GCC/NiosII/port_asm.o (alt_irq_handler)
../master_bsp//libhal_bsp.a(alt_irq_vars.o)
                              obj/default/portable/GCC/NiosII/port.o (alt_irq_active)
../master_bsp//libhal_bsp.a(alt_load.o)
                              ../master_bsp//obj/HAL/src/crt0.o (alt_load)
../master_bsp//libhal_bsp.a(alt_main.o)
                              ../master_bsp//obj/HAL/src/crt0.o (alt_main)
../master_bsp//libhal_bsp.a(alt_printf.o)
                              obj/default/master.o (alt_printf)
../master_bsp//libhal_bsp.a(alt_putchar.o)
                              ../master_bsp//libhal_bsp.a(alt_printf.o) (alt_putchar)
../master_bsp//libhal_bsp.a(alt_putstr.o)
                              obj/default/master.o (alt_putstr)
../master_bsp//libhal_bsp.a(alt_sys_init.o)
                              ../master_bsp//libhal_bsp.a(alt_main.o) (alt_irq_init)
../master_bsp//libhal_bsp.a(altera_avalon_jtag_uart_write.o)
                              ../master_bsp//libhal_bsp.a(alt_putchar.o) (altera_avalon_jtag_uart_write)
../master_bsp//libhal_bsp.a(altera_avalon_mutex.o)
                              obj/default/asym.o (altera_avalon_mutex_open)
../master_bsp//libhal_bsp.a(alt_dcache_flush_all.o)
                              ../master_bsp//libhal_bsp.a(alt_load.o) (alt_dcache_flush_all)
../master_bsp//libhal_bsp.a(alt_dev_llist_insert.o)
                              ../master_bsp//libhal_bsp.a(alt_sys_init.o) (alt_dev_llist_insert)
../master_bsp//libhal_bsp.a(alt_errno.o)
                              ../master_bsp//libhal_bsp.a(altera_avalon_mutex.o) (alt_errno)
../master_bsp//libhal_bsp.a(alt_find_dev.o)
                              ../master_bsp//libhal_bsp.a(altera_avalon_mutex.o) (alt_find_dev)
../master_bsp//libhal_bsp.a(alt_icache_flush_all.o)
                              ../master_bsp//libhal_bsp.a(alt_load.o) (alt_icache_flush_all)
../master_bsp//libhal_bsp.a(altera_nios2_qsys_irq.o)
                              ../master_bsp//libhal_bsp.a(alt_sys_init.o) (altera_nios2_qsys_irq_init)
/mnt/Storage/soft/nios2eds/bin/gnu/H-x86_64-pc-linux-gnu/bin/../lib/gcc/nios2-elf/4.9.1/../../../../../H-x86_64-pc-linux-gnu/nios2-elf/lib/mno-hw-mul/libsmallc.a(lib_a-int_errno.o)
                              ../master_bsp//libhal_bsp.a(altera_avalon_mutex.o) (errno)
/mnt/Storage/soft/nios2eds/bin/gnu/H-x86_64-pc-linux-gnu/bin/../lib/gcc/nios2-elf/4.9.1/../../../../../H-x86_64-pc-linux-gnu/nios2-elf/lib/mno-hw-mul/libsmallc.a(lib_a-memcmp.o)
                              ../master_bsp//libhal_bsp.a(alt_find_dev.o) (memcmp)
/mnt/Storage/soft/nios2eds/bin/gnu/H-x86_64-pc-linux-gnu/bin/../lib/gcc/nios2-elf/4.9.1/../../../../../H-x86_64-pc-linux-gnu/nios2-elf/lib/mno-hw-mul/libsmallc.a(lib_a-strlen.o)
                              ../master_bsp//libhal_bsp.a(alt_putstr.o) (strlen)

Allocating common symbols
Common symbol       size              file

alt_irq             0x100             ../master_bsp//libhal_bsp.a(alt_irq_handler.o)
errno               0x4               /mnt/Storage/soft/nios2eds/bin/gnu/H-x86_64-pc-linux-gnu/bin/../lib/gcc/nios2-elf/4.9.1/../../../../../H-x86_64-pc-linux-gnu/nios2-elf/lib/mno-hw-mul/libsmallc.a(lib_a-int_errno.o)

Memory Configuration

Name             Origin             Length             Attributes
reset            0x0000000000000000 0x0000000000000020
onchip_memory2_0 0x0000000000000020 0x0000000000007570
memory_buff      0x0000000000008000 0x0000000000001fa0
*default*        0x0000000000000000 0xffffffffffffffff

Linker script and memory map

LOAD ../master_bsp//obj/HAL/src/crt0.o
LOAD obj/default/asym.o
LOAD obj/default/croutine.o
LOAD obj/default/list.o
LOAD obj/default/master.o
LOAD obj/default/portable/GCC/NiosII/port.o
LOAD obj/default/portable/MemMang/heap_1.o
LOAD obj/default/queue.o
LOAD obj/default/tasks.o
LOAD obj/default/timers.o
LOAD obj/default/portable/GCC/NiosII/port_asm.o
LOAD /mnt/Storage/soft/nios2eds/bin/gnu/H-x86_64-pc-linux-gnu/bin/../lib/gcc/nios2-elf/4.9.1/../../../../../H-x86_64-pc-linux-gnu/nios2-elf/lib/mno-hw-mul/libstdc++.a
LOAD /mnt/Storage/soft/nios2eds/bin/gnu/H-x86_64-pc-linux-gnu/bin/../lib/gcc/nios2-elf/4.9.1/../../../../../H-x86_64-pc-linux-gnu/nios2-elf/lib/mno-hw-mul/libm.a
LOAD /mnt/Storage/soft/nios2eds/bin/gnu/H-x86_64-pc-linux-gnu/bin/../lib/gcc/nios2-elf/4.9.1/mno-hw-mul/libgcc.a
START GROUP
LOAD /mnt/Storage/soft/nios2eds/bin/gnu/H-x86_64-pc-linux-gnu/bin/../lib/gcc/nios2-elf/4.9.1/../../../../../H-x86_64-pc-linux-gnu/nios2-elf/lib/mno-hw-mul/libsmallc.a
LOAD /mnt/Storage/soft/nios2eds/bin/gnu/H-x86_64-pc-linux-gnu/bin/../lib/gcc/nios2-elf/4.9.1/mno-hw-mul/libgcc.a
LOAD ../master_bsp//libhal_bsp.a
LOAD /mnt/Storage/soft/nios2eds/bin/gnu/H-x86_64-pc-linux-gnu/bin/../lib/gcc/nios2-elf/4.9.1/../../../../../H-x86_64-pc-linux-gnu/nios2-elf/lib/mno-hw-mul/libm.a
END GROUP
LOAD /mnt/Storage/soft/nios2eds/bin/gnu/H-x86_64-pc-linux-gnu/bin/../lib/gcc/nios2-elf/4.9.1/mno-hw-mul/libgcc.a
                0x0000000000000000                __alt_mem_onchip_memory2_0 = 0x0
                0x0000000000008000                __alt_mem_memory_buff = 0x8000

.entry          0x0000000000000000       0x20
 *(.entry)
 .entry         0x0000000000000000       0x20 ../master_bsp//obj/HAL/src/crt0.o
                0x0000000000000000                __reset
                0x000000000000000c                _exit

.exceptions     0x0000000000000020      0x1bc
                0x0000000000000020                PROVIDE (__ram_exceptions_start, ABSOLUTE (.))
                0x0000000000000020                . = ALIGN (0x20)
 *(.irq)
 *(.exceptions.entry.label)
 *(.exceptions.entry.user)
 *(.exceptions.entry.ecc_fatal)
 *(.exceptions.entry)
 .exceptions.entry
                0x0000000000000020       0x8c obj/default/portable/GCC/NiosII/port_asm.o
 *(.exceptions.irqtest.user)
 *(.exceptions.irqtest)
 .exceptions.irqtest
                0x00000000000000ac       0x14 obj/default/portable/GCC/NiosII/port_asm.o
 *(.exceptions.irqhandler.user)
 *(.exceptions.irqhandler)
 .exceptions.irqhandler
                0x00000000000000c0        0x4 obj/default/portable/GCC/NiosII/port_asm.o
 *(.exceptions.irqreturn.user)
 *(.exceptions.irqreturn)
 .exceptions.irqreturn
                0x00000000000000c4       0x8c obj/default/portable/GCC/NiosII/port_asm.o
                0x00000000000000c4                restore_sp_from_pxCurrentTCB
 *(.exceptions.notirq.label)
 *(.exceptions.notirq.user)
 *(.exceptions.notirq)
 *(.exceptions.soft.user)
 *(.exceptions.soft)
 .exceptions.soft
                0x0000000000000150       0x2c obj/default/portable/GCC/NiosII/port_asm.o
 *(.exceptions.unknown.user)
 *(.exceptions.unknown)
 *(.exceptions.exit.label)
 *(.exceptions.exit.user)
 *(.exceptions.exit)
 *(.exceptions)
 .exceptions    0x000000000000017c       0x60 ../master_bsp//libhal_bsp.a(alt_irq_handler.o)
                0x000000000000017c                alt_irq_handler
                0x00000000000001dc                PROVIDE (__ram_exceptions_end, ABSOLUTE (.))
                0x0000000000000020                PROVIDE (__flash_exceptions_start, LOADADDR (.exceptions))

.text           0x00000000000001dc     0x302c
                0x00000000000001dc                PROVIDE (stext, ABSOLUTE (.))
 *(.interp)
 *(.hash)
 *(.dynsym)
 *(.dynstr)
 *(.gnu.version)
 *(.gnu.version_d)
 *(.gnu.version_r)
 *(.rel.init)
 *(.rela.init)
 *(.rel.text .rel.text.* .rel.gnu.linkonce.t.*)
 *(.rela.text .rela.text.* .rela.gnu.linkonce.t.*)
 *(.rel.fini)
 *(.rela.fini)
 *(.rel.rodata .rel.rodata.* .rel.gnu.linkonce.r.*)
 *(.rela.rodata .rela.rodata.* .rela.gnu.linkonce.r.*)
 *(.rel.data .rel.data.* .rel.gnu.linkonce.d.*)
 *(.rela.data .rela.data.* .rela.gnu.linkonce.d.*)
 *(.rel.tdata .rel.tdata.* .rel.gnu.linkonce.td.*)
 *(.rela.tdata .rela.tdata.* .rela.gnu.linkonce.td.*)
 *(.rel.tbss .rel.tbss.* .rel.gnu.linkonce.tb.*)
 *(.rela.tbss .rela.tbss.* .rela.gnu.linkonce.tb.*)
 *(.rel.ctors)
 *(.rela.ctors)
 *(.rel.dtors)
 *(.rela.dtors)
 *(.rel.got)
 *(.rela.got)
 *(.rel.sdata .rel.sdata.* .rel.gnu.linkonce.s.*)
 *(.rela.sdata .rela.sdata.* .rela.gnu.linkonce.s.*)
 *(.rel.sbss .rel.sbss.* .rel.gnu.linkonce.sb.*)
 *(.rela.sbss .rela.sbss.* .rela.gnu.linkonce.sb.*)
 *(.rel.sdata2 .rel.sdata2.* .rel.gnu.linkonce.s2.*)
 *(.rela.sdata2 .rela.sdata2.* .rela.gnu.linkonce.s2.*)
 *(.rel.sbss2 .rel.sbss2.* .rel.gnu.linkonce.sb2.*)
 *(.rela.sbss2 .rela.sbss2.* .rela.gnu.linkonce.sb2.*)
 *(.rel.bss .rel.bss.* .rel.gnu.linkonce.b.*)
 *(.rela.bss .rela.bss.* .rela.gnu.linkonce.b.*)
 *(.rel.plt)
 *(.rela.plt)
 *(.rel.dyn)
 *(.init)
 *(.plt)
 *(.text .stub .text.* .gnu.linkonce.t.*)
 .text          0x00000000000001dc       0x3c ../master_bsp//obj/HAL/src/crt0.o
                0x00000000000001dc                _start
 .text          0x0000000000000218      0x328 obj/default/asym.o
                0x0000000000000218                xAsymMutexInit
                0x0000000000000258                xAsymReqQueuInit
                0x00000000000002f0                xAsymSendReq
                0x0000000000000404                vAsymUpdateFinishedReq
                0x0000000000000484                vAsymSemaphorePolling
                0x000000000000049c                xAsymGetReq
                0x0000000000000504                xAsymReqQueueNotEmpty
 .text          0x0000000000000540        0x0 obj/default/croutine.o
 .text          0x0000000000000540       0xe4 obj/default/list.o
                0x0000000000000540                vListInitialise
                0x0000000000000560                vListInitialiseItem
                0x0000000000000568                vListInsertEnd
                0x0000000000000598                vListInsert
                0x00000000000005ec                uxListRemove
 .text          0x0000000000000624       0xa8 obj/default/master.o
                0x0000000000000624                masterTask
                0x00000000000006b0                readyTask
 .text.startup  0x00000000000006cc       0xb4 obj/default/master.o
                0x00000000000006cc                main
 .text          0x0000000000000780      0x184 obj/default/portable/GCC/NiosII/port.o
                0x0000000000000780                vPortSysTickHandler
                0x00000000000007ac                pxPortInitialiseStack
                0x00000000000007ec                vPortEndScheduler
                0x00000000000007f0                alt_irq_register
                0x0000000000000888                xPortStartScheduler
 .text          0x0000000000000904       0xa8 obj/default/portable/MemMang/heap_1.o
                0x0000000000000904                pvPortMalloc
                0x0000000000000990                vPortFree
                0x0000000000000994                vPortInitialiseBlocks
                0x000000000000099c                xPortGetFreeHeapSize
 .text          0x00000000000009ac      0xa48 obj/default/queue.o
                0x0000000000000b68                xQueueGenericReset
                0x0000000000000c20                xQueueGenericCreate
                0x0000000000000cac                xQueueCreateCountingSemaphore
                0x0000000000000ce0                xQueueGenericSend
                0x0000000000000e5c                xQueueCreateMutex
                0x0000000000000edc                xQueueGiveMutexRecursive
                0x0000000000000f3c                xQueueGenericSendFromISR
                0x0000000000000fcc                xQueueGiveFromISR
                0x000000000000105c                xQueueGenericReceive
                0x0000000000001204                xQueueTakeMutexRecursive
                0x0000000000001288                xQueueReceiveFromISR
                0x0000000000001314                xQueuePeekFromISR
                0x000000000000135c                uxQueueMessagesWaiting
                0x000000000000138c                uxQueueSpacesAvailable
                0x00000000000013cc                uxQueueMessagesWaitingFromISR
                0x00000000000013d4                vQueueDelete
                0x00000000000013d8                xQueueIsQueueEmptyFromISR
                0x00000000000013e4                xQueueIsQueueFullFromISR
 .text          0x00000000000013f4     0x166c obj/default/tasks.o
                0x00000000000014a8                uxTaskPriorityGetFromISR
                0x00000000000014b8                xTaskResumeFromISR
                0x0000000000001560                vTaskEndScheduler
                0x0000000000001578                vTaskSuspendAll
                0x0000000000001588                xTaskGetTickCount
                0x0000000000001590                xTaskGetTickCountFromISR
                0x0000000000001598                uxTaskGetNumberOfTasks
                0x00000000000015a0                xTaskIncrementTick
                0x00000000000016fc                vTaskSwitchContext
                0x00000000000017c4                vTaskPlaceOnEventList
                0x000000000000182c                vTaskPlaceOnUnorderedEventList
                0x00000000000018a0                xTaskRemoveFromEventList
                0x0000000000001944                xTaskRemoveFromUnorderedEventList
                0x00000000000019d0                vTaskSetTimeOutState
                0x00000000000019e4                vTaskMissedYield
                0x00000000000019f0                uxTaskGetStackHighWaterMark
                0x0000000000001a24                xTaskGetCurrentTaskHandle
                0x0000000000001a2c                vTaskPriorityInherit
                0x0000000000001b08                xTaskPriorityDisinherit
                0x0000000000001ba4                vTaskEnterCritical
                0x0000000000001bd4                vTaskExitCritical
                0x0000000000001c10                xTaskGenericCreate
                0x0000000000001e8c                vTaskStartScheduler
                0x0000000000001f00                vTaskDelete
                0x0000000000001fb0                uxTaskPriorityGet
                0x0000000000001fe8                vTaskPrioritySet
                0x00000000000020ec                vTaskSuspend
                0x00000000000021c8                vTaskResume
                0x0000000000002260                xTaskResumeAll
                0x0000000000002384                vTaskDelayUntil
                0x000000000000240c                vTaskDelay
                0x00000000000024e0                xTaskCheckForTimeOut
                0x0000000000002560                uxTaskResetEventItemValue
                0x0000000000002584                pvTaskIncrementMutexHeldCount
                0x00000000000025a4                ulTaskNotifyTake
                0x000000000000266c                xTaskNotifyWait
                0x0000000000002778                xTaskGenericNotify
                0x0000000000002888                xTaskGenericNotifyFromISR
                0x00000000000029a0                vTaskNotifyGiveFromISR
 .text          0x0000000000002a60        0x0 obj/default/timers.o
 .text          0x0000000000002a60        0x0 obj/default/portable/GCC/NiosII/port_asm.o
 .text          0x0000000000002a60       0x28 /mnt/Storage/soft/nios2eds/bin/gnu/H-x86_64-pc-linux-gnu/bin/../lib/gcc/nios2-elf/4.9.1/mno-hw-mul/libgcc.a(lib2-mul.o)
                0x0000000000002a60                __mulsi3
 .text          0x0000000000002a88       0x28 /mnt/Storage/soft/nios2eds/bin/gnu/H-x86_64-pc-linux-gnu/bin/../lib/gcc/nios2-elf/4.9.1/../../../../../H-x86_64-pc-linux-gnu/nios2-elf/lib/mno-hw-mul/libsmallc.a(lib_a-memcpy.o)
                0x0000000000002a88                memcpy
 .text          0x0000000000002ab0       0x20 /mnt/Storage/soft/nios2eds/bin/gnu/H-x86_64-pc-linux-gnu/bin/../lib/gcc/nios2-elf/4.9.1/../../../../../H-x86_64-pc-linux-gnu/nios2-elf/lib/mno-hw-mul/libsmallc.a(lib_a-memset.o)
                0x0000000000002ab0                memset
 .text          0x0000000000002ad0       0x6c /mnt/Storage/soft/nios2eds/bin/gnu/H-x86_64-pc-linux-gnu/bin/../lib/gcc/nios2-elf/4.9.1/../../../../../H-x86_64-pc-linux-gnu/nios2-elf/lib/mno-hw-mul/libsmallc.a(lib_a-rand.o)
                0x0000000000002ad0                srand
                0x0000000000002ae0                rand
 .text          0x0000000000002b3c      0x10c /mnt/Storage/soft/nios2eds/bin/gnu/H-x86_64-pc-linux-gnu/bin/../lib/gcc/nios2-elf/4.9.1/mno-hw-mul/libgcc.a(_muldi3.o)
                0x0000000000002b3c                __muldi3
 .text          0x0000000000002c48        0x0 ../master_bsp//libhal_bsp.a(alt_irq_handler.o)
 .text          0x0000000000002c48        0x0 ../master_bsp//libhal_bsp.a(alt_irq_vars.o)
 .text          0x0000000000002c48       0xf8 ../master_bsp//libhal_bsp.a(alt_load.o)
                0x0000000000002c48                alt_load
 .text          0x0000000000002d40       0x2c ../master_bsp//libhal_bsp.a(alt_main.o)
                0x0000000000002d40                alt_main
 .text          0x0000000000002d6c      0x16c ../master_bsp//libhal_bsp.a(alt_printf.o)
                0x0000000000002d6c                alt_printf
 .text          0x0000000000002ed8       0x48 ../master_bsp//libhal_bsp.a(alt_putchar.o)
                0x0000000000002ed8                alt_putchar
 .text          0x0000000000002f20       0x38 ../master_bsp//libhal_bsp.a(alt_putstr.o)
                0x0000000000002f20                alt_putstr
 .text          0x0000000000002f58       0x34 ../master_bsp//libhal_bsp.a(alt_sys_init.o)
                0x0000000000002f58                alt_irq_init
                0x0000000000002f78                alt_sys_init
 .text          0x0000000000002f8c       0x34 ../master_bsp//libhal_bsp.a(altera_avalon_jtag_uart_write.o)
                0x0000000000002f8c                altera_avalon_jtag_uart_write
 .text          0x0000000000002fc0      0x100 ../master_bsp//libhal_bsp.a(altera_avalon_mutex.o)
                0x0000000000002fc0                altera_avalon_mutex_open
                0x0000000000003018                altera_avalon_mutex_close
                0x000000000000301c                altera_avalon_mutex_lock
                0x0000000000003040                altera_avalon_mutex_trylock
                0x0000000000003068                altera_avalon_mutex_unlock
                0x0000000000003088                altera_avalon_mutex_is_mine
                0x00000000000030b0                altera_avalon_mutex_first_lock
 .text          0x00000000000030c0        0x4 ../master_bsp//libhal_bsp.a(alt_dcache_flush_all.o)
                0x00000000000030c0                alt_dcache_flush_all
 .text          0x00000000000030c4       0x78 ../master_bsp//libhal_bsp.a(alt_dev_llist_insert.o)
                0x00000000000030c4                alt_dev_llist_insert
 .text          0x000000000000313c        0x0 ../master_bsp//libhal_bsp.a(alt_errno.o)
 .text          0x000000000000313c       0x74 ../master_bsp//libhal_bsp.a(alt_find_dev.o)
                0x000000000000313c                alt_find_dev
 .text          0x00000000000031b0        0x4 ../master_bsp//libhal_bsp.a(alt_icache_flush_all.o)
                0x00000000000031b0                alt_icache_flush_all
 .text          0x00000000000031b4        0x8 ../master_bsp//libhal_bsp.a(altera_nios2_qsys_irq.o)
                0x00000000000031b4                altera_nios2_qsys_irq_init
 .text          0x00000000000031bc        0x0 /mnt/Storage/soft/nios2eds/bin/gnu/H-x86_64-pc-linux-gnu/bin/../lib/gcc/nios2-elf/4.9.1/../../../../../H-x86_64-pc-linux-gnu/nios2-elf/lib/mno-hw-mul/libsmallc.a(lib_a-int_errno.o)
 .text          0x00000000000031bc       0x30 /mnt/Storage/soft/nios2eds/bin/gnu/H-x86_64-pc-linux-gnu/bin/../lib/gcc/nios2-elf/4.9.1/../../../../../H-x86_64-pc-linux-gnu/nios2-elf/lib/mno-hw-mul/libsmallc.a(lib_a-memcmp.o)
                0x00000000000031bc                memcmp
 .text          0x00000000000031ec       0x1c /mnt/Storage/soft/nios2eds/bin/gnu/H-x86_64-pc-linux-gnu/bin/../lib/gcc/nios2-elf/4.9.1/../../../../../H-x86_64-pc-linux-gnu/nios2-elf/lib/mno-hw-mul/libsmallc.a(lib_a-strlen.o)
                0x00000000000031ec                strlen
 *(.gnu.warning.*)
 *(.fini)
                0x0000000000003208                PROVIDE (__etext, ABSOLUTE (.))
                0x0000000000003208                PROVIDE (_etext, ABSOLUTE (.))
                0x0000000000003208                PROVIDE (etext, ABSOLUTE (.))
 *(.eh_frame_hdr)
                0x0000000000003208                . = ALIGN (0x4)
                0x0000000000003208                PROVIDE (__preinit_array_start, ABSOLUTE (.))
 *(.preinit_array)
                0x0000000000003208                PROVIDE (__preinit_array_end, ABSOLUTE (.))
                0x0000000000003208                PROVIDE (__init_array_start, ABSOLUTE (.))
 *(.init_array)
                0x0000000000003208                PROVIDE (__init_array_end, ABSOLUTE (.))
                0x0000000000003208                PROVIDE (__fini_array_start, ABSOLUTE (.))
 *(.fini_array)
                0x0000000000003208                PROVIDE (__fini_array_end, ABSOLUTE (.))
 *(.eh_frame)
 *(.gcc_except_table .gcc_except_table.*)
 *(.dynamic)
                0x0000000000003208                PROVIDE (__CTOR_LIST__, ABSOLUTE (.))
 *(.ctors)
 *(SORT(.ctors.*))
                0x0000000000003208                PROVIDE (__CTOR_END__, ABSOLUTE (.))
                0x0000000000003208                PROVIDE (__DTOR_LIST__, ABSOLUTE (.))
 *(.dtors)
 *(SORT(.dtors.*))
                0x0000000000003208                PROVIDE (__DTOR_END__, ABSOLUTE (.))
 *(.jcr)
                0x0000000000003208                . = ALIGN (0x4)

.rodata         0x0000000000003208       0xa0
                0x0000000000003208                PROVIDE (__ram_rodata_start, ABSOLUTE (.))
                0x0000000000003208                . = ALIGN (0x4)
 *(.rodata .rodata.* .gnu.linkonce.r.*)
 .rodata.str1.4
                0x0000000000003208       0x18 obj/default/asym.o
 .rodata.str1.4
                0x0000000000003220       0x7f obj/default/master.o
                                         0x80 (size before relaxing)
 *fill*         0x000000000000329f        0x1 
 .rodata.str1.4
                0x00000000000032a0        0x8 obj/default/tasks.o
 .rodata.str1.4
                0x0000000000000000       0x10 ../master_bsp//libhal_bsp.a(alt_sys_init.o)
 *(.rodata1)
                0x00000000000032a8                . = ALIGN (0x4)
                0x00000000000032a8                PROVIDE (__ram_rodata_end, ABSOLUTE (.))
                0x0000000000003208                PROVIDE (__flash_rodata_start, LOADADDR (.rodata))

.rwdata         0x00000000000032a8       0x24 load address 0x00000000000032cc
                0x00000000000032a8                PROVIDE (__ram_rwdata_start, ABSOLUTE (.))
                0x00000000000032a8                . = ALIGN (0x4)
 *(.got.plt)
 *(.got)
 *(.data1)
 *(.data .data.* .gnu.linkonce.d.*)
 .data          0x00000000000032a8        0x0 ../master_bsp//obj/HAL/src/crt0.o
 .data          0x00000000000032a8        0x0 obj/default/asym.o
 .data          0x00000000000032a8        0x0 obj/default/croutine.o
 .data          0x00000000000032a8        0x0 obj/default/list.o
 .data          0x00000000000032a8        0x0 obj/default/master.o
 .data          0x00000000000032a8        0x0 obj/default/portable/GCC/NiosII/port.o
 .data          0x00000000000032a8        0x0 obj/default/portable/MemMang/heap_1.o
 .data          0x00000000000032a8        0x0 obj/default/queue.o
 .data          0x00000000000032a8        0x0 obj/default/tasks.o
 .data          0x00000000000032a8        0x0 obj/default/timers.o
 .data          0x00000000000032a8        0x0 obj/default/portable/GCC/NiosII/port_asm.o
 .data          0x00000000000032a8        0x0 /mnt/Storage/soft/nios2eds/bin/gnu/H-x86_64-pc-linux-gnu/bin/../lib/gcc/nios2-elf/4.9.1/mno-hw-mul/libgcc.a(lib2-mul.o)
 .data          0x00000000000032a8        0x0 /mnt/Storage/soft/nios2eds/bin/gnu/H-x86_64-pc-linux-gnu/bin/../lib/gcc/nios2-elf/4.9.1/../../../../../H-x86_64-pc-linux-gnu/nios2-elf/lib/mno-hw-mul/libsmallc.a(lib_a-memcpy.o)
 .data          0x00000000000032a8        0x0 /mnt/Storage/soft/nios2eds/bin/gnu/H-x86_64-pc-linux-gnu/bin/../lib/gcc/nios2-elf/4.9.1/../../../../../H-x86_64-pc-linux-gnu/nios2-elf/lib/mno-hw-mul/libsmallc.a(lib_a-memset.o)
 .data          0x00000000000032a8        0x0 /mnt/Storage/soft/nios2eds/bin/gnu/H-x86_64-pc-linux-gnu/bin/../lib/gcc/nios2-elf/4.9.1/../../../../../H-x86_64-pc-linux-gnu/nios2-elf/lib/mno-hw-mul/libsmallc.a(lib_a-rand.o)
 .data          0x00000000000032a8        0x0 /mnt/Storage/soft/nios2eds/bin/gnu/H-x86_64-pc-linux-gnu/bin/../lib/gcc/nios2-elf/4.9.1/mno-hw-mul/libgcc.a(_muldi3.o)
 .data          0x00000000000032a8        0x0 ../master_bsp//libhal_bsp.a(alt_irq_handler.o)
 .data          0x00000000000032a8        0x0 ../master_bsp//libhal_bsp.a(alt_irq_vars.o)
 .data          0x00000000000032a8        0x0 ../master_bsp//libhal_bsp.a(alt_load.o)
 .data          0x00000000000032a8        0x0 ../master_bsp//libhal_bsp.a(alt_main.o)
 .data          0x00000000000032a8        0x0 ../master_bsp//libhal_bsp.a(alt_printf.o)
 .data          0x00000000000032a8        0x0 ../master_bsp//libhal_bsp.a(alt_putchar.o)
 .data          0x00000000000032a8        0x0 ../master_bsp//libhal_bsp.a(alt_putstr.o)
 .data          0x00000000000032a8       0x10 ../master_bsp//libhal_bsp.a(alt_sys_init.o)
 .data          0x00000000000032b8        0x0 ../master_bsp//libhal_bsp.a(altera_avalon_jtag_uart_write.o)
 .data          0x00000000000032b8        0x0 ../master_bsp//libhal_bsp.a(altera_avalon_mutex.o)
 .data          0x00000000000032b8        0x0 ../master_bsp//libhal_bsp.a(alt_dcache_flush_all.o)
 .data          0x00000000000032b8        0x0 ../master_bsp//libhal_bsp.a(alt_dev_llist_insert.o)
 .data          0x00000000000032b8        0x0 ../master_bsp//libhal_bsp.a(alt_errno.o)
 .data          0x00000000000032b8        0x0 ../master_bsp//libhal_bsp.a(alt_find_dev.o)
 .data          0x00000000000032b8        0x0 ../master_bsp//libhal_bsp.a(alt_icache_flush_all.o)
 .data          0x00000000000032b8        0x0 ../master_bsp//libhal_bsp.a(altera_nios2_qsys_irq.o)
 .data          0x00000000000032b8        0x0 /mnt/Storage/soft/nios2eds/bin/gnu/H-x86_64-pc-linux-gnu/bin/../lib/gcc/nios2-elf/4.9.1/../../../../../H-x86_64-pc-linux-gnu/nios2-elf/lib/mno-hw-mul/libsmallc.a(lib_a-int_errno.o)
 .data          0x00000000000032b8        0x0 /mnt/Storage/soft/nios2eds/bin/gnu/H-x86_64-pc-linux-gnu/bin/../lib/gcc/nios2-elf/4.9.1/../../../../../H-x86_64-pc-linux-gnu/nios2-elf/lib/mno-hw-mul/libsmallc.a(lib_a-memcmp.o)
 .data          0x00000000000032b8        0x0 /mnt/Storage/soft/nios2eds/bin/gnu/H-x86_64-pc-linux-gnu/bin/../lib/gcc/nios2-elf/4.9.1/../../../../../H-x86_64-pc-linux-gnu/nios2-elf/lib/mno-hw-mul/libsmallc.a(lib_a-strlen.o)
                0x000000000000b2b8                _gp = ABSOLUTE ((. + 0x8000))
                0x000000000000b2b8                PROVIDE (gp, _gp)
 *(.rwdata .rwdata.*)
 *(.sdata .sdata.* .gnu.linkonce.s.*)
 .sdata         0x00000000000032b8        0x4 ../master_bsp//libhal_bsp.a(alt_irq_vars.o)
                0x00000000000032b8                alt_priority_mask
 .sdata         0x00000000000032bc        0x4 ../master_bsp//libhal_bsp.a(alt_sys_init.o)
                0x00000000000032bc                jtag_uart_0
 .sdata         0x00000000000032c0        0x8 ../master_bsp//libhal_bsp.a(altera_avalon_mutex.o)
                0x00000000000032c0                alt_mutex_list
 .sdata         0x00000000000032c8        0x4 ../master_bsp//libhal_bsp.a(alt_errno.o)
                0x00000000000032c8                alt_errno
 *(.sdata2 .sdata2.* .gnu.linkonce.s2.*)
                0x00000000000032cc                . = ALIGN (0x4)
                0x00000000000032cc                _edata = ABSOLUTE (.)
                0x00000000000032cc                PROVIDE (edata, ABSOLUTE (.))
                0x00000000000032cc                PROVIDE (__ram_rwdata_end, ABSOLUTE (.))
                0x00000000000032cc                PROVIDE (__flash_rwdata_start, LOADADDR (.rwdata))

.bss            0x00000000000032f0     0x3cd8
                0x00000000000032f0                __bss_start = ABSOLUTE (.)
                0x00000000000032f0                PROVIDE (__sbss_start, ABSOLUTE (.))
                0x00000000000032f0                PROVIDE (___sbss_start, ABSOLUTE (.))
 *(.dynsbss)
 *(.sbss .sbss.* .gnu.linkonce.sb.*)
 .sbss          0x00000000000032f0        0x4 obj/default/asym.o
 .sbss          0x00000000000032f4        0x8 obj/default/portable/MemMang/heap_1.o
 .sbss          0x00000000000032fc       0x38 obj/default/tasks.o
                0x0000000000003330                pxCurrentTCB
 .sbss          0x0000000000003334        0x8 /mnt/Storage/soft/nios2eds/bin/gnu/H-x86_64-pc-linux-gnu/bin/../lib/gcc/nios2-elf/4.9.1/../../../../../H-x86_64-pc-linux-gnu/nios2-elf/lib/mno-hw-mul/libsmallc.a(lib_a-rand.o)
 .sbss          0x000000000000333c        0x4 ../master_bsp//libhal_bsp.a(alt_irq_vars.o)
                0x000000000000333c                alt_irq_active
 .sbss          0x0000000000003340        0xc ../master_bsp//libhal_bsp.a(alt_main.o)
                0x0000000000003340                alt_envp
                0x0000000000003344                alt_argv
                0x0000000000003348                alt_argc
 .sbss          0x000000000000334c        0x4 /mnt/Storage/soft/nios2eds/bin/gnu/H-x86_64-pc-linux-gnu/bin/../lib/gcc/nios2-elf/4.9.1/../../../../../H-x86_64-pc-linux-gnu/nios2-elf/lib/mno-hw-mul/libsmallc.a(lib_a-int_errno.o)
                0x000000000000334c                errno
 *(.sbss2 .sbss2.* .gnu.linkonce.sb2.*)
 *(.scommon)
                0x0000000000003350                PROVIDE (__sbss_end, ABSOLUTE (.))
                0x0000000000003350                PROVIDE (___sbss_end, ABSOLUTE (.))
 *(.dynbss)
 *(.bss .bss.* .gnu.linkonce.b.*)
 .bss           0x0000000000003350        0x0 ../master_bsp//obj/HAL/src/crt0.o
 .bss           0x0000000000003350        0x0 obj/default/asym.o
 .bss           0x0000000000003350        0x0 obj/default/croutine.o
 .bss           0x0000000000003350        0x0 obj/default/list.o
 .bss           0x0000000000003350        0x0 obj/default/master.o
 .bss           0x0000000000003350        0x0 obj/default/portable/GCC/NiosII/port.o
 .bss           0x0000000000003350     0x3ab0 obj/default/portable/MemMang/heap_1.o
 .bss           0x0000000000006e00        0x0 obj/default/queue.o
 .bss           0x0000000000006e00       0xc8 obj/default/tasks.o
 .bss           0x0000000000006ec8        0x0 obj/default/timers.o
 .bss           0x0000000000006ec8        0x0 obj/default/portable/GCC/NiosII/port_asm.o
 .bss           0x0000000000006ec8        0x0 /mnt/Storage/soft/nios2eds/bin/gnu/H-x86_64-pc-linux-gnu/bin/../lib/gcc/nios2-elf/4.9.1/mno-hw-mul/libgcc.a(lib2-mul.o)
 .bss           0x0000000000006ec8        0x0 /mnt/Storage/soft/nios2eds/bin/gnu/H-x86_64-pc-linux-gnu/bin/../lib/gcc/nios2-elf/4.9.1/../../../../../H-x86_64-pc-linux-gnu/nios2-elf/lib/mno-hw-mul/libsmallc.a(lib_a-memcpy.o)
 .bss           0x0000000000006ec8        0x0 /mnt/Storage/soft/nios2eds/bin/gnu/H-x86_64-pc-linux-gnu/bin/../lib/gcc/nios2-elf/4.9.1/../../../../../H-x86_64-pc-linux-gnu/nios2-elf/lib/mno-hw-mul/libsmallc.a(lib_a-memset.o)
 .bss           0x0000000000006ec8        0x0 /mnt/Storage/soft/nios2eds/bin/gnu/H-x86_64-pc-linux-gnu/bin/../lib/gcc/nios2-elf/4.9.1/../../../../../H-x86_64-pc-linux-gnu/nios2-elf/lib/mno-hw-mul/libsmallc.a(lib_a-rand.o)
 .bss           0x0000000000006ec8        0x0 /mnt/Storage/soft/nios2eds/bin/gnu/H-x86_64-pc-linux-gnu/bin/../lib/gcc/nios2-elf/4.9.1/mno-hw-mul/libgcc.a(_muldi3.o)
 .bss           0x0000000000006ec8        0x0 ../master_bsp//libhal_bsp.a(alt_irq_handler.o)
 .bss           0x0000000000006ec8        0x0 ../master_bsp//libhal_bsp.a(alt_irq_vars.o)
 .bss           0x0000000000006ec8        0x0 ../master_bsp//libhal_bsp.a(alt_load.o)
 .bss           0x0000000000006ec8        0x0 ../master_bsp//libhal_bsp.a(alt_main.o)
 .bss           0x0000000000006ec8        0x0 ../master_bsp//libhal_bsp.a(alt_printf.o)
 .bss           0x0000000000006ec8        0x0 ../master_bsp//libhal_bsp.a(alt_putchar.o)
 .bss           0x0000000000006ec8        0x0 ../master_bsp//libhal_bsp.a(alt_putstr.o)
 .bss           0x0000000000006ec8        0x0 ../master_bsp//libhal_bsp.a(alt_sys_init.o)
 .bss           0x0000000000006ec8        0x0 ../master_bsp//libhal_bsp.a(altera_avalon_jtag_uart_write.o)
 .bss           0x0000000000006ec8        0x0 ../master_bsp//libhal_bsp.a(altera_avalon_mutex.o)
 .bss           0x0000000000006ec8        0x0 ../master_bsp//libhal_bsp.a(alt_dcache_flush_all.o)
 .bss           0x0000000000006ec8        0x0 ../master_bsp//libhal_bsp.a(alt_dev_llist_insert.o)
 .bss           0x0000000000006ec8        0x0 ../master_bsp//libhal_bsp.a(alt_errno.o)
 .bss           0x0000000000006ec8        0x0 ../master_bsp//libhal_bsp.a(alt_find_dev.o)
 .bss           0x0000000000006ec8        0x0 ../master_bsp//libhal_bsp.a(alt_icache_flush_all.o)
 .bss           0x0000000000006ec8        0x0 ../master_bsp//libhal_bsp.a(altera_nios2_qsys_irq.o)
 .bss           0x0000000000006ec8        0x0 /mnt/Storage/soft/nios2eds/bin/gnu/H-x86_64-pc-linux-gnu/bin/../lib/gcc/nios2-elf/4.9.1/../../../../../H-x86_64-pc-linux-gnu/nios2-elf/lib/mno-hw-mul/libsmallc.a(lib_a-int_errno.o)
 .bss           0x0000000000006ec8        0x0 /mnt/Storage/soft/nios2eds/bin/gnu/H-x86_64-pc-linux-gnu/bin/../lib/gcc/nios2-elf/4.9.1/../../../../../H-x86_64-pc-linux-gnu/nios2-elf/lib/mno-hw-mul/libsmallc.a(lib_a-memcmp.o)
 .bss           0x0000000000006ec8        0x0 /mnt/Storage/soft/nios2eds/bin/gnu/H-x86_64-pc-linux-gnu/bin/../lib/gcc/nios2-elf/4.9.1/../../../../../H-x86_64-pc-linux-gnu/nios2-elf/lib/mno-hw-mul/libsmallc.a(lib_a-strlen.o)
 *(COMMON)
 COMMON         0x0000000000006ec8      0x100 ../master_bsp//libhal_bsp.a(alt_irq_handler.o)
                0x0000000000006ec8                alt_irq
                0x0000000000006fc8                . = ALIGN (0x4)
                0x0000000000006fc8                __bss_end = ABSOLUTE (.)

.onchip_memory2_0
                0x0000000000006fc8        0x0
                0x0000000000006fc8                PROVIDE (_alt_partition_onchip_memory2_0_start, ABSOLUTE (.))
 *(.onchip_memory2_0 .onchip_memory2_0. onchip_memory2_0.*)
                0x0000000000006fc8                . = ALIGN (0x4)
                0x0000000000006fc8                PROVIDE (_alt_partition_onchip_memory2_0_end, ABSOLUTE (.))
                0x0000000000006fc8                _end = ABSOLUTE (.)
                0x0000000000006fc8                end = ABSOLUTE (.)
                0x0000000000006fc8                __alt_stack_base = ABSOLUTE (.)
                0x0000000000006fc8                PROVIDE (_alt_partition_onchip_memory2_0_load_addr, LOADADDR (.onchip_memory2_0))

.memory_buff    0x0000000000008000        0x0 load address 0x0000000000006fc8
                0x0000000000008000                PROVIDE (_alt_partition_memory_buff_start, ABSOLUTE (.))
 *(.memory_buff .memory_buff. memory_buff.*)
                0x0000000000008000                . = ALIGN (0x4)
                0x0000000000008000                PROVIDE (_alt_partition_memory_buff_end, ABSOLUTE (.))
                0x0000000000006fc8                PROVIDE (_alt_partition_memory_buff_load_addr, LOADADDR (.memory_buff))

.stab
 *(.stab)

.stabstr
 *(.stabstr)

.stab.excl
 *(.stab.excl)

.stab.exclstr
 *(.stab.exclstr)

.stab.index
 *(.stab.index)

.stab.indexstr
 *(.stab.indexstr)

.comment        0x0000000000000000       0x23
 *(.comment)
 .comment       0x0000000000000000       0x23 obj/default/asym.o
                                         0x24 (size before relaxing)
 .comment       0x0000000000000000       0x24 obj/default/croutine.o
 .comment       0x0000000000000000       0x24 obj/default/list.o
 .comment       0x0000000000000000       0x24 obj/default/master.o
 .comment       0x0000000000000000       0x24 obj/default/portable/GCC/NiosII/port.o
 .comment       0x0000000000000000       0x24 obj/default/portable/MemMang/heap_1.o
 .comment       0x0000000000000000       0x24 obj/default/queue.o
 .comment       0x0000000000000000       0x24 obj/default/tasks.o
 .comment       0x0000000000000000       0x24 obj/default/timers.o
 .comment       0x0000000000000000       0x24 /mnt/Storage/soft/nios2eds/bin/gnu/H-x86_64-pc-linux-gnu/bin/../lib/gcc/nios2-elf/4.9.1/mno-hw-mul/libgcc.a(lib2-mul.o)
 .comment       0x0000000000000000       0x24 /mnt/Storage/soft/nios2eds/bin/gnu/H-x86_64-pc-linux-gnu/bin/../lib/gcc/nios2-elf/4.9.1/../../../../../H-x86_64-pc-linux-gnu/nios2-elf/lib/mno-hw-mul/libsmallc.a(lib_a-memcpy.o)
 .comment       0x0000000000000000       0x24 /mnt/Storage/soft/nios2eds/bin/gnu/H-x86_64-pc-linux-gnu/bin/../lib/gcc/nios2-elf/4.9.1/../../../../../H-x86_64-pc-linux-gnu/nios2-elf/lib/mno-hw-mul/libsmallc.a(lib_a-memset.o)
 .comment       0x0000000000000000       0x24 /mnt/Storage/soft/nios2eds/bin/gnu/H-x86_64-pc-linux-gnu/bin/../lib/gcc/nios2-elf/4.9.1/../../../../../H-x86_64-pc-linux-gnu/nios2-elf/lib/mno-hw-mul/libsmallc.a(lib_a-rand.o)
 .comment       0x0000000000000000       0x24 /mnt/Storage/soft/nios2eds/bin/gnu/H-x86_64-pc-linux-gnu/bin/../lib/gcc/nios2-elf/4.9.1/mno-hw-mul/libgcc.a(_muldi3.o)
 .comment       0x0000000000000000       0x24 ../master_bsp//libhal_bsp.a(alt_irq_handler.o)
 .comment       0x0000000000000000       0x24 ../master_bsp//libhal_bsp.a(alt_irq_vars.o)
 .comment       0x0000000000000000       0x24 ../master_bsp//libhal_bsp.a(alt_load.o)
 .comment       0x0000000000000000       0x24 ../master_bsp//libhal_bsp.a(alt_main.o)
 .comment       0x0000000000000000       0x24 ../master_bsp//libhal_bsp.a(alt_printf.o)
 .comment       0x0000000000000000       0x24 ../master_bsp//libhal_bsp.a(alt_putchar.o)
 .comment       0x0000000000000000       0x24 ../master_bsp//libhal_bsp.a(alt_putstr.o)
 .comment       0x0000000000000000       0x24 ../master_bsp//libhal_bsp.a(alt_sys_init.o)
 .comment       0x0000000000000000       0x24 ../master_bsp//libhal_bsp.a(altera_avalon_jtag_uart_write.o)
 .comment       0x0000000000000000       0x24 ../master_bsp//libhal_bsp.a(altera_avalon_mutex.o)
 .comment       0x0000000000000000       0x24 ../master_bsp//libhal_bsp.a(alt_dcache_flush_all.o)
 .comment       0x0000000000000000       0x24 ../master_bsp//libhal_bsp.a(alt_dev_llist_insert.o)
 .comment       0x0000000000000000       0x24 ../master_bsp//libhal_bsp.a(alt_errno.o)
 .comment       0x0000000000000000       0x24 ../master_bsp//libhal_bsp.a(alt_find_dev.o)
 .comment       0x0000000000000000       0x24 ../master_bsp//libhal_bsp.a(alt_icache_flush_all.o)
 .comment       0x0000000000000000       0x24 ../master_bsp//libhal_bsp.a(altera_nios2_qsys_irq.o)
 .comment       0x0000000000000000       0x24 /mnt/Storage/soft/nios2eds/bin/gnu/H-x86_64-pc-linux-gnu/bin/../lib/gcc/nios2-elf/4.9.1/../../../../../H-x86_64-pc-linux-gnu/nios2-elf/lib/mno-hw-mul/libsmallc.a(lib_a-int_errno.o)
 .comment       0x0000000000000000       0x24 /mnt/Storage/soft/nios2eds/bin/gnu/H-x86_64-pc-linux-gnu/bin/../lib/gcc/nios2-elf/4.9.1/../../../../../H-x86_64-pc-linux-gnu/nios2-elf/lib/mno-hw-mul/libsmallc.a(lib_a-memcmp.o)
 .comment       0x0000000000000000       0x24 /mnt/Storage/soft/nios2eds/bin/gnu/H-x86_64-pc-linux-gnu/bin/../lib/gcc/nios2-elf/4.9.1/../../../../../H-x86_64-pc-linux-gnu/nios2-elf/lib/mno-hw-mul/libsmallc.a(lib_a-strlen.o)

.debug
 *(.debug)

.line
 *(.line)

.debug_srcinfo
 *(.debug_srcinfo)

.debug_sfnames
 *(.debug_sfnames)

.debug_aranges  0x0000000000000000      0x468
 *(.debug_aranges)
 .debug_aranges
                0x0000000000000000       0x28 ../master_bsp//obj/HAL/src/crt0.o
 .debug_aranges
                0x0000000000000028       0x20 obj/default/asym.o
 .debug_aranges
                0x0000000000000048       0x18 obj/default/croutine.o
 .debug_aranges
                0x0000000000000060       0x20 obj/default/list.o
 .debug_aranges
                0x0000000000000080       0x28 obj/default/master.o
 .debug_aranges
                0x00000000000000a8       0x20 obj/default/portable/GCC/NiosII/port.o
 .debug_aranges
                0x00000000000000c8       0x20 obj/default/portable/MemMang/heap_1.o
 .debug_aranges
                0x00000000000000e8       0x20 obj/default/queue.o
 .debug_aranges
                0x0000000000000108       0x20 obj/default/tasks.o
 .debug_aranges
                0x0000000000000128       0x18 obj/default/timers.o
 .debug_aranges
                0x0000000000000140       0x40 obj/default/portable/GCC/NiosII/port_asm.o
 .debug_aranges
                0x0000000000000180       0x20 /mnt/Storage/soft/nios2eds/bin/gnu/H-x86_64-pc-linux-gnu/bin/../lib/gcc/nios2-elf/4.9.1/mno-hw-mul/libgcc.a(lib2-mul.o)
 .debug_aranges
                0x00000000000001a0       0x20 /mnt/Storage/soft/nios2eds/bin/gnu/H-x86_64-pc-linux-gnu/bin/../lib/gcc/nios2-elf/4.9.1/../../../../../H-x86_64-pc-linux-gnu/nios2-elf/lib/mno-hw-mul/libsmallc.a(lib_a-memcpy.o)
 .debug_aranges
                0x00000000000001c0       0x20 /mnt/Storage/soft/nios2eds/bin/gnu/H-x86_64-pc-linux-gnu/bin/../lib/gcc/nios2-elf/4.9.1/../../../../../H-x86_64-pc-linux-gnu/nios2-elf/lib/mno-hw-mul/libsmallc.a(lib_a-memset.o)
 .debug_aranges
                0x00000000000001e0       0x20 /mnt/Storage/soft/nios2eds/bin/gnu/H-x86_64-pc-linux-gnu/bin/../lib/gcc/nios2-elf/4.9.1/../../../../../H-x86_64-pc-linux-gnu/nios2-elf/lib/mno-hw-mul/libsmallc.a(lib_a-rand.o)
 .debug_aranges
                0x0000000000000200       0x20 /mnt/Storage/soft/nios2eds/bin/gnu/H-x86_64-pc-linux-gnu/bin/../lib/gcc/nios2-elf/4.9.1/mno-hw-mul/libgcc.a(_muldi3.o)
 .debug_aranges
                0x0000000000000220       0x20 ../master_bsp//libhal_bsp.a(alt_irq_handler.o)
 .debug_aranges
                0x0000000000000240       0x18 ../master_bsp//libhal_bsp.a(alt_irq_vars.o)
 .debug_aranges
                0x0000000000000258       0x20 ../master_bsp//libhal_bsp.a(alt_load.o)
 .debug_aranges
                0x0000000000000278       0x20 ../master_bsp//libhal_bsp.a(alt_main.o)
 .debug_aranges
                0x0000000000000298       0x20 ../master_bsp//libhal_bsp.a(alt_printf.o)
 .debug_aranges
                0x00000000000002b8       0x20 ../master_bsp//libhal_bsp.a(alt_putchar.o)
 .debug_aranges
                0x00000000000002d8       0x20 ../master_bsp//libhal_bsp.a(alt_putstr.o)
 .debug_aranges
                0x00000000000002f8       0x20 ../master_bsp//libhal_bsp.a(alt_sys_init.o)
 .debug_aranges
                0x0000000000000318       0x20 ../master_bsp//libhal_bsp.a(altera_avalon_jtag_uart_write.o)
 .debug_aranges
                0x0000000000000338       0x20 ../master_bsp//libhal_bsp.a(altera_avalon_mutex.o)
 .debug_aranges
                0x0000000000000358       0x20 ../master_bsp//libhal_bsp.a(alt_dcache_flush_all.o)
 .debug_aranges
                0x0000000000000378       0x20 ../master_bsp//libhal_bsp.a(alt_dev_llist_insert.o)
 .debug_aranges
                0x0000000000000398       0x18 ../master_bsp//libhal_bsp.a(alt_errno.o)
 .debug_aranges
                0x00000000000003b0       0x20 ../master_bsp//libhal_bsp.a(alt_find_dev.o)
 .debug_aranges
                0x00000000000003d0       0x20 ../master_bsp//libhal_bsp.a(alt_icache_flush_all.o)
 .debug_aranges
                0x00000000000003f0       0x20 ../master_bsp//libhal_bsp.a(altera_nios2_qsys_irq.o)
 .debug_aranges
                0x0000000000000410       0x18 /mnt/Storage/soft/nios2eds/bin/gnu/H-x86_64-pc-linux-gnu/bin/../lib/gcc/nios2-elf/4.9.1/../../../../../H-x86_64-pc-linux-gnu/nios2-elf/lib/mno-hw-mul/libsmallc.a(lib_a-int_errno.o)
 .debug_aranges
                0x0000000000000428       0x20 /mnt/Storage/soft/nios2eds/bin/gnu/H-x86_64-pc-linux-gnu/bin/../lib/gcc/nios2-elf/4.9.1/../../../../../H-x86_64-pc-linux-gnu/nios2-elf/lib/mno-hw-mul/libsmallc.a(lib_a-memcmp.o)
 .debug_aranges
                0x0000000000000448       0x20 /mnt/Storage/soft/nios2eds/bin/gnu/H-x86_64-pc-linux-gnu/bin/../lib/gcc/nios2-elf/4.9.1/../../../../../H-x86_64-pc-linux-gnu/nios2-elf/lib/mno-hw-mul/libsmallc.a(lib_a-strlen.o)

.debug_pubnames
 *(.debug_pubnames)

.debug_info     0x0000000000000000     0x693d
 *(.debug_info .gnu.linkonce.wi.*)
 .debug_info    0x0000000000000000       0x74 ../master_bsp//obj/HAL/src/crt0.o
 .debug_info    0x0000000000000074      0x76e obj/default/asym.o
 .debug_info    0x00000000000007e2       0x98 obj/default/croutine.o
 .debug_info    0x000000000000087a      0x2b7 obj/default/list.o
 .debug_info    0x0000000000000b31      0x4d6 obj/default/master.o
 .debug_info    0x0000000000001007      0x4ee obj/default/portable/GCC/NiosII/port.o
 .debug_info    0x00000000000014f5      0x1be obj/default/portable/MemMang/heap_1.o
 .debug_info    0x00000000000016b3     0x1123 obj/default/queue.o
 .debug_info    0x00000000000027d6     0x1d62 obj/default/tasks.o
 .debug_info    0x0000000000004538       0x98 obj/default/timers.o
 .debug_info    0x00000000000045d0       0x80 obj/default/portable/GCC/NiosII/port_asm.o
 .debug_info    0x0000000000004650       0xb4 /mnt/Storage/soft/nios2eds/bin/gnu/H-x86_64-pc-linux-gnu/bin/../lib/gcc/nios2-elf/4.9.1/mno-hw-mul/libgcc.a(lib2-mul.o)
 .debug_info    0x0000000000004704      0x106 /mnt/Storage/soft/nios2eds/bin/gnu/H-x86_64-pc-linux-gnu/bin/../lib/gcc/nios2-elf/4.9.1/../../../../../H-x86_64-pc-linux-gnu/nios2-elf/lib/mno-hw-mul/libsmallc.a(lib_a-memcpy.o)
 .debug_info    0x000000000000480a       0xd5 /mnt/Storage/soft/nios2eds/bin/gnu/H-x86_64-pc-linux-gnu/bin/../lib/gcc/nios2-elf/4.9.1/../../../../../H-x86_64-pc-linux-gnu/nios2-elf/lib/mno-hw-mul/libsmallc.a(lib_a-memset.o)
 .debug_info    0x00000000000048df       0xc3 /mnt/Storage/soft/nios2eds/bin/gnu/H-x86_64-pc-linux-gnu/bin/../lib/gcc/nios2-elf/4.9.1/../../../../../H-x86_64-pc-linux-gnu/nios2-elf/lib/mno-hw-mul/libsmallc.a(lib_a-rand.o)
 .debug_info    0x00000000000049a2      0x1e2 /mnt/Storage/soft/nios2eds/bin/gnu/H-x86_64-pc-linux-gnu/bin/../lib/gcc/nios2-elf/4.9.1/mno-hw-mul/libgcc.a(_muldi3.o)
 .debug_info    0x0000000000004b84      0x1a5 ../master_bsp//libhal_bsp.a(alt_irq_handler.o)
 .debug_info    0x0000000000004d29       0x88 ../master_bsp//libhal_bsp.a(alt_irq_vars.o)
 .debug_info    0x0000000000004db1      0x1d2 ../master_bsp//libhal_bsp.a(alt_load.o)
 .debug_info    0x0000000000004f83      0x1a1 ../master_bsp//libhal_bsp.a(alt_main.o)
 .debug_info    0x0000000000005124      0x153 ../master_bsp//libhal_bsp.a(alt_printf.o)
 .debug_info    0x0000000000005277      0x138 ../master_bsp//libhal_bsp.a(alt_putchar.o)
 .debug_info    0x00000000000053af      0x15d ../master_bsp//libhal_bsp.a(alt_putstr.o)
 .debug_info    0x000000000000550c      0x306 ../master_bsp//libhal_bsp.a(alt_sys_init.o)
 .debug_info    0x0000000000005812      0x1a6 ../master_bsp//libhal_bsp.a(altera_avalon_jtag_uart_write.o)
 .debug_info    0x00000000000059b8      0x5ef ../master_bsp//libhal_bsp.a(altera_avalon_mutex.o)
 .debug_info    0x0000000000005fa7       0x8b ../master_bsp//libhal_bsp.a(alt_dcache_flush_all.o)
 .debug_info    0x0000000000006032      0x1a8 ../master_bsp//libhal_bsp.a(alt_dev_llist_insert.o)
 .debug_info    0x00000000000061da       0x9f ../master_bsp//libhal_bsp.a(alt_errno.o)
 .debug_info    0x0000000000006279      0x356 ../master_bsp//libhal_bsp.a(alt_find_dev.o)
 .debug_info    0x00000000000065cf       0x8b ../master_bsp//libhal_bsp.a(alt_icache_flush_all.o)
 .debug_info    0x000000000000665a       0xb1 ../master_bsp//libhal_bsp.a(altera_nios2_qsys_irq.o)
 .debug_info    0x000000000000670b       0x83 /mnt/Storage/soft/nios2eds/bin/gnu/H-x86_64-pc-linux-gnu/bin/../lib/gcc/nios2-elf/4.9.1/../../../../../H-x86_64-pc-linux-gnu/nios2-elf/lib/mno-hw-mul/libsmallc.a(lib_a-int_errno.o)
 .debug_info    0x000000000000678e       0xed /mnt/Storage/soft/nios2eds/bin/gnu/H-x86_64-pc-linux-gnu/bin/../lib/gcc/nios2-elf/4.9.1/../../../../../H-x86_64-pc-linux-gnu/nios2-elf/lib/mno-hw-mul/libsmallc.a(lib_a-memcmp.o)
 .debug_info    0x000000000000687b       0xc2 /mnt/Storage/soft/nios2eds/bin/gnu/H-x86_64-pc-linux-gnu/bin/../lib/gcc/nios2-elf/4.9.1/../../../../../H-x86_64-pc-linux-gnu/nios2-elf/lib/mno-hw-mul/libsmallc.a(lib_a-strlen.o)

.debug_abbrev   0x0000000000000000     0x22c4
 *(.debug_abbrev)
 .debug_abbrev  0x0000000000000000       0x12 ../master_bsp//obj/HAL/src/crt0.o
 .debug_abbrev  0x0000000000000012      0x208 obj/default/asym.o
 .debug_abbrev  0x000000000000021a       0x4b obj/default/croutine.o
 .debug_abbrev  0x0000000000000265       0xe7 obj/default/list.o
 .debug_abbrev  0x000000000000034c      0x1ca obj/default/master.o
 .debug_abbrev  0x0000000000000516      0x278 obj/default/portable/GCC/NiosII/port.o
 .debug_abbrev  0x000000000000078e      0x144 obj/default/portable/MemMang/heap_1.o
 .debug_abbrev  0x00000000000008d2      0x2c2 obj/default/queue.o
 .debug_abbrev  0x0000000000000b94      0x418 obj/default/tasks.o
 .debug_abbrev  0x0000000000000fac       0x4b obj/default/timers.o
 .debug_abbrev  0x0000000000000ff7       0x12 obj/default/portable/GCC/NiosII/port_asm.o
 .debug_abbrev  0x0000000000001009       0x6f /mnt/Storage/soft/nios2eds/bin/gnu/H-x86_64-pc-linux-gnu/bin/../lib/gcc/nios2-elf/4.9.1/mno-hw-mul/libgcc.a(lib2-mul.o)
 .debug_abbrev  0x0000000000001078       0xa4 /mnt/Storage/soft/nios2eds/bin/gnu/H-x86_64-pc-linux-gnu/bin/../lib/gcc/nios2-elf/4.9.1/../../../../../H-x86_64-pc-linux-gnu/nios2-elf/lib/mno-hw-mul/libsmallc.a(lib_a-memcpy.o)
 .debug_abbrev  0x000000000000111c       0x8e /mnt/Storage/soft/nios2eds/bin/gnu/H-x86_64-pc-linux-gnu/bin/../lib/gcc/nios2-elf/4.9.1/../../../../../H-x86_64-pc-linux-gnu/nios2-elf/lib/mno-hw-mul/libsmallc.a(lib_a-memset.o)
 .debug_abbrev  0x00000000000011aa       0x7c /mnt/Storage/soft/nios2eds/bin/gnu/H-x86_64-pc-linux-gnu/bin/../lib/gcc/nios2-elf/4.9.1/../../../../../H-x86_64-pc-linux-gnu/nios2-elf/lib/mno-hw-mul/libsmallc.a(lib_a-rand.o)
 .debug_abbrev  0x0000000000001226       0xe0 /mnt/Storage/soft/nios2eds/bin/gnu/H-x86_64-pc-linux-gnu/bin/../lib/gcc/nios2-elf/4.9.1/mno-hw-mul/libgcc.a(_muldi3.o)
 .debug_abbrev  0x0000000000001306      0x13a ../master_bsp//libhal_bsp.a(alt_irq_handler.o)
 .debug_abbrev  0x0000000000001440       0x40 ../master_bsp//libhal_bsp.a(alt_irq_vars.o)
 .debug_abbrev  0x0000000000001480       0xe1 ../master_bsp//libhal_bsp.a(alt_load.o)
 .debug_abbrev  0x0000000000001561      0x127 ../master_bsp//libhal_bsp.a(alt_main.o)
 .debug_abbrev  0x0000000000001688       0xde ../master_bsp//libhal_bsp.a(alt_printf.o)
 .debug_abbrev  0x0000000000001766       0xd4 ../master_bsp//libhal_bsp.a(alt_putchar.o)
 .debug_abbrev  0x000000000000183a       0xe2 ../master_bsp//libhal_bsp.a(alt_putstr.o)
 .debug_abbrev  0x000000000000191c      0x1c5 ../master_bsp//libhal_bsp.a(alt_sys_init.o)
 .debug_abbrev  0x0000000000001ae1       0xd5 ../master_bsp//libhal_bsp.a(altera_avalon_jtag_uart_write.o)
 .debug_abbrev  0x0000000000001bb6      0x24a ../master_bsp//libhal_bsp.a(altera_avalon_mutex.o)
 .debug_abbrev  0x0000000000001e00       0x42 ../master_bsp//libhal_bsp.a(alt_dcache_flush_all.o)
 .debug_abbrev  0x0000000000001e42      0x11c ../master_bsp//libhal_bsp.a(alt_dev_llist_insert.o)
 .debug_abbrev  0x0000000000001f5e       0x5a ../master_bsp//libhal_bsp.a(alt_errno.o)
 .debug_abbrev  0x0000000000001fb8      0x12e ../master_bsp//libhal_bsp.a(alt_find_dev.o)
 .debug_abbrev  0x00000000000020e6       0x42 ../master_bsp//libhal_bsp.a(alt_icache_flush_all.o)
 .debug_abbrev  0x0000000000002128       0x67 ../master_bsp//libhal_bsp.a(altera_nios2_qsys_irq.o)
 .debug_abbrev  0x000000000000218f       0x37 /mnt/Storage/soft/nios2eds/bin/gnu/H-x86_64-pc-linux-gnu/bin/../lib/gcc/nios2-elf/4.9.1/../../../../../H-x86_64-pc-linux-gnu/nios2-elf/lib/mno-hw-mul/libsmallc.a(lib_a-int_errno.o)
 .debug_abbrev  0x00000000000021c6       0x7f /mnt/Storage/soft/nios2eds/bin/gnu/H-x86_64-pc-linux-gnu/bin/../lib/gcc/nios2-elf/4.9.1/../../../../../H-x86_64-pc-linux-gnu/nios2-elf/lib/mno-hw-mul/libsmallc.a(lib_a-memcmp.o)
 .debug_abbrev  0x0000000000002245       0x7f /mnt/Storage/soft/nios2eds/bin/gnu/H-x86_64-pc-linux-gnu/bin/../lib/gcc/nios2-elf/4.9.1/../../../../../H-x86_64-pc-linux-gnu/nios2-elf/lib/mno-hw-mul/libsmallc.a(lib_a-strlen.o)

.debug_line     0x0000000000000000     0x2beb
 *(.debug_line)
 .debug_line    0x0000000000000000       0x66 ../master_bsp//obj/HAL/src/crt0.o
 .debug_line    0x0000000000000066      0x274 obj/default/asym.o
 .debug_line    0x00000000000002da       0x73 obj/default/croutine.o
 .debug_line    0x000000000000034d      0x155 obj/default/list.o
 .debug_line    0x00000000000004a2      0x215 obj/default/master.o
 .debug_line    0x00000000000006b7      0x1dc obj/default/portable/GCC/NiosII/port.o
 .debug_line    0x0000000000000893      0x1b7 obj/default/portable/MemMang/heap_1.o
 .debug_line    0x0000000000000a4a      0x403 obj/default/queue.o
 .debug_line    0x0000000000000e4d      0x7b3 obj/default/tasks.o
 .debug_line    0x0000000000001600       0x73 obj/default/timers.o
 .debug_line    0x0000000000001673       0xdf obj/default/portable/GCC/NiosII/port_asm.o
 .debug_line    0x0000000000001752       0x80 /mnt/Storage/soft/nios2eds/bin/gnu/H-x86_64-pc-linux-gnu/bin/../lib/gcc/nios2-elf/4.9.1/mno-hw-mul/libgcc.a(lib2-mul.o)
 .debug_line    0x00000000000017d2      0x160 /mnt/Storage/soft/nios2eds/bin/gnu/H-x86_64-pc-linux-gnu/bin/../lib/gcc/nios2-elf/4.9.1/../../../../../H-x86_64-pc-linux-gnu/nios2-elf/lib/mno-hw-mul/libsmallc.a(lib_a-memcpy.o)
 .debug_line    0x0000000000001932      0x15f /mnt/Storage/soft/nios2eds/bin/gnu/H-x86_64-pc-linux-gnu/bin/../lib/gcc/nios2-elf/4.9.1/../../../../../H-x86_64-pc-linux-gnu/nios2-elf/lib/mno-hw-mul/libsmallc.a(lib_a-memset.o)
 .debug_line    0x0000000000001a91       0xe4 /mnt/Storage/soft/nios2eds/bin/gnu/H-x86_64-pc-linux-gnu/bin/../lib/gcc/nios2-elf/4.9.1/../../../../../H-x86_64-pc-linux-gnu/nios2-elf/lib/mno-hw-mul/libsmallc.a(lib_a-rand.o)
 .debug_line    0x0000000000001b75       0xa1 /mnt/Storage/soft/nios2eds/bin/gnu/H-x86_64-pc-linux-gnu/bin/../lib/gcc/nios2-elf/4.9.1/mno-hw-mul/libgcc.a(_muldi3.o)
 .debug_line    0x0000000000001c16       0xc8 ../master_bsp//libhal_bsp.a(alt_irq_handler.o)
 .debug_line    0x0000000000001cde       0x50 ../master_bsp//libhal_bsp.a(alt_irq_vars.o)
 .debug_line    0x0000000000001d2e       0xa6 ../master_bsp//libhal_bsp.a(alt_load.o)
 .debug_line    0x0000000000001dd4       0xea ../master_bsp//libhal_bsp.a(alt_main.o)
 .debug_line    0x0000000000001ebe      0x110 ../master_bsp//libhal_bsp.a(alt_printf.o)
 .debug_line    0x0000000000001fce       0x4d ../master_bsp//libhal_bsp.a(alt_putchar.o)
 .debug_line    0x000000000000201b      0x105 ../master_bsp//libhal_bsp.a(alt_putstr.o)
 .debug_line    0x0000000000002120      0x18a ../master_bsp//libhal_bsp.a(alt_sys_init.o)
 .debug_line    0x00000000000022aa      0x104 ../master_bsp//libhal_bsp.a(altera_avalon_jtag_uart_write.o)
 .debug_line    0x00000000000023ae      0x160 ../master_bsp//libhal_bsp.a(altera_avalon_mutex.o)
 .debug_line    0x000000000000250e       0x4e ../master_bsp//libhal_bsp.a(alt_dcache_flush_all.o)
 .debug_line    0x000000000000255c       0xd8 ../master_bsp//libhal_bsp.a(alt_dev_llist_insert.o)
 .debug_line    0x0000000000002634       0x51 ../master_bsp//libhal_bsp.a(alt_errno.o)
 .debug_line    0x0000000000002685      0x16c ../master_bsp//libhal_bsp.a(alt_find_dev.o)
 .debug_line    0x00000000000027f1       0x4e ../master_bsp//libhal_bsp.a(alt_icache_flush_all.o)
 .debug_line    0x000000000000283f       0x8c ../master_bsp//libhal_bsp.a(altera_nios2_qsys_irq.o)
 .debug_line    0x00000000000028cb       0x60 /mnt/Storage/soft/nios2eds/bin/gnu/H-x86_64-pc-linux-gnu/bin/../lib/gcc/nios2-elf/4.9.1/../../../../../H-x86_64-pc-linux-gnu/nios2-elf/lib/mno-hw-mul/libsmallc.a(lib_a-int_errno.o)
 .debug_line    0x000000000000292b      0x162 /mnt/Storage/soft/nios2eds/bin/gnu/H-x86_64-pc-linux-gnu/bin/../lib/gcc/nios2-elf/4.9.1/../../../../../H-x86_64-pc-linux-gnu/nios2-elf/lib/mno-hw-mul/libsmallc.a(lib_a-memcmp.o)
 .debug_line    0x0000000000002a8d      0x15e /mnt/Storage/soft/nios2eds/bin/gnu/H-x86_64-pc-linux-gnu/bin/../lib/gcc/nios2-elf/4.9.1/../../../../../H-x86_64-pc-linux-gnu/nios2-elf/lib/mno-hw-mul/libsmallc.a(lib_a-strlen.o)

.debug_frame    0x0000000000000000      0xf5c
 *(.debug_frame)
 .debug_frame   0x0000000000000000       0xfc obj/default/asym.o
 .debug_frame   0x00000000000000fc       0x60 obj/default/list.o
 .debug_frame   0x000000000000015c       0x6c obj/default/master.o
 .debug_frame   0x00000000000001c8       0x80 obj/default/portable/GCC/NiosII/port.o
 .debug_frame   0x0000000000000248       0x64 obj/default/portable/MemMang/heap_1.o
 .debug_frame   0x00000000000002ac      0x2f0 obj/default/queue.o
 .debug_frame   0x000000000000059c      0x594 obj/default/tasks.o
 .debug_frame   0x0000000000000b30       0x20 /mnt/Storage/soft/nios2eds/bin/gnu/H-x86_64-pc-linux-gnu/bin/../lib/gcc/nios2-elf/4.9.1/mno-hw-mul/libgcc.a(lib2-mul.o)
 .debug_frame   0x0000000000000b50       0x20 /mnt/Storage/soft/nios2eds/bin/gnu/H-x86_64-pc-linux-gnu/bin/../lib/gcc/nios2-elf/4.9.1/../../../../../H-x86_64-pc-linux-gnu/nios2-elf/lib/mno-hw-mul/libsmallc.a(lib_a-memcpy.o)
 .debug_frame   0x0000000000000b70       0x20 /mnt/Storage/soft/nios2eds/bin/gnu/H-x86_64-pc-linux-gnu/bin/../lib/gcc/nios2-elf/4.9.1/../../../../../H-x86_64-pc-linux-gnu/nios2-elf/lib/mno-hw-mul/libsmallc.a(lib_a-memset.o)
 .debug_frame   0x0000000000000b90       0x40 /mnt/Storage/soft/nios2eds/bin/gnu/H-x86_64-pc-linux-gnu/bin/../lib/gcc/nios2-elf/4.9.1/../../../../../H-x86_64-pc-linux-gnu/nios2-elf/lib/mno-hw-mul/libsmallc.a(lib_a-rand.o)
 .debug_frame   0x0000000000000bd0       0x54 /mnt/Storage/soft/nios2eds/bin/gnu/H-x86_64-pc-linux-gnu/bin/../lib/gcc/nios2-elf/4.9.1/mno-hw-mul/libgcc.a(_muldi3.o)
 .debug_frame   0x0000000000000c24       0x34 ../master_bsp//libhal_bsp.a(alt_irq_handler.o)
 .debug_frame   0x0000000000000c58       0x30 ../master_bsp//libhal_bsp.a(alt_load.o)
 .debug_frame   0x0000000000000c88       0x2c ../master_bsp//libhal_bsp.a(alt_main.o)
 .debug_frame   0x0000000000000cb4       0x54 ../master_bsp//libhal_bsp.a(alt_printf.o)
 .debug_frame   0x0000000000000d08       0x30 ../master_bsp//libhal_bsp.a(alt_putchar.o)
 .debug_frame   0x0000000000000d38       0x30 ../master_bsp//libhal_bsp.a(alt_putstr.o)
 .debug_frame   0x0000000000000d68       0x3c ../master_bsp//libhal_bsp.a(alt_sys_init.o)
 .debug_frame   0x0000000000000da4       0x20 ../master_bsp//libhal_bsp.a(altera_avalon_jtag_uart_write.o)
 .debug_frame   0x0000000000000dc4       0x90 ../master_bsp//libhal_bsp.a(altera_avalon_mutex.o)
 .debug_frame   0x0000000000000e54       0x20 ../master_bsp//libhal_bsp.a(alt_dcache_flush_all.o)
 .debug_frame   0x0000000000000e74       0x2c ../master_bsp//libhal_bsp.a(alt_dev_llist_insert.o)
 .debug_frame   0x0000000000000ea0       0x3c ../master_bsp//libhal_bsp.a(alt_find_dev.o)
 .debug_frame   0x0000000000000edc       0x20 ../master_bsp//libhal_bsp.a(alt_icache_flush_all.o)
 .debug_frame   0x0000000000000efc       0x20 ../master_bsp//libhal_bsp.a(altera_nios2_qsys_irq.o)
 .debug_frame   0x0000000000000f1c       0x20 /mnt/Storage/soft/nios2eds/bin/gnu/H-x86_64-pc-linux-gnu/bin/../lib/gcc/nios2-elf/4.9.1/../../../../../H-x86_64-pc-linux-gnu/nios2-elf/lib/mno-hw-mul/libsmallc.a(lib_a-memcmp.o)
 .debug_frame   0x0000000000000f3c       0x20 /mnt/Storage/soft/nios2eds/bin/gnu/H-x86_64-pc-linux-gnu/bin/../lib/gcc/nios2-elf/4.9.1/../../../../../H-x86_64-pc-linux-gnu/nios2-elf/lib/mno-hw-mul/libsmallc.a(lib_a-strlen.o)

.debug_str      0x0000000000000000     0x1f78
 *(.debug_str)
 .debug_str     0x0000000000000000      0x421 obj/default/asym.o
                                        0x485 (size before relaxing)
 .debug_str     0x0000000000000421        0xb obj/default/croutine.o
                                        0x13a (size before relaxing)
 .debug_str     0x000000000000042c      0x109 obj/default/list.o
                                        0x27e (size before relaxing)
 .debug_str     0x0000000000000535       0x72 obj/default/master.o
                                        0x2f9 (size before relaxing)
 .debug_str     0x00000000000005a7      0x186 obj/default/portable/GCC/NiosII/port.o
                                        0x2ff (size before relaxing)
 .debug_str     0x000000000000072d       0xbb obj/default/portable/MemMang/heap_1.o
                                        0x206 (size before relaxing)
 .debug_str     0x00000000000007e8      0x471 obj/default/queue.o
                                        0x780 (size before relaxing)
 .debug_str     0x0000000000000c59      0x7d3 obj/default/tasks.o
                                        0xd60 (size before relaxing)
 .debug_str     0x000000000000142c        0x9 obj/default/timers.o
                                        0x138 (size before relaxing)
 .debug_str     0x0000000000001435      0x147 /mnt/Storage/soft/nios2eds/bin/gnu/H-x86_64-pc-linux-gnu/bin/../lib/gcc/nios2-elf/4.9.1/mno-hw-mul/libgcc.a(lib2-mul.o)
                                        0x192 (size before relaxing)
 .debug_str     0x000000000000157c      0x118 /mnt/Storage/soft/nios2eds/bin/gnu/H-x86_64-pc-linux-gnu/bin/../lib/gcc/nios2-elf/4.9.1/../../../../../H-x86_64-pc-linux-gnu/nios2-elf/lib/mno-hw-mul/libsmallc.a(lib_a-memcpy.o)
                                        0x1b8 (size before relaxing)
 .debug_str     0x0000000000001694       0x3e /mnt/Storage/soft/nios2eds/bin/gnu/H-x86_64-pc-linux-gnu/bin/../lib/gcc/nios2-elf/4.9.1/../../../../../H-x86_64-pc-linux-gnu/nios2-elf/lib/mno-hw-mul/libsmallc.a(lib_a-memset.o)
                                        0x1a4 (size before relaxing)
 .debug_str     0x00000000000016d2       0xe7 /mnt/Storage/soft/nios2eds/bin/gnu/H-x86_64-pc-linux-gnu/bin/../lib/gcc/nios2-elf/4.9.1/../../../../../H-x86_64-pc-linux-gnu/nios2-elf/lib/mno-hw-mul/libsmallc.a(lib_a-rand.o)
                                        0x1ae (size before relaxing)
 .debug_str     0x00000000000017b9       0x94 /mnt/Storage/soft/nios2eds/bin/gnu/H-x86_64-pc-linux-gnu/bin/../lib/gcc/nios2-elf/4.9.1/mno-hw-mul/libgcc.a(_muldi3.o)
                                        0x218 (size before relaxing)
 .debug_str     0x000000000000184d       0x7a ../master_bsp//libhal_bsp.a(alt_irq_handler.o)
                                        0x1a1 (size before relaxing)
 .debug_str     0x00000000000018c7       0x17 ../master_bsp//libhal_bsp.a(alt_irq_vars.o)
                                        0x12f (size before relaxing)
 .debug_str     0x00000000000018de      0x113 ../master_bsp//libhal_bsp.a(alt_load.o)
                                        0x225 (size before relaxing)
 .debug_str     0x00000000000019f1       0x5e ../master_bsp//libhal_bsp.a(alt_main.o)
                                        0x1c7 (size before relaxing)
 .debug_str     0x0000000000001a4f       0x59 ../master_bsp//libhal_bsp.a(alt_printf.o)
                                         0xfb (size before relaxing)
 .debug_str     0x0000000000001aa8       0x60 ../master_bsp//libhal_bsp.a(alt_putchar.o)
                                        0x176 (size before relaxing)
 .debug_str     0x0000000000001b08       0x1c ../master_bsp//libhal_bsp.a(alt_putstr.o)
                                        0x182 (size before relaxing)
 .debug_str     0x0000000000001b24      0x102 ../master_bsp//libhal_bsp.a(alt_sys_init.o)
                                        0x301 (size before relaxing)
 .debug_str     0x0000000000001c26       0x32 ../master_bsp//libhal_bsp.a(altera_avalon_jtag_uart_write.o)
                                        0x21f (size before relaxing)
 .debug_str     0x0000000000001c58      0x102 ../master_bsp//libhal_bsp.a(altera_avalon_mutex.o)
                                        0x324 (size before relaxing)
 .debug_str     0x0000000000001d5a       0x1f ../master_bsp//libhal_bsp.a(alt_dcache_flush_all.o)
                                        0x13e (size before relaxing)
 .debug_str     0x0000000000001d79       0x36 ../master_bsp//libhal_bsp.a(alt_dev_llist_insert.o)
                                        0x1b5 (size before relaxing)
 .debug_str     0x0000000000001daf       0x14 ../master_bsp//libhal_bsp.a(alt_errno.o)
                                        0x12e (size before relaxing)
 .debug_str     0x0000000000001dc3       0x25 ../master_bsp//libhal_bsp.a(alt_find_dev.o)
                                        0x1ea (size before relaxing)
 .debug_str     0x0000000000001de8       0x1f ../master_bsp//libhal_bsp.a(alt_icache_flush_all.o)
                                        0x13e (size before relaxing)
 .debug_str     0x0000000000001e07       0x20 ../master_bsp//libhal_bsp.a(altera_nios2_qsys_irq.o)
                                        0x16e (size before relaxing)
 .debug_str     0x0000000000001e27       0xd5 /mnt/Storage/soft/nios2eds/bin/gnu/H-x86_64-pc-linux-gnu/bin/../lib/gcc/nios2-elf/4.9.1/../../../../../H-x86_64-pc-linux-gnu/nios2-elf/lib/mno-hw-mul/libsmallc.a(lib_a-int_errno.o)
                                        0x19d (size before relaxing)
 .debug_str     0x0000000000001efc       0x3e /mnt/Storage/soft/nios2eds/bin/gnu/H-x86_64-pc-linux-gnu/bin/../lib/gcc/nios2-elf/4.9.1/../../../../../H-x86_64-pc-linux-gnu/nios2-elf/lib/mno-hw-mul/libsmallc.a(lib_a-memcmp.o)
                                        0x1a4 (size before relaxing)
 .debug_str     0x0000000000001f3a       0x3e /mnt/Storage/soft/nios2eds/bin/gnu/H-x86_64-pc-linux-gnu/bin/../lib/gcc/nios2-elf/4.9.1/../../../../../H-x86_64-pc-linux-gnu/nios2-elf/lib/mno-hw-mul/libsmallc.a(lib_a-strlen.o)
                                        0x1aa (size before relaxing)

.debug_loc      0x0000000000000000     0x2db7
 *(.debug_loc)
 .debug_loc     0x0000000000000000       0xd0 obj/default/asym.o
 .debug_loc     0x00000000000000d0       0x73 obj/default/list.o
 .debug_loc     0x0000000000000143       0x85 obj/default/master.o
 .debug_loc     0x00000000000001c8      0x24a obj/default/portable/GCC/NiosII/port.o
 .debug_loc     0x0000000000000412       0x78 obj/default/portable/MemMang/heap_1.o
 .debug_loc     0x000000000000048a      0xb3c obj/default/queue.o
 .debug_loc     0x0000000000000fc6     0x130d obj/default/tasks.o
 .debug_loc     0x00000000000022d3       0x93 /mnt/Storage/soft/nios2eds/bin/gnu/H-x86_64-pc-linux-gnu/bin/../lib/gcc/nios2-elf/4.9.1/mno-hw-mul/libgcc.a(lib2-mul.o)
 .debug_loc     0x0000000000002366      0x11b /mnt/Storage/soft/nios2eds/bin/gnu/H-x86_64-pc-linux-gnu/bin/../lib/gcc/nios2-elf/4.9.1/../../../../../H-x86_64-pc-linux-gnu/nios2-elf/lib/mno-hw-mul/libsmallc.a(lib_a-memcpy.o)
 .debug_loc     0x0000000000002481       0xa5 /mnt/Storage/soft/nios2eds/bin/gnu/H-x86_64-pc-linux-gnu/bin/../lib/gcc/nios2-elf/4.9.1/../../../../../H-x86_64-pc-linux-gnu/nios2-elf/lib/mno-hw-mul/libsmallc.a(lib_a-memset.o)
 .debug_loc     0x0000000000002526      0x15d /mnt/Storage/soft/nios2eds/bin/gnu/H-x86_64-pc-linux-gnu/bin/../lib/gcc/nios2-elf/4.9.1/mno-hw-mul/libgcc.a(_muldi3.o)
 .debug_loc     0x0000000000002683       0x98 ../master_bsp//libhal_bsp.a(alt_irq_handler.o)
 .debug_loc     0x000000000000271b       0x8d ../master_bsp//libhal_bsp.a(alt_load.o)
 .debug_loc     0x00000000000027a8      0x1c6 ../master_bsp//libhal_bsp.a(alt_printf.o)
 .debug_loc     0x000000000000296e       0x2c ../master_bsp//libhal_bsp.a(alt_putchar.o)
 .debug_loc     0x000000000000299a       0x37 ../master_bsp//libhal_bsp.a(alt_putstr.o)
 .debug_loc     0x00000000000029d1       0x21 ../master_bsp//libhal_bsp.a(alt_sys_init.o)
 .debug_loc     0x00000000000029f2       0x8b ../master_bsp//libhal_bsp.a(altera_avalon_jtag_uart_write.o)
 .debug_loc     0x0000000000002a7d      0x1b2 ../master_bsp//libhal_bsp.a(altera_avalon_mutex.o)
 .debug_loc     0x0000000000002c2f       0x58 ../master_bsp//libhal_bsp.a(alt_dev_llist_insert.o)
 .debug_loc     0x0000000000002c87       0x7e ../master_bsp//libhal_bsp.a(alt_find_dev.o)
 .debug_loc     0x0000000000002d05       0x94 /mnt/Storage/soft/nios2eds/bin/gnu/H-x86_64-pc-linux-gnu/bin/../lib/gcc/nios2-elf/4.9.1/../../../../../H-x86_64-pc-linux-gnu/nios2-elf/lib/mno-hw-mul/libsmallc.a(lib_a-memcmp.o)
 .debug_loc     0x0000000000002d99       0x1e /mnt/Storage/soft/nios2eds/bin/gnu/H-x86_64-pc-linux-gnu/bin/../lib/gcc/nios2-elf/4.9.1/../../../../../H-x86_64-pc-linux-gnu/nios2-elf/lib/mno-hw-mul/libsmallc.a(lib_a-strlen.o)

.debug_macinfo
 *(.debug_macinfo)

.debug_weaknames
 *(.debug_weaknames)

.debug_funcnames
 *(.debug_funcnames)

.debug_typenames
 *(.debug_typenames)

.debug_varnames
 *(.debug_varnames)

.debug_alt_sim_info
                0x0000000000000000       0x10
 *(.debug_alt_sim_info)
 .debug_alt_sim_info
                0x0000000000000000       0x10 ../master_bsp//obj/HAL/src/crt0.o
                0x0000000000007590                __alt_data_end = 0x7590
                0x0000000000007590                PROVIDE (__alt_stack_pointer, __alt_data_end)
                0x0000000000006fc8                PROVIDE (__alt_stack_limit, __alt_stack_base)
                0x0000000000006fc8                PROVIDE (__alt_heap_start, end)
                0x0000000000007590                PROVIDE (__alt_heap_limit, 0x7590)
OUTPUT(master.elf elf32-littlenios2)

.debug_ranges   0x0000000000000000      0x230
 .debug_ranges  0x0000000000000000       0x20 ../master_bsp//obj/HAL/src/crt0.o
 .debug_ranges  0x0000000000000020       0x18 obj/default/asym.o
 .debug_ranges  0x0000000000000038       0x18 obj/default/master.o
 .debug_ranges  0x0000000000000050       0x20 obj/default/portable/GCC/NiosII/port.o
 .debug_ranges  0x0000000000000070       0xa8 obj/default/tasks.o
 .debug_ranges  0x0000000000000118       0x38 obj/default/portable/GCC/NiosII/port_asm.o
 .debug_ranges  0x0000000000000150       0x38 /mnt/Storage/soft/nios2eds/bin/gnu/H-x86_64-pc-linux-gnu/bin/../lib/gcc/nios2-elf/4.9.1/mno-hw-mul/libgcc.a(_muldi3.o)
 .debug_ranges  0x0000000000000188       0x10 ../master_bsp//libhal_bsp.a(alt_irq_handler.o)
 .debug_ranges  0x0000000000000198       0x48 ../master_bsp//libhal_bsp.a(alt_load.o)
 .debug_ranges  0x00000000000001e0       0x18 ../master_bsp//libhal_bsp.a(alt_printf.o)
 .debug_ranges  0x00000000000001f8       0x18 ../master_bsp//libhal_bsp.a(alt_sys_init.o)
 .debug_ranges  0x0000000000000210       0x20 ../master_bsp//libhal_bsp.a(alt_dev_llist_insert.o)
