Archive member included to satisfy reference by file (symbol)

/mnt/Storage/soft/nios2eds/bin/gnu/H-x86_64-pc-linux-gnu/bin/../lib/gcc/nios2-elf/4.9.1/mno-hw-mul/libgcc.a(lib2-divmod.o)
                              obj/default/master.o (__modsi3)
/mnt/Storage/soft/nios2eds/bin/gnu/H-x86_64-pc-linux-gnu/bin/../lib/gcc/nios2-elf/4.9.1/mno-hw-mul/libgcc.a(lib2-mul.o)
                              obj/default/queue.o (__mulsi3)
/mnt/Storage/soft/nios2eds/bin/gnu/H-x86_64-pc-linux-gnu/bin/../lib/gcc/nios2-elf/4.9.1/../../../../../H-x86_64-pc-linux-gnu/nios2-elf/lib/mno-hw-mul/libsmallc.a(lib_a-memcpy.o)
                              obj/default/queue.o (memcpy)
/mnt/Storage/soft/nios2eds/bin/gnu/H-x86_64-pc-linux-gnu/bin/../lib/gcc/nios2-elf/4.9.1/../../../../../H-x86_64-pc-linux-gnu/nios2-elf/lib/mno-hw-mul/libsmallc.a(lib_a-memset.o)
                              obj/default/tasks.o (memset)
/mnt/Storage/soft/nios2eds/bin/gnu/H-x86_64-pc-linux-gnu/bin/../lib/gcc/nios2-elf/4.9.1/../../../../../H-x86_64-pc-linux-gnu/nios2-elf/lib/mno-hw-mul/libsmallc.a(lib_a-rand.o)
                              obj/default/master.o (rand)
/mnt/Storage/soft/nios2eds/bin/gnu/H-x86_64-pc-linux-gnu/bin/../lib/gcc/nios2-elf/4.9.1/mno-hw-mul/libgcc.a(_muldi3.o)
                              /mnt/Storage/soft/nios2eds/bin/gnu/H-x86_64-pc-linux-gnu/bin/../lib/gcc/nios2-elf/4.9.1/../../../../../H-x86_64-pc-linux-gnu/nios2-elf/lib/mno-hw-mul/libsmallc.a(lib_a-rand.o) (__muldi3)
../master_bsp//libhal_bsp.a(alt_irq_handler.o)
                              obj/default/portable/GCC/NiosII/port_asm.o (alt_irq_handler)
../master_bsp//libhal_bsp.a(alt_irq_vars.o)
                              obj/default/portable/GCC/NiosII/port.o (alt_irq_active)
../master_bsp//libhal_bsp.a(alt_load.o)
                              ../master_bsp//obj/HAL/src/crt0.o (alt_load)
../master_bsp//libhal_bsp.a(alt_main.o)
                              ../master_bsp//obj/HAL/src/crt0.o (alt_main)
../master_bsp//libhal_bsp.a(alt_printf.o)
                              obj/default/master.o (alt_printf)
../master_bsp//libhal_bsp.a(alt_putchar.o)
                              ../master_bsp//libhal_bsp.a(alt_printf.o) (alt_putchar)
../master_bsp//libhal_bsp.a(alt_putstr.o)
                              obj/default/master.o (alt_putstr)
../master_bsp//libhal_bsp.a(alt_sys_init.o)
                              ../master_bsp//libhal_bsp.a(alt_main.o) (alt_irq_init)
../master_bsp//libhal_bsp.a(altera_avalon_jtag_uart_write.o)
                              ../master_bsp//libhal_bsp.a(alt_putchar.o) (altera_avalon_jtag_uart_write)
../master_bsp//libhal_bsp.a(altera_avalon_mutex.o)
                              obj/default/asym.o (altera_avalon_mutex_open)
../master_bsp//libhal_bsp.a(alt_dcache_flush_all.o)
                              ../master_bsp//libhal_bsp.a(alt_load.o) (alt_dcache_flush_all)
../master_bsp//libhal_bsp.a(alt_dev_llist_insert.o)
                              ../master_bsp//libhal_bsp.a(alt_sys_init.o) (alt_dev_llist_insert)
../master_bsp//libhal_bsp.a(alt_errno.o)
                              ../master_bsp//libhal_bsp.a(altera_avalon_mutex.o) (alt_errno)
../master_bsp//libhal_bsp.a(alt_find_dev.o)
                              ../master_bsp//libhal_bsp.a(altera_avalon_mutex.o) (alt_find_dev)
../master_bsp//libhal_bsp.a(alt_icache_flush_all.o)
                              ../master_bsp//libhal_bsp.a(alt_load.o) (alt_icache_flush_all)
../master_bsp//libhal_bsp.a(altera_nios2_qsys_irq.o)
                              ../master_bsp//libhal_bsp.a(alt_sys_init.o) (altera_nios2_qsys_irq_init)
/mnt/Storage/soft/nios2eds/bin/gnu/H-x86_64-pc-linux-gnu/bin/../lib/gcc/nios2-elf/4.9.1/../../../../../H-x86_64-pc-linux-gnu/nios2-elf/lib/mno-hw-mul/libsmallc.a(lib_a-int_errno.o)
                              ../master_bsp//libhal_bsp.a(altera_avalon_mutex.o) (errno)
/mnt/Storage/soft/nios2eds/bin/gnu/H-x86_64-pc-linux-gnu/bin/../lib/gcc/nios2-elf/4.9.1/../../../../../H-x86_64-pc-linux-gnu/nios2-elf/lib/mno-hw-mul/libsmallc.a(lib_a-memcmp.o)
                              ../master_bsp//libhal_bsp.a(alt_find_dev.o) (memcmp)
/mnt/Storage/soft/nios2eds/bin/gnu/H-x86_64-pc-linux-gnu/bin/../lib/gcc/nios2-elf/4.9.1/../../../../../H-x86_64-pc-linux-gnu/nios2-elf/lib/mno-hw-mul/libsmallc.a(lib_a-strlen.o)
                              ../master_bsp//libhal_bsp.a(alt_putstr.o) (strlen)

Allocating common symbols
Common symbol       size              file

alt_irq             0x100             ../master_bsp//libhal_bsp.a(alt_irq_handler.o)
errno               0x4               /mnt/Storage/soft/nios2eds/bin/gnu/H-x86_64-pc-linux-gnu/bin/../lib/gcc/nios2-elf/4.9.1/../../../../../H-x86_64-pc-linux-gnu/nios2-elf/lib/mno-hw-mul/libsmallc.a(lib_a-int_errno.o)

Memory Configuration

Name             Origin             Length             Attributes
reset            0x0000000000000000 0x0000000000000020
onchip_memory2_0 0x0000000000000020 0x0000000000005630
memory_buff      0x0000000000010000 0x0000000000001fa0
*default*        0x0000000000000000 0xffffffffffffffff

Linker script and memory map

LOAD ../master_bsp//obj/HAL/src/crt0.o
LOAD obj/default/asym.o
LOAD obj/default/croutine.o
LOAD obj/default/list.o
LOAD obj/default/master.o
LOAD obj/default/portable/GCC/NiosII/port.o
LOAD obj/default/portable/MemMang/heap_1.o
LOAD obj/default/queue.o
LOAD obj/default/tasks.o
LOAD obj/default/timers.o
LOAD obj/default/portable/GCC/NiosII/port_asm.o
LOAD /mnt/Storage/soft/nios2eds/bin/gnu/H-x86_64-pc-linux-gnu/bin/../lib/gcc/nios2-elf/4.9.1/../../../../../H-x86_64-pc-linux-gnu/nios2-elf/lib/mno-hw-mul/libstdc++.a
LOAD /mnt/Storage/soft/nios2eds/bin/gnu/H-x86_64-pc-linux-gnu/bin/../lib/gcc/nios2-elf/4.9.1/../../../../../H-x86_64-pc-linux-gnu/nios2-elf/lib/mno-hw-mul/libm.a
LOAD /mnt/Storage/soft/nios2eds/bin/gnu/H-x86_64-pc-linux-gnu/bin/../lib/gcc/nios2-elf/4.9.1/mno-hw-mul/libgcc.a
START GROUP
LOAD /mnt/Storage/soft/nios2eds/bin/gnu/H-x86_64-pc-linux-gnu/bin/../lib/gcc/nios2-elf/4.9.1/../../../../../H-x86_64-pc-linux-gnu/nios2-elf/lib/mno-hw-mul/libsmallc.a
LOAD /mnt/Storage/soft/nios2eds/bin/gnu/H-x86_64-pc-linux-gnu/bin/../lib/gcc/nios2-elf/4.9.1/mno-hw-mul/libgcc.a
LOAD ../master_bsp//libhal_bsp.a
LOAD /mnt/Storage/soft/nios2eds/bin/gnu/H-x86_64-pc-linux-gnu/bin/../lib/gcc/nios2-elf/4.9.1/../../../../../H-x86_64-pc-linux-gnu/nios2-elf/lib/mno-hw-mul/libm.a
END GROUP
LOAD /mnt/Storage/soft/nios2eds/bin/gnu/H-x86_64-pc-linux-gnu/bin/../lib/gcc/nios2-elf/4.9.1/mno-hw-mul/libgcc.a
                0x0000000000000000                __alt_mem_onchip_memory2_0 = 0x0
                0x0000000000010000                __alt_mem_memory_buff = 0x10000

.entry          0x0000000000000000       0x20
 *(.entry)
 .entry         0x0000000000000000       0x20 ../master_bsp//obj/HAL/src/crt0.o
                0x0000000000000000                __reset
                0x000000000000000c                _exit

.exceptions     0x0000000000000020      0x1bc
                0x0000000000000020                PROVIDE (__ram_exceptions_start, ABSOLUTE (.))
                0x0000000000000020                . = ALIGN (0x20)
 *(.irq)
 *(.exceptions.entry.label)
 *(.exceptions.entry.user)
 *(.exceptions.entry.ecc_fatal)
 *(.exceptions.entry)
 .exceptions.entry
                0x0000000000000020       0x8c obj/default/portable/GCC/NiosII/port_asm.o
 *(.exceptions.irqtest.user)
 *(.exceptions.irqtest)
 .exceptions.irqtest
                0x00000000000000ac       0x14 obj/default/portable/GCC/NiosII/port_asm.o
 *(.exceptions.irqhandler.user)
 *(.exceptions.irqhandler)
 .exceptions.irqhandler
                0x00000000000000c0        0x4 obj/default/portable/GCC/NiosII/port_asm.o
 *(.exceptions.irqreturn.user)
 *(.exceptions.irqreturn)
 .exceptions.irqreturn
                0x00000000000000c4       0x8c obj/default/portable/GCC/NiosII/port_asm.o
                0x00000000000000c4                restore_sp_from_pxCurrentTCB
 *(.exceptions.notirq.label)
 *(.exceptions.notirq.user)
 *(.exceptions.notirq)
 *(.exceptions.soft.user)
 *(.exceptions.soft)
 .exceptions.soft
                0x0000000000000150       0x2c obj/default/portable/GCC/NiosII/port_asm.o
 *(.exceptions.unknown.user)
 *(.exceptions.unknown)
 *(.exceptions.exit.label)
 *(.exceptions.exit.user)
 *(.exceptions.exit)
 *(.exceptions)
 .exceptions    0x000000000000017c       0x60 ../master_bsp//libhal_bsp.a(alt_irq_handler.o)
                0x000000000000017c                alt_irq_handler
                0x00000000000001dc                PROVIDE (__ram_exceptions_end, ABSOLUTE (.))
                0x0000000000000020                PROVIDE (__flash_exceptions_start, LOADADDR (.exceptions))

.text           0x00000000000001dc     0x3158
                0x00000000000001dc                PROVIDE (stext, ABSOLUTE (.))
 *(.interp)
 *(.hash)
 *(.dynsym)
 *(.dynstr)
 *(.gnu.version)
 *(.gnu.version_d)
 *(.gnu.version_r)
 *(.rel.init)
 *(.rela.init)
 *(.rel.text .rel.text.* .rel.gnu.linkonce.t.*)
 *(.rela.text .rela.text.* .rela.gnu.linkonce.t.*)
 *(.rel.fini)
 *(.rela.fini)
 *(.rel.rodata .rel.rodata.* .rel.gnu.linkonce.r.*)
 *(.rela.rodata .rela.rodata.* .rela.gnu.linkonce.r.*)
 *(.rel.data .rel.data.* .rel.gnu.linkonce.d.*)
 *(.rela.data .rela.data.* .rela.gnu.linkonce.d.*)
 *(.rel.tdata .rel.tdata.* .rel.gnu.linkonce.td.*)
 *(.rela.tdata .rela.tdata.* .rela.gnu.linkonce.td.*)
 *(.rel.tbss .rel.tbss.* .rel.gnu.linkonce.tb.*)
 *(.rela.tbss .rela.tbss.* .rela.gnu.linkonce.tb.*)
 *(.rel.ctors)
 *(.rela.ctors)
 *(.rel.dtors)
 *(.rela.dtors)
 *(.rel.got)
 *(.rela.got)
 *(.rel.sdata .rel.sdata.* .rel.gnu.linkonce.s.*)
 *(.rela.sdata .rela.sdata.* .rela.gnu.linkonce.s.*)
 *(.rel.sbss .rel.sbss.* .rel.gnu.linkonce.sb.*)
 *(.rela.sbss .rela.sbss.* .rela.gnu.linkonce.sb.*)
 *(.rel.sdata2 .rel.sdata2.* .rel.gnu.linkonce.s2.*)
 *(.rela.sdata2 .rela.sdata2.* .rela.gnu.linkonce.s2.*)
 *(.rel.sbss2 .rel.sbss2.* .rel.gnu.linkonce.sb2.*)
 *(.rela.sbss2 .rela.sbss2.* .rela.gnu.linkonce.sb2.*)
 *(.rel.bss .rel.bss.* .rel.gnu.linkonce.b.*)
 *(.rela.bss .rela.bss.* .rela.gnu.linkonce.b.*)
 *(.rel.plt)
 *(.rela.plt)
 *(.rel.dyn)
 *(.init)
 *(.plt)
 *(.text .stub .text.* .gnu.linkonce.t.*)
 .text          0x00000000000001dc       0x3c ../master_bsp//obj/HAL/src/crt0.o
                0x00000000000001dc                _start
 .text          0x0000000000000218      0x320 obj/default/asym.o
                0x0000000000000218                xAsymMutexInit
                0x0000000000000258                xAsymReqQueuInit
                0x00000000000002f4                xAsymSendReq
                0x0000000000000408                vAsymUpdateFinishedReq
                0x0000000000000478                vAsymSemaphorePolling
                0x0000000000000490                xAsymGetReq
                0x00000000000004fc                xAsymReqQueueNotEmpty
 .text          0x0000000000000538        0x0 obj/default/croutine.o
 .text          0x0000000000000538       0xe4 obj/default/list.o
                0x0000000000000538                vListInitialise
                0x0000000000000558                vListInitialiseItem
                0x0000000000000560                vListInsertEnd
                0x0000000000000590                vListInsert
                0x00000000000005e4                uxListRemove
 .text          0x000000000000061c       0x9c obj/default/master.o
                0x000000000000061c                masterTask
                0x0000000000000690                readyTask
 .text.startup  0x00000000000006b8       0xb4 obj/default/master.o
                0x00000000000006b8                main
 .text          0x000000000000076c      0x198 obj/default/portable/GCC/NiosII/port.o
                0x000000000000076c                vPortSysTickHandler
                0x000000000000079c                pxPortInitialiseStack
                0x00000000000007dc                vPortEndScheduler
                0x00000000000007e0                alt_irq_register
                0x0000000000000878                xPortStartScheduler
 .text          0x0000000000000904       0xa8 obj/default/portable/MemMang/heap_1.o
                0x0000000000000904                pvPortMalloc
                0x0000000000000990                vPortFree
                0x0000000000000994                vPortInitialiseBlocks
                0x000000000000099c                xPortGetFreeHeapSize
 .text          0x00000000000009ac      0xa48 obj/default/queue.o
                0x0000000000000b68                xQueueGenericReset
                0x0000000000000c20                xQueueGenericCreate
                0x0000000000000cac                xQueueCreateCountingSemaphore
                0x0000000000000ce0                xQueueGenericSend
                0x0000000000000e5c                xQueueCreateMutex
                0x0000000000000edc                xQueueGiveMutexRecursive
                0x0000000000000f3c                xQueueGenericSendFromISR
                0x0000000000000fcc                xQueueGiveFromISR
                0x000000000000105c                xQueueGenericReceive
                0x0000000000001204                xQueueTakeMutexRecursive
                0x0000000000001288                xQueueReceiveFromISR
                0x0000000000001314                xQueuePeekFromISR
                0x000000000000135c                uxQueueMessagesWaiting
                0x000000000000138c                uxQueueSpacesAvailable
                0x00000000000013cc                uxQueueMessagesWaitingFromISR
                0x00000000000013d4                vQueueDelete
                0x00000000000013d8                xQueueIsQueueEmptyFromISR
                0x00000000000013e4                xQueueIsQueueFullFromISR
 .text          0x00000000000013f4     0x166c obj/default/tasks.o
                0x00000000000014a8                uxTaskPriorityGetFromISR
                0x00000000000014b8                xTaskResumeFromISR
                0x0000000000001560                vTaskEndScheduler
                0x0000000000001578                vTaskSuspendAll
                0x0000000000001588                xTaskGetTickCount
                0x0000000000001590                xTaskGetTickCountFromISR
                0x0000000000001598                uxTaskGetNumberOfTasks
                0x00000000000015a0                xTaskIncrementTick
                0x00000000000016fc                vTaskSwitchContext
                0x00000000000017c4                vTaskPlaceOnEventList
                0x000000000000182c                vTaskPlaceOnUnorderedEventList
                0x00000000000018a0                xTaskRemoveFromEventList
                0x0000000000001944                xTaskRemoveFromUnorderedEventList
                0x00000000000019d0                vTaskSetTimeOutState
                0x00000000000019e4                vTaskMissedYield
                0x00000000000019f0                uxTaskGetStackHighWaterMark
                0x0000000000001a24                xTaskGetCurrentTaskHandle
                0x0000000000001a2c                vTaskPriorityInherit
                0x0000000000001b08                xTaskPriorityDisinherit
                0x0000000000001ba4                vTaskEnterCritical
                0x0000000000001bd4                vTaskExitCritical
                0x0000000000001c10                xTaskGenericCreate
                0x0000000000001e8c                vTaskStartScheduler
                0x0000000000001f00                vTaskDelete
                0x0000000000001fb0                uxTaskPriorityGet
                0x0000000000001fe8                vTaskPrioritySet
                0x00000000000020ec                vTaskSuspend
                0x00000000000021c8                vTaskResume
                0x0000000000002260                xTaskResumeAll
                0x0000000000002384                vTaskDelayUntil
                0x000000000000240c                vTaskDelay
                0x00000000000024e0                xTaskCheckForTimeOut
                0x0000000000002560                uxTaskResetEventItemValue
                0x0000000000002584                pvTaskIncrementMutexHeldCount
                0x00000000000025a4                ulTaskNotifyTake
                0x000000000000266c                xTaskNotifyWait
                0x0000000000002778                xTaskGenericNotify
                0x0000000000002888                xTaskGenericNotifyFromISR
                0x00000000000029a0                vTaskNotifyGiveFromISR
 .text          0x0000000000002a60        0x0 obj/default/timers.o
 .text          0x0000000000002a60        0x0 obj/default/portable/GCC/NiosII/port_asm.o
 .text          0x0000000000002a60      0x12c /mnt/Storage/soft/nios2eds/bin/gnu/H-x86_64-pc-linux-gnu/bin/../lib/gcc/nios2-elf/4.9.1/mno-hw-mul/libgcc.a(lib2-divmod.o)
                0x0000000000002acc                __divsi3
                0x0000000000002b20                __modsi3
                0x0000000000002b7c                __udivsi3
                0x0000000000002b84                __umodsi3
 .text          0x0000000000002b8c       0x28 /mnt/Storage/soft/nios2eds/bin/gnu/H-x86_64-pc-linux-gnu/bin/../lib/gcc/nios2-elf/4.9.1/mno-hw-mul/libgcc.a(lib2-mul.o)
                0x0000000000002b8c                __mulsi3
 .text          0x0000000000002bb4       0x28 /mnt/Storage/soft/nios2eds/bin/gnu/H-x86_64-pc-linux-gnu/bin/../lib/gcc/nios2-elf/4.9.1/../../../../../H-x86_64-pc-linux-gnu/nios2-elf/lib/mno-hw-mul/libsmallc.a(lib_a-memcpy.o)
                0x0000000000002bb4                memcpy
 .text          0x0000000000002bdc       0x20 /mnt/Storage/soft/nios2eds/bin/gnu/H-x86_64-pc-linux-gnu/bin/../lib/gcc/nios2-elf/4.9.1/../../../../../H-x86_64-pc-linux-gnu/nios2-elf/lib/mno-hw-mul/libsmallc.a(lib_a-memset.o)
                0x0000000000002bdc                memset
 .text          0x0000000000002bfc       0x6c /mnt/Storage/soft/nios2eds/bin/gnu/H-x86_64-pc-linux-gnu/bin/../lib/gcc/nios2-elf/4.9.1/../../../../../H-x86_64-pc-linux-gnu/nios2-elf/lib/mno-hw-mul/libsmallc.a(lib_a-rand.o)
                0x0000000000002bfc                srand
                0x0000000000002c0c                rand
 .text          0x0000000000002c68      0x10c /mnt/Storage/soft/nios2eds/bin/gnu/H-x86_64-pc-linux-gnu/bin/../lib/gcc/nios2-elf/4.9.1/mno-hw-mul/libgcc.a(_muldi3.o)
                0x0000000000002c68                __muldi3
 .text          0x0000000000002d74        0x0 ../master_bsp//libhal_bsp.a(alt_irq_handler.o)
 .text          0x0000000000002d74        0x0 ../master_bsp//libhal_bsp.a(alt_irq_vars.o)
 .text          0x0000000000002d74       0xf8 ../master_bsp//libhal_bsp.a(alt_load.o)
                0x0000000000002d74                alt_load
 .text          0x0000000000002e6c       0x2c ../master_bsp//libhal_bsp.a(alt_main.o)
                0x0000000000002e6c                alt_main
 .text          0x0000000000002e98      0x16c ../master_bsp//libhal_bsp.a(alt_printf.o)
                0x0000000000002e98                alt_printf
 .text          0x0000000000003004       0x48 ../master_bsp//libhal_bsp.a(alt_putchar.o)
                0x0000000000003004                alt_putchar
 .text          0x000000000000304c       0x38 ../master_bsp//libhal_bsp.a(alt_putstr.o)
                0x000000000000304c                alt_putstr
 .text          0x0000000000003084       0x34 ../master_bsp//libhal_bsp.a(alt_sys_init.o)
                0x0000000000003084                alt_irq_init
                0x00000000000030a4                alt_sys_init
 .text          0x00000000000030b8       0x34 ../master_bsp//libhal_bsp.a(altera_avalon_jtag_uart_write.o)
                0x00000000000030b8                altera_avalon_jtag_uart_write
 .text          0x00000000000030ec      0x100 ../master_bsp//libhal_bsp.a(altera_avalon_mutex.o)
                0x00000000000030ec                altera_avalon_mutex_open
                0x0000000000003144                altera_avalon_mutex_close
                0x0000000000003148                altera_avalon_mutex_lock
                0x000000000000316c                altera_avalon_mutex_trylock
                0x0000000000003194                altera_avalon_mutex_unlock
                0x00000000000031b4                altera_avalon_mutex_is_mine
                0x00000000000031dc                altera_avalon_mutex_first_lock
 .text          0x00000000000031ec        0x4 ../master_bsp//libhal_bsp.a(alt_dcache_flush_all.o)
                0x00000000000031ec                alt_dcache_flush_all
 .text          0x00000000000031f0       0x78 ../master_bsp//libhal_bsp.a(alt_dev_llist_insert.o)
                0x00000000000031f0                alt_dev_llist_insert
 .text          0x0000000000003268        0x0 ../master_bsp//libhal_bsp.a(alt_errno.o)
 .text          0x0000000000003268       0x74 ../master_bsp//libhal_bsp.a(alt_find_dev.o)
                0x0000000000003268                alt_find_dev
 .text          0x00000000000032dc        0x4 ../master_bsp//libhal_bsp.a(alt_icache_flush_all.o)
                0x00000000000032dc                alt_icache_flush_all
 .text          0x00000000000032e0        0x8 ../master_bsp//libhal_bsp.a(altera_nios2_qsys_irq.o)
                0x00000000000032e0                altera_nios2_qsys_irq_init
 .text          0x00000000000032e8        0x0 /mnt/Storage/soft/nios2eds/bin/gnu/H-x86_64-pc-linux-gnu/bin/../lib/gcc/nios2-elf/4.9.1/../../../../../H-x86_64-pc-linux-gnu/nios2-elf/lib/mno-hw-mul/libsmallc.a(lib_a-int_errno.o)
 .text          0x00000000000032e8       0x30 /mnt/Storage/soft/nios2eds/bin/gnu/H-x86_64-pc-linux-gnu/bin/../lib/gcc/nios2-elf/4.9.1/../../../../../H-x86_64-pc-linux-gnu/nios2-elf/lib/mno-hw-mul/libsmallc.a(lib_a-memcmp.o)
                0x00000000000032e8                memcmp
 .text          0x0000000000003318       0x1c /mnt/Storage/soft/nios2eds/bin/gnu/H-x86_64-pc-linux-gnu/bin/../lib/gcc/nios2-elf/4.9.1/../../../../../H-x86_64-pc-linux-gnu/nios2-elf/lib/mno-hw-mul/libsmallc.a(lib_a-strlen.o)
                0x0000000000003318                strlen
 *(.gnu.warning.*)
 *(.fini)
                0x0000000000003334                PROVIDE (__etext, ABSOLUTE (.))
                0x0000000000003334                PROVIDE (_etext, ABSOLUTE (.))
                0x0000000000003334                PROVIDE (etext, ABSOLUTE (.))
 *(.eh_frame_hdr)
                0x0000000000003334                . = ALIGN (0x4)
                0x0000000000003334                PROVIDE (__preinit_array_start, ABSOLUTE (.))
 *(.preinit_array)
                0x0000000000003334                PROVIDE (__preinit_array_end, ABSOLUTE (.))
                0x0000000000003334                PROVIDE (__init_array_start, ABSOLUTE (.))
 *(.init_array)
                0x0000000000003334                PROVIDE (__init_array_end, ABSOLUTE (.))
                0x0000000000003334                PROVIDE (__fini_array_start, ABSOLUTE (.))
 *(.fini_array)
                0x0000000000003334                PROVIDE (__fini_array_end, ABSOLUTE (.))
 *(.eh_frame)
 *(.gcc_except_table .gcc_except_table.*)
 *(.dynamic)
                0x0000000000003334                PROVIDE (__CTOR_LIST__, ABSOLUTE (.))
 *(.ctors)
 *(SORT(.ctors.*))
                0x0000000000003334                PROVIDE (__CTOR_END__, ABSOLUTE (.))
                0x0000000000003334                PROVIDE (__DTOR_LIST__, ABSOLUTE (.))
 *(.dtors)
 *(SORT(.dtors.*))
                0x0000000000003334                PROVIDE (__DTOR_END__, ABSOLUTE (.))
 *(.jcr)
                0x0000000000003334                . = ALIGN (0x4)

.rodata         0x0000000000003334       0xb8
                0x0000000000003334                PROVIDE (__ram_rodata_start, ABSOLUTE (.))
                0x0000000000003334                . = ALIGN (0x4)
 *(.rodata .rodata.* .gnu.linkonce.r.*)
 .rodata.str1.4
                0x0000000000003334       0x18 obj/default/asym.o
 .rodata.str1.4
                0x000000000000334c       0x97 obj/default/master.o
                                         0x98 (size before relaxing)
 *fill*         0x00000000000033e3        0x1 
 .rodata.str1.4
                0x00000000000033e4        0x8 obj/default/tasks.o
 .rodata.str1.4
                0x0000000000000000       0x10 ../master_bsp//libhal_bsp.a(alt_sys_init.o)
 *(.rodata1)
                0x00000000000033ec                . = ALIGN (0x4)
                0x00000000000033ec                PROVIDE (__ram_rodata_end, ABSOLUTE (.))
                0x0000000000003334                PROVIDE (__flash_rodata_start, LOADADDR (.rodata))

.rwdata         0x00000000000033ec       0x24 load address 0x0000000000003410
                0x00000000000033ec                PROVIDE (__ram_rwdata_start, ABSOLUTE (.))
                0x00000000000033ec                . = ALIGN (0x4)
 *(.got.plt)
 *(.got)
 *(.data1)
 *(.data .data.* .gnu.linkonce.d.*)
 .data          0x00000000000033ec        0x0 ../master_bsp//obj/HAL/src/crt0.o
 .data          0x00000000000033ec        0x0 obj/default/asym.o
 .data          0x00000000000033ec        0x0 obj/default/croutine.o
 .data          0x00000000000033ec        0x0 obj/default/list.o
 .data          0x00000000000033ec        0x0 obj/default/master.o
 .data          0x00000000000033ec        0x0 obj/default/portable/GCC/NiosII/port.o
 .data          0x00000000000033ec        0x0 obj/default/portable/MemMang/heap_1.o
 .data          0x00000000000033ec        0x0 obj/default/queue.o
 .data          0x00000000000033ec        0x0 obj/default/tasks.o
 .data          0x00000000000033ec        0x0 obj/default/timers.o
 .data          0x00000000000033ec        0x0 obj/default/portable/GCC/NiosII/port_asm.o
 .data          0x00000000000033ec        0x0 /mnt/Storage/soft/nios2eds/bin/gnu/H-x86_64-pc-linux-gnu/bin/../lib/gcc/nios2-elf/4.9.1/mno-hw-mul/libgcc.a(lib2-divmod.o)
 .data          0x00000000000033ec        0x0 /mnt/Storage/soft/nios2eds/bin/gnu/H-x86_64-pc-linux-gnu/bin/../lib/gcc/nios2-elf/4.9.1/mno-hw-mul/libgcc.a(lib2-mul.o)
 .data          0x00000000000033ec        0x0 /mnt/Storage/soft/nios2eds/bin/gnu/H-x86_64-pc-linux-gnu/bin/../lib/gcc/nios2-elf/4.9.1/../../../../../H-x86_64-pc-linux-gnu/nios2-elf/lib/mno-hw-mul/libsmallc.a(lib_a-memcpy.o)
 .data          0x00000000000033ec        0x0 /mnt/Storage/soft/nios2eds/bin/gnu/H-x86_64-pc-linux-gnu/bin/../lib/gcc/nios2-elf/4.9.1/../../../../../H-x86_64-pc-linux-gnu/nios2-elf/lib/mno-hw-mul/libsmallc.a(lib_a-memset.o)
 .data          0x00000000000033ec        0x0 /mnt/Storage/soft/nios2eds/bin/gnu/H-x86_64-pc-linux-gnu/bin/../lib/gcc/nios2-elf/4.9.1/../../../../../H-x86_64-pc-linux-gnu/nios2-elf/lib/mno-hw-mul/libsmallc.a(lib_a-rand.o)
 .data          0x00000000000033ec        0x0 /mnt/Storage/soft/nios2eds/bin/gnu/H-x86_64-pc-linux-gnu/bin/../lib/gcc/nios2-elf/4.9.1/mno-hw-mul/libgcc.a(_muldi3.o)
 .data          0x00000000000033ec        0x0 ../master_bsp//libhal_bsp.a(alt_irq_handler.o)
 .data          0x00000000000033ec        0x0 ../master_bsp//libhal_bsp.a(alt_irq_vars.o)
 .data          0x00000000000033ec        0x0 ../master_bsp//libhal_bsp.a(alt_load.o)
 .data          0x00000000000033ec        0x0 ../master_bsp//libhal_bsp.a(alt_main.o)
 .data          0x00000000000033ec        0x0 ../master_bsp//libhal_bsp.a(alt_printf.o)
 .data          0x00000000000033ec        0x0 ../master_bsp//libhal_bsp.a(alt_putchar.o)
 .data          0x00000000000033ec        0x0 ../master_bsp//libhal_bsp.a(alt_putstr.o)
 .data          0x00000000000033ec       0x10 ../master_bsp//libhal_bsp.a(alt_sys_init.o)
 .data          0x00000000000033fc        0x0 ../master_bsp//libhal_bsp.a(altera_avalon_jtag_uart_write.o)
 .data          0x00000000000033fc        0x0 ../master_bsp//libhal_bsp.a(altera_avalon_mutex.o)
 .data          0x00000000000033fc        0x0 ../master_bsp//libhal_bsp.a(alt_dcache_flush_all.o)
 .data          0x00000000000033fc        0x0 ../master_bsp//libhal_bsp.a(alt_dev_llist_insert.o)
 .data          0x00000000000033fc        0x0 ../master_bsp//libhal_bsp.a(alt_errno.o)
 .data          0x00000000000033fc        0x0 ../master_bsp//libhal_bsp.a(alt_find_dev.o)
 .data          0x00000000000033fc        0x0 ../master_bsp//libhal_bsp.a(alt_icache_flush_all.o)
 .data          0x00000000000033fc        0x0 ../master_bsp//libhal_bsp.a(altera_nios2_qsys_irq.o)
 .data          0x00000000000033fc        0x0 /mnt/Storage/soft/nios2eds/bin/gnu/H-x86_64-pc-linux-gnu/bin/../lib/gcc/nios2-elf/4.9.1/../../../../../H-x86_64-pc-linux-gnu/nios2-elf/lib/mno-hw-mul/libsmallc.a(lib_a-int_errno.o)
 .data          0x00000000000033fc        0x0 /mnt/Storage/soft/nios2eds/bin/gnu/H-x86_64-pc-linux-gnu/bin/../lib/gcc/nios2-elf/4.9.1/../../../../../H-x86_64-pc-linux-gnu/nios2-elf/lib/mno-hw-mul/libsmallc.a(lib_a-memcmp.o)
 .data          0x00000000000033fc        0x0 /mnt/Storage/soft/nios2eds/bin/gnu/H-x86_64-pc-linux-gnu/bin/../lib/gcc/nios2-elf/4.9.1/../../../../../H-x86_64-pc-linux-gnu/nios2-elf/lib/mno-hw-mul/libsmallc.a(lib_a-strlen.o)
                0x000000000000b3fc                _gp = ABSOLUTE ((. + 0x8000))
                0x000000000000b3fc                PROVIDE (gp, _gp)
 *(.rwdata .rwdata.*)
 *(.sdata .sdata.* .gnu.linkonce.s.*)
 .sdata         0x00000000000033fc        0x4 ../master_bsp//libhal_bsp.a(alt_irq_vars.o)
                0x00000000000033fc                alt_priority_mask
 .sdata         0x0000000000003400        0x4 ../master_bsp//libhal_bsp.a(alt_sys_init.o)
                0x0000000000003400                jtag_uart_0
 .sdata         0x0000000000003404        0x8 ../master_bsp//libhal_bsp.a(altera_avalon_mutex.o)
                0x0000000000003404                alt_mutex_list
 .sdata         0x000000000000340c        0x4 ../master_bsp//libhal_bsp.a(alt_errno.o)
                0x000000000000340c                alt_errno
 *(.sdata2 .sdata2.* .gnu.linkonce.s2.*)
                0x0000000000003410                . = ALIGN (0x4)
                0x0000000000003410                _edata = ABSOLUTE (.)
                0x0000000000003410                PROVIDE (edata, ABSOLUTE (.))
                0x0000000000003410                PROVIDE (__ram_rwdata_end, ABSOLUTE (.))
                0x0000000000003410                PROVIDE (__flash_rwdata_start, LOADADDR (.rwdata))

.bss            0x0000000000003434     0x2180
                0x0000000000003434                __bss_start = ABSOLUTE (.)
                0x0000000000003434                PROVIDE (__sbss_start, ABSOLUTE (.))
                0x0000000000003434                PROVIDE (___sbss_start, ABSOLUTE (.))
 *(.dynsbss)
 *(.sbss .sbss.* .gnu.linkonce.sb.*)
 .sbss          0x0000000000003434        0x4 obj/default/asym.o
 .sbss          0x0000000000003438        0x8 obj/default/portable/MemMang/heap_1.o
 .sbss          0x0000000000003440       0x38 obj/default/tasks.o
                0x0000000000003474                pxCurrentTCB
 .sbss          0x0000000000003478        0x8 /mnt/Storage/soft/nios2eds/bin/gnu/H-x86_64-pc-linux-gnu/bin/../lib/gcc/nios2-elf/4.9.1/../../../../../H-x86_64-pc-linux-gnu/nios2-elf/lib/mno-hw-mul/libsmallc.a(lib_a-rand.o)
 .sbss          0x0000000000003480        0x4 ../master_bsp//libhal_bsp.a(alt_irq_vars.o)
                0x0000000000003480                alt_irq_active
 .sbss          0x0000000000003484        0xc ../master_bsp//libhal_bsp.a(alt_main.o)
                0x0000000000003484                alt_envp
                0x0000000000003488                alt_argv
                0x000000000000348c                alt_argc
 .sbss          0x0000000000003490        0x4 /mnt/Storage/soft/nios2eds/bin/gnu/H-x86_64-pc-linux-gnu/bin/../lib/gcc/nios2-elf/4.9.1/../../../../../H-x86_64-pc-linux-gnu/nios2-elf/lib/mno-hw-mul/libsmallc.a(lib_a-int_errno.o)
                0x0000000000003490                errno
 *(.sbss2 .sbss2.* .gnu.linkonce.sb2.*)
 *(.scommon)
                0x0000000000003494                PROVIDE (__sbss_end, ABSOLUTE (.))
                0x0000000000003494                PROVIDE (___sbss_end, ABSOLUTE (.))
 *(.dynbss)
 *(.bss .bss.* .gnu.linkonce.b.*)
 .bss           0x0000000000003494        0x0 ../master_bsp//obj/HAL/src/crt0.o
 .bss           0x0000000000003494        0x0 obj/default/asym.o
 .bss           0x0000000000003494        0x0 obj/default/croutine.o
 .bss           0x0000000000003494        0x0 obj/default/list.o
 .bss           0x0000000000003494        0x0 obj/default/master.o
 .bss           0x0000000000003494        0x0 obj/default/portable/GCC/NiosII/port.o
 .bss           0x0000000000003494     0x1f58 obj/default/portable/MemMang/heap_1.o
 .bss           0x00000000000053ec        0x0 obj/default/queue.o
 .bss           0x00000000000053ec       0xc8 obj/default/tasks.o
 .bss           0x00000000000054b4        0x0 obj/default/timers.o
 .bss           0x00000000000054b4        0x0 obj/default/portable/GCC/NiosII/port_asm.o
 .bss           0x00000000000054b4        0x0 /mnt/Storage/soft/nios2eds/bin/gnu/H-x86_64-pc-linux-gnu/bin/../lib/gcc/nios2-elf/4.9.1/mno-hw-mul/libgcc.a(lib2-divmod.o)
 .bss           0x00000000000054b4        0x0 /mnt/Storage/soft/nios2eds/bin/gnu/H-x86_64-pc-linux-gnu/bin/../lib/gcc/nios2-elf/4.9.1/mno-hw-mul/libgcc.a(lib2-mul.o)
 .bss           0x00000000000054b4        0x0 /mnt/Storage/soft/nios2eds/bin/gnu/H-x86_64-pc-linux-gnu/bin/../lib/gcc/nios2-elf/4.9.1/../../../../../H-x86_64-pc-linux-gnu/nios2-elf/lib/mno-hw-mul/libsmallc.a(lib_a-memcpy.o)
 .bss           0x00000000000054b4        0x0 /mnt/Storage/soft/nios2eds/bin/gnu/H-x86_64-pc-linux-gnu/bin/../lib/gcc/nios2-elf/4.9.1/../../../../../H-x86_64-pc-linux-gnu/nios2-elf/lib/mno-hw-mul/libsmallc.a(lib_a-memset.o)
 .bss           0x00000000000054b4        0x0 /mnt/Storage/soft/nios2eds/bin/gnu/H-x86_64-pc-linux-gnu/bin/../lib/gcc/nios2-elf/4.9.1/../../../../../H-x86_64-pc-linux-gnu/nios2-elf/lib/mno-hw-mul/libsmallc.a(lib_a-rand.o)
 .bss           0x00000000000054b4        0x0 /mnt/Storage/soft/nios2eds/bin/gnu/H-x86_64-pc-linux-gnu/bin/../lib/gcc/nios2-elf/4.9.1/mno-hw-mul/libgcc.a(_muldi3.o)
 .bss           0x00000000000054b4        0x0 ../master_bsp//libhal_bsp.a(alt_irq_handler.o)
 .bss           0x00000000000054b4        0x0 ../master_bsp//libhal_bsp.a(alt_irq_vars.o)
 .bss           0x00000000000054b4        0x0 ../master_bsp//libhal_bsp.a(alt_load.o)
 .bss           0x00000000000054b4        0x0 ../master_bsp//libhal_bsp.a(alt_main.o)
 .bss           0x00000000000054b4        0x0 ../master_bsp//libhal_bsp.a(alt_printf.o)
 .bss           0x00000000000054b4        0x0 ../master_bsp//libhal_bsp.a(alt_putchar.o)
 .bss           0x00000000000054b4        0x0 ../master_bsp//libhal_bsp.a(alt_putstr.o)
 .bss           0x00000000000054b4        0x0 ../master_bsp//libhal_bsp.a(alt_sys_init.o)
 .bss           0x00000000000054b4        0x0 ../master_bsp//libhal_bsp.a(altera_avalon_jtag_uart_write.o)
 .bss           0x00000000000054b4        0x0 ../master_bsp//libhal_bsp.a(altera_avalon_mutex.o)
 .bss           0x00000000000054b4        0x0 ../master_bsp//libhal_bsp.a(alt_dcache_flush_all.o)
 .bss           0x00000000000054b4        0x0 ../master_bsp//libhal_bsp.a(alt_dev_llist_insert.o)
 .bss           0x00000000000054b4        0x0 ../master_bsp//libhal_bsp.a(alt_errno.o)
 .bss           0x00000000000054b4        0x0 ../master_bsp//libhal_bsp.a(alt_find_dev.o)
 .bss           0x00000000000054b4        0x0 ../master_bsp//libhal_bsp.a(alt_icache_flush_all.o)
 .bss           0x00000000000054b4        0x0 ../master_bsp//libhal_bsp.a(altera_nios2_qsys_irq.o)
 .bss           0x00000000000054b4        0x0 /mnt/Storage/soft/nios2eds/bin/gnu/H-x86_64-pc-linux-gnu/bin/../lib/gcc/nios2-elf/4.9.1/../../../../../H-x86_64-pc-linux-gnu/nios2-elf/lib/mno-hw-mul/libsmallc.a(lib_a-int_errno.o)
 .bss           0x00000000000054b4        0x0 /mnt/Storage/soft/nios2eds/bin/gnu/H-x86_64-pc-linux-gnu/bin/../lib/gcc/nios2-elf/4.9.1/../../../../../H-x86_64-pc-linux-gnu/nios2-elf/lib/mno-hw-mul/libsmallc.a(lib_a-memcmp.o)
 .bss           0x00000000000054b4        0x0 /mnt/Storage/soft/nios2eds/bin/gnu/H-x86_64-pc-linux-gnu/bin/../lib/gcc/nios2-elf/4.9.1/../../../../../H-x86_64-pc-linux-gnu/nios2-elf/lib/mno-hw-mul/libsmallc.a(lib_a-strlen.o)
 *(COMMON)
 COMMON         0x00000000000054b4      0x100 ../master_bsp//libhal_bsp.a(alt_irq_handler.o)
                0x00000000000054b4                alt_irq
                0x00000000000055b4                . = ALIGN (0x4)
                0x00000000000055b4                __bss_end = ABSOLUTE (.)

.onchip_memory2_0
                0x00000000000055b4        0x0
                0x00000000000055b4                PROVIDE (_alt_partition_onchip_memory2_0_start, ABSOLUTE (.))
 *(.onchip_memory2_0 .onchip_memory2_0. onchip_memory2_0.*)
                0x00000000000055b4                . = ALIGN (0x4)
                0x00000000000055b4                PROVIDE (_alt_partition_onchip_memory2_0_end, ABSOLUTE (.))
                0x00000000000055b4                _end = ABSOLUTE (.)
                0x00000000000055b4                end = ABSOLUTE (.)
                0x00000000000055b4                __alt_stack_base = ABSOLUTE (.)
                0x00000000000055b4                PROVIDE (_alt_partition_onchip_memory2_0_load_addr, LOADADDR (.onchip_memory2_0))

.memory_buff    0x0000000000010000        0x0 load address 0x00000000000055b4
                0x0000000000010000                PROVIDE (_alt_partition_memory_buff_start, ABSOLUTE (.))
 *(.memory_buff .memory_buff. memory_buff.*)
                0x0000000000010000                . = ALIGN (0x4)
                0x0000000000010000                PROVIDE (_alt_partition_memory_buff_end, ABSOLUTE (.))
                0x00000000000055b4                PROVIDE (_alt_partition_memory_buff_load_addr, LOADADDR (.memory_buff))

.stab
 *(.stab)

.stabstr
 *(.stabstr)

.stab.excl
 *(.stab.excl)

.stab.exclstr
 *(.stab.exclstr)

.stab.index
 *(.stab.index)

.stab.indexstr
 *(.stab.indexstr)

.comment        0x0000000000000000       0x23
 *(.comment)
 .comment       0x0000000000000000       0x23 obj/default/asym.o
                                         0x24 (size before relaxing)
 .comment       0x0000000000000000       0x24 obj/default/croutine.o
 .comment       0x0000000000000000       0x24 obj/default/list.o
 .comment       0x0000000000000000       0x24 obj/default/master.o
 .comment       0x0000000000000000       0x24 obj/default/portable/GCC/NiosII/port.o
 .comment       0x0000000000000000       0x24 obj/default/portable/MemMang/heap_1.o
 .comment       0x0000000000000000       0x24 obj/default/queue.o
 .comment       0x0000000000000000       0x24 obj/default/tasks.o
 .comment       0x0000000000000000       0x24 obj/default/timers.o
 .comment       0x0000000000000000       0x24 /mnt/Storage/soft/nios2eds/bin/gnu/H-x86_64-pc-linux-gnu/bin/../lib/gcc/nios2-elf/4.9.1/mno-hw-mul/libgcc.a(lib2-divmod.o)
 .comment       0x0000000000000000       0x24 /mnt/Storage/soft/nios2eds/bin/gnu/H-x86_64-pc-linux-gnu/bin/../lib/gcc/nios2-elf/4.9.1/mno-hw-mul/libgcc.a(lib2-mul.o)
 .comment       0x0000000000000000       0x24 /mnt/Storage/soft/nios2eds/bin/gnu/H-x86_64-pc-linux-gnu/bin/../lib/gcc/nios2-elf/4.9.1/../../../../../H-x86_64-pc-linux-gnu/nios2-elf/lib/mno-hw-mul/libsmallc.a(lib_a-memcpy.o)
 .comment       0x0000000000000000       0x24 /mnt/Storage/soft/nios2eds/bin/gnu/H-x86_64-pc-linux-gnu/bin/../lib/gcc/nios2-elf/4.9.1/../../../../../H-x86_64-pc-linux-gnu/nios2-elf/lib/mno-hw-mul/libsmallc.a(lib_a-memset.o)
 .comment       0x0000000000000000       0x24 /mnt/Storage/soft/nios2eds/bin/gnu/H-x86_64-pc-linux-gnu/bin/../lib/gcc/nios2-elf/4.9.1/../../../../../H-x86_64-pc-linux-gnu/nios2-elf/lib/mno-hw-mul/libsmallc.a(lib_a-rand.o)
 .comment       0x0000000000000000       0x24 /mnt/Storage/soft/nios2eds/bin/gnu/H-x86_64-pc-linux-gnu/bin/../lib/gcc/nios2-elf/4.9.1/mno-hw-mul/libgcc.a(_muldi3.o)
 .comment       0x0000000000000000       0x24 ../master_bsp//libhal_bsp.a(alt_irq_handler.o)
 .comment       0x0000000000000000       0x24 ../master_bsp//libhal_bsp.a(alt_irq_vars.o)
 .comment       0x0000000000000000       0x24 ../master_bsp//libhal_bsp.a(alt_load.o)
 .comment       0x0000000000000000       0x24 ../master_bsp//libhal_bsp.a(alt_main.o)
 .comment       0x0000000000000000       0x24 ../master_bsp//libhal_bsp.a(alt_printf.o)
 .comment       0x0000000000000000       0x24 ../master_bsp//libhal_bsp.a(alt_putchar.o)
 .comment       0x0000000000000000       0x24 ../master_bsp//libhal_bsp.a(alt_putstr.o)
 .comment       0x0000000000000000       0x24 ../master_bsp//libhal_bsp.a(alt_sys_init.o)
 .comment       0x0000000000000000       0x24 ../master_bsp//libhal_bsp.a(altera_avalon_jtag_uart_write.o)
 .comment       0x0000000000000000       0x24 ../master_bsp//libhal_bsp.a(altera_avalon_mutex.o)
 .comment       0x0000000000000000       0x24 ../master_bsp//libhal_bsp.a(alt_dcache_flush_all.o)
 .comment       0x0000000000000000       0x24 ../master_bsp//libhal_bsp.a(alt_dev_llist_insert.o)
 .comment       0x0000000000000000       0x24 ../master_bsp//libhal_bsp.a(alt_errno.o)
 .comment       0x0000000000000000       0x24 ../master_bsp//libhal_bsp.a(alt_find_dev.o)
 .comment       0x0000000000000000       0x24 ../master_bsp//libhal_bsp.a(alt_icache_flush_all.o)
 .comment       0x0000000000000000       0x24 ../master_bsp//libhal_bsp.a(altera_nios2_qsys_irq.o)
 .comment       0x0000000000000000       0x24 /mnt/Storage/soft/nios2eds/bin/gnu/H-x86_64-pc-linux-gnu/bin/../lib/gcc/nios2-elf/4.9.1/../../../../../H-x86_64-pc-linux-gnu/nios2-elf/lib/mno-hw-mul/libsmallc.a(lib_a-int_errno.o)
 .comment       0x0000000000000000       0x24 /mnt/Storage/soft/nios2eds/bin/gnu/H-x86_64-pc-linux-gnu/bin/../lib/gcc/nios2-elf/4.9.1/../../../../../H-x86_64-pc-linux-gnu/nios2-elf/lib/mno-hw-mul/libsmallc.a(lib_a-memcmp.o)
 .comment       0x0000000000000000       0x24 /mnt/Storage/soft/nios2eds/bin/gnu/H-x86_64-pc-linux-gnu/bin/../lib/gcc/nios2-elf/4.9.1/../../../../../H-x86_64-pc-linux-gnu/nios2-elf/lib/mno-hw-mul/libsmallc.a(lib_a-strlen.o)

.debug
 *(.debug)

.line
 *(.line)

.debug_srcinfo
 *(.debug_srcinfo)

.debug_sfnames
 *(.debug_sfnames)

.debug_aranges  0x0000000000000000      0x488
 *(.debug_aranges)
 .debug_aranges
                0x0000000000000000       0x28 ../master_bsp//obj/HAL/src/crt0.o
 .debug_aranges
                0x0000000000000028       0x20 obj/default/asym.o
 .debug_aranges
                0x0000000000000048       0x18 obj/default/croutine.o
 .debug_aranges
                0x0000000000000060       0x20 obj/default/list.o
 .debug_aranges
                0x0000000000000080       0x28 obj/default/master.o
 .debug_aranges
                0x00000000000000a8       0x20 obj/default/portable/GCC/NiosII/port.o
 .debug_aranges
                0x00000000000000c8       0x20 obj/default/portable/MemMang/heap_1.o
 .debug_aranges
                0x00000000000000e8       0x20 obj/default/queue.o
 .debug_aranges
                0x0000000000000108       0x20 obj/default/tasks.o
 .debug_aranges
                0x0000000000000128       0x18 obj/default/timers.o
 .debug_aranges
                0x0000000000000140       0x40 obj/default/portable/GCC/NiosII/port_asm.o
 .debug_aranges
                0x0000000000000180       0x20 /mnt/Storage/soft/nios2eds/bin/gnu/H-x86_64-pc-linux-gnu/bin/../lib/gcc/nios2-elf/4.9.1/mno-hw-mul/libgcc.a(lib2-divmod.o)
 .debug_aranges
                0x00000000000001a0       0x20 /mnt/Storage/soft/nios2eds/bin/gnu/H-x86_64-pc-linux-gnu/bin/../lib/gcc/nios2-elf/4.9.1/mno-hw-mul/libgcc.a(lib2-mul.o)
 .debug_aranges
                0x00000000000001c0       0x20 /mnt/Storage/soft/nios2eds/bin/gnu/H-x86_64-pc-linux-gnu/bin/../lib/gcc/nios2-elf/4.9.1/../../../../../H-x86_64-pc-linux-gnu/nios2-elf/lib/mno-hw-mul/libsmallc.a(lib_a-memcpy.o)
 .debug_aranges
                0x00000000000001e0       0x20 /mnt/Storage/soft/nios2eds/bin/gnu/H-x86_64-pc-linux-gnu/bin/../lib/gcc/nios2-elf/4.9.1/../../../../../H-x86_64-pc-linux-gnu/nios2-elf/lib/mno-hw-mul/libsmallc.a(lib_a-memset.o)
 .debug_aranges
                0x0000000000000200       0x20 /mnt/Storage/soft/nios2eds/bin/gnu/H-x86_64-pc-linux-gnu/bin/../lib/gcc/nios2-elf/4.9.1/../../../../../H-x86_64-pc-linux-gnu/nios2-elf/lib/mno-hw-mul/libsmallc.a(lib_a-rand.o)
 .debug_aranges
                0x0000000000000220       0x20 /mnt/Storage/soft/nios2eds/bin/gnu/H-x86_64-pc-linux-gnu/bin/../lib/gcc/nios2-elf/4.9.1/mno-hw-mul/libgcc.a(_muldi3.o)
 .debug_aranges
                0x0000000000000240       0x20 ../master_bsp//libhal_bsp.a(alt_irq_handler.o)
 .debug_aranges
                0x0000000000000260       0x18 ../master_bsp//libhal_bsp.a(alt_irq_vars.o)
 .debug_aranges
                0x0000000000000278       0x20 ../master_bsp//libhal_bsp.a(alt_load.o)
 .debug_aranges
                0x0000000000000298       0x20 ../master_bsp//libhal_bsp.a(alt_main.o)
 .debug_aranges
                0x00000000000002b8       0x20 ../master_bsp//libhal_bsp.a(alt_printf.o)
 .debug_aranges
                0x00000000000002d8       0x20 ../master_bsp//libhal_bsp.a(alt_putchar.o)
 .debug_aranges
                0x00000000000002f8       0x20 ../master_bsp//libhal_bsp.a(alt_putstr.o)
 .debug_aranges
                0x0000000000000318       0x20 ../master_bsp//libhal_bsp.a(alt_sys_init.o)
 .debug_aranges
                0x0000000000000338       0x20 ../master_bsp//libhal_bsp.a(altera_avalon_jtag_uart_write.o)
 .debug_aranges
                0x0000000000000358       0x20 ../master_bsp//libhal_bsp.a(altera_avalon_mutex.o)
 .debug_aranges
                0x0000000000000378       0x20 ../master_bsp//libhal_bsp.a(alt_dcache_flush_all.o)
 .debug_aranges
                0x0000000000000398       0x20 ../master_bsp//libhal_bsp.a(alt_dev_llist_insert.o)
 .debug_aranges
                0x00000000000003b8       0x18 ../master_bsp//libhal_bsp.a(alt_errno.o)
 .debug_aranges
                0x00000000000003d0       0x20 ../master_bsp//libhal_bsp.a(alt_find_dev.o)
 .debug_aranges
                0x00000000000003f0       0x20 ../master_bsp//libhal_bsp.a(alt_icache_flush_all.o)
 .debug_aranges
                0x0000000000000410       0x20 ../master_bsp//libhal_bsp.a(altera_nios2_qsys_irq.o)
 .debug_aranges
                0x0000000000000430       0x18 /mnt/Storage/soft/nios2eds/bin/gnu/H-x86_64-pc-linux-gnu/bin/../lib/gcc/nios2-elf/4.9.1/../../../../../H-x86_64-pc-linux-gnu/nios2-elf/lib/mno-hw-mul/libsmallc.a(lib_a-int_errno.o)
 .debug_aranges
                0x0000000000000448       0x20 /mnt/Storage/soft/nios2eds/bin/gnu/H-x86_64-pc-linux-gnu/bin/../lib/gcc/nios2-elf/4.9.1/../../../../../H-x86_64-pc-linux-gnu/nios2-elf/lib/mno-hw-mul/libsmallc.a(lib_a-memcmp.o)
 .debug_aranges
                0x0000000000000468       0x20 /mnt/Storage/soft/nios2eds/bin/gnu/H-x86_64-pc-linux-gnu/bin/../lib/gcc/nios2-elf/4.9.1/../../../../../H-x86_64-pc-linux-gnu/nios2-elf/lib/mno-hw-mul/libsmallc.a(lib_a-strlen.o)

.debug_pubnames
 *(.debug_pubnames)

.debug_info     0x0000000000000000     0x6b90
 *(.debug_info .gnu.linkonce.wi.*)
 .debug_info    0x0000000000000000       0x74 ../master_bsp//obj/HAL/src/crt0.o
 .debug_info    0x0000000000000074      0x774 obj/default/asym.o
 .debug_info    0x00000000000007e8       0x98 obj/default/croutine.o
 .debug_info    0x0000000000000880      0x2b7 obj/default/list.o
 .debug_info    0x0000000000000b37      0x4ef obj/default/master.o
 .debug_info    0x0000000000001026      0x4ee obj/default/portable/GCC/NiosII/port.o
 .debug_info    0x0000000000001514      0x1be obj/default/portable/MemMang/heap_1.o
 .debug_info    0x00000000000016d2     0x1123 obj/default/queue.o
 .debug_info    0x00000000000027f5     0x1d62 obj/default/tasks.o
 .debug_info    0x0000000000004557       0x98 obj/default/timers.o
 .debug_info    0x00000000000045ef       0x80 obj/default/portable/GCC/NiosII/port_asm.o
 .debug_info    0x000000000000466f      0x234 /mnt/Storage/soft/nios2eds/bin/gnu/H-x86_64-pc-linux-gnu/bin/../lib/gcc/nios2-elf/4.9.1/mno-hw-mul/libgcc.a(lib2-divmod.o)
 .debug_info    0x00000000000048a3       0xb4 /mnt/Storage/soft/nios2eds/bin/gnu/H-x86_64-pc-linux-gnu/bin/../lib/gcc/nios2-elf/4.9.1/mno-hw-mul/libgcc.a(lib2-mul.o)
 .debug_info    0x0000000000004957      0x106 /mnt/Storage/soft/nios2eds/bin/gnu/H-x86_64-pc-linux-gnu/bin/../lib/gcc/nios2-elf/4.9.1/../../../../../H-x86_64-pc-linux-gnu/nios2-elf/lib/mno-hw-mul/libsmallc.a(lib_a-memcpy.o)
 .debug_info    0x0000000000004a5d       0xd5 /mnt/Storage/soft/nios2eds/bin/gnu/H-x86_64-pc-linux-gnu/bin/../lib/gcc/nios2-elf/4.9.1/../../../../../H-x86_64-pc-linux-gnu/nios2-elf/lib/mno-hw-mul/libsmallc.a(lib_a-memset.o)
 .debug_info    0x0000000000004b32       0xc3 /mnt/Storage/soft/nios2eds/bin/gnu/H-x86_64-pc-linux-gnu/bin/../lib/gcc/nios2-elf/4.9.1/../../../../../H-x86_64-pc-linux-gnu/nios2-elf/lib/mno-hw-mul/libsmallc.a(lib_a-rand.o)
 .debug_info    0x0000000000004bf5      0x1e2 /mnt/Storage/soft/nios2eds/bin/gnu/H-x86_64-pc-linux-gnu/bin/../lib/gcc/nios2-elf/4.9.1/mno-hw-mul/libgcc.a(_muldi3.o)
 .debug_info    0x0000000000004dd7      0x1a5 ../master_bsp//libhal_bsp.a(alt_irq_handler.o)
 .debug_info    0x0000000000004f7c       0x88 ../master_bsp//libhal_bsp.a(alt_irq_vars.o)
 .debug_info    0x0000000000005004      0x1d2 ../master_bsp//libhal_bsp.a(alt_load.o)
 .debug_info    0x00000000000051d6      0x1a1 ../master_bsp//libhal_bsp.a(alt_main.o)
 .debug_info    0x0000000000005377      0x153 ../master_bsp//libhal_bsp.a(alt_printf.o)
 .debug_info    0x00000000000054ca      0x138 ../master_bsp//libhal_bsp.a(alt_putchar.o)
 .debug_info    0x0000000000005602      0x15d ../master_bsp//libhal_bsp.a(alt_putstr.o)
 .debug_info    0x000000000000575f      0x306 ../master_bsp//libhal_bsp.a(alt_sys_init.o)
 .debug_info    0x0000000000005a65      0x1a6 ../master_bsp//libhal_bsp.a(altera_avalon_jtag_uart_write.o)
 .debug_info    0x0000000000005c0b      0x5ef ../master_bsp//libhal_bsp.a(altera_avalon_mutex.o)
 .debug_info    0x00000000000061fa       0x8b ../master_bsp//libhal_bsp.a(alt_dcache_flush_all.o)
 .debug_info    0x0000000000006285      0x1a8 ../master_bsp//libhal_bsp.a(alt_dev_llist_insert.o)
 .debug_info    0x000000000000642d       0x9f ../master_bsp//libhal_bsp.a(alt_errno.o)
 .debug_info    0x00000000000064cc      0x356 ../master_bsp//libhal_bsp.a(alt_find_dev.o)
 .debug_info    0x0000000000006822       0x8b ../master_bsp//libhal_bsp.a(alt_icache_flush_all.o)
 .debug_info    0x00000000000068ad       0xb1 ../master_bsp//libhal_bsp.a(altera_nios2_qsys_irq.o)
 .debug_info    0x000000000000695e       0x83 /mnt/Storage/soft/nios2eds/bin/gnu/H-x86_64-pc-linux-gnu/bin/../lib/gcc/nios2-elf/4.9.1/../../../../../H-x86_64-pc-linux-gnu/nios2-elf/lib/mno-hw-mul/libsmallc.a(lib_a-int_errno.o)
 .debug_info    0x00000000000069e1       0xed /mnt/Storage/soft/nios2eds/bin/gnu/H-x86_64-pc-linux-gnu/bin/../lib/gcc/nios2-elf/4.9.1/../../../../../H-x86_64-pc-linux-gnu/nios2-elf/lib/mno-hw-mul/libsmallc.a(lib_a-memcmp.o)
 .debug_info    0x0000000000006ace       0xc2 /mnt/Storage/soft/nios2eds/bin/gnu/H-x86_64-pc-linux-gnu/bin/../lib/gcc/nios2-elf/4.9.1/../../../../../H-x86_64-pc-linux-gnu/nios2-elf/lib/mno-hw-mul/libsmallc.a(lib_a-strlen.o)

.debug_abbrev   0x0000000000000000     0x23ae
 *(.debug_abbrev)
 .debug_abbrev  0x0000000000000000       0x12 ../master_bsp//obj/HAL/src/crt0.o
 .debug_abbrev  0x0000000000000012      0x1ff obj/default/asym.o
 .debug_abbrev  0x0000000000000211       0x4b obj/default/croutine.o
 .debug_abbrev  0x000000000000025c       0xe7 obj/default/list.o
 .debug_abbrev  0x0000000000000343      0x1e4 obj/default/master.o
 .debug_abbrev  0x0000000000000527      0x278 obj/default/portable/GCC/NiosII/port.o
 .debug_abbrev  0x000000000000079f      0x144 obj/default/portable/MemMang/heap_1.o
 .debug_abbrev  0x00000000000008e3      0x2c2 obj/default/queue.o
 .debug_abbrev  0x0000000000000ba5      0x418 obj/default/tasks.o
 .debug_abbrev  0x0000000000000fbd       0x4b obj/default/timers.o
 .debug_abbrev  0x0000000000001008       0x12 obj/default/portable/GCC/NiosII/port_asm.o
 .debug_abbrev  0x000000000000101a       0xd9 /mnt/Storage/soft/nios2eds/bin/gnu/H-x86_64-pc-linux-gnu/bin/../lib/gcc/nios2-elf/4.9.1/mno-hw-mul/libgcc.a(lib2-divmod.o)
 .debug_abbrev  0x00000000000010f3       0x6f /mnt/Storage/soft/nios2eds/bin/gnu/H-x86_64-pc-linux-gnu/bin/../lib/gcc/nios2-elf/4.9.1/mno-hw-mul/libgcc.a(lib2-mul.o)
 .debug_abbrev  0x0000000000001162       0xa4 /mnt/Storage/soft/nios2eds/bin/gnu/H-x86_64-pc-linux-gnu/bin/../lib/gcc/nios2-elf/4.9.1/../../../../../H-x86_64-pc-linux-gnu/nios2-elf/lib/mno-hw-mul/libsmallc.a(lib_a-memcpy.o)
 .debug_abbrev  0x0000000000001206       0x8e /mnt/Storage/soft/nios2eds/bin/gnu/H-x86_64-pc-linux-gnu/bin/../lib/gcc/nios2-elf/4.9.1/../../../../../H-x86_64-pc-linux-gnu/nios2-elf/lib/mno-hw-mul/libsmallc.a(lib_a-memset.o)
 .debug_abbrev  0x0000000000001294       0x7c /mnt/Storage/soft/nios2eds/bin/gnu/H-x86_64-pc-linux-gnu/bin/../lib/gcc/nios2-elf/4.9.1/../../../../../H-x86_64-pc-linux-gnu/nios2-elf/lib/mno-hw-mul/libsmallc.a(lib_a-rand.o)
 .debug_abbrev  0x0000000000001310       0xe0 /mnt/Storage/soft/nios2eds/bin/gnu/H-x86_64-pc-linux-gnu/bin/../lib/gcc/nios2-elf/4.9.1/mno-hw-mul/libgcc.a(_muldi3.o)
 .debug_abbrev  0x00000000000013f0      0x13a ../master_bsp//libhal_bsp.a(alt_irq_handler.o)
 .debug_abbrev  0x000000000000152a       0x40 ../master_bsp//libhal_bsp.a(alt_irq_vars.o)
 .debug_abbrev  0x000000000000156a       0xe1 ../master_bsp//libhal_bsp.a(alt_load.o)
 .debug_abbrev  0x000000000000164b      0x127 ../master_bsp//libhal_bsp.a(alt_main.o)
 .debug_abbrev  0x0000000000001772       0xde ../master_bsp//libhal_bsp.a(alt_printf.o)
 .debug_abbrev  0x0000000000001850       0xd4 ../master_bsp//libhal_bsp.a(alt_putchar.o)
 .debug_abbrev  0x0000000000001924       0xe2 ../master_bsp//libhal_bsp.a(alt_putstr.o)
 .debug_abbrev  0x0000000000001a06      0x1c5 ../master_bsp//libhal_bsp.a(alt_sys_init.o)
 .debug_abbrev  0x0000000000001bcb       0xd5 ../master_bsp//libhal_bsp.a(altera_avalon_jtag_uart_write.o)
 .debug_abbrev  0x0000000000001ca0      0x24a ../master_bsp//libhal_bsp.a(altera_avalon_mutex.o)
 .debug_abbrev  0x0000000000001eea       0x42 ../master_bsp//libhal_bsp.a(alt_dcache_flush_all.o)
 .debug_abbrev  0x0000000000001f2c      0x11c ../master_bsp//libhal_bsp.a(alt_dev_llist_insert.o)
 .debug_abbrev  0x0000000000002048       0x5a ../master_bsp//libhal_bsp.a(alt_errno.o)
 .debug_abbrev  0x00000000000020a2      0x12e ../master_bsp//libhal_bsp.a(alt_find_dev.o)
 .debug_abbrev  0x00000000000021d0       0x42 ../master_bsp//libhal_bsp.a(alt_icache_flush_all.o)
 .debug_abbrev  0x0000000000002212       0x67 ../master_bsp//libhal_bsp.a(altera_nios2_qsys_irq.o)
 .debug_abbrev  0x0000000000002279       0x37 /mnt/Storage/soft/nios2eds/bin/gnu/H-x86_64-pc-linux-gnu/bin/../lib/gcc/nios2-elf/4.9.1/../../../../../H-x86_64-pc-linux-gnu/nios2-elf/lib/mno-hw-mul/libsmallc.a(lib_a-int_errno.o)
 .debug_abbrev  0x00000000000022b0       0x7f /mnt/Storage/soft/nios2eds/bin/gnu/H-x86_64-pc-linux-gnu/bin/../lib/gcc/nios2-elf/4.9.1/../../../../../H-x86_64-pc-linux-gnu/nios2-elf/lib/mno-hw-mul/libsmallc.a(lib_a-memcmp.o)
 .debug_abbrev  0x000000000000232f       0x7f /mnt/Storage/soft/nios2eds/bin/gnu/H-x86_64-pc-linux-gnu/bin/../lib/gcc/nios2-elf/4.9.1/../../../../../H-x86_64-pc-linux-gnu/nios2-elf/lib/mno-hw-mul/libsmallc.a(lib_a-strlen.o)

.debug_line     0x0000000000000000     0x2cb1
 *(.debug_line)
 .debug_line    0x0000000000000000       0x66 ../master_bsp//obj/HAL/src/crt0.o
 .debug_line    0x0000000000000066      0x270 obj/default/asym.o
 .debug_line    0x00000000000002d6       0x73 obj/default/croutine.o
 .debug_line    0x0000000000000349      0x155 obj/default/list.o
 .debug_line    0x000000000000049e      0x217 obj/default/master.o
 .debug_line    0x00000000000006b5      0x1dd obj/default/portable/GCC/NiosII/port.o
 .debug_line    0x0000000000000892      0x1b7 obj/default/portable/MemMang/heap_1.o
 .debug_line    0x0000000000000a49      0x403 obj/default/queue.o
 .debug_line    0x0000000000000e4c      0x7b3 obj/default/tasks.o
 .debug_line    0x00000000000015ff       0x73 obj/default/timers.o
 .debug_line    0x0000000000001672       0xdf obj/default/portable/GCC/NiosII/port_asm.o
 .debug_line    0x0000000000001751       0xc7 /mnt/Storage/soft/nios2eds/bin/gnu/H-x86_64-pc-linux-gnu/bin/../lib/gcc/nios2-elf/4.9.1/mno-hw-mul/libgcc.a(lib2-divmod.o)
 .debug_line    0x0000000000001818       0x80 /mnt/Storage/soft/nios2eds/bin/gnu/H-x86_64-pc-linux-gnu/bin/../lib/gcc/nios2-elf/4.9.1/mno-hw-mul/libgcc.a(lib2-mul.o)
 .debug_line    0x0000000000001898      0x160 /mnt/Storage/soft/nios2eds/bin/gnu/H-x86_64-pc-linux-gnu/bin/../lib/gcc/nios2-elf/4.9.1/../../../../../H-x86_64-pc-linux-gnu/nios2-elf/lib/mno-hw-mul/libsmallc.a(lib_a-memcpy.o)
 .debug_line    0x00000000000019f8      0x15f /mnt/Storage/soft/nios2eds/bin/gnu/H-x86_64-pc-linux-gnu/bin/../lib/gcc/nios2-elf/4.9.1/../../../../../H-x86_64-pc-linux-gnu/nios2-elf/lib/mno-hw-mul/libsmallc.a(lib_a-memset.o)
 .debug_line    0x0000000000001b57       0xe4 /mnt/Storage/soft/nios2eds/bin/gnu/H-x86_64-pc-linux-gnu/bin/../lib/gcc/nios2-elf/4.9.1/../../../../../H-x86_64-pc-linux-gnu/nios2-elf/lib/mno-hw-mul/libsmallc.a(lib_a-rand.o)
 .debug_line    0x0000000000001c3b       0xa1 /mnt/Storage/soft/nios2eds/bin/gnu/H-x86_64-pc-linux-gnu/bin/../lib/gcc/nios2-elf/4.9.1/mno-hw-mul/libgcc.a(_muldi3.o)
 .debug_line    0x0000000000001cdc       0xc8 ../master_bsp//libhal_bsp.a(alt_irq_handler.o)
 .debug_line    0x0000000000001da4       0x50 ../master_bsp//libhal_bsp.a(alt_irq_vars.o)
 .debug_line    0x0000000000001df4       0xa6 ../master_bsp//libhal_bsp.a(alt_load.o)
 .debug_line    0x0000000000001e9a       0xea ../master_bsp//libhal_bsp.a(alt_main.o)
 .debug_line    0x0000000000001f84      0x110 ../master_bsp//libhal_bsp.a(alt_printf.o)
 .debug_line    0x0000000000002094       0x4d ../master_bsp//libhal_bsp.a(alt_putchar.o)
 .debug_line    0x00000000000020e1      0x105 ../master_bsp//libhal_bsp.a(alt_putstr.o)
 .debug_line    0x00000000000021e6      0x18a ../master_bsp//libhal_bsp.a(alt_sys_init.o)
 .debug_line    0x0000000000002370      0x104 ../master_bsp//libhal_bsp.a(altera_avalon_jtag_uart_write.o)
 .debug_line    0x0000000000002474      0x160 ../master_bsp//libhal_bsp.a(altera_avalon_mutex.o)
 .debug_line    0x00000000000025d4       0x4e ../master_bsp//libhal_bsp.a(alt_dcache_flush_all.o)
 .debug_line    0x0000000000002622       0xd8 ../master_bsp//libhal_bsp.a(alt_dev_llist_insert.o)
 .debug_line    0x00000000000026fa       0x51 ../master_bsp//libhal_bsp.a(alt_errno.o)
 .debug_line    0x000000000000274b      0x16c ../master_bsp//libhal_bsp.a(alt_find_dev.o)
 .debug_line    0x00000000000028b7       0x4e ../master_bsp//libhal_bsp.a(alt_icache_flush_all.o)
 .debug_line    0x0000000000002905       0x8c ../master_bsp//libhal_bsp.a(altera_nios2_qsys_irq.o)
 .debug_line    0x0000000000002991       0x60 /mnt/Storage/soft/nios2eds/bin/gnu/H-x86_64-pc-linux-gnu/bin/../lib/gcc/nios2-elf/4.9.1/../../../../../H-x86_64-pc-linux-gnu/nios2-elf/lib/mno-hw-mul/libsmallc.a(lib_a-int_errno.o)
 .debug_line    0x00000000000029f1      0x162 /mnt/Storage/soft/nios2eds/bin/gnu/H-x86_64-pc-linux-gnu/bin/../lib/gcc/nios2-elf/4.9.1/../../../../../H-x86_64-pc-linux-gnu/nios2-elf/lib/mno-hw-mul/libsmallc.a(lib_a-memcmp.o)
 .debug_line    0x0000000000002b53      0x15e /mnt/Storage/soft/nios2eds/bin/gnu/H-x86_64-pc-linux-gnu/bin/../lib/gcc/nios2-elf/4.9.1/../../../../../H-x86_64-pc-linux-gnu/nios2-elf/lib/mno-hw-mul/libsmallc.a(lib_a-strlen.o)

.debug_frame    0x0000000000000000      0xfdc
 *(.debug_frame)
 .debug_frame   0x0000000000000000       0xf8 obj/default/asym.o
 .debug_frame   0x00000000000000f8       0x60 obj/default/list.o
 .debug_frame   0x0000000000000158       0x64 obj/default/master.o
 .debug_frame   0x00000000000001bc       0x80 obj/default/portable/GCC/NiosII/port.o
 .debug_frame   0x000000000000023c       0x64 obj/default/portable/MemMang/heap_1.o
 .debug_frame   0x00000000000002a0      0x2f0 obj/default/queue.o
 .debug_frame   0x0000000000000590      0x594 obj/default/tasks.o
 .debug_frame   0x0000000000000b24       0x8c /mnt/Storage/soft/nios2eds/bin/gnu/H-x86_64-pc-linux-gnu/bin/../lib/gcc/nios2-elf/4.9.1/mno-hw-mul/libgcc.a(lib2-divmod.o)
 .debug_frame   0x0000000000000bb0       0x20 /mnt/Storage/soft/nios2eds/bin/gnu/H-x86_64-pc-linux-gnu/bin/../lib/gcc/nios2-elf/4.9.1/mno-hw-mul/libgcc.a(lib2-mul.o)
 .debug_frame   0x0000000000000bd0       0x20 /mnt/Storage/soft/nios2eds/bin/gnu/H-x86_64-pc-linux-gnu/bin/../lib/gcc/nios2-elf/4.9.1/../../../../../H-x86_64-pc-linux-gnu/nios2-elf/lib/mno-hw-mul/libsmallc.a(lib_a-memcpy.o)
 .debug_frame   0x0000000000000bf0       0x20 /mnt/Storage/soft/nios2eds/bin/gnu/H-x86_64-pc-linux-gnu/bin/../lib/gcc/nios2-elf/4.9.1/../../../../../H-x86_64-pc-linux-gnu/nios2-elf/lib/mno-hw-mul/libsmallc.a(lib_a-memset.o)
 .debug_frame   0x0000000000000c10       0x40 /mnt/Storage/soft/nios2eds/bin/gnu/H-x86_64-pc-linux-gnu/bin/../lib/gcc/nios2-elf/4.9.1/../../../../../H-x86_64-pc-linux-gnu/nios2-elf/lib/mno-hw-mul/libsmallc.a(lib_a-rand.o)
 .debug_frame   0x0000000000000c50       0x54 /mnt/Storage/soft/nios2eds/bin/gnu/H-x86_64-pc-linux-gnu/bin/../lib/gcc/nios2-elf/4.9.1/mno-hw-mul/libgcc.a(_muldi3.o)
 .debug_frame   0x0000000000000ca4       0x34 ../master_bsp//libhal_bsp.a(alt_irq_handler.o)
 .debug_frame   0x0000000000000cd8       0x30 ../master_bsp//libhal_bsp.a(alt_load.o)
 .debug_frame   0x0000000000000d08       0x2c ../master_bsp//libhal_bsp.a(alt_main.o)
 .debug_frame   0x0000000000000d34       0x54 ../master_bsp//libhal_bsp.a(alt_printf.o)
 .debug_frame   0x0000000000000d88       0x30 ../master_bsp//libhal_bsp.a(alt_putchar.o)
 .debug_frame   0x0000000000000db8       0x30 ../master_bsp//libhal_bsp.a(alt_putstr.o)
 .debug_frame   0x0000000000000de8       0x3c ../master_bsp//libhal_bsp.a(alt_sys_init.o)
 .debug_frame   0x0000000000000e24       0x20 ../master_bsp//libhal_bsp.a(altera_avalon_jtag_uart_write.o)
 .debug_frame   0x0000000000000e44       0x90 ../master_bsp//libhal_bsp.a(altera_avalon_mutex.o)
 .debug_frame   0x0000000000000ed4       0x20 ../master_bsp//libhal_bsp.a(alt_dcache_flush_all.o)
 .debug_frame   0x0000000000000ef4       0x2c ../master_bsp//libhal_bsp.a(alt_dev_llist_insert.o)
 .debug_frame   0x0000000000000f20       0x3c ../master_bsp//libhal_bsp.a(alt_find_dev.o)
 .debug_frame   0x0000000000000f5c       0x20 ../master_bsp//libhal_bsp.a(alt_icache_flush_all.o)
 .debug_frame   0x0000000000000f7c       0x20 ../master_bsp//libhal_bsp.a(altera_nios2_qsys_irq.o)
 .debug_frame   0x0000000000000f9c       0x20 /mnt/Storage/soft/nios2eds/bin/gnu/H-x86_64-pc-linux-gnu/bin/../lib/gcc/nios2-elf/4.9.1/../../../../../H-x86_64-pc-linux-gnu/nios2-elf/lib/mno-hw-mul/libsmallc.a(lib_a-memcmp.o)
 .debug_frame   0x0000000000000fbc       0x20 /mnt/Storage/soft/nios2eds/bin/gnu/H-x86_64-pc-linux-gnu/bin/../lib/gcc/nios2-elf/4.9.1/../../../../../H-x86_64-pc-linux-gnu/nios2-elf/lib/mno-hw-mul/libsmallc.a(lib_a-strlen.o)

.debug_str      0x0000000000000000     0x1ff7
 *(.debug_str)
 .debug_str     0x0000000000000000      0x421 obj/default/asym.o
                                        0x485 (size before relaxing)
 .debug_str     0x0000000000000421        0xb obj/default/croutine.o
                                        0x13a (size before relaxing)
 .debug_str     0x000000000000042c      0x109 obj/default/list.o
                                        0x27e (size before relaxing)
 .debug_str     0x0000000000000535       0x72 obj/default/master.o
                                        0x2f9 (size before relaxing)
 .debug_str     0x00000000000005a7      0x186 obj/default/portable/GCC/NiosII/port.o
                                        0x2ff (size before relaxing)
 .debug_str     0x000000000000072d       0xbb obj/default/portable/MemMang/heap_1.o
                                        0x206 (size before relaxing)
 .debug_str     0x00000000000007e8      0x471 obj/default/queue.o
                                        0x780 (size before relaxing)
 .debug_str     0x0000000000000c59      0x7d3 obj/default/tasks.o
                                        0xd60 (size before relaxing)
 .debug_str     0x000000000000142c        0x9 obj/default/timers.o
                                        0x138 (size before relaxing)
 .debug_str     0x0000000000001435      0x186 /mnt/Storage/soft/nios2eds/bin/gnu/H-x86_64-pc-linux-gnu/bin/../lib/gcc/nios2-elf/4.9.1/mno-hw-mul/libgcc.a(lib2-divmod.o)
                                        0x1d1 (size before relaxing)
 .debug_str     0x00000000000015bb       0x40 /mnt/Storage/soft/nios2eds/bin/gnu/H-x86_64-pc-linux-gnu/bin/../lib/gcc/nios2-elf/4.9.1/mno-hw-mul/libgcc.a(lib2-mul.o)
                                        0x192 (size before relaxing)
 .debug_str     0x00000000000015fb      0x118 /mnt/Storage/soft/nios2eds/bin/gnu/H-x86_64-pc-linux-gnu/bin/../lib/gcc/nios2-elf/4.9.1/../../../../../H-x86_64-pc-linux-gnu/nios2-elf/lib/mno-hw-mul/libsmallc.a(lib_a-memcpy.o)
                                        0x1b8 (size before relaxing)
 .debug_str     0x0000000000001713       0x3e /mnt/Storage/soft/nios2eds/bin/gnu/H-x86_64-pc-linux-gnu/bin/../lib/gcc/nios2-elf/4.9.1/../../../../../H-x86_64-pc-linux-gnu/nios2-elf/lib/mno-hw-mul/libsmallc.a(lib_a-memset.o)
                                        0x1a4 (size before relaxing)
 .debug_str     0x0000000000001751       0xe7 /mnt/Storage/soft/nios2eds/bin/gnu/H-x86_64-pc-linux-gnu/bin/../lib/gcc/nios2-elf/4.9.1/../../../../../H-x86_64-pc-linux-gnu/nios2-elf/lib/mno-hw-mul/libsmallc.a(lib_a-rand.o)
                                        0x1ae (size before relaxing)
 .debug_str     0x0000000000001838       0x94 /mnt/Storage/soft/nios2eds/bin/gnu/H-x86_64-pc-linux-gnu/bin/../lib/gcc/nios2-elf/4.9.1/mno-hw-mul/libgcc.a(_muldi3.o)
                                        0x218 (size before relaxing)
 .debug_str     0x00000000000018cc       0x7a ../master_bsp//libhal_bsp.a(alt_irq_handler.o)
                                        0x1a1 (size before relaxing)
 .debug_str     0x0000000000001946       0x17 ../master_bsp//libhal_bsp.a(alt_irq_vars.o)
                                        0x12f (size before relaxing)
 .debug_str     0x000000000000195d      0x113 ../master_bsp//libhal_bsp.a(alt_load.o)
                                        0x225 (size before relaxing)
 .debug_str     0x0000000000001a70       0x5e ../master_bsp//libhal_bsp.a(alt_main.o)
                                        0x1c7 (size before relaxing)
 .debug_str     0x0000000000001ace       0x59 ../master_bsp//libhal_bsp.a(alt_printf.o)
                                         0xfb (size before relaxing)
 .debug_str     0x0000000000001b27       0x60 ../master_bsp//libhal_bsp.a(alt_putchar.o)
                                        0x176 (size before relaxing)
 .debug_str     0x0000000000001b87       0x1c ../master_bsp//libhal_bsp.a(alt_putstr.o)
                                        0x182 (size before relaxing)
 .debug_str     0x0000000000001ba3      0x102 ../master_bsp//libhal_bsp.a(alt_sys_init.o)
                                        0x301 (size before relaxing)
 .debug_str     0x0000000000001ca5       0x32 ../master_bsp//libhal_bsp.a(altera_avalon_jtag_uart_write.o)
                                        0x21f (size before relaxing)
 .debug_str     0x0000000000001cd7      0x102 ../master_bsp//libhal_bsp.a(altera_avalon_mutex.o)
                                        0x324 (size before relaxing)
 .debug_str     0x0000000000001dd9       0x1f ../master_bsp//libhal_bsp.a(alt_dcache_flush_all.o)
                                        0x13e (size before relaxing)
 .debug_str     0x0000000000001df8       0x36 ../master_bsp//libhal_bsp.a(alt_dev_llist_insert.o)
                                        0x1b5 (size before relaxing)
 .debug_str     0x0000000000001e2e       0x14 ../master_bsp//libhal_bsp.a(alt_errno.o)
                                        0x12e (size before relaxing)
 .debug_str     0x0000000000001e42       0x25 ../master_bsp//libhal_bsp.a(alt_find_dev.o)
                                        0x1ea (size before relaxing)
 .debug_str     0x0000000000001e67       0x1f ../master_bsp//libhal_bsp.a(alt_icache_flush_all.o)
                                        0x13e (size before relaxing)
 .debug_str     0x0000000000001e86       0x20 ../master_bsp//libhal_bsp.a(altera_nios2_qsys_irq.o)
                                        0x16e (size before relaxing)
 .debug_str     0x0000000000001ea6       0xd5 /mnt/Storage/soft/nios2eds/bin/gnu/H-x86_64-pc-linux-gnu/bin/../lib/gcc/nios2-elf/4.9.1/../../../../../H-x86_64-pc-linux-gnu/nios2-elf/lib/mno-hw-mul/libsmallc.a(lib_a-int_errno.o)
                                        0x19d (size before relaxing)
 .debug_str     0x0000000000001f7b       0x3e /mnt/Storage/soft/nios2eds/bin/gnu/H-x86_64-pc-linux-gnu/bin/../lib/gcc/nios2-elf/4.9.1/../../../../../H-x86_64-pc-linux-gnu/nios2-elf/lib/mno-hw-mul/libsmallc.a(lib_a-memcmp.o)
                                        0x1a4 (size before relaxing)
 .debug_str     0x0000000000001fb9       0x3e /mnt/Storage/soft/nios2eds/bin/gnu/H-x86_64-pc-linux-gnu/bin/../lib/gcc/nios2-elf/4.9.1/../../../../../H-x86_64-pc-linux-gnu/nios2-elf/lib/mno-hw-mul/libsmallc.a(lib_a-strlen.o)
                                        0x1aa (size before relaxing)

.debug_loc      0x0000000000000000     0x3048
 *(.debug_loc)
 .debug_loc     0x0000000000000000       0xd0 obj/default/asym.o
 .debug_loc     0x00000000000000d0       0x73 obj/default/list.o
 .debug_loc     0x0000000000000143       0xa3 obj/default/master.o
 .debug_loc     0x00000000000001e6      0x24a obj/default/portable/GCC/NiosII/port.o
 .debug_loc     0x0000000000000430       0x78 obj/default/portable/MemMang/heap_1.o
 .debug_loc     0x00000000000004a8      0xb3c obj/default/queue.o
 .debug_loc     0x0000000000000fe4     0x130d obj/default/tasks.o
 .debug_loc     0x00000000000022f1      0x273 /mnt/Storage/soft/nios2eds/bin/gnu/H-x86_64-pc-linux-gnu/bin/../lib/gcc/nios2-elf/4.9.1/mno-hw-mul/libgcc.a(lib2-divmod.o)
 .debug_loc     0x0000000000002564       0x93 /mnt/Storage/soft/nios2eds/bin/gnu/H-x86_64-pc-linux-gnu/bin/../lib/gcc/nios2-elf/4.9.1/mno-hw-mul/libgcc.a(lib2-mul.o)
 .debug_loc     0x00000000000025f7      0x11b /mnt/Storage/soft/nios2eds/bin/gnu/H-x86_64-pc-linux-gnu/bin/../lib/gcc/nios2-elf/4.9.1/../../../../../H-x86_64-pc-linux-gnu/nios2-elf/lib/mno-hw-mul/libsmallc.a(lib_a-memcpy.o)
 .debug_loc     0x0000000000002712       0xa5 /mnt/Storage/soft/nios2eds/bin/gnu/H-x86_64-pc-linux-gnu/bin/../lib/gcc/nios2-elf/4.9.1/../../../../../H-x86_64-pc-linux-gnu/nios2-elf/lib/mno-hw-mul/libsmallc.a(lib_a-memset.o)
 .debug_loc     0x00000000000027b7      0x15d /mnt/Storage/soft/nios2eds/bin/gnu/H-x86_64-pc-linux-gnu/bin/../lib/gcc/nios2-elf/4.9.1/mno-hw-mul/libgcc.a(_muldi3.o)
 .debug_loc     0x0000000000002914       0x98 ../master_bsp//libhal_bsp.a(alt_irq_handler.o)
 .debug_loc     0x00000000000029ac       0x8d ../master_bsp//libhal_bsp.a(alt_load.o)
 .debug_loc     0x0000000000002a39      0x1c6 ../master_bsp//libhal_bsp.a(alt_printf.o)
 .debug_loc     0x0000000000002bff       0x2c ../master_bsp//libhal_bsp.a(alt_putchar.o)
 .debug_loc     0x0000000000002c2b       0x37 ../master_bsp//libhal_bsp.a(alt_putstr.o)
 .debug_loc     0x0000000000002c62       0x21 ../master_bsp//libhal_bsp.a(alt_sys_init.o)
 .debug_loc     0x0000000000002c83       0x8b ../master_bsp//libhal_bsp.a(altera_avalon_jtag_uart_write.o)
 .debug_loc     0x0000000000002d0e      0x1b2 ../master_bsp//libhal_bsp.a(altera_avalon_mutex.o)
 .debug_loc     0x0000000000002ec0       0x58 ../master_bsp//libhal_bsp.a(alt_dev_llist_insert.o)
 .debug_loc     0x0000000000002f18       0x7e ../master_bsp//libhal_bsp.a(alt_find_dev.o)
 .debug_loc     0x0000000000002f96       0x94 /mnt/Storage/soft/nios2eds/bin/gnu/H-x86_64-pc-linux-gnu/bin/../lib/gcc/nios2-elf/4.9.1/../../../../../H-x86_64-pc-linux-gnu/nios2-elf/lib/mno-hw-mul/libsmallc.a(lib_a-memcmp.o)
 .debug_loc     0x000000000000302a       0x1e /mnt/Storage/soft/nios2eds/bin/gnu/H-x86_64-pc-linux-gnu/bin/../lib/gcc/nios2-elf/4.9.1/../../../../../H-x86_64-pc-linux-gnu/nios2-elf/lib/mno-hw-mul/libsmallc.a(lib_a-strlen.o)

.debug_macinfo
 *(.debug_macinfo)

.debug_weaknames
 *(.debug_weaknames)

.debug_funcnames
 *(.debug_funcnames)

.debug_typenames
 *(.debug_typenames)

.debug_varnames
 *(.debug_varnames)

.debug_alt_sim_info
                0x0000000000000000       0x10
 *(.debug_alt_sim_info)
 .debug_alt_sim_info
                0x0000000000000000       0x10 ../master_bsp//obj/HAL/src/crt0.o
                0x0000000000005650                __alt_data_end = 0x5650
                0x0000000000005650                PROVIDE (__alt_stack_pointer, __alt_data_end)
                0x00000000000055b4                PROVIDE (__alt_stack_limit, __alt_stack_base)
                0x00000000000055b4                PROVIDE (__alt_heap_start, end)
                0x0000000000005650                PROVIDE (__alt_heap_limit, 0x5650)
OUTPUT(master.elf elf32-littlenios2)

.debug_ranges   0x0000000000000000      0x218
 .debug_ranges  0x0000000000000000       0x20 ../master_bsp//obj/HAL/src/crt0.o
 .debug_ranges  0x0000000000000020       0x18 obj/default/master.o
 .debug_ranges  0x0000000000000038       0x20 obj/default/portable/GCC/NiosII/port.o
 .debug_ranges  0x0000000000000058       0xa8 obj/default/tasks.o
 .debug_ranges  0x0000000000000100       0x38 obj/default/portable/GCC/NiosII/port_asm.o
 .debug_ranges  0x0000000000000138       0x38 /mnt/Storage/soft/nios2eds/bin/gnu/H-x86_64-pc-linux-gnu/bin/../lib/gcc/nios2-elf/4.9.1/mno-hw-mul/libgcc.a(_muldi3.o)
 .debug_ranges  0x0000000000000170       0x10 ../master_bsp//libhal_bsp.a(alt_irq_handler.o)
 .debug_ranges  0x0000000000000180       0x48 ../master_bsp//libhal_bsp.a(alt_load.o)
 .debug_ranges  0x00000000000001c8       0x18 ../master_bsp//libhal_bsp.a(alt_printf.o)
 .debug_ranges  0x00000000000001e0       0x18 ../master_bsp//libhal_bsp.a(alt_sys_init.o)
 .debug_ranges  0x00000000000001f8       0x20 ../master_bsp//libhal_bsp.a(alt_dev_llist_insert.o)
