Archive member included to satisfy reference by file (symbol)

/mnt/Storage/soft/nios2eds/bin/gnu/H-x86_64-pc-linux-gnu/bin/../lib/gcc/nios2-elf/4.9.1/mno-hw-mul/libgcc.a(lib2-divmod.o)
                              obj/default/master.o (__divsi3)
/mnt/Storage/soft/nios2eds/bin/gnu/H-x86_64-pc-linux-gnu/bin/../lib/gcc/nios2-elf/4.9.1/mno-hw-mul/libgcc.a(lib2-mul.o)
                              obj/default/master.o (__mulsi3)
/mnt/Storage/soft/nios2eds/bin/gnu/H-x86_64-pc-linux-gnu/bin/../lib/gcc/nios2-elf/4.9.1/../../../../../H-x86_64-pc-linux-gnu/nios2-elf/lib/mno-hw-mul/libsmallc.a(lib_a-memcpy.o)
                              obj/default/queue.o (memcpy)
/mnt/Storage/soft/nios2eds/bin/gnu/H-x86_64-pc-linux-gnu/bin/../lib/gcc/nios2-elf/4.9.1/../../../../../H-x86_64-pc-linux-gnu/nios2-elf/lib/mno-hw-mul/libsmallc.a(lib_a-memset.o)
                              obj/default/tasks.o (memset)
../master_bsp//libhal_bsp.a(alt_irq_handler.o)
                              obj/default/portable/GCC/NiosII/port_asm.o (alt_irq_handler)
../master_bsp//libhal_bsp.a(alt_irq_vars.o)
                              obj/default/portable/GCC/NiosII/port.o (alt_irq_active)
../master_bsp//libhal_bsp.a(alt_load.o)
                              ../master_bsp//obj/HAL/src/crt0.o (alt_load)
../master_bsp//libhal_bsp.a(alt_main.o)
                              ../master_bsp//obj/HAL/src/crt0.o (alt_main)
../master_bsp//libhal_bsp.a(alt_printf.o)
                              obj/default/master.o (alt_printf)
../master_bsp//libhal_bsp.a(alt_putchar.o)
                              ../master_bsp//libhal_bsp.a(alt_printf.o) (alt_putchar)
../master_bsp//libhal_bsp.a(alt_putstr.o)
                              obj/default/master.o (alt_putstr)
../master_bsp//libhal_bsp.a(alt_sys_init.o)
                              ../master_bsp//libhal_bsp.a(alt_main.o) (alt_irq_init)
../master_bsp//libhal_bsp.a(altera_avalon_jtag_uart_write.o)
                              ../master_bsp//libhal_bsp.a(alt_putchar.o) (altera_avalon_jtag_uart_write)
../master_bsp//libhal_bsp.a(altera_avalon_mutex.o)
                              obj/default/asym.o (altera_avalon_mutex_open)
../master_bsp//libhal_bsp.a(alt_dcache_flush_all.o)
                              ../master_bsp//libhal_bsp.a(alt_load.o) (alt_dcache_flush_all)
../master_bsp//libhal_bsp.a(alt_dev_llist_insert.o)
                              ../master_bsp//libhal_bsp.a(alt_sys_init.o) (alt_dev_llist_insert)
../master_bsp//libhal_bsp.a(alt_errno.o)
                              ../master_bsp//libhal_bsp.a(altera_avalon_mutex.o) (alt_errno)
../master_bsp//libhal_bsp.a(alt_find_dev.o)
                              ../master_bsp//libhal_bsp.a(altera_avalon_mutex.o) (alt_find_dev)
../master_bsp//libhal_bsp.a(alt_icache_flush_all.o)
                              ../master_bsp//libhal_bsp.a(alt_load.o) (alt_icache_flush_all)
../master_bsp//libhal_bsp.a(altera_nios2_qsys_irq.o)
                              ../master_bsp//libhal_bsp.a(alt_sys_init.o) (altera_nios2_qsys_irq_init)
/mnt/Storage/soft/nios2eds/bin/gnu/H-x86_64-pc-linux-gnu/bin/../lib/gcc/nios2-elf/4.9.1/../../../../../H-x86_64-pc-linux-gnu/nios2-elf/lib/mno-hw-mul/libsmallc.a(lib_a-int_errno.o)
                              ../master_bsp//libhal_bsp.a(altera_avalon_mutex.o) (errno)
/mnt/Storage/soft/nios2eds/bin/gnu/H-x86_64-pc-linux-gnu/bin/../lib/gcc/nios2-elf/4.9.1/../../../../../H-x86_64-pc-linux-gnu/nios2-elf/lib/mno-hw-mul/libsmallc.a(lib_a-memcmp.o)
                              ../master_bsp//libhal_bsp.a(alt_find_dev.o) (memcmp)
/mnt/Storage/soft/nios2eds/bin/gnu/H-x86_64-pc-linux-gnu/bin/../lib/gcc/nios2-elf/4.9.1/../../../../../H-x86_64-pc-linux-gnu/nios2-elf/lib/mno-hw-mul/libsmallc.a(lib_a-strlen.o)
                              ../master_bsp//libhal_bsp.a(alt_putstr.o) (strlen)

Allocating common symbols
Common symbol       size              file

alt_irq             0x100             ../master_bsp//libhal_bsp.a(alt_irq_handler.o)
errno               0x4               /mnt/Storage/soft/nios2eds/bin/gnu/H-x86_64-pc-linux-gnu/bin/../lib/gcc/nios2-elf/4.9.1/../../../../../H-x86_64-pc-linux-gnu/nios2-elf/lib/mno-hw-mul/libsmallc.a(lib_a-int_errno.o)

Memory Configuration

Name             Origin             Length             Attributes
reset            0x0000000000000000 0x0000000000000020
onchip_memory2_0 0x0000000000000020 0x0000000000005630
memory_buff      0x0000000000010000 0x0000000000001fa0
*default*        0x0000000000000000 0xffffffffffffffff

Linker script and memory map

LOAD ../master_bsp//obj/HAL/src/crt0.o
LOAD obj/default/asym.o
LOAD obj/default/croutine.o
LOAD obj/default/list.o
LOAD obj/default/master.o
LOAD obj/default/portable/GCC/NiosII/port.o
LOAD obj/default/portable/MemMang/heap_1.o
LOAD obj/default/queue.o
LOAD obj/default/tasks.o
LOAD obj/default/timers.o
LOAD obj/default/portable/GCC/NiosII/port_asm.o
LOAD /mnt/Storage/soft/nios2eds/bin/gnu/H-x86_64-pc-linux-gnu/bin/../lib/gcc/nios2-elf/4.9.1/../../../../../H-x86_64-pc-linux-gnu/nios2-elf/lib/mno-hw-mul/libstdc++.a
LOAD /mnt/Storage/soft/nios2eds/bin/gnu/H-x86_64-pc-linux-gnu/bin/../lib/gcc/nios2-elf/4.9.1/../../../../../H-x86_64-pc-linux-gnu/nios2-elf/lib/mno-hw-mul/libm.a
LOAD /mnt/Storage/soft/nios2eds/bin/gnu/H-x86_64-pc-linux-gnu/bin/../lib/gcc/nios2-elf/4.9.1/mno-hw-mul/libgcc.a
START GROUP
LOAD /mnt/Storage/soft/nios2eds/bin/gnu/H-x86_64-pc-linux-gnu/bin/../lib/gcc/nios2-elf/4.9.1/../../../../../H-x86_64-pc-linux-gnu/nios2-elf/lib/mno-hw-mul/libsmallc.a
LOAD /mnt/Storage/soft/nios2eds/bin/gnu/H-x86_64-pc-linux-gnu/bin/../lib/gcc/nios2-elf/4.9.1/mno-hw-mul/libgcc.a
LOAD ../master_bsp//libhal_bsp.a
LOAD /mnt/Storage/soft/nios2eds/bin/gnu/H-x86_64-pc-linux-gnu/bin/../lib/gcc/nios2-elf/4.9.1/../../../../../H-x86_64-pc-linux-gnu/nios2-elf/lib/mno-hw-mul/libm.a
END GROUP
LOAD /mnt/Storage/soft/nios2eds/bin/gnu/H-x86_64-pc-linux-gnu/bin/../lib/gcc/nios2-elf/4.9.1/mno-hw-mul/libgcc.a
                0x0000000000000000                __alt_mem_onchip_memory2_0 = 0x0
                0x0000000000010000                __alt_mem_memory_buff = 0x10000

.entry          0x0000000000000000       0x20
 *(.entry)
 .entry         0x0000000000000000       0x20 ../master_bsp//obj/HAL/src/crt0.o
                0x0000000000000000                __reset
                0x000000000000000c                _exit

.exceptions     0x0000000000000020      0x1bc
                0x0000000000000020                PROVIDE (__ram_exceptions_start, ABSOLUTE (.))
                0x0000000000000020                . = ALIGN (0x20)
 *(.irq)
 *(.exceptions.entry.label)
 *(.exceptions.entry.user)
 *(.exceptions.entry.ecc_fatal)
 *(.exceptions.entry)
 .exceptions.entry
                0x0000000000000020       0x8c obj/default/portable/GCC/NiosII/port_asm.o
 *(.exceptions.irqtest.user)
 *(.exceptions.irqtest)
 .exceptions.irqtest
                0x00000000000000ac       0x14 obj/default/portable/GCC/NiosII/port_asm.o
 *(.exceptions.irqhandler.user)
 *(.exceptions.irqhandler)
 .exceptions.irqhandler
                0x00000000000000c0        0x4 obj/default/portable/GCC/NiosII/port_asm.o
 *(.exceptions.irqreturn.user)
 *(.exceptions.irqreturn)
 .exceptions.irqreturn
                0x00000000000000c4       0x8c obj/default/portable/GCC/NiosII/port_asm.o
                0x00000000000000c4                restore_sp_from_pxCurrentTCB
 *(.exceptions.notirq.label)
 *(.exceptions.notirq.user)
 *(.exceptions.notirq)
 *(.exceptions.soft.user)
 *(.exceptions.soft)
 .exceptions.soft
                0x0000000000000150       0x2c obj/default/portable/GCC/NiosII/port_asm.o
 *(.exceptions.unknown.user)
 *(.exceptions.unknown)
 *(.exceptions.exit.label)
 *(.exceptions.exit.user)
 *(.exceptions.exit)
 *(.exceptions)
 .exceptions    0x000000000000017c       0x60 ../master_bsp//libhal_bsp.a(alt_irq_handler.o)
                0x000000000000017c                alt_irq_handler
                0x00000000000001dc                PROVIDE (__ram_exceptions_end, ABSOLUTE (.))
                0x0000000000000020                PROVIDE (__flash_exceptions_start, LOADADDR (.exceptions))

.text           0x00000000000001dc     0x2d84
                0x00000000000001dc                PROVIDE (stext, ABSOLUTE (.))
 *(.interp)
 *(.hash)
 *(.dynsym)
 *(.dynstr)
 *(.gnu.version)
 *(.gnu.version_d)
 *(.gnu.version_r)
 *(.rel.init)
 *(.rela.init)
 *(.rel.text .rel.text.* .rel.gnu.linkonce.t.*)
 *(.rela.text .rela.text.* .rela.gnu.linkonce.t.*)
 *(.rel.fini)
 *(.rela.fini)
 *(.rel.rodata .rel.rodata.* .rel.gnu.linkonce.r.*)
 *(.rela.rodata .rela.rodata.* .rela.gnu.linkonce.r.*)
 *(.rel.data .rel.data.* .rel.gnu.linkonce.d.*)
 *(.rela.data .rela.data.* .rela.gnu.linkonce.d.*)
 *(.rel.tdata .rel.tdata.* .rel.gnu.linkonce.td.*)
 *(.rela.tdata .rela.tdata.* .rela.gnu.linkonce.td.*)
 *(.rel.tbss .rel.tbss.* .rel.gnu.linkonce.tb.*)
 *(.rela.tbss .rela.tbss.* .rela.gnu.linkonce.tb.*)
 *(.rel.ctors)
 *(.rela.ctors)
 *(.rel.dtors)
 *(.rela.dtors)
 *(.rel.got)
 *(.rela.got)
 *(.rel.sdata .rel.sdata.* .rel.gnu.linkonce.s.*)
 *(.rela.sdata .rela.sdata.* .rela.gnu.linkonce.s.*)
 *(.rel.sbss .rel.sbss.* .rel.gnu.linkonce.sb.*)
 *(.rela.sbss .rela.sbss.* .rela.gnu.linkonce.sb.*)
 *(.rel.sdata2 .rel.sdata2.* .rel.gnu.linkonce.s2.*)
 *(.rela.sdata2 .rela.sdata2.* .rela.gnu.linkonce.s2.*)
 *(.rel.sbss2 .rel.sbss2.* .rel.gnu.linkonce.sb2.*)
 *(.rela.sbss2 .rela.sbss2.* .rela.gnu.linkonce.sb2.*)
 *(.rel.bss .rel.bss.* .rel.gnu.linkonce.b.*)
 *(.rela.bss .rela.bss.* .rela.gnu.linkonce.b.*)
 *(.rel.plt)
 *(.rela.plt)
 *(.rel.dyn)
 *(.init)
 *(.plt)
 *(.text .stub .text.* .gnu.linkonce.t.*)
 .text          0x00000000000001dc       0x3c ../master_bsp//obj/HAL/src/crt0.o
                0x00000000000001dc                _start
 .text          0x0000000000000218       0xb8 obj/default/asym.o
                0x0000000000000218                xAsymMutexInit
                0x0000000000000258                xAsymReqQueuInit
                0x0000000000000270                xAsymSendReq
                0x00000000000002b0                xAsymGetReq
 .text          0x00000000000002d0        0x0 obj/default/croutine.o
 .text          0x00000000000002d0       0xe4 obj/default/list.o
                0x00000000000002d0                vListInitialise
                0x00000000000002f0                vListInitialiseItem
                0x00000000000002f8                vListInsertEnd
                0x0000000000000328                vListInsert
                0x000000000000037c                uxListRemove
 .text          0x00000000000003b4       0xe4 obj/default/master.o
                0x00000000000003b4                masterTask
 .text.startup  0x0000000000000498       0x78 obj/default/master.o
                0x0000000000000498                main
 .text          0x0000000000000510      0x198 obj/default/portable/GCC/NiosII/port.o
                0x0000000000000510                vPortSysTickHandler
                0x0000000000000540                pxPortInitialiseStack
                0x0000000000000580                vPortEndScheduler
                0x0000000000000584                alt_irq_register
                0x000000000000061c                xPortStartScheduler
 .text          0x00000000000006a8       0xa8 obj/default/portable/MemMang/heap_1.o
                0x00000000000006a8                pvPortMalloc
                0x0000000000000734                vPortFree
                0x0000000000000738                vPortInitialiseBlocks
                0x0000000000000740                xPortGetFreeHeapSize
 .text          0x0000000000000750      0xa48 obj/default/queue.o
                0x000000000000090c                xQueueGenericReset
                0x00000000000009c4                xQueueGenericCreate
                0x0000000000000a50                xQueueCreateCountingSemaphore
                0x0000000000000a84                xQueueGenericSend
                0x0000000000000c00                xQueueCreateMutex
                0x0000000000000c80                xQueueGiveMutexRecursive
                0x0000000000000ce0                xQueueGenericSendFromISR
                0x0000000000000d70                xQueueGiveFromISR
                0x0000000000000e00                xQueueGenericReceive
                0x0000000000000fa8                xQueueTakeMutexRecursive
                0x000000000000102c                xQueueReceiveFromISR
                0x00000000000010b8                xQueuePeekFromISR
                0x0000000000001100                uxQueueMessagesWaiting
                0x0000000000001130                uxQueueSpacesAvailable
                0x0000000000001170                uxQueueMessagesWaitingFromISR
                0x0000000000001178                vQueueDelete
                0x000000000000117c                xQueueIsQueueEmptyFromISR
                0x0000000000001188                xQueueIsQueueFullFromISR
 .text          0x0000000000001198     0x166c obj/default/tasks.o
                0x000000000000124c                uxTaskPriorityGetFromISR
                0x000000000000125c                xTaskResumeFromISR
                0x0000000000001304                vTaskEndScheduler
                0x000000000000131c                vTaskSuspendAll
                0x000000000000132c                xTaskGetTickCount
                0x0000000000001334                xTaskGetTickCountFromISR
                0x000000000000133c                uxTaskGetNumberOfTasks
                0x0000000000001344                xTaskIncrementTick
                0x00000000000014a0                vTaskSwitchContext
                0x0000000000001568                vTaskPlaceOnEventList
                0x00000000000015d0                vTaskPlaceOnUnorderedEventList
                0x0000000000001644                xTaskRemoveFromEventList
                0x00000000000016e8                xTaskRemoveFromUnorderedEventList
                0x0000000000001774                vTaskSetTimeOutState
                0x0000000000001788                vTaskMissedYield
                0x0000000000001794                uxTaskGetStackHighWaterMark
                0x00000000000017c8                xTaskGetCurrentTaskHandle
                0x00000000000017d0                vTaskPriorityInherit
                0x00000000000018ac                xTaskPriorityDisinherit
                0x0000000000001948                vTaskEnterCritical
                0x0000000000001978                vTaskExitCritical
                0x00000000000019b4                xTaskGenericCreate
                0x0000000000001c30                vTaskStartScheduler
                0x0000000000001ca4                vTaskDelete
                0x0000000000001d54                uxTaskPriorityGet
                0x0000000000001d8c                vTaskPrioritySet
                0x0000000000001e90                vTaskSuspend
                0x0000000000001f6c                vTaskResume
                0x0000000000002004                xTaskResumeAll
                0x0000000000002128                vTaskDelayUntil
                0x00000000000021b0                vTaskDelay
                0x0000000000002284                xTaskCheckForTimeOut
                0x0000000000002304                uxTaskResetEventItemValue
                0x0000000000002328                pvTaskIncrementMutexHeldCount
                0x0000000000002348                ulTaskNotifyTake
                0x0000000000002410                xTaskNotifyWait
                0x000000000000251c                xTaskGenericNotify
                0x000000000000262c                xTaskGenericNotifyFromISR
                0x0000000000002744                vTaskNotifyGiveFromISR
 .text          0x0000000000002804        0x0 obj/default/timers.o
 .text          0x0000000000002804        0x0 obj/default/portable/GCC/NiosII/port_asm.o
 .text          0x0000000000002804      0x12c /mnt/Storage/soft/nios2eds/bin/gnu/H-x86_64-pc-linux-gnu/bin/../lib/gcc/nios2-elf/4.9.1/mno-hw-mul/libgcc.a(lib2-divmod.o)
                0x0000000000002870                __divsi3
                0x00000000000028c4                __modsi3
                0x0000000000002920                __udivsi3
                0x0000000000002928                __umodsi3
 .text          0x0000000000002930       0x28 /mnt/Storage/soft/nios2eds/bin/gnu/H-x86_64-pc-linux-gnu/bin/../lib/gcc/nios2-elf/4.9.1/mno-hw-mul/libgcc.a(lib2-mul.o)
                0x0000000000002930                __mulsi3
 .text          0x0000000000002958       0x28 /mnt/Storage/soft/nios2eds/bin/gnu/H-x86_64-pc-linux-gnu/bin/../lib/gcc/nios2-elf/4.9.1/../../../../../H-x86_64-pc-linux-gnu/nios2-elf/lib/mno-hw-mul/libsmallc.a(lib_a-memcpy.o)
                0x0000000000002958                memcpy
 .text          0x0000000000002980       0x20 /mnt/Storage/soft/nios2eds/bin/gnu/H-x86_64-pc-linux-gnu/bin/../lib/gcc/nios2-elf/4.9.1/../../../../../H-x86_64-pc-linux-gnu/nios2-elf/lib/mno-hw-mul/libsmallc.a(lib_a-memset.o)
                0x0000000000002980                memset
 .text          0x00000000000029a0        0x0 ../master_bsp//libhal_bsp.a(alt_irq_handler.o)
 .text          0x00000000000029a0        0x0 ../master_bsp//libhal_bsp.a(alt_irq_vars.o)
 .text          0x00000000000029a0       0xf8 ../master_bsp//libhal_bsp.a(alt_load.o)
                0x00000000000029a0                alt_load
 .text          0x0000000000002a98       0x2c ../master_bsp//libhal_bsp.a(alt_main.o)
                0x0000000000002a98                alt_main
 .text          0x0000000000002ac4      0x16c ../master_bsp//libhal_bsp.a(alt_printf.o)
                0x0000000000002ac4                alt_printf
 .text          0x0000000000002c30       0x48 ../master_bsp//libhal_bsp.a(alt_putchar.o)
                0x0000000000002c30                alt_putchar
 .text          0x0000000000002c78       0x38 ../master_bsp//libhal_bsp.a(alt_putstr.o)
                0x0000000000002c78                alt_putstr
 .text          0x0000000000002cb0       0x34 ../master_bsp//libhal_bsp.a(alt_sys_init.o)
                0x0000000000002cb0                alt_irq_init
                0x0000000000002cd0                alt_sys_init
 .text          0x0000000000002ce4       0x34 ../master_bsp//libhal_bsp.a(altera_avalon_jtag_uart_write.o)
                0x0000000000002ce4                altera_avalon_jtag_uart_write
 .text          0x0000000000002d18      0x100 ../master_bsp//libhal_bsp.a(altera_avalon_mutex.o)
                0x0000000000002d18                altera_avalon_mutex_open
                0x0000000000002d70                altera_avalon_mutex_close
                0x0000000000002d74                altera_avalon_mutex_lock
                0x0000000000002d98                altera_avalon_mutex_trylock
                0x0000000000002dc0                altera_avalon_mutex_unlock
                0x0000000000002de0                altera_avalon_mutex_is_mine
                0x0000000000002e08                altera_avalon_mutex_first_lock
 .text          0x0000000000002e18        0x4 ../master_bsp//libhal_bsp.a(alt_dcache_flush_all.o)
                0x0000000000002e18                alt_dcache_flush_all
 .text          0x0000000000002e1c       0x78 ../master_bsp//libhal_bsp.a(alt_dev_llist_insert.o)
                0x0000000000002e1c                alt_dev_llist_insert
 .text          0x0000000000002e94        0x0 ../master_bsp//libhal_bsp.a(alt_errno.o)
 .text          0x0000000000002e94       0x74 ../master_bsp//libhal_bsp.a(alt_find_dev.o)
                0x0000000000002e94                alt_find_dev
 .text          0x0000000000002f08        0x4 ../master_bsp//libhal_bsp.a(alt_icache_flush_all.o)
                0x0000000000002f08                alt_icache_flush_all
 .text          0x0000000000002f0c        0x8 ../master_bsp//libhal_bsp.a(altera_nios2_qsys_irq.o)
                0x0000000000002f0c                altera_nios2_qsys_irq_init
 .text          0x0000000000002f14        0x0 /mnt/Storage/soft/nios2eds/bin/gnu/H-x86_64-pc-linux-gnu/bin/../lib/gcc/nios2-elf/4.9.1/../../../../../H-x86_64-pc-linux-gnu/nios2-elf/lib/mno-hw-mul/libsmallc.a(lib_a-int_errno.o)
 .text          0x0000000000002f14       0x30 /mnt/Storage/soft/nios2eds/bin/gnu/H-x86_64-pc-linux-gnu/bin/../lib/gcc/nios2-elf/4.9.1/../../../../../H-x86_64-pc-linux-gnu/nios2-elf/lib/mno-hw-mul/libsmallc.a(lib_a-memcmp.o)
                0x0000000000002f14                memcmp
 .text          0x0000000000002f44       0x1c /mnt/Storage/soft/nios2eds/bin/gnu/H-x86_64-pc-linux-gnu/bin/../lib/gcc/nios2-elf/4.9.1/../../../../../H-x86_64-pc-linux-gnu/nios2-elf/lib/mno-hw-mul/libsmallc.a(lib_a-strlen.o)
                0x0000000000002f44                strlen
 *(.gnu.warning.*)
 *(.fini)
                0x0000000000002f60                PROVIDE (__etext, ABSOLUTE (.))
                0x0000000000002f60                PROVIDE (_etext, ABSOLUTE (.))
                0x0000000000002f60                PROVIDE (etext, ABSOLUTE (.))
 *(.eh_frame_hdr)
                0x0000000000002f60                . = ALIGN (0x4)
                0x0000000000002f60                PROVIDE (__preinit_array_start, ABSOLUTE (.))
 *(.preinit_array)
                0x0000000000002f60                PROVIDE (__preinit_array_end, ABSOLUTE (.))
                0x0000000000002f60                PROVIDE (__init_array_start, ABSOLUTE (.))
 *(.init_array)
                0x0000000000002f60                PROVIDE (__init_array_end, ABSOLUTE (.))
                0x0000000000002f60                PROVIDE (__fini_array_start, ABSOLUTE (.))
 *(.fini_array)
                0x0000000000002f60                PROVIDE (__fini_array_end, ABSOLUTE (.))
 *(.eh_frame)
 *(.gcc_except_table .gcc_except_table.*)
 *(.dynamic)
                0x0000000000002f60                PROVIDE (__CTOR_LIST__, ABSOLUTE (.))
 *(.ctors)
 *(SORT(.ctors.*))
                0x0000000000002f60                PROVIDE (__CTOR_END__, ABSOLUTE (.))
                0x0000000000002f60                PROVIDE (__DTOR_LIST__, ABSOLUTE (.))
 *(.dtors)
 *(SORT(.dtors.*))
                0x0000000000002f60                PROVIDE (__DTOR_END__, ABSOLUTE (.))
 *(.jcr)
                0x0000000000002f60                . = ALIGN (0x4)

.rodata         0x0000000000002f60       0x90
                0x0000000000002f60                PROVIDE (__ram_rodata_start, ABSOLUTE (.))
                0x0000000000002f60                . = ALIGN (0x4)
 *(.rodata .rodata.* .gnu.linkonce.r.*)
 .rodata.str1.4
                0x0000000000002f60        0xd obj/default/asym.o
                                         0x10 (size before relaxing)
 *fill*         0x0000000000002f6d        0x3 
 .rodata.str1.4
                0x0000000000002f70       0x77 obj/default/master.o
                                         0x78 (size before relaxing)
 *fill*         0x0000000000002fe7        0x1 
 .rodata.str1.4
                0x0000000000002fe8        0x8 obj/default/tasks.o
 .rodata.str1.4
                0x0000000000000000       0x10 ../master_bsp//libhal_bsp.a(alt_sys_init.o)
 *(.rodata1)
                0x0000000000002ff0                . = ALIGN (0x4)
                0x0000000000002ff0                PROVIDE (__ram_rodata_end, ABSOLUTE (.))
                0x0000000000002f60                PROVIDE (__flash_rodata_start, LOADADDR (.rodata))

.rwdata         0x0000000000002ff0       0x24 load address 0x0000000000003014
                0x0000000000002ff0                PROVIDE (__ram_rwdata_start, ABSOLUTE (.))
                0x0000000000002ff0                . = ALIGN (0x4)
 *(.got.plt)
 *(.got)
 *(.data1)
 *(.data .data.* .gnu.linkonce.d.*)
 .data          0x0000000000002ff0        0x0 ../master_bsp//obj/HAL/src/crt0.o
 .data          0x0000000000002ff0        0x0 obj/default/asym.o
 .data          0x0000000000002ff0        0x0 obj/default/croutine.o
 .data          0x0000000000002ff0        0x0 obj/default/list.o
 .data          0x0000000000002ff0        0x0 obj/default/master.o
 .data          0x0000000000002ff0        0x0 obj/default/portable/GCC/NiosII/port.o
 .data          0x0000000000002ff0        0x0 obj/default/portable/MemMang/heap_1.o
 .data          0x0000000000002ff0        0x0 obj/default/queue.o
 .data          0x0000000000002ff0        0x0 obj/default/tasks.o
 .data          0x0000000000002ff0        0x0 obj/default/timers.o
 .data          0x0000000000002ff0        0x0 obj/default/portable/GCC/NiosII/port_asm.o
 .data          0x0000000000002ff0        0x0 /mnt/Storage/soft/nios2eds/bin/gnu/H-x86_64-pc-linux-gnu/bin/../lib/gcc/nios2-elf/4.9.1/mno-hw-mul/libgcc.a(lib2-divmod.o)
 .data          0x0000000000002ff0        0x0 /mnt/Storage/soft/nios2eds/bin/gnu/H-x86_64-pc-linux-gnu/bin/../lib/gcc/nios2-elf/4.9.1/mno-hw-mul/libgcc.a(lib2-mul.o)
 .data          0x0000000000002ff0        0x0 /mnt/Storage/soft/nios2eds/bin/gnu/H-x86_64-pc-linux-gnu/bin/../lib/gcc/nios2-elf/4.9.1/../../../../../H-x86_64-pc-linux-gnu/nios2-elf/lib/mno-hw-mul/libsmallc.a(lib_a-memcpy.o)
 .data          0x0000000000002ff0        0x0 /mnt/Storage/soft/nios2eds/bin/gnu/H-x86_64-pc-linux-gnu/bin/../lib/gcc/nios2-elf/4.9.1/../../../../../H-x86_64-pc-linux-gnu/nios2-elf/lib/mno-hw-mul/libsmallc.a(lib_a-memset.o)
 .data          0x0000000000002ff0        0x0 ../master_bsp//libhal_bsp.a(alt_irq_handler.o)
 .data          0x0000000000002ff0        0x0 ../master_bsp//libhal_bsp.a(alt_irq_vars.o)
 .data          0x0000000000002ff0        0x0 ../master_bsp//libhal_bsp.a(alt_load.o)
 .data          0x0000000000002ff0        0x0 ../master_bsp//libhal_bsp.a(alt_main.o)
 .data          0x0000000000002ff0        0x0 ../master_bsp//libhal_bsp.a(alt_printf.o)
 .data          0x0000000000002ff0        0x0 ../master_bsp//libhal_bsp.a(alt_putchar.o)
 .data          0x0000000000002ff0        0x0 ../master_bsp//libhal_bsp.a(alt_putstr.o)
 .data          0x0000000000002ff0       0x10 ../master_bsp//libhal_bsp.a(alt_sys_init.o)
 .data          0x0000000000003000        0x0 ../master_bsp//libhal_bsp.a(altera_avalon_jtag_uart_write.o)
 .data          0x0000000000003000        0x0 ../master_bsp//libhal_bsp.a(altera_avalon_mutex.o)
 .data          0x0000000000003000        0x0 ../master_bsp//libhal_bsp.a(alt_dcache_flush_all.o)
 .data          0x0000000000003000        0x0 ../master_bsp//libhal_bsp.a(alt_dev_llist_insert.o)
 .data          0x0000000000003000        0x0 ../master_bsp//libhal_bsp.a(alt_errno.o)
 .data          0x0000000000003000        0x0 ../master_bsp//libhal_bsp.a(alt_find_dev.o)
 .data          0x0000000000003000        0x0 ../master_bsp//libhal_bsp.a(alt_icache_flush_all.o)
 .data          0x0000000000003000        0x0 ../master_bsp//libhal_bsp.a(altera_nios2_qsys_irq.o)
 .data          0x0000000000003000        0x0 /mnt/Storage/soft/nios2eds/bin/gnu/H-x86_64-pc-linux-gnu/bin/../lib/gcc/nios2-elf/4.9.1/../../../../../H-x86_64-pc-linux-gnu/nios2-elf/lib/mno-hw-mul/libsmallc.a(lib_a-int_errno.o)
 .data          0x0000000000003000        0x0 /mnt/Storage/soft/nios2eds/bin/gnu/H-x86_64-pc-linux-gnu/bin/../lib/gcc/nios2-elf/4.9.1/../../../../../H-x86_64-pc-linux-gnu/nios2-elf/lib/mno-hw-mul/libsmallc.a(lib_a-memcmp.o)
 .data          0x0000000000003000        0x0 /mnt/Storage/soft/nios2eds/bin/gnu/H-x86_64-pc-linux-gnu/bin/../lib/gcc/nios2-elf/4.9.1/../../../../../H-x86_64-pc-linux-gnu/nios2-elf/lib/mno-hw-mul/libsmallc.a(lib_a-strlen.o)
                0x000000000000b000                _gp = ABSOLUTE ((. + 0x8000))
                0x000000000000b000                PROVIDE (gp, _gp)
 *(.rwdata .rwdata.*)
 *(.sdata .sdata.* .gnu.linkonce.s.*)
 .sdata         0x0000000000003000        0x4 ../master_bsp//libhal_bsp.a(alt_irq_vars.o)
                0x0000000000003000                alt_priority_mask
 .sdata         0x0000000000003004        0x4 ../master_bsp//libhal_bsp.a(alt_sys_init.o)
                0x0000000000003004                jtag_uart_0
 .sdata         0x0000000000003008        0x8 ../master_bsp//libhal_bsp.a(altera_avalon_mutex.o)
                0x0000000000003008                alt_mutex_list
 .sdata         0x0000000000003010        0x4 ../master_bsp//libhal_bsp.a(alt_errno.o)
                0x0000000000003010                alt_errno
 *(.sdata2 .sdata2.* .gnu.linkonce.s2.*)
                0x0000000000003014                . = ALIGN (0x4)
                0x0000000000003014                _edata = ABSOLUTE (.)
                0x0000000000003014                PROVIDE (edata, ABSOLUTE (.))
                0x0000000000003014                PROVIDE (__ram_rwdata_end, ABSOLUTE (.))
                0x0000000000003014                PROVIDE (__flash_rwdata_start, LOADADDR (.rwdata))

.bss            0x0000000000003038     0x2560
                0x0000000000003038                __bss_start = ABSOLUTE (.)
                0x0000000000003038                PROVIDE (__sbss_start, ABSOLUTE (.))
                0x0000000000003038                PROVIDE (___sbss_start, ABSOLUTE (.))
 *(.dynsbss)
 *(.sbss .sbss.* .gnu.linkonce.sb.*)
 .sbss          0x0000000000003038        0x4 obj/default/asym.o
 .sbss          0x000000000000303c        0x8 obj/default/portable/MemMang/heap_1.o
 .sbss          0x0000000000003044       0x38 obj/default/tasks.o
                0x0000000000003078                pxCurrentTCB
 .sbss          0x000000000000307c        0x4 ../master_bsp//libhal_bsp.a(alt_irq_vars.o)
                0x000000000000307c                alt_irq_active
 .sbss          0x0000000000003080        0xc ../master_bsp//libhal_bsp.a(alt_main.o)
                0x0000000000003080                alt_envp
                0x0000000000003084                alt_argv
                0x0000000000003088                alt_argc
 .sbss          0x000000000000308c        0x4 /mnt/Storage/soft/nios2eds/bin/gnu/H-x86_64-pc-linux-gnu/bin/../lib/gcc/nios2-elf/4.9.1/../../../../../H-x86_64-pc-linux-gnu/nios2-elf/lib/mno-hw-mul/libsmallc.a(lib_a-int_errno.o)
                0x000000000000308c                errno
 *(.sbss2 .sbss2.* .gnu.linkonce.sb2.*)
 *(.scommon)
                0x0000000000003090                PROVIDE (__sbss_end, ABSOLUTE (.))
                0x0000000000003090                PROVIDE (___sbss_end, ABSOLUTE (.))
 *(.dynbss)
 *(.bss .bss.* .gnu.linkonce.b.*)
 .bss           0x0000000000003090        0x0 ../master_bsp//obj/HAL/src/crt0.o
 .bss           0x0000000000003090        0x0 obj/default/asym.o
 .bss           0x0000000000003090        0x0 obj/default/croutine.o
 .bss           0x0000000000003090        0x0 obj/default/list.o
 .bss           0x0000000000003090        0x0 obj/default/master.o
 .bss           0x0000000000003090        0x0 obj/default/portable/GCC/NiosII/port.o
 .bss           0x0000000000003090     0x2340 obj/default/portable/MemMang/heap_1.o
 .bss           0x00000000000053d0        0x0 obj/default/queue.o
 .bss           0x00000000000053d0       0xc8 obj/default/tasks.o
 .bss           0x0000000000005498        0x0 obj/default/timers.o
 .bss           0x0000000000005498        0x0 obj/default/portable/GCC/NiosII/port_asm.o
 .bss           0x0000000000005498        0x0 /mnt/Storage/soft/nios2eds/bin/gnu/H-x86_64-pc-linux-gnu/bin/../lib/gcc/nios2-elf/4.9.1/mno-hw-mul/libgcc.a(lib2-divmod.o)
 .bss           0x0000000000005498        0x0 /mnt/Storage/soft/nios2eds/bin/gnu/H-x86_64-pc-linux-gnu/bin/../lib/gcc/nios2-elf/4.9.1/mno-hw-mul/libgcc.a(lib2-mul.o)
 .bss           0x0000000000005498        0x0 /mnt/Storage/soft/nios2eds/bin/gnu/H-x86_64-pc-linux-gnu/bin/../lib/gcc/nios2-elf/4.9.1/../../../../../H-x86_64-pc-linux-gnu/nios2-elf/lib/mno-hw-mul/libsmallc.a(lib_a-memcpy.o)
 .bss           0x0000000000005498        0x0 /mnt/Storage/soft/nios2eds/bin/gnu/H-x86_64-pc-linux-gnu/bin/../lib/gcc/nios2-elf/4.9.1/../../../../../H-x86_64-pc-linux-gnu/nios2-elf/lib/mno-hw-mul/libsmallc.a(lib_a-memset.o)
 .bss           0x0000000000005498        0x0 ../master_bsp//libhal_bsp.a(alt_irq_handler.o)
 .bss           0x0000000000005498        0x0 ../master_bsp//libhal_bsp.a(alt_irq_vars.o)
 .bss           0x0000000000005498        0x0 ../master_bsp//libhal_bsp.a(alt_load.o)
 .bss           0x0000000000005498        0x0 ../master_bsp//libhal_bsp.a(alt_main.o)
 .bss           0x0000000000005498        0x0 ../master_bsp//libhal_bsp.a(alt_printf.o)
 .bss           0x0000000000005498        0x0 ../master_bsp//libhal_bsp.a(alt_putchar.o)
 .bss           0x0000000000005498        0x0 ../master_bsp//libhal_bsp.a(alt_putstr.o)
 .bss           0x0000000000005498        0x0 ../master_bsp//libhal_bsp.a(alt_sys_init.o)
 .bss           0x0000000000005498        0x0 ../master_bsp//libhal_bsp.a(altera_avalon_jtag_uart_write.o)
 .bss           0x0000000000005498        0x0 ../master_bsp//libhal_bsp.a(altera_avalon_mutex.o)
 .bss           0x0000000000005498        0x0 ../master_bsp//libhal_bsp.a(alt_dcache_flush_all.o)
 .bss           0x0000000000005498        0x0 ../master_bsp//libhal_bsp.a(alt_dev_llist_insert.o)
 .bss           0x0000000000005498        0x0 ../master_bsp//libhal_bsp.a(alt_errno.o)
 .bss           0x0000000000005498        0x0 ../master_bsp//libhal_bsp.a(alt_find_dev.o)
 .bss           0x0000000000005498        0x0 ../master_bsp//libhal_bsp.a(alt_icache_flush_all.o)
 .bss           0x0000000000005498        0x0 ../master_bsp//libhal_bsp.a(altera_nios2_qsys_irq.o)
 .bss           0x0000000000005498        0x0 /mnt/Storage/soft/nios2eds/bin/gnu/H-x86_64-pc-linux-gnu/bin/../lib/gcc/nios2-elf/4.9.1/../../../../../H-x86_64-pc-linux-gnu/nios2-elf/lib/mno-hw-mul/libsmallc.a(lib_a-int_errno.o)
 .bss           0x0000000000005498        0x0 /mnt/Storage/soft/nios2eds/bin/gnu/H-x86_64-pc-linux-gnu/bin/../lib/gcc/nios2-elf/4.9.1/../../../../../H-x86_64-pc-linux-gnu/nios2-elf/lib/mno-hw-mul/libsmallc.a(lib_a-memcmp.o)
 .bss           0x0000000000005498        0x0 /mnt/Storage/soft/nios2eds/bin/gnu/H-x86_64-pc-linux-gnu/bin/../lib/gcc/nios2-elf/4.9.1/../../../../../H-x86_64-pc-linux-gnu/nios2-elf/lib/mno-hw-mul/libsmallc.a(lib_a-strlen.o)
 *(COMMON)
 COMMON         0x0000000000005498      0x100 ../master_bsp//libhal_bsp.a(alt_irq_handler.o)
                0x0000000000005498                alt_irq
                0x0000000000005598                . = ALIGN (0x4)
                0x0000000000005598                __bss_end = ABSOLUTE (.)

.onchip_memory2_0
                0x0000000000005598        0x0
                0x0000000000005598                PROVIDE (_alt_partition_onchip_memory2_0_start, ABSOLUTE (.))
 *(.onchip_memory2_0 .onchip_memory2_0. onchip_memory2_0.*)
                0x0000000000005598                . = ALIGN (0x4)
                0x0000000000005598                PROVIDE (_alt_partition_onchip_memory2_0_end, ABSOLUTE (.))
                0x0000000000005598                _end = ABSOLUTE (.)
                0x0000000000005598                end = ABSOLUTE (.)
                0x0000000000005598                __alt_stack_base = ABSOLUTE (.)
                0x0000000000005598                PROVIDE (_alt_partition_onchip_memory2_0_load_addr, LOADADDR (.onchip_memory2_0))

.memory_buff    0x0000000000010000        0x0 load address 0x0000000000005598
                0x0000000000010000                PROVIDE (_alt_partition_memory_buff_start, ABSOLUTE (.))
 *(.memory_buff .memory_buff. memory_buff.*)
                0x0000000000010000                . = ALIGN (0x4)
                0x0000000000010000                PROVIDE (_alt_partition_memory_buff_end, ABSOLUTE (.))
                0x0000000000005598                PROVIDE (_alt_partition_memory_buff_load_addr, LOADADDR (.memory_buff))

.stab
 *(.stab)

.stabstr
 *(.stabstr)

.stab.excl
 *(.stab.excl)

.stab.exclstr
 *(.stab.exclstr)

.stab.index
 *(.stab.index)

.stab.indexstr
 *(.stab.indexstr)

.comment        0x0000000000000000       0x23
 *(.comment)
 .comment       0x0000000000000000       0x23 obj/default/asym.o
                                         0x24 (size before relaxing)
 .comment       0x0000000000000000       0x24 obj/default/croutine.o
 .comment       0x0000000000000000       0x24 obj/default/list.o
 .comment       0x0000000000000000       0x24 obj/default/master.o
 .comment       0x0000000000000000       0x24 obj/default/portable/GCC/NiosII/port.o
 .comment       0x0000000000000000       0x24 obj/default/portable/MemMang/heap_1.o
 .comment       0x0000000000000000       0x24 obj/default/queue.o
 .comment       0x0000000000000000       0x24 obj/default/tasks.o
 .comment       0x0000000000000000       0x24 obj/default/timers.o
 .comment       0x0000000000000000       0x24 /mnt/Storage/soft/nios2eds/bin/gnu/H-x86_64-pc-linux-gnu/bin/../lib/gcc/nios2-elf/4.9.1/mno-hw-mul/libgcc.a(lib2-divmod.o)
 .comment       0x0000000000000000       0x24 /mnt/Storage/soft/nios2eds/bin/gnu/H-x86_64-pc-linux-gnu/bin/../lib/gcc/nios2-elf/4.9.1/mno-hw-mul/libgcc.a(lib2-mul.o)
 .comment       0x0000000000000000       0x24 /mnt/Storage/soft/nios2eds/bin/gnu/H-x86_64-pc-linux-gnu/bin/../lib/gcc/nios2-elf/4.9.1/../../../../../H-x86_64-pc-linux-gnu/nios2-elf/lib/mno-hw-mul/libsmallc.a(lib_a-memcpy.o)
 .comment       0x0000000000000000       0x24 /mnt/Storage/soft/nios2eds/bin/gnu/H-x86_64-pc-linux-gnu/bin/../lib/gcc/nios2-elf/4.9.1/../../../../../H-x86_64-pc-linux-gnu/nios2-elf/lib/mno-hw-mul/libsmallc.a(lib_a-memset.o)
 .comment       0x0000000000000000       0x24 ../master_bsp//libhal_bsp.a(alt_irq_handler.o)
 .comment       0x0000000000000000       0x24 ../master_bsp//libhal_bsp.a(alt_irq_vars.o)
 .comment       0x0000000000000000       0x24 ../master_bsp//libhal_bsp.a(alt_load.o)
 .comment       0x0000000000000000       0x24 ../master_bsp//libhal_bsp.a(alt_main.o)
 .comment       0x0000000000000000       0x24 ../master_bsp//libhal_bsp.a(alt_printf.o)
 .comment       0x0000000000000000       0x24 ../master_bsp//libhal_bsp.a(alt_putchar.o)
 .comment       0x0000000000000000       0x24 ../master_bsp//libhal_bsp.a(alt_putstr.o)
 .comment       0x0000000000000000       0x24 ../master_bsp//libhal_bsp.a(alt_sys_init.o)
 .comment       0x0000000000000000       0x24 ../master_bsp//libhal_bsp.a(altera_avalon_jtag_uart_write.o)
 .comment       0x0000000000000000       0x24 ../master_bsp//libhal_bsp.a(altera_avalon_mutex.o)
 .comment       0x0000000000000000       0x24 ../master_bsp//libhal_bsp.a(alt_dcache_flush_all.o)
 .comment       0x0000000000000000       0x24 ../master_bsp//libhal_bsp.a(alt_dev_llist_insert.o)
 .comment       0x0000000000000000       0x24 ../master_bsp//libhal_bsp.a(alt_errno.o)
 .comment       0x0000000000000000       0x24 ../master_bsp//libhal_bsp.a(alt_find_dev.o)
 .comment       0x0000000000000000       0x24 ../master_bsp//libhal_bsp.a(alt_icache_flush_all.o)
 .comment       0x0000000000000000       0x24 ../master_bsp//libhal_bsp.a(altera_nios2_qsys_irq.o)
 .comment       0x0000000000000000       0x24 /mnt/Storage/soft/nios2eds/bin/gnu/H-x86_64-pc-linux-gnu/bin/../lib/gcc/nios2-elf/4.9.1/../../../../../H-x86_64-pc-linux-gnu/nios2-elf/lib/mno-hw-mul/libsmallc.a(lib_a-int_errno.o)
 .comment       0x0000000000000000       0x24 /mnt/Storage/soft/nios2eds/bin/gnu/H-x86_64-pc-linux-gnu/bin/../lib/gcc/nios2-elf/4.9.1/../../../../../H-x86_64-pc-linux-gnu/nios2-elf/lib/mno-hw-mul/libsmallc.a(lib_a-memcmp.o)
 .comment       0x0000000000000000       0x24 /mnt/Storage/soft/nios2eds/bin/gnu/H-x86_64-pc-linux-gnu/bin/../lib/gcc/nios2-elf/4.9.1/../../../../../H-x86_64-pc-linux-gnu/nios2-elf/lib/mno-hw-mul/libsmallc.a(lib_a-strlen.o)

.debug
 *(.debug)

.line
 *(.line)

.debug_srcinfo
 *(.debug_srcinfo)

.debug_sfnames
 *(.debug_sfnames)

.debug_aranges  0x0000000000000000      0x448
 *(.debug_aranges)
 .debug_aranges
                0x0000000000000000       0x28 ../master_bsp//obj/HAL/src/crt0.o
 .debug_aranges
                0x0000000000000028       0x20 obj/default/asym.o
 .debug_aranges
                0x0000000000000048       0x18 obj/default/croutine.o
 .debug_aranges
                0x0000000000000060       0x20 obj/default/list.o
 .debug_aranges
                0x0000000000000080       0x28 obj/default/master.o
 .debug_aranges
                0x00000000000000a8       0x20 obj/default/portable/GCC/NiosII/port.o
 .debug_aranges
                0x00000000000000c8       0x20 obj/default/portable/MemMang/heap_1.o
 .debug_aranges
                0x00000000000000e8       0x20 obj/default/queue.o
 .debug_aranges
                0x0000000000000108       0x20 obj/default/tasks.o
 .debug_aranges
                0x0000000000000128       0x18 obj/default/timers.o
 .debug_aranges
                0x0000000000000140       0x40 obj/default/portable/GCC/NiosII/port_asm.o
 .debug_aranges
                0x0000000000000180       0x20 /mnt/Storage/soft/nios2eds/bin/gnu/H-x86_64-pc-linux-gnu/bin/../lib/gcc/nios2-elf/4.9.1/mno-hw-mul/libgcc.a(lib2-divmod.o)
 .debug_aranges
                0x00000000000001a0       0x20 /mnt/Storage/soft/nios2eds/bin/gnu/H-x86_64-pc-linux-gnu/bin/../lib/gcc/nios2-elf/4.9.1/mno-hw-mul/libgcc.a(lib2-mul.o)
 .debug_aranges
                0x00000000000001c0       0x20 /mnt/Storage/soft/nios2eds/bin/gnu/H-x86_64-pc-linux-gnu/bin/../lib/gcc/nios2-elf/4.9.1/../../../../../H-x86_64-pc-linux-gnu/nios2-elf/lib/mno-hw-mul/libsmallc.a(lib_a-memcpy.o)
 .debug_aranges
                0x00000000000001e0       0x20 /mnt/Storage/soft/nios2eds/bin/gnu/H-x86_64-pc-linux-gnu/bin/../lib/gcc/nios2-elf/4.9.1/../../../../../H-x86_64-pc-linux-gnu/nios2-elf/lib/mno-hw-mul/libsmallc.a(lib_a-memset.o)
 .debug_aranges
                0x0000000000000200       0x20 ../master_bsp//libhal_bsp.a(alt_irq_handler.o)
 .debug_aranges
                0x0000000000000220       0x18 ../master_bsp//libhal_bsp.a(alt_irq_vars.o)
 .debug_aranges
                0x0000000000000238       0x20 ../master_bsp//libhal_bsp.a(alt_load.o)
 .debug_aranges
                0x0000000000000258       0x20 ../master_bsp//libhal_bsp.a(alt_main.o)
 .debug_aranges
                0x0000000000000278       0x20 ../master_bsp//libhal_bsp.a(alt_printf.o)
 .debug_aranges
                0x0000000000000298       0x20 ../master_bsp//libhal_bsp.a(alt_putchar.o)
 .debug_aranges
                0x00000000000002b8       0x20 ../master_bsp//libhal_bsp.a(alt_putstr.o)
 .debug_aranges
                0x00000000000002d8       0x20 ../master_bsp//libhal_bsp.a(alt_sys_init.o)
 .debug_aranges
                0x00000000000002f8       0x20 ../master_bsp//libhal_bsp.a(altera_avalon_jtag_uart_write.o)
 .debug_aranges
                0x0000000000000318       0x20 ../master_bsp//libhal_bsp.a(altera_avalon_mutex.o)
 .debug_aranges
                0x0000000000000338       0x20 ../master_bsp//libhal_bsp.a(alt_dcache_flush_all.o)
 .debug_aranges
                0x0000000000000358       0x20 ../master_bsp//libhal_bsp.a(alt_dev_llist_insert.o)
 .debug_aranges
                0x0000000000000378       0x18 ../master_bsp//libhal_bsp.a(alt_errno.o)
 .debug_aranges
                0x0000000000000390       0x20 ../master_bsp//libhal_bsp.a(alt_find_dev.o)
 .debug_aranges
                0x00000000000003b0       0x20 ../master_bsp//libhal_bsp.a(alt_icache_flush_all.o)
 .debug_aranges
                0x00000000000003d0       0x20 ../master_bsp//libhal_bsp.a(altera_nios2_qsys_irq.o)
 .debug_aranges
                0x00000000000003f0       0x18 /mnt/Storage/soft/nios2eds/bin/gnu/H-x86_64-pc-linux-gnu/bin/../lib/gcc/nios2-elf/4.9.1/../../../../../H-x86_64-pc-linux-gnu/nios2-elf/lib/mno-hw-mul/libsmallc.a(lib_a-int_errno.o)
 .debug_aranges
                0x0000000000000408       0x20 /mnt/Storage/soft/nios2eds/bin/gnu/H-x86_64-pc-linux-gnu/bin/../lib/gcc/nios2-elf/4.9.1/../../../../../H-x86_64-pc-linux-gnu/nios2-elf/lib/mno-hw-mul/libsmallc.a(lib_a-memcmp.o)
 .debug_aranges
                0x0000000000000428       0x20 /mnt/Storage/soft/nios2eds/bin/gnu/H-x86_64-pc-linux-gnu/bin/../lib/gcc/nios2-elf/4.9.1/../../../../../H-x86_64-pc-linux-gnu/nios2-elf/lib/mno-hw-mul/libsmallc.a(lib_a-strlen.o)

.debug_pubnames
 *(.debug_pubnames)

.debug_info     0x0000000000000000     0x63a9
 *(.debug_info .gnu.linkonce.wi.*)
 .debug_info    0x0000000000000000       0x74 ../master_bsp//obj/HAL/src/crt0.o
 .debug_info    0x0000000000000074      0x2ca obj/default/asym.o
 .debug_info    0x000000000000033e       0x98 obj/default/croutine.o
 .debug_info    0x00000000000003d6      0x2b7 obj/default/list.o
 .debug_info    0x000000000000068d      0x457 obj/default/master.o
 .debug_info    0x0000000000000ae4      0x4ee obj/default/portable/GCC/NiosII/port.o
 .debug_info    0x0000000000000fd2      0x1be obj/default/portable/MemMang/heap_1.o
 .debug_info    0x0000000000001190     0x1123 obj/default/queue.o
 .debug_info    0x00000000000022b3     0x1d62 obj/default/tasks.o
 .debug_info    0x0000000000004015       0x98 obj/default/timers.o
 .debug_info    0x00000000000040ad       0x80 obj/default/portable/GCC/NiosII/port_asm.o
 .debug_info    0x000000000000412d      0x234 /mnt/Storage/soft/nios2eds/bin/gnu/H-x86_64-pc-linux-gnu/bin/../lib/gcc/nios2-elf/4.9.1/mno-hw-mul/libgcc.a(lib2-divmod.o)
 .debug_info    0x0000000000004361       0xb4 /mnt/Storage/soft/nios2eds/bin/gnu/H-x86_64-pc-linux-gnu/bin/../lib/gcc/nios2-elf/4.9.1/mno-hw-mul/libgcc.a(lib2-mul.o)
 .debug_info    0x0000000000004415      0x106 /mnt/Storage/soft/nios2eds/bin/gnu/H-x86_64-pc-linux-gnu/bin/../lib/gcc/nios2-elf/4.9.1/../../../../../H-x86_64-pc-linux-gnu/nios2-elf/lib/mno-hw-mul/libsmallc.a(lib_a-memcpy.o)
 .debug_info    0x000000000000451b       0xd5 /mnt/Storage/soft/nios2eds/bin/gnu/H-x86_64-pc-linux-gnu/bin/../lib/gcc/nios2-elf/4.9.1/../../../../../H-x86_64-pc-linux-gnu/nios2-elf/lib/mno-hw-mul/libsmallc.a(lib_a-memset.o)
 .debug_info    0x00000000000045f0      0x1a5 ../master_bsp//libhal_bsp.a(alt_irq_handler.o)
 .debug_info    0x0000000000004795       0x88 ../master_bsp//libhal_bsp.a(alt_irq_vars.o)
 .debug_info    0x000000000000481d      0x1d2 ../master_bsp//libhal_bsp.a(alt_load.o)
 .debug_info    0x00000000000049ef      0x1a1 ../master_bsp//libhal_bsp.a(alt_main.o)
 .debug_info    0x0000000000004b90      0x153 ../master_bsp//libhal_bsp.a(alt_printf.o)
 .debug_info    0x0000000000004ce3      0x138 ../master_bsp//libhal_bsp.a(alt_putchar.o)
 .debug_info    0x0000000000004e1b      0x15d ../master_bsp//libhal_bsp.a(alt_putstr.o)
 .debug_info    0x0000000000004f78      0x306 ../master_bsp//libhal_bsp.a(alt_sys_init.o)
 .debug_info    0x000000000000527e      0x1a6 ../master_bsp//libhal_bsp.a(altera_avalon_jtag_uart_write.o)
 .debug_info    0x0000000000005424      0x5ef ../master_bsp//libhal_bsp.a(altera_avalon_mutex.o)
 .debug_info    0x0000000000005a13       0x8b ../master_bsp//libhal_bsp.a(alt_dcache_flush_all.o)
 .debug_info    0x0000000000005a9e      0x1a8 ../master_bsp//libhal_bsp.a(alt_dev_llist_insert.o)
 .debug_info    0x0000000000005c46       0x9f ../master_bsp//libhal_bsp.a(alt_errno.o)
 .debug_info    0x0000000000005ce5      0x356 ../master_bsp//libhal_bsp.a(alt_find_dev.o)
 .debug_info    0x000000000000603b       0x8b ../master_bsp//libhal_bsp.a(alt_icache_flush_all.o)
 .debug_info    0x00000000000060c6       0xb1 ../master_bsp//libhal_bsp.a(altera_nios2_qsys_irq.o)
 .debug_info    0x0000000000006177       0x83 /mnt/Storage/soft/nios2eds/bin/gnu/H-x86_64-pc-linux-gnu/bin/../lib/gcc/nios2-elf/4.9.1/../../../../../H-x86_64-pc-linux-gnu/nios2-elf/lib/mno-hw-mul/libsmallc.a(lib_a-int_errno.o)
 .debug_info    0x00000000000061fa       0xed /mnt/Storage/soft/nios2eds/bin/gnu/H-x86_64-pc-linux-gnu/bin/../lib/gcc/nios2-elf/4.9.1/../../../../../H-x86_64-pc-linux-gnu/nios2-elf/lib/mno-hw-mul/libsmallc.a(lib_a-memcmp.o)
 .debug_info    0x00000000000062e7       0xc2 /mnt/Storage/soft/nios2eds/bin/gnu/H-x86_64-pc-linux-gnu/bin/../lib/gcc/nios2-elf/4.9.1/../../../../../H-x86_64-pc-linux-gnu/nios2-elf/lib/mno-hw-mul/libsmallc.a(lib_a-strlen.o)

.debug_abbrev   0x0000000000000000     0x2166
 *(.debug_abbrev)
 .debug_abbrev  0x0000000000000000       0x12 ../master_bsp//obj/HAL/src/crt0.o
 .debug_abbrev  0x0000000000000012      0x160 obj/default/asym.o
 .debug_abbrev  0x0000000000000172       0x4b obj/default/croutine.o
 .debug_abbrev  0x00000000000001bd       0xe7 obj/default/list.o
 .debug_abbrev  0x00000000000002a4      0x197 obj/default/master.o
 .debug_abbrev  0x000000000000043b      0x278 obj/default/portable/GCC/NiosII/port.o
 .debug_abbrev  0x00000000000006b3      0x144 obj/default/portable/MemMang/heap_1.o
 .debug_abbrev  0x00000000000007f7      0x2c2 obj/default/queue.o
 .debug_abbrev  0x0000000000000ab9      0x418 obj/default/tasks.o
 .debug_abbrev  0x0000000000000ed1       0x4b obj/default/timers.o
 .debug_abbrev  0x0000000000000f1c       0x12 obj/default/portable/GCC/NiosII/port_asm.o
 .debug_abbrev  0x0000000000000f2e       0xd9 /mnt/Storage/soft/nios2eds/bin/gnu/H-x86_64-pc-linux-gnu/bin/../lib/gcc/nios2-elf/4.9.1/mno-hw-mul/libgcc.a(lib2-divmod.o)
 .debug_abbrev  0x0000000000001007       0x6f /mnt/Storage/soft/nios2eds/bin/gnu/H-x86_64-pc-linux-gnu/bin/../lib/gcc/nios2-elf/4.9.1/mno-hw-mul/libgcc.a(lib2-mul.o)
 .debug_abbrev  0x0000000000001076       0xa4 /mnt/Storage/soft/nios2eds/bin/gnu/H-x86_64-pc-linux-gnu/bin/../lib/gcc/nios2-elf/4.9.1/../../../../../H-x86_64-pc-linux-gnu/nios2-elf/lib/mno-hw-mul/libsmallc.a(lib_a-memcpy.o)
 .debug_abbrev  0x000000000000111a       0x8e /mnt/Storage/soft/nios2eds/bin/gnu/H-x86_64-pc-linux-gnu/bin/../lib/gcc/nios2-elf/4.9.1/../../../../../H-x86_64-pc-linux-gnu/nios2-elf/lib/mno-hw-mul/libsmallc.a(lib_a-memset.o)
 .debug_abbrev  0x00000000000011a8      0x13a ../master_bsp//libhal_bsp.a(alt_irq_handler.o)
 .debug_abbrev  0x00000000000012e2       0x40 ../master_bsp//libhal_bsp.a(alt_irq_vars.o)
 .debug_abbrev  0x0000000000001322       0xe1 ../master_bsp//libhal_bsp.a(alt_load.o)
 .debug_abbrev  0x0000000000001403      0x127 ../master_bsp//libhal_bsp.a(alt_main.o)
 .debug_abbrev  0x000000000000152a       0xde ../master_bsp//libhal_bsp.a(alt_printf.o)
 .debug_abbrev  0x0000000000001608       0xd4 ../master_bsp//libhal_bsp.a(alt_putchar.o)
 .debug_abbrev  0x00000000000016dc       0xe2 ../master_bsp//libhal_bsp.a(alt_putstr.o)
 .debug_abbrev  0x00000000000017be      0x1c5 ../master_bsp//libhal_bsp.a(alt_sys_init.o)
 .debug_abbrev  0x0000000000001983       0xd5 ../master_bsp//libhal_bsp.a(altera_avalon_jtag_uart_write.o)
 .debug_abbrev  0x0000000000001a58      0x24a ../master_bsp//libhal_bsp.a(altera_avalon_mutex.o)
 .debug_abbrev  0x0000000000001ca2       0x42 ../master_bsp//libhal_bsp.a(alt_dcache_flush_all.o)
 .debug_abbrev  0x0000000000001ce4      0x11c ../master_bsp//libhal_bsp.a(alt_dev_llist_insert.o)
 .debug_abbrev  0x0000000000001e00       0x5a ../master_bsp//libhal_bsp.a(alt_errno.o)
 .debug_abbrev  0x0000000000001e5a      0x12e ../master_bsp//libhal_bsp.a(alt_find_dev.o)
 .debug_abbrev  0x0000000000001f88       0x42 ../master_bsp//libhal_bsp.a(alt_icache_flush_all.o)
 .debug_abbrev  0x0000000000001fca       0x67 ../master_bsp//libhal_bsp.a(altera_nios2_qsys_irq.o)
 .debug_abbrev  0x0000000000002031       0x37 /mnt/Storage/soft/nios2eds/bin/gnu/H-x86_64-pc-linux-gnu/bin/../lib/gcc/nios2-elf/4.9.1/../../../../../H-x86_64-pc-linux-gnu/nios2-elf/lib/mno-hw-mul/libsmallc.a(lib_a-int_errno.o)
 .debug_abbrev  0x0000000000002068       0x7f /mnt/Storage/soft/nios2eds/bin/gnu/H-x86_64-pc-linux-gnu/bin/../lib/gcc/nios2-elf/4.9.1/../../../../../H-x86_64-pc-linux-gnu/nios2-elf/lib/mno-hw-mul/libsmallc.a(lib_a-memcmp.o)
 .debug_abbrev  0x00000000000020e7       0x7f /mnt/Storage/soft/nios2eds/bin/gnu/H-x86_64-pc-linux-gnu/bin/../lib/gcc/nios2-elf/4.9.1/../../../../../H-x86_64-pc-linux-gnu/nios2-elf/lib/mno-hw-mul/libsmallc.a(lib_a-strlen.o)

.debug_line     0x0000000000000000     0x29cc
 *(.debug_line)
 .debug_line    0x0000000000000000       0x66 ../master_bsp//obj/HAL/src/crt0.o
 .debug_line    0x0000000000000066      0x133 obj/default/asym.o
 .debug_line    0x0000000000000199       0x73 obj/default/croutine.o
 .debug_line    0x000000000000020c      0x155 obj/default/list.o
 .debug_line    0x0000000000000361      0x1f4 obj/default/master.o
 .debug_line    0x0000000000000555      0x1dd obj/default/portable/GCC/NiosII/port.o
 .debug_line    0x0000000000000732      0x1b7 obj/default/portable/MemMang/heap_1.o
 .debug_line    0x00000000000008e9      0x403 obj/default/queue.o
 .debug_line    0x0000000000000cec      0x7b3 obj/default/tasks.o
 .debug_line    0x000000000000149f       0x73 obj/default/timers.o
 .debug_line    0x0000000000001512       0xdf obj/default/portable/GCC/NiosII/port_asm.o
 .debug_line    0x00000000000015f1       0xc7 /mnt/Storage/soft/nios2eds/bin/gnu/H-x86_64-pc-linux-gnu/bin/../lib/gcc/nios2-elf/4.9.1/mno-hw-mul/libgcc.a(lib2-divmod.o)
 .debug_line    0x00000000000016b8       0x80 /mnt/Storage/soft/nios2eds/bin/gnu/H-x86_64-pc-linux-gnu/bin/../lib/gcc/nios2-elf/4.9.1/mno-hw-mul/libgcc.a(lib2-mul.o)
 .debug_line    0x0000000000001738      0x160 /mnt/Storage/soft/nios2eds/bin/gnu/H-x86_64-pc-linux-gnu/bin/../lib/gcc/nios2-elf/4.9.1/../../../../../H-x86_64-pc-linux-gnu/nios2-elf/lib/mno-hw-mul/libsmallc.a(lib_a-memcpy.o)
 .debug_line    0x0000000000001898      0x15f /mnt/Storage/soft/nios2eds/bin/gnu/H-x86_64-pc-linux-gnu/bin/../lib/gcc/nios2-elf/4.9.1/../../../../../H-x86_64-pc-linux-gnu/nios2-elf/lib/mno-hw-mul/libsmallc.a(lib_a-memset.o)
 .debug_line    0x00000000000019f7       0xc8 ../master_bsp//libhal_bsp.a(alt_irq_handler.o)
 .debug_line    0x0000000000001abf       0x50 ../master_bsp//libhal_bsp.a(alt_irq_vars.o)
 .debug_line    0x0000000000001b0f       0xa6 ../master_bsp//libhal_bsp.a(alt_load.o)
 .debug_line    0x0000000000001bb5       0xea ../master_bsp//libhal_bsp.a(alt_main.o)
 .debug_line    0x0000000000001c9f      0x110 ../master_bsp//libhal_bsp.a(alt_printf.o)
 .debug_line    0x0000000000001daf       0x4d ../master_bsp//libhal_bsp.a(alt_putchar.o)
 .debug_line    0x0000000000001dfc      0x105 ../master_bsp//libhal_bsp.a(alt_putstr.o)
 .debug_line    0x0000000000001f01      0x18a ../master_bsp//libhal_bsp.a(alt_sys_init.o)
 .debug_line    0x000000000000208b      0x104 ../master_bsp//libhal_bsp.a(altera_avalon_jtag_uart_write.o)
 .debug_line    0x000000000000218f      0x160 ../master_bsp//libhal_bsp.a(altera_avalon_mutex.o)
 .debug_line    0x00000000000022ef       0x4e ../master_bsp//libhal_bsp.a(alt_dcache_flush_all.o)
 .debug_line    0x000000000000233d       0xd8 ../master_bsp//libhal_bsp.a(alt_dev_llist_insert.o)
 .debug_line    0x0000000000002415       0x51 ../master_bsp//libhal_bsp.a(alt_errno.o)
 .debug_line    0x0000000000002466      0x16c ../master_bsp//libhal_bsp.a(alt_find_dev.o)
 .debug_line    0x00000000000025d2       0x4e ../master_bsp//libhal_bsp.a(alt_icache_flush_all.o)
 .debug_line    0x0000000000002620       0x8c ../master_bsp//libhal_bsp.a(altera_nios2_qsys_irq.o)
 .debug_line    0x00000000000026ac       0x60 /mnt/Storage/soft/nios2eds/bin/gnu/H-x86_64-pc-linux-gnu/bin/../lib/gcc/nios2-elf/4.9.1/../../../../../H-x86_64-pc-linux-gnu/nios2-elf/lib/mno-hw-mul/libsmallc.a(lib_a-int_errno.o)
 .debug_line    0x000000000000270c      0x162 /mnt/Storage/soft/nios2eds/bin/gnu/H-x86_64-pc-linux-gnu/bin/../lib/gcc/nios2-elf/4.9.1/../../../../../H-x86_64-pc-linux-gnu/nios2-elf/lib/mno-hw-mul/libsmallc.a(lib_a-memcmp.o)
 .debug_line    0x000000000000286e      0x15e /mnt/Storage/soft/nios2eds/bin/gnu/H-x86_64-pc-linux-gnu/bin/../lib/gcc/nios2-elf/4.9.1/../../../../../H-x86_64-pc-linux-gnu/nios2-elf/lib/mno-hw-mul/libsmallc.a(lib_a-strlen.o)

.debug_frame    0x0000000000000000      0xe94
 *(.debug_frame)
 .debug_frame   0x0000000000000000       0x5c obj/default/asym.o
 .debug_frame   0x000000000000005c       0x60 obj/default/list.o
 .debug_frame   0x00000000000000bc       0x4c obj/default/master.o
 .debug_frame   0x0000000000000108       0x80 obj/default/portable/GCC/NiosII/port.o
 .debug_frame   0x0000000000000188       0x64 obj/default/portable/MemMang/heap_1.o
 .debug_frame   0x00000000000001ec      0x2f0 obj/default/queue.o
 .debug_frame   0x00000000000004dc      0x594 obj/default/tasks.o
 .debug_frame   0x0000000000000a70       0x8c /mnt/Storage/soft/nios2eds/bin/gnu/H-x86_64-pc-linux-gnu/bin/../lib/gcc/nios2-elf/4.9.1/mno-hw-mul/libgcc.a(lib2-divmod.o)
 .debug_frame   0x0000000000000afc       0x20 /mnt/Storage/soft/nios2eds/bin/gnu/H-x86_64-pc-linux-gnu/bin/../lib/gcc/nios2-elf/4.9.1/mno-hw-mul/libgcc.a(lib2-mul.o)
 .debug_frame   0x0000000000000b1c       0x20 /mnt/Storage/soft/nios2eds/bin/gnu/H-x86_64-pc-linux-gnu/bin/../lib/gcc/nios2-elf/4.9.1/../../../../../H-x86_64-pc-linux-gnu/nios2-elf/lib/mno-hw-mul/libsmallc.a(lib_a-memcpy.o)
 .debug_frame   0x0000000000000b3c       0x20 /mnt/Storage/soft/nios2eds/bin/gnu/H-x86_64-pc-linux-gnu/bin/../lib/gcc/nios2-elf/4.9.1/../../../../../H-x86_64-pc-linux-gnu/nios2-elf/lib/mno-hw-mul/libsmallc.a(lib_a-memset.o)
 .debug_frame   0x0000000000000b5c       0x34 ../master_bsp//libhal_bsp.a(alt_irq_handler.o)
 .debug_frame   0x0000000000000b90       0x30 ../master_bsp//libhal_bsp.a(alt_load.o)
 .debug_frame   0x0000000000000bc0       0x2c ../master_bsp//libhal_bsp.a(alt_main.o)
 .debug_frame   0x0000000000000bec       0x54 ../master_bsp//libhal_bsp.a(alt_printf.o)
 .debug_frame   0x0000000000000c40       0x30 ../master_bsp//libhal_bsp.a(alt_putchar.o)
 .debug_frame   0x0000000000000c70       0x30 ../master_bsp//libhal_bsp.a(alt_putstr.o)
 .debug_frame   0x0000000000000ca0       0x3c ../master_bsp//libhal_bsp.a(alt_sys_init.o)
 .debug_frame   0x0000000000000cdc       0x20 ../master_bsp//libhal_bsp.a(altera_avalon_jtag_uart_write.o)
 .debug_frame   0x0000000000000cfc       0x90 ../master_bsp//libhal_bsp.a(altera_avalon_mutex.o)
 .debug_frame   0x0000000000000d8c       0x20 ../master_bsp//libhal_bsp.a(alt_dcache_flush_all.o)
 .debug_frame   0x0000000000000dac       0x2c ../master_bsp//libhal_bsp.a(alt_dev_llist_insert.o)
 .debug_frame   0x0000000000000dd8       0x3c ../master_bsp//libhal_bsp.a(alt_find_dev.o)
 .debug_frame   0x0000000000000e14       0x20 ../master_bsp//libhal_bsp.a(alt_icache_flush_all.o)
 .debug_frame   0x0000000000000e34       0x20 ../master_bsp//libhal_bsp.a(altera_nios2_qsys_irq.o)
 .debug_frame   0x0000000000000e54       0x20 /mnt/Storage/soft/nios2eds/bin/gnu/H-x86_64-pc-linux-gnu/bin/../lib/gcc/nios2-elf/4.9.1/../../../../../H-x86_64-pc-linux-gnu/nios2-elf/lib/mno-hw-mul/libsmallc.a(lib_a-memcmp.o)
 .debug_frame   0x0000000000000e74       0x20 /mnt/Storage/soft/nios2eds/bin/gnu/H-x86_64-pc-linux-gnu/bin/../lib/gcc/nios2-elf/4.9.1/../../../../../H-x86_64-pc-linux-gnu/nios2-elf/lib/mno-hw-mul/libsmallc.a(lib_a-strlen.o)

.debug_str      0x0000000000000000     0x1de2
 *(.debug_str)
 .debug_str     0x0000000000000000      0x20f obj/default/asym.o
                                        0x268 (size before relaxing)
 .debug_str     0x000000000000020f       0x34 obj/default/croutine.o
                                        0x13a (size before relaxing)
 .debug_str     0x0000000000000243      0x129 obj/default/list.o
                                        0x27e (size before relaxing)
 .debug_str     0x000000000000036c       0xd6 obj/default/master.o
                                        0x2cc (size before relaxing)
 .debug_str     0x0000000000000442      0x186 obj/default/portable/GCC/NiosII/port.o
                                        0x2ff (size before relaxing)
 .debug_str     0x00000000000005c8       0xbb obj/default/portable/MemMang/heap_1.o
                                        0x206 (size before relaxing)
 .debug_str     0x0000000000000683      0x4ec obj/default/queue.o
                                        0x780 (size before relaxing)
 .debug_str     0x0000000000000b6f      0x7d3 obj/default/tasks.o
                                        0xd60 (size before relaxing)
 .debug_str     0x0000000000001342        0x9 obj/default/timers.o
                                        0x138 (size before relaxing)
 .debug_str     0x000000000000134b      0x186 /mnt/Storage/soft/nios2eds/bin/gnu/H-x86_64-pc-linux-gnu/bin/../lib/gcc/nios2-elf/4.9.1/mno-hw-mul/libgcc.a(lib2-divmod.o)
                                        0x1d1 (size before relaxing)
 .debug_str     0x00000000000014d1       0x40 /mnt/Storage/soft/nios2eds/bin/gnu/H-x86_64-pc-linux-gnu/bin/../lib/gcc/nios2-elf/4.9.1/mno-hw-mul/libgcc.a(lib2-mul.o)
                                        0x192 (size before relaxing)
 .debug_str     0x0000000000001511      0x118 /mnt/Storage/soft/nios2eds/bin/gnu/H-x86_64-pc-linux-gnu/bin/../lib/gcc/nios2-elf/4.9.1/../../../../../H-x86_64-pc-linux-gnu/nios2-elf/lib/mno-hw-mul/libsmallc.a(lib_a-memcpy.o)
                                        0x1b8 (size before relaxing)
 .debug_str     0x0000000000001629       0x3e /mnt/Storage/soft/nios2eds/bin/gnu/H-x86_64-pc-linux-gnu/bin/../lib/gcc/nios2-elf/4.9.1/../../../../../H-x86_64-pc-linux-gnu/nios2-elf/lib/mno-hw-mul/libsmallc.a(lib_a-memset.o)
                                        0x1a4 (size before relaxing)
 .debug_str     0x0000000000001667       0x7a ../master_bsp//libhal_bsp.a(alt_irq_handler.o)
                                        0x1a1 (size before relaxing)
 .debug_str     0x00000000000016e1       0x17 ../master_bsp//libhal_bsp.a(alt_irq_vars.o)
                                        0x12f (size before relaxing)
 .debug_str     0x00000000000016f8      0x113 ../master_bsp//libhal_bsp.a(alt_load.o)
                                        0x225 (size before relaxing)
 .debug_str     0x000000000000180b       0x5e ../master_bsp//libhal_bsp.a(alt_main.o)
                                        0x1c7 (size before relaxing)
 .debug_str     0x0000000000001869       0x59 ../master_bsp//libhal_bsp.a(alt_printf.o)
                                         0xfb (size before relaxing)
 .debug_str     0x00000000000018c2       0x60 ../master_bsp//libhal_bsp.a(alt_putchar.o)
                                        0x176 (size before relaxing)
 .debug_str     0x0000000000001922       0x1c ../master_bsp//libhal_bsp.a(alt_putstr.o)
                                        0x182 (size before relaxing)
 .debug_str     0x000000000000193e      0x102 ../master_bsp//libhal_bsp.a(alt_sys_init.o)
                                        0x301 (size before relaxing)
 .debug_str     0x0000000000001a40       0x32 ../master_bsp//libhal_bsp.a(altera_avalon_jtag_uart_write.o)
                                        0x21f (size before relaxing)
 .debug_str     0x0000000000001a72      0x152 ../master_bsp//libhal_bsp.a(altera_avalon_mutex.o)
                                        0x324 (size before relaxing)
 .debug_str     0x0000000000001bc4       0x1f ../master_bsp//libhal_bsp.a(alt_dcache_flush_all.o)
                                        0x13e (size before relaxing)
 .debug_str     0x0000000000001be3       0x36 ../master_bsp//libhal_bsp.a(alt_dev_llist_insert.o)
                                        0x1b5 (size before relaxing)
 .debug_str     0x0000000000001c19       0x14 ../master_bsp//libhal_bsp.a(alt_errno.o)
                                        0x12e (size before relaxing)
 .debug_str     0x0000000000001c2d       0x25 ../master_bsp//libhal_bsp.a(alt_find_dev.o)
                                        0x1ea (size before relaxing)
 .debug_str     0x0000000000001c52       0x1f ../master_bsp//libhal_bsp.a(alt_icache_flush_all.o)
                                        0x13e (size before relaxing)
 .debug_str     0x0000000000001c71       0x20 ../master_bsp//libhal_bsp.a(altera_nios2_qsys_irq.o)
                                        0x16e (size before relaxing)
 .debug_str     0x0000000000001c91       0xd5 /mnt/Storage/soft/nios2eds/bin/gnu/H-x86_64-pc-linux-gnu/bin/../lib/gcc/nios2-elf/4.9.1/../../../../../H-x86_64-pc-linux-gnu/nios2-elf/lib/mno-hw-mul/libsmallc.a(lib_a-int_errno.o)
                                        0x19d (size before relaxing)
 .debug_str     0x0000000000001d66       0x3e /mnt/Storage/soft/nios2eds/bin/gnu/H-x86_64-pc-linux-gnu/bin/../lib/gcc/nios2-elf/4.9.1/../../../../../H-x86_64-pc-linux-gnu/nios2-elf/lib/mno-hw-mul/libsmallc.a(lib_a-memcmp.o)
                                        0x1a4 (size before relaxing)
 .debug_str     0x0000000000001da4       0x3e /mnt/Storage/soft/nios2eds/bin/gnu/H-x86_64-pc-linux-gnu/bin/../lib/gcc/nios2-elf/4.9.1/../../../../../H-x86_64-pc-linux-gnu/nios2-elf/lib/mno-hw-mul/libsmallc.a(lib_a-strlen.o)
                                        0x1aa (size before relaxing)

.debug_loc      0x0000000000000000     0x2e09
 *(.debug_loc)
 .debug_loc     0x0000000000000000       0x21 obj/default/asym.o
 .debug_loc     0x0000000000000021       0x73 obj/default/list.o
 .debug_loc     0x0000000000000094       0x70 obj/default/master.o
 .debug_loc     0x0000000000000104      0x24a obj/default/portable/GCC/NiosII/port.o
 .debug_loc     0x000000000000034e       0x78 obj/default/portable/MemMang/heap_1.o
 .debug_loc     0x00000000000003c6      0xb3c obj/default/queue.o
 .debug_loc     0x0000000000000f02     0x130d obj/default/tasks.o
 .debug_loc     0x000000000000220f      0x273 /mnt/Storage/soft/nios2eds/bin/gnu/H-x86_64-pc-linux-gnu/bin/../lib/gcc/nios2-elf/4.9.1/mno-hw-mul/libgcc.a(lib2-divmod.o)
 .debug_loc     0x0000000000002482       0x93 /mnt/Storage/soft/nios2eds/bin/gnu/H-x86_64-pc-linux-gnu/bin/../lib/gcc/nios2-elf/4.9.1/mno-hw-mul/libgcc.a(lib2-mul.o)
 .debug_loc     0x0000000000002515      0x11b /mnt/Storage/soft/nios2eds/bin/gnu/H-x86_64-pc-linux-gnu/bin/../lib/gcc/nios2-elf/4.9.1/../../../../../H-x86_64-pc-linux-gnu/nios2-elf/lib/mno-hw-mul/libsmallc.a(lib_a-memcpy.o)
 .debug_loc     0x0000000000002630       0xa5 /mnt/Storage/soft/nios2eds/bin/gnu/H-x86_64-pc-linux-gnu/bin/../lib/gcc/nios2-elf/4.9.1/../../../../../H-x86_64-pc-linux-gnu/nios2-elf/lib/mno-hw-mul/libsmallc.a(lib_a-memset.o)
 .debug_loc     0x00000000000026d5       0x98 ../master_bsp//libhal_bsp.a(alt_irq_handler.o)
 .debug_loc     0x000000000000276d       0x8d ../master_bsp//libhal_bsp.a(alt_load.o)
 .debug_loc     0x00000000000027fa      0x1c6 ../master_bsp//libhal_bsp.a(alt_printf.o)
 .debug_loc     0x00000000000029c0       0x2c ../master_bsp//libhal_bsp.a(alt_putchar.o)
 .debug_loc     0x00000000000029ec       0x37 ../master_bsp//libhal_bsp.a(alt_putstr.o)
 .debug_loc     0x0000000000002a23       0x21 ../master_bsp//libhal_bsp.a(alt_sys_init.o)
 .debug_loc     0x0000000000002a44       0x8b ../master_bsp//libhal_bsp.a(altera_avalon_jtag_uart_write.o)
 .debug_loc     0x0000000000002acf      0x1b2 ../master_bsp//libhal_bsp.a(altera_avalon_mutex.o)
 .debug_loc     0x0000000000002c81       0x58 ../master_bsp//libhal_bsp.a(alt_dev_llist_insert.o)
 .debug_loc     0x0000000000002cd9       0x7e ../master_bsp//libhal_bsp.a(alt_find_dev.o)
 .debug_loc     0x0000000000002d57       0x94 /mnt/Storage/soft/nios2eds/bin/gnu/H-x86_64-pc-linux-gnu/bin/../lib/gcc/nios2-elf/4.9.1/../../../../../H-x86_64-pc-linux-gnu/nios2-elf/lib/mno-hw-mul/libsmallc.a(lib_a-memcmp.o)
 .debug_loc     0x0000000000002deb       0x1e /mnt/Storage/soft/nios2eds/bin/gnu/H-x86_64-pc-linux-gnu/bin/../lib/gcc/nios2-elf/4.9.1/../../../../../H-x86_64-pc-linux-gnu/nios2-elf/lib/mno-hw-mul/libsmallc.a(lib_a-strlen.o)

.debug_macinfo
 *(.debug_macinfo)

.debug_weaknames
 *(.debug_weaknames)

.debug_funcnames
 *(.debug_funcnames)

.debug_typenames
 *(.debug_typenames)

.debug_varnames
 *(.debug_varnames)

.debug_alt_sim_info
                0x0000000000000000       0x10
 *(.debug_alt_sim_info)
 .debug_alt_sim_info
                0x0000000000000000       0x10 ../master_bsp//obj/HAL/src/crt0.o
                0x0000000000005650                __alt_data_end = 0x5650
                0x0000000000005650                PROVIDE (__alt_stack_pointer, __alt_data_end)
                0x0000000000005598                PROVIDE (__alt_stack_limit, __alt_stack_base)
                0x0000000000005598                PROVIDE (__alt_heap_start, end)
                0x0000000000005650                PROVIDE (__alt_heap_limit, 0x5650)
OUTPUT(master.elf elf32-littlenios2)

.debug_ranges   0x0000000000000000      0x1e0
 .debug_ranges  0x0000000000000000       0x20 ../master_bsp//obj/HAL/src/crt0.o
 .debug_ranges  0x0000000000000020       0x18 obj/default/master.o
 .debug_ranges  0x0000000000000038       0x20 obj/default/portable/GCC/NiosII/port.o
 .debug_ranges  0x0000000000000058       0xa8 obj/default/tasks.o
 .debug_ranges  0x0000000000000100       0x38 obj/default/portable/GCC/NiosII/port_asm.o
 .debug_ranges  0x0000000000000138       0x10 ../master_bsp//libhal_bsp.a(alt_irq_handler.o)
 .debug_ranges  0x0000000000000148       0x48 ../master_bsp//libhal_bsp.a(alt_load.o)
 .debug_ranges  0x0000000000000190       0x18 ../master_bsp//libhal_bsp.a(alt_printf.o)
 .debug_ranges  0x00000000000001a8       0x18 ../master_bsp//libhal_bsp.a(alt_sys_init.o)
 .debug_ranges  0x00000000000001c0       0x20 ../master_bsp//libhal_bsp.a(alt_dev_llist_insert.o)
