Archive member included to satisfy reference by file (symbol)

/mnt/Storage/soft/nios2eds/bin/gnu/H-x86_64-pc-linux-gnu/bin/../lib/gcc/nios2-elf/4.9.1/mno-hw-mul/libgcc.a(lib2-divmod.o)
                              obj/default/master.o (__modsi3)
/mnt/Storage/soft/nios2eds/bin/gnu/H-x86_64-pc-linux-gnu/bin/../lib/gcc/nios2-elf/4.9.1/mno-hw-mul/libgcc.a(lib2-mul.o)
                              obj/default/asym.o (__mulsi3)
/mnt/Storage/soft/nios2eds/bin/gnu/H-x86_64-pc-linux-gnu/bin/../lib/gcc/nios2-elf/4.9.1/../../../../../H-x86_64-pc-linux-gnu/nios2-elf/lib/mno-hw-mul/libsmallc.a(lib_a-memcpy.o)
                              obj/default/queue.o (memcpy)
/mnt/Storage/soft/nios2eds/bin/gnu/H-x86_64-pc-linux-gnu/bin/../lib/gcc/nios2-elf/4.9.1/../../../../../H-x86_64-pc-linux-gnu/nios2-elf/lib/mno-hw-mul/libsmallc.a(lib_a-memset.o)
                              obj/default/tasks.o (memset)
/mnt/Storage/soft/nios2eds/bin/gnu/H-x86_64-pc-linux-gnu/bin/../lib/gcc/nios2-elf/4.9.1/../../../../../H-x86_64-pc-linux-gnu/nios2-elf/lib/mno-hw-mul/libsmallc.a(lib_a-rand.o)
                              obj/default/master.o (rand)
/mnt/Storage/soft/nios2eds/bin/gnu/H-x86_64-pc-linux-gnu/bin/../lib/gcc/nios2-elf/4.9.1/mno-hw-mul/libgcc.a(_muldi3.o)
                              /mnt/Storage/soft/nios2eds/bin/gnu/H-x86_64-pc-linux-gnu/bin/../lib/gcc/nios2-elf/4.9.1/../../../../../H-x86_64-pc-linux-gnu/nios2-elf/lib/mno-hw-mul/libsmallc.a(lib_a-rand.o) (__muldi3)
../master_bsp//libhal_bsp.a(alt_irq_handler.o)
                              obj/default/portable/GCC/NiosII/port_asm.o (alt_irq_handler)
../master_bsp//libhal_bsp.a(alt_irq_vars.o)
                              obj/default/portable/GCC/NiosII/port.o (alt_irq_active)
../master_bsp//libhal_bsp.a(alt_load.o)
                              ../master_bsp//obj/HAL/src/crt0.o (alt_load)
../master_bsp//libhal_bsp.a(alt_main.o)
                              ../master_bsp//obj/HAL/src/crt0.o (alt_main)
../master_bsp//libhal_bsp.a(alt_printf.o)
                              obj/default/master.o (alt_printf)
../master_bsp//libhal_bsp.a(alt_putchar.o)
                              ../master_bsp//libhal_bsp.a(alt_printf.o) (alt_putchar)
../master_bsp//libhal_bsp.a(alt_putstr.o)
                              obj/default/master.o (alt_putstr)
../master_bsp//libhal_bsp.a(alt_sys_init.o)
                              ../master_bsp//libhal_bsp.a(alt_main.o) (alt_irq_init)
../master_bsp//libhal_bsp.a(altera_avalon_jtag_uart_write.o)
                              ../master_bsp//libhal_bsp.a(alt_putchar.o) (altera_avalon_jtag_uart_write)
../master_bsp//libhal_bsp.a(altera_avalon_mutex.o)
                              obj/default/asym.o (altera_avalon_mutex_open)
../master_bsp//libhal_bsp.a(alt_dcache_flush_all.o)
                              ../master_bsp//libhal_bsp.a(alt_load.o) (alt_dcache_flush_all)
../master_bsp//libhal_bsp.a(alt_dev_llist_insert.o)
                              ../master_bsp//libhal_bsp.a(alt_sys_init.o) (alt_dev_llist_insert)
../master_bsp//libhal_bsp.a(alt_errno.o)
                              ../master_bsp//libhal_bsp.a(altera_avalon_mutex.o) (alt_errno)
../master_bsp//libhal_bsp.a(alt_find_dev.o)
                              ../master_bsp//libhal_bsp.a(altera_avalon_mutex.o) (alt_find_dev)
../master_bsp//libhal_bsp.a(alt_icache_flush_all.o)
                              ../master_bsp//libhal_bsp.a(alt_load.o) (alt_icache_flush_all)
../master_bsp//libhal_bsp.a(altera_nios2_qsys_irq.o)
                              ../master_bsp//libhal_bsp.a(alt_sys_init.o) (altera_nios2_qsys_irq_init)
/mnt/Storage/soft/nios2eds/bin/gnu/H-x86_64-pc-linux-gnu/bin/../lib/gcc/nios2-elf/4.9.1/../../../../../H-x86_64-pc-linux-gnu/nios2-elf/lib/mno-hw-mul/libsmallc.a(lib_a-int_errno.o)
                              ../master_bsp//libhal_bsp.a(altera_avalon_mutex.o) (errno)
/mnt/Storage/soft/nios2eds/bin/gnu/H-x86_64-pc-linux-gnu/bin/../lib/gcc/nios2-elf/4.9.1/../../../../../H-x86_64-pc-linux-gnu/nios2-elf/lib/mno-hw-mul/libsmallc.a(lib_a-memcmp.o)
                              ../master_bsp//libhal_bsp.a(alt_find_dev.o) (memcmp)
/mnt/Storage/soft/nios2eds/bin/gnu/H-x86_64-pc-linux-gnu/bin/../lib/gcc/nios2-elf/4.9.1/../../../../../H-x86_64-pc-linux-gnu/nios2-elf/lib/mno-hw-mul/libsmallc.a(lib_a-strlen.o)
                              ../master_bsp//libhal_bsp.a(alt_putstr.o) (strlen)

Allocating common symbols
Common symbol       size              file

alt_irq             0x100             ../master_bsp//libhal_bsp.a(alt_irq_handler.o)
errno               0x4               /mnt/Storage/soft/nios2eds/bin/gnu/H-x86_64-pc-linux-gnu/bin/../lib/gcc/nios2-elf/4.9.1/../../../../../H-x86_64-pc-linux-gnu/nios2-elf/lib/mno-hw-mul/libsmallc.a(lib_a-int_errno.o)

Memory Configuration

Name             Origin             Length             Attributes
reset            0x0000000000000000 0x0000000000000020
onchip_memory2_0 0x0000000000000020 0x0000000000007570
memory_buff      0x0000000000008000 0x0000000000001fa0
*default*        0x0000000000000000 0xffffffffffffffff

Linker script and memory map

LOAD ../master_bsp//obj/HAL/src/crt0.o
LOAD obj/default/asym.o
LOAD obj/default/croutine.o
LOAD obj/default/list.o
LOAD obj/default/master.o
LOAD obj/default/portable/GCC/NiosII/port.o
LOAD obj/default/portable/MemMang/heap_1.o
LOAD obj/default/queue.o
LOAD obj/default/tasks.o
LOAD obj/default/timers.o
LOAD obj/default/portable/GCC/NiosII/port_asm.o
LOAD /mnt/Storage/soft/nios2eds/bin/gnu/H-x86_64-pc-linux-gnu/bin/../lib/gcc/nios2-elf/4.9.1/../../../../../H-x86_64-pc-linux-gnu/nios2-elf/lib/mno-hw-mul/libstdc++.a
LOAD /mnt/Storage/soft/nios2eds/bin/gnu/H-x86_64-pc-linux-gnu/bin/../lib/gcc/nios2-elf/4.9.1/../../../../../H-x86_64-pc-linux-gnu/nios2-elf/lib/mno-hw-mul/libm.a
LOAD /mnt/Storage/soft/nios2eds/bin/gnu/H-x86_64-pc-linux-gnu/bin/../lib/gcc/nios2-elf/4.9.1/mno-hw-mul/libgcc.a
START GROUP
LOAD /mnt/Storage/soft/nios2eds/bin/gnu/H-x86_64-pc-linux-gnu/bin/../lib/gcc/nios2-elf/4.9.1/../../../../../H-x86_64-pc-linux-gnu/nios2-elf/lib/mno-hw-mul/libsmallc.a
LOAD /mnt/Storage/soft/nios2eds/bin/gnu/H-x86_64-pc-linux-gnu/bin/../lib/gcc/nios2-elf/4.9.1/mno-hw-mul/libgcc.a
LOAD ../master_bsp//libhal_bsp.a
LOAD /mnt/Storage/soft/nios2eds/bin/gnu/H-x86_64-pc-linux-gnu/bin/../lib/gcc/nios2-elf/4.9.1/../../../../../H-x86_64-pc-linux-gnu/nios2-elf/lib/mno-hw-mul/libm.a
END GROUP
LOAD /mnt/Storage/soft/nios2eds/bin/gnu/H-x86_64-pc-linux-gnu/bin/../lib/gcc/nios2-elf/4.9.1/mno-hw-mul/libgcc.a
                0x0000000000000000                __alt_mem_onchip_memory2_0 = 0x0
                0x0000000000008000                __alt_mem_memory_buff = 0x8000

.entry          0x0000000000000000       0x20
 *(.entry)
 .entry         0x0000000000000000       0x20 ../master_bsp//obj/HAL/src/crt0.o
                0x0000000000000000                __reset
                0x000000000000000c                _exit

.exceptions     0x0000000000000020      0x1bc
                0x0000000000000020                PROVIDE (__ram_exceptions_start, ABSOLUTE (.))
                0x0000000000000020                . = ALIGN (0x20)
 *(.irq)
 *(.exceptions.entry.label)
 *(.exceptions.entry.user)
 *(.exceptions.entry.ecc_fatal)
 *(.exceptions.entry)
 .exceptions.entry
                0x0000000000000020       0x8c obj/default/portable/GCC/NiosII/port_asm.o
 *(.exceptions.irqtest.user)
 *(.exceptions.irqtest)
 .exceptions.irqtest
                0x00000000000000ac       0x14 obj/default/portable/GCC/NiosII/port_asm.o
 *(.exceptions.irqhandler.user)
 *(.exceptions.irqhandler)
 .exceptions.irqhandler
                0x00000000000000c0        0x4 obj/default/portable/GCC/NiosII/port_asm.o
 *(.exceptions.irqreturn.user)
 *(.exceptions.irqreturn)
 .exceptions.irqreturn
                0x00000000000000c4       0x8c obj/default/portable/GCC/NiosII/port_asm.o
                0x00000000000000c4                restore_sp_from_pxCurrentTCB
 *(.exceptions.notirq.label)
 *(.exceptions.notirq.user)
 *(.exceptions.notirq)
 *(.exceptions.soft.user)
 *(.exceptions.soft)
 .exceptions.soft
                0x0000000000000150       0x2c obj/default/portable/GCC/NiosII/port_asm.o
 *(.exceptions.unknown.user)
 *(.exceptions.unknown)
 *(.exceptions.exit.label)
 *(.exceptions.exit.user)
 *(.exceptions.exit)
 *(.exceptions)
 .exceptions    0x000000000000017c       0x60 ../master_bsp//libhal_bsp.a(alt_irq_handler.o)
                0x000000000000017c                alt_irq_handler
                0x00000000000001dc                PROVIDE (__ram_exceptions_end, ABSOLUTE (.))
                0x0000000000000020                PROVIDE (__flash_exceptions_start, LOADADDR (.exceptions))

.text           0x00000000000001dc     0x31d4
                0x00000000000001dc                PROVIDE (stext, ABSOLUTE (.))
 *(.interp)
 *(.hash)
 *(.dynsym)
 *(.dynstr)
 *(.gnu.version)
 *(.gnu.version_d)
 *(.gnu.version_r)
 *(.rel.init)
 *(.rela.init)
 *(.rel.text .rel.text.* .rel.gnu.linkonce.t.*)
 *(.rela.text .rela.text.* .rela.gnu.linkonce.t.*)
 *(.rel.fini)
 *(.rela.fini)
 *(.rel.rodata .rel.rodata.* .rel.gnu.linkonce.r.*)
 *(.rela.rodata .rela.rodata.* .rela.gnu.linkonce.r.*)
 *(.rel.data .rel.data.* .rel.gnu.linkonce.d.*)
 *(.rela.data .rela.data.* .rela.gnu.linkonce.d.*)
 *(.rel.tdata .rel.tdata.* .rel.gnu.linkonce.td.*)
 *(.rela.tdata .rela.tdata.* .rela.gnu.linkonce.td.*)
 *(.rel.tbss .rel.tbss.* .rel.gnu.linkonce.tb.*)
 *(.rela.tbss .rela.tbss.* .rela.gnu.linkonce.tb.*)
 *(.rel.ctors)
 *(.rela.ctors)
 *(.rel.dtors)
 *(.rela.dtors)
 *(.rel.got)
 *(.rela.got)
 *(.rel.sdata .rel.sdata.* .rel.gnu.linkonce.s.*)
 *(.rela.sdata .rela.sdata.* .rela.gnu.linkonce.s.*)
 *(.rel.sbss .rel.sbss.* .rel.gnu.linkonce.sb.*)
 *(.rela.sbss .rela.sbss.* .rela.gnu.linkonce.sb.*)
 *(.rel.sdata2 .rel.sdata2.* .rel.gnu.linkonce.s2.*)
 *(.rela.sdata2 .rela.sdata2.* .rela.gnu.linkonce.s2.*)
 *(.rel.sbss2 .rel.sbss2.* .rel.gnu.linkonce.sb2.*)
 *(.rela.sbss2 .rela.sbss2.* .rela.gnu.linkonce.sb2.*)
 *(.rel.bss .rel.bss.* .rel.gnu.linkonce.b.*)
 *(.rela.bss .rela.bss.* .rela.gnu.linkonce.b.*)
 *(.rel.plt)
 *(.rela.plt)
 *(.rel.dyn)
 *(.init)
 *(.plt)
 *(.text .stub .text.* .gnu.linkonce.t.*)
 .text          0x00000000000001dc       0x3c ../master_bsp//obj/HAL/src/crt0.o
                0x00000000000001dc                _start
 .text          0x0000000000000218      0x38c obj/default/asym.o
                0x0000000000000218                xAsymMutexInit
                0x0000000000000258                xAsymReqQueuInit
                0x00000000000002f0                xAsymSendReq
                0x0000000000000464                vAsymUpdateFinishedReq
                0x00000000000004e4                vAsymSemaphorePolling
                0x00000000000004fc                xAsymGetReq
                0x0000000000000568                xAsymReqQueueNotEmpty
 .text          0x00000000000005a4        0x0 obj/default/croutine.o
 .text          0x00000000000005a4       0xe4 obj/default/list.o
                0x00000000000005a4                vListInitialise
                0x00000000000005c4                vListInitialiseItem
                0x00000000000005cc                vListInsertEnd
                0x00000000000005fc                vListInsert
                0x0000000000000650                uxListRemove
 .text          0x0000000000000688       0xc0 obj/default/master.o
                0x0000000000000688                masterTask
                0x000000000000072c                readyTask
 .text.startup  0x0000000000000748       0xb4 obj/default/master.o
                0x0000000000000748                main
 .text          0x00000000000007fc      0x184 obj/default/portable/GCC/NiosII/port.o
                0x00000000000007fc                vPortSysTickHandler
                0x0000000000000828                pxPortInitialiseStack
                0x0000000000000868                vPortEndScheduler
                0x000000000000086c                alt_irq_register
                0x0000000000000904                xPortStartScheduler
 .text          0x0000000000000980       0xa8 obj/default/portable/MemMang/heap_1.o
                0x0000000000000980                pvPortMalloc
                0x0000000000000a0c                vPortFree
                0x0000000000000a10                vPortInitialiseBlocks
                0x0000000000000a18                xPortGetFreeHeapSize
 .text          0x0000000000000a28      0xa48 obj/default/queue.o
                0x0000000000000be4                xQueueGenericReset
                0x0000000000000c9c                xQueueGenericCreate
                0x0000000000000d28                xQueueCreateCountingSemaphore
                0x0000000000000d5c                xQueueGenericSend
                0x0000000000000ed8                xQueueCreateMutex
                0x0000000000000f58                xQueueGiveMutexRecursive
                0x0000000000000fb8                xQueueGenericSendFromISR
                0x0000000000001048                xQueueGiveFromISR
                0x00000000000010d8                xQueueGenericReceive
                0x0000000000001280                xQueueTakeMutexRecursive
                0x0000000000001304                xQueueReceiveFromISR
                0x0000000000001390                xQueuePeekFromISR
                0x00000000000013d8                uxQueueMessagesWaiting
                0x0000000000001408                uxQueueSpacesAvailable
                0x0000000000001448                uxQueueMessagesWaitingFromISR
                0x0000000000001450                vQueueDelete
                0x0000000000001454                xQueueIsQueueEmptyFromISR
                0x0000000000001460                xQueueIsQueueFullFromISR
 .text          0x0000000000001470     0x166c obj/default/tasks.o
                0x0000000000001524                uxTaskPriorityGetFromISR
                0x0000000000001534                xTaskResumeFromISR
                0x00000000000015dc                vTaskEndScheduler
                0x00000000000015f4                vTaskSuspendAll
                0x0000000000001604                xTaskGetTickCount
                0x000000000000160c                xTaskGetTickCountFromISR
                0x0000000000001614                uxTaskGetNumberOfTasks
                0x000000000000161c                xTaskIncrementTick
                0x0000000000001778                vTaskSwitchContext
                0x0000000000001840                vTaskPlaceOnEventList
                0x00000000000018a8                vTaskPlaceOnUnorderedEventList
                0x000000000000191c                xTaskRemoveFromEventList
                0x00000000000019c0                xTaskRemoveFromUnorderedEventList
                0x0000000000001a4c                vTaskSetTimeOutState
                0x0000000000001a60                vTaskMissedYield
                0x0000000000001a6c                uxTaskGetStackHighWaterMark
                0x0000000000001aa0                xTaskGetCurrentTaskHandle
                0x0000000000001aa8                vTaskPriorityInherit
                0x0000000000001b84                xTaskPriorityDisinherit
                0x0000000000001c20                vTaskEnterCritical
                0x0000000000001c50                vTaskExitCritical
                0x0000000000001c8c                xTaskGenericCreate
                0x0000000000001f08                vTaskStartScheduler
                0x0000000000001f7c                vTaskDelete
                0x000000000000202c                uxTaskPriorityGet
                0x0000000000002064                vTaskPrioritySet
                0x0000000000002168                vTaskSuspend
                0x0000000000002244                vTaskResume
                0x00000000000022dc                xTaskResumeAll
                0x0000000000002400                vTaskDelayUntil
                0x0000000000002488                vTaskDelay
                0x000000000000255c                xTaskCheckForTimeOut
                0x00000000000025dc                uxTaskResetEventItemValue
                0x0000000000002600                pvTaskIncrementMutexHeldCount
                0x0000000000002620                ulTaskNotifyTake
                0x00000000000026e8                xTaskNotifyWait
                0x00000000000027f4                xTaskGenericNotify
                0x0000000000002904                xTaskGenericNotifyFromISR
                0x0000000000002a1c                vTaskNotifyGiveFromISR
 .text          0x0000000000002adc        0x0 obj/default/timers.o
 .text          0x0000000000002adc        0x0 obj/default/portable/GCC/NiosII/port_asm.o
 .text          0x0000000000002adc      0x12c /mnt/Storage/soft/nios2eds/bin/gnu/H-x86_64-pc-linux-gnu/bin/../lib/gcc/nios2-elf/4.9.1/mno-hw-mul/libgcc.a(lib2-divmod.o)
                0x0000000000002b48                __divsi3
                0x0000000000002b9c                __modsi3
                0x0000000000002bf8                __udivsi3
                0x0000000000002c00                __umodsi3
 .text          0x0000000000002c08       0x28 /mnt/Storage/soft/nios2eds/bin/gnu/H-x86_64-pc-linux-gnu/bin/../lib/gcc/nios2-elf/4.9.1/mno-hw-mul/libgcc.a(lib2-mul.o)
                0x0000000000002c08                __mulsi3
 .text          0x0000000000002c30       0x28 /mnt/Storage/soft/nios2eds/bin/gnu/H-x86_64-pc-linux-gnu/bin/../lib/gcc/nios2-elf/4.9.1/../../../../../H-x86_64-pc-linux-gnu/nios2-elf/lib/mno-hw-mul/libsmallc.a(lib_a-memcpy.o)
                0x0000000000002c30                memcpy
 .text          0x0000000000002c58       0x20 /mnt/Storage/soft/nios2eds/bin/gnu/H-x86_64-pc-linux-gnu/bin/../lib/gcc/nios2-elf/4.9.1/../../../../../H-x86_64-pc-linux-gnu/nios2-elf/lib/mno-hw-mul/libsmallc.a(lib_a-memset.o)
                0x0000000000002c58                memset
 .text          0x0000000000002c78       0x6c /mnt/Storage/soft/nios2eds/bin/gnu/H-x86_64-pc-linux-gnu/bin/../lib/gcc/nios2-elf/4.9.1/../../../../../H-x86_64-pc-linux-gnu/nios2-elf/lib/mno-hw-mul/libsmallc.a(lib_a-rand.o)
                0x0000000000002c78                srand
                0x0000000000002c88                rand
 .text          0x0000000000002ce4      0x10c /mnt/Storage/soft/nios2eds/bin/gnu/H-x86_64-pc-linux-gnu/bin/../lib/gcc/nios2-elf/4.9.1/mno-hw-mul/libgcc.a(_muldi3.o)
                0x0000000000002ce4                __muldi3
 .text          0x0000000000002df0        0x0 ../master_bsp//libhal_bsp.a(alt_irq_handler.o)
 .text          0x0000000000002df0        0x0 ../master_bsp//libhal_bsp.a(alt_irq_vars.o)
 .text          0x0000000000002df0       0xf8 ../master_bsp//libhal_bsp.a(alt_load.o)
                0x0000000000002df0                alt_load
 .text          0x0000000000002ee8       0x2c ../master_bsp//libhal_bsp.a(alt_main.o)
                0x0000000000002ee8                alt_main
 .text          0x0000000000002f14      0x16c ../master_bsp//libhal_bsp.a(alt_printf.o)
                0x0000000000002f14                alt_printf
 .text          0x0000000000003080       0x48 ../master_bsp//libhal_bsp.a(alt_putchar.o)
                0x0000000000003080                alt_putchar
 .text          0x00000000000030c8       0x38 ../master_bsp//libhal_bsp.a(alt_putstr.o)
                0x00000000000030c8                alt_putstr
 .text          0x0000000000003100       0x34 ../master_bsp//libhal_bsp.a(alt_sys_init.o)
                0x0000000000003100                alt_irq_init
                0x0000000000003120                alt_sys_init
 .text          0x0000000000003134       0x34 ../master_bsp//libhal_bsp.a(altera_avalon_jtag_uart_write.o)
                0x0000000000003134                altera_avalon_jtag_uart_write
 .text          0x0000000000003168      0x100 ../master_bsp//libhal_bsp.a(altera_avalon_mutex.o)
                0x0000000000003168                altera_avalon_mutex_open
                0x00000000000031c0                altera_avalon_mutex_close
                0x00000000000031c4                altera_avalon_mutex_lock
                0x00000000000031e8                altera_avalon_mutex_trylock
                0x0000000000003210                altera_avalon_mutex_unlock
                0x0000000000003230                altera_avalon_mutex_is_mine
                0x0000000000003258                altera_avalon_mutex_first_lock
 .text          0x0000000000003268        0x4 ../master_bsp//libhal_bsp.a(alt_dcache_flush_all.o)
                0x0000000000003268                alt_dcache_flush_all
 .text          0x000000000000326c       0x78 ../master_bsp//libhal_bsp.a(alt_dev_llist_insert.o)
                0x000000000000326c                alt_dev_llist_insert
 .text          0x00000000000032e4        0x0 ../master_bsp//libhal_bsp.a(alt_errno.o)
 .text          0x00000000000032e4       0x74 ../master_bsp//libhal_bsp.a(alt_find_dev.o)
                0x00000000000032e4                alt_find_dev
 .text          0x0000000000003358        0x4 ../master_bsp//libhal_bsp.a(alt_icache_flush_all.o)
                0x0000000000003358                alt_icache_flush_all
 .text          0x000000000000335c        0x8 ../master_bsp//libhal_bsp.a(altera_nios2_qsys_irq.o)
                0x000000000000335c                altera_nios2_qsys_irq_init
 .text          0x0000000000003364        0x0 /mnt/Storage/soft/nios2eds/bin/gnu/H-x86_64-pc-linux-gnu/bin/../lib/gcc/nios2-elf/4.9.1/../../../../../H-x86_64-pc-linux-gnu/nios2-elf/lib/mno-hw-mul/libsmallc.a(lib_a-int_errno.o)
 .text          0x0000000000003364       0x30 /mnt/Storage/soft/nios2eds/bin/gnu/H-x86_64-pc-linux-gnu/bin/../lib/gcc/nios2-elf/4.9.1/../../../../../H-x86_64-pc-linux-gnu/nios2-elf/lib/mno-hw-mul/libsmallc.a(lib_a-memcmp.o)
                0x0000000000003364                memcmp
 .text          0x0000000000003394       0x1c /mnt/Storage/soft/nios2eds/bin/gnu/H-x86_64-pc-linux-gnu/bin/../lib/gcc/nios2-elf/4.9.1/../../../../../H-x86_64-pc-linux-gnu/nios2-elf/lib/mno-hw-mul/libsmallc.a(lib_a-strlen.o)
                0x0000000000003394                strlen
 *(.gnu.warning.*)
 *(.fini)
                0x00000000000033b0                PROVIDE (__etext, ABSOLUTE (.))
                0x00000000000033b0                PROVIDE (_etext, ABSOLUTE (.))
                0x00000000000033b0                PROVIDE (etext, ABSOLUTE (.))
 *(.eh_frame_hdr)
                0x00000000000033b0                . = ALIGN (0x4)
                0x00000000000033b0                PROVIDE (__preinit_array_start, ABSOLUTE (.))
 *(.preinit_array)
                0x00000000000033b0                PROVIDE (__preinit_array_end, ABSOLUTE (.))
                0x00000000000033b0                PROVIDE (__init_array_start, ABSOLUTE (.))
 *(.init_array)
                0x00000000000033b0                PROVIDE (__init_array_end, ABSOLUTE (.))
                0x00000000000033b0                PROVIDE (__fini_array_start, ABSOLUTE (.))
 *(.fini_array)
                0x00000000000033b0                PROVIDE (__fini_array_end, ABSOLUTE (.))
 *(.eh_frame)
 *(.gcc_except_table .gcc_except_table.*)
 *(.dynamic)
                0x00000000000033b0                PROVIDE (__CTOR_LIST__, ABSOLUTE (.))
 *(.ctors)
 *(SORT(.ctors.*))
                0x00000000000033b0                PROVIDE (__CTOR_END__, ABSOLUTE (.))
                0x00000000000033b0                PROVIDE (__DTOR_LIST__, ABSOLUTE (.))
 *(.dtors)
 *(SORT(.dtors.*))
                0x00000000000033b0                PROVIDE (__DTOR_END__, ABSOLUTE (.))
 *(.jcr)
                0x00000000000033b0                . = ALIGN (0x4)

.rodata         0x00000000000033b0       0xa4
                0x00000000000033b0                PROVIDE (__ram_rodata_start, ABSOLUTE (.))
                0x00000000000033b0                . = ALIGN (0x4)
 *(.rodata .rodata.* .gnu.linkonce.r.*)
 .rodata.str1.4
                0x00000000000033b0       0x18 obj/default/asym.o
 .rodata.str1.4
                0x00000000000033c8       0x83 obj/default/master.o
                                         0x84 (size before relaxing)
 *fill*         0x000000000000344b        0x1 
 .rodata.str1.4
                0x000000000000344c        0x8 obj/default/tasks.o
 .rodata.str1.4
                0x0000000000000000       0x10 ../master_bsp//libhal_bsp.a(alt_sys_init.o)
 *(.rodata1)
                0x0000000000003454                . = ALIGN (0x4)
                0x0000000000003454                PROVIDE (__ram_rodata_end, ABSOLUTE (.))
                0x00000000000033b0                PROVIDE (__flash_rodata_start, LOADADDR (.rodata))

.rwdata         0x0000000000003454       0x24 load address 0x0000000000003478
                0x0000000000003454                PROVIDE (__ram_rwdata_start, ABSOLUTE (.))
                0x0000000000003454                . = ALIGN (0x4)
 *(.got.plt)
 *(.got)
 *(.data1)
 *(.data .data.* .gnu.linkonce.d.*)
 .data          0x0000000000003454        0x0 ../master_bsp//obj/HAL/src/crt0.o
 .data          0x0000000000003454        0x0 obj/default/asym.o
 .data          0x0000000000003454        0x0 obj/default/croutine.o
 .data          0x0000000000003454        0x0 obj/default/list.o
 .data          0x0000000000003454        0x0 obj/default/master.o
 .data          0x0000000000003454        0x0 obj/default/portable/GCC/NiosII/port.o
 .data          0x0000000000003454        0x0 obj/default/portable/MemMang/heap_1.o
 .data          0x0000000000003454        0x0 obj/default/queue.o
 .data          0x0000000000003454        0x0 obj/default/tasks.o
 .data          0x0000000000003454        0x0 obj/default/timers.o
 .data          0x0000000000003454        0x0 obj/default/portable/GCC/NiosII/port_asm.o
 .data          0x0000000000003454        0x0 /mnt/Storage/soft/nios2eds/bin/gnu/H-x86_64-pc-linux-gnu/bin/../lib/gcc/nios2-elf/4.9.1/mno-hw-mul/libgcc.a(lib2-divmod.o)
 .data          0x0000000000003454        0x0 /mnt/Storage/soft/nios2eds/bin/gnu/H-x86_64-pc-linux-gnu/bin/../lib/gcc/nios2-elf/4.9.1/mno-hw-mul/libgcc.a(lib2-mul.o)
 .data          0x0000000000003454        0x0 /mnt/Storage/soft/nios2eds/bin/gnu/H-x86_64-pc-linux-gnu/bin/../lib/gcc/nios2-elf/4.9.1/../../../../../H-x86_64-pc-linux-gnu/nios2-elf/lib/mno-hw-mul/libsmallc.a(lib_a-memcpy.o)
 .data          0x0000000000003454        0x0 /mnt/Storage/soft/nios2eds/bin/gnu/H-x86_64-pc-linux-gnu/bin/../lib/gcc/nios2-elf/4.9.1/../../../../../H-x86_64-pc-linux-gnu/nios2-elf/lib/mno-hw-mul/libsmallc.a(lib_a-memset.o)
 .data          0x0000000000003454        0x0 /mnt/Storage/soft/nios2eds/bin/gnu/H-x86_64-pc-linux-gnu/bin/../lib/gcc/nios2-elf/4.9.1/../../../../../H-x86_64-pc-linux-gnu/nios2-elf/lib/mno-hw-mul/libsmallc.a(lib_a-rand.o)
 .data          0x0000000000003454        0x0 /mnt/Storage/soft/nios2eds/bin/gnu/H-x86_64-pc-linux-gnu/bin/../lib/gcc/nios2-elf/4.9.1/mno-hw-mul/libgcc.a(_muldi3.o)
 .data          0x0000000000003454        0x0 ../master_bsp//libhal_bsp.a(alt_irq_handler.o)
 .data          0x0000000000003454        0x0 ../master_bsp//libhal_bsp.a(alt_irq_vars.o)
 .data          0x0000000000003454        0x0 ../master_bsp//libhal_bsp.a(alt_load.o)
 .data          0x0000000000003454        0x0 ../master_bsp//libhal_bsp.a(alt_main.o)
 .data          0x0000000000003454        0x0 ../master_bsp//libhal_bsp.a(alt_printf.o)
 .data          0x0000000000003454        0x0 ../master_bsp//libhal_bsp.a(alt_putchar.o)
 .data          0x0000000000003454        0x0 ../master_bsp//libhal_bsp.a(alt_putstr.o)
 .data          0x0000000000003454       0x10 ../master_bsp//libhal_bsp.a(alt_sys_init.o)
 .data          0x0000000000003464        0x0 ../master_bsp//libhal_bsp.a(altera_avalon_jtag_uart_write.o)
 .data          0x0000000000003464        0x0 ../master_bsp//libhal_bsp.a(altera_avalon_mutex.o)
 .data          0x0000000000003464        0x0 ../master_bsp//libhal_bsp.a(alt_dcache_flush_all.o)
 .data          0x0000000000003464        0x0 ../master_bsp//libhal_bsp.a(alt_dev_llist_insert.o)
 .data          0x0000000000003464        0x0 ../master_bsp//libhal_bsp.a(alt_errno.o)
 .data          0x0000000000003464        0x0 ../master_bsp//libhal_bsp.a(alt_find_dev.o)
 .data          0x0000000000003464        0x0 ../master_bsp//libhal_bsp.a(alt_icache_flush_all.o)
 .data          0x0000000000003464        0x0 ../master_bsp//libhal_bsp.a(altera_nios2_qsys_irq.o)
 .data          0x0000000000003464        0x0 /mnt/Storage/soft/nios2eds/bin/gnu/H-x86_64-pc-linux-gnu/bin/../lib/gcc/nios2-elf/4.9.1/../../../../../H-x86_64-pc-linux-gnu/nios2-elf/lib/mno-hw-mul/libsmallc.a(lib_a-int_errno.o)
 .data          0x0000000000003464        0x0 /mnt/Storage/soft/nios2eds/bin/gnu/H-x86_64-pc-linux-gnu/bin/../lib/gcc/nios2-elf/4.9.1/../../../../../H-x86_64-pc-linux-gnu/nios2-elf/lib/mno-hw-mul/libsmallc.a(lib_a-memcmp.o)
 .data          0x0000000000003464        0x0 /mnt/Storage/soft/nios2eds/bin/gnu/H-x86_64-pc-linux-gnu/bin/../lib/gcc/nios2-elf/4.9.1/../../../../../H-x86_64-pc-linux-gnu/nios2-elf/lib/mno-hw-mul/libsmallc.a(lib_a-strlen.o)
                0x000000000000b464                _gp = ABSOLUTE ((. + 0x8000))
                0x000000000000b464                PROVIDE (gp, _gp)
 *(.rwdata .rwdata.*)
 *(.sdata .sdata.* .gnu.linkonce.s.*)
 .sdata         0x0000000000003464        0x4 ../master_bsp//libhal_bsp.a(alt_irq_vars.o)
                0x0000000000003464                alt_priority_mask
 .sdata         0x0000000000003468        0x4 ../master_bsp//libhal_bsp.a(alt_sys_init.o)
                0x0000000000003468                jtag_uart_0
 .sdata         0x000000000000346c        0x8 ../master_bsp//libhal_bsp.a(altera_avalon_mutex.o)
                0x000000000000346c                alt_mutex_list
 .sdata         0x0000000000003474        0x4 ../master_bsp//libhal_bsp.a(alt_errno.o)
                0x0000000000003474                alt_errno
 *(.sdata2 .sdata2.* .gnu.linkonce.s2.*)
                0x0000000000003478                . = ALIGN (0x4)
                0x0000000000003478                _edata = ABSOLUTE (.)
                0x0000000000003478                PROVIDE (edata, ABSOLUTE (.))
                0x0000000000003478                PROVIDE (__ram_rwdata_end, ABSOLUTE (.))
                0x0000000000003478                PROVIDE (__flash_rwdata_start, LOADADDR (.rwdata))

.bss            0x000000000000349c     0x3cd8
                0x000000000000349c                __bss_start = ABSOLUTE (.)
                0x000000000000349c                PROVIDE (__sbss_start, ABSOLUTE (.))
                0x000000000000349c                PROVIDE (___sbss_start, ABSOLUTE (.))
 *(.dynsbss)
 *(.sbss .sbss.* .gnu.linkonce.sb.*)
 .sbss          0x000000000000349c        0x4 obj/default/asym.o
 .sbss          0x00000000000034a0        0x8 obj/default/portable/MemMang/heap_1.o
 .sbss          0x00000000000034a8       0x38 obj/default/tasks.o
                0x00000000000034dc                pxCurrentTCB
 .sbss          0x00000000000034e0        0x8 /mnt/Storage/soft/nios2eds/bin/gnu/H-x86_64-pc-linux-gnu/bin/../lib/gcc/nios2-elf/4.9.1/../../../../../H-x86_64-pc-linux-gnu/nios2-elf/lib/mno-hw-mul/libsmallc.a(lib_a-rand.o)
 .sbss          0x00000000000034e8        0x4 ../master_bsp//libhal_bsp.a(alt_irq_vars.o)
                0x00000000000034e8                alt_irq_active
 .sbss          0x00000000000034ec        0xc ../master_bsp//libhal_bsp.a(alt_main.o)
                0x00000000000034ec                alt_envp
                0x00000000000034f0                alt_argv
                0x00000000000034f4                alt_argc
 .sbss          0x00000000000034f8        0x4 /mnt/Storage/soft/nios2eds/bin/gnu/H-x86_64-pc-linux-gnu/bin/../lib/gcc/nios2-elf/4.9.1/../../../../../H-x86_64-pc-linux-gnu/nios2-elf/lib/mno-hw-mul/libsmallc.a(lib_a-int_errno.o)
                0x00000000000034f8                errno
 *(.sbss2 .sbss2.* .gnu.linkonce.sb2.*)
 *(.scommon)
                0x00000000000034fc                PROVIDE (__sbss_end, ABSOLUTE (.))
                0x00000000000034fc                PROVIDE (___sbss_end, ABSOLUTE (.))
 *(.dynbss)
 *(.bss .bss.* .gnu.linkonce.b.*)
 .bss           0x00000000000034fc        0x0 ../master_bsp//obj/HAL/src/crt0.o
 .bss           0x00000000000034fc        0x0 obj/default/asym.o
 .bss           0x00000000000034fc        0x0 obj/default/croutine.o
 .bss           0x00000000000034fc        0x0 obj/default/list.o
 .bss           0x00000000000034fc        0x0 obj/default/master.o
 .bss           0x00000000000034fc        0x0 obj/default/portable/GCC/NiosII/port.o
 .bss           0x00000000000034fc     0x3ab0 obj/default/portable/MemMang/heap_1.o
 .bss           0x0000000000006fac        0x0 obj/default/queue.o
 .bss           0x0000000000006fac       0xc8 obj/default/tasks.o
 .bss           0x0000000000007074        0x0 obj/default/timers.o
 .bss           0x0000000000007074        0x0 obj/default/portable/GCC/NiosII/port_asm.o
 .bss           0x0000000000007074        0x0 /mnt/Storage/soft/nios2eds/bin/gnu/H-x86_64-pc-linux-gnu/bin/../lib/gcc/nios2-elf/4.9.1/mno-hw-mul/libgcc.a(lib2-divmod.o)
 .bss           0x0000000000007074        0x0 /mnt/Storage/soft/nios2eds/bin/gnu/H-x86_64-pc-linux-gnu/bin/../lib/gcc/nios2-elf/4.9.1/mno-hw-mul/libgcc.a(lib2-mul.o)
 .bss           0x0000000000007074        0x0 /mnt/Storage/soft/nios2eds/bin/gnu/H-x86_64-pc-linux-gnu/bin/../lib/gcc/nios2-elf/4.9.1/../../../../../H-x86_64-pc-linux-gnu/nios2-elf/lib/mno-hw-mul/libsmallc.a(lib_a-memcpy.o)
 .bss           0x0000000000007074        0x0 /mnt/Storage/soft/nios2eds/bin/gnu/H-x86_64-pc-linux-gnu/bin/../lib/gcc/nios2-elf/4.9.1/../../../../../H-x86_64-pc-linux-gnu/nios2-elf/lib/mno-hw-mul/libsmallc.a(lib_a-memset.o)
 .bss           0x0000000000007074        0x0 /mnt/Storage/soft/nios2eds/bin/gnu/H-x86_64-pc-linux-gnu/bin/../lib/gcc/nios2-elf/4.9.1/../../../../../H-x86_64-pc-linux-gnu/nios2-elf/lib/mno-hw-mul/libsmallc.a(lib_a-rand.o)
 .bss           0x0000000000007074        0x0 /mnt/Storage/soft/nios2eds/bin/gnu/H-x86_64-pc-linux-gnu/bin/../lib/gcc/nios2-elf/4.9.1/mno-hw-mul/libgcc.a(_muldi3.o)
 .bss           0x0000000000007074        0x0 ../master_bsp//libhal_bsp.a(alt_irq_handler.o)
 .bss           0x0000000000007074        0x0 ../master_bsp//libhal_bsp.a(alt_irq_vars.o)
 .bss           0x0000000000007074        0x0 ../master_bsp//libhal_bsp.a(alt_load.o)
 .bss           0x0000000000007074        0x0 ../master_bsp//libhal_bsp.a(alt_main.o)
 .bss           0x0000000000007074        0x0 ../master_bsp//libhal_bsp.a(alt_printf.o)
 .bss           0x0000000000007074        0x0 ../master_bsp//libhal_bsp.a(alt_putchar.o)
 .bss           0x0000000000007074        0x0 ../master_bsp//libhal_bsp.a(alt_putstr.o)
 .bss           0x0000000000007074        0x0 ../master_bsp//libhal_bsp.a(alt_sys_init.o)
 .bss           0x0000000000007074        0x0 ../master_bsp//libhal_bsp.a(altera_avalon_jtag_uart_write.o)
 .bss           0x0000000000007074        0x0 ../master_bsp//libhal_bsp.a(altera_avalon_mutex.o)
 .bss           0x0000000000007074        0x0 ../master_bsp//libhal_bsp.a(alt_dcache_flush_all.o)
 .bss           0x0000000000007074        0x0 ../master_bsp//libhal_bsp.a(alt_dev_llist_insert.o)
 .bss           0x0000000000007074        0x0 ../master_bsp//libhal_bsp.a(alt_errno.o)
 .bss           0x0000000000007074        0x0 ../master_bsp//libhal_bsp.a(alt_find_dev.o)
 .bss           0x0000000000007074        0x0 ../master_bsp//libhal_bsp.a(alt_icache_flush_all.o)
 .bss           0x0000000000007074        0x0 ../master_bsp//libhal_bsp.a(altera_nios2_qsys_irq.o)
 .bss           0x0000000000007074        0x0 /mnt/Storage/soft/nios2eds/bin/gnu/H-x86_64-pc-linux-gnu/bin/../lib/gcc/nios2-elf/4.9.1/../../../../../H-x86_64-pc-linux-gnu/nios2-elf/lib/mno-hw-mul/libsmallc.a(lib_a-int_errno.o)
 .bss           0x0000000000007074        0x0 /mnt/Storage/soft/nios2eds/bin/gnu/H-x86_64-pc-linux-gnu/bin/../lib/gcc/nios2-elf/4.9.1/../../../../../H-x86_64-pc-linux-gnu/nios2-elf/lib/mno-hw-mul/libsmallc.a(lib_a-memcmp.o)
 .bss           0x0000000000007074        0x0 /mnt/Storage/soft/nios2eds/bin/gnu/H-x86_64-pc-linux-gnu/bin/../lib/gcc/nios2-elf/4.9.1/../../../../../H-x86_64-pc-linux-gnu/nios2-elf/lib/mno-hw-mul/libsmallc.a(lib_a-strlen.o)
 *(COMMON)
 COMMON         0x0000000000007074      0x100 ../master_bsp//libhal_bsp.a(alt_irq_handler.o)
                0x0000000000007074                alt_irq
                0x0000000000007174                . = ALIGN (0x4)
                0x0000000000007174                __bss_end = ABSOLUTE (.)

.onchip_memory2_0
                0x0000000000007174        0x0
                0x0000000000007174                PROVIDE (_alt_partition_onchip_memory2_0_start, ABSOLUTE (.))
 *(.onchip_memory2_0 .onchip_memory2_0. onchip_memory2_0.*)
                0x0000000000007174                . = ALIGN (0x4)
                0x0000000000007174                PROVIDE (_alt_partition_onchip_memory2_0_end, ABSOLUTE (.))
                0x0000000000007174                _end = ABSOLUTE (.)
                0x0000000000007174                end = ABSOLUTE (.)
                0x0000000000007174                __alt_stack_base = ABSOLUTE (.)
                0x0000000000007174                PROVIDE (_alt_partition_onchip_memory2_0_load_addr, LOADADDR (.onchip_memory2_0))

.memory_buff    0x0000000000008000        0x0 load address 0x0000000000007174
                0x0000000000008000                PROVIDE (_alt_partition_memory_buff_start, ABSOLUTE (.))
 *(.memory_buff .memory_buff. memory_buff.*)
                0x0000000000008000                . = ALIGN (0x4)
                0x0000000000008000                PROVIDE (_alt_partition_memory_buff_end, ABSOLUTE (.))
                0x0000000000007174                PROVIDE (_alt_partition_memory_buff_load_addr, LOADADDR (.memory_buff))

.stab
 *(.stab)

.stabstr
 *(.stabstr)

.stab.excl
 *(.stab.excl)

.stab.exclstr
 *(.stab.exclstr)

.stab.index
 *(.stab.index)

.stab.indexstr
 *(.stab.indexstr)

.comment        0x0000000000000000       0x23
 *(.comment)
 .comment       0x0000000000000000       0x23 obj/default/asym.o
                                         0x24 (size before relaxing)
 .comment       0x0000000000000000       0x24 obj/default/croutine.o
 .comment       0x0000000000000000       0x24 obj/default/list.o
 .comment       0x0000000000000000       0x24 obj/default/master.o
 .comment       0x0000000000000000       0x24 obj/default/portable/GCC/NiosII/port.o
 .comment       0x0000000000000000       0x24 obj/default/portable/MemMang/heap_1.o
 .comment       0x0000000000000000       0x24 obj/default/queue.o
 .comment       0x0000000000000000       0x24 obj/default/tasks.o
 .comment       0x0000000000000000       0x24 obj/default/timers.o
 .comment       0x0000000000000000       0x24 /mnt/Storage/soft/nios2eds/bin/gnu/H-x86_64-pc-linux-gnu/bin/../lib/gcc/nios2-elf/4.9.1/mno-hw-mul/libgcc.a(lib2-divmod.o)
 .comment       0x0000000000000000       0x24 /mnt/Storage/soft/nios2eds/bin/gnu/H-x86_64-pc-linux-gnu/bin/../lib/gcc/nios2-elf/4.9.1/mno-hw-mul/libgcc.a(lib2-mul.o)
 .comment       0x0000000000000000       0x24 /mnt/Storage/soft/nios2eds/bin/gnu/H-x86_64-pc-linux-gnu/bin/../lib/gcc/nios2-elf/4.9.1/../../../../../H-x86_64-pc-linux-gnu/nios2-elf/lib/mno-hw-mul/libsmallc.a(lib_a-memcpy.o)
 .comment       0x0000000000000000       0x24 /mnt/Storage/soft/nios2eds/bin/gnu/H-x86_64-pc-linux-gnu/bin/../lib/gcc/nios2-elf/4.9.1/../../../../../H-x86_64-pc-linux-gnu/nios2-elf/lib/mno-hw-mul/libsmallc.a(lib_a-memset.o)
 .comment       0x0000000000000000       0x24 /mnt/Storage/soft/nios2eds/bin/gnu/H-x86_64-pc-linux-gnu/bin/../lib/gcc/nios2-elf/4.9.1/../../../../../H-x86_64-pc-linux-gnu/nios2-elf/lib/mno-hw-mul/libsmallc.a(lib_a-rand.o)
 .comment       0x0000000000000000       0x24 /mnt/Storage/soft/nios2eds/bin/gnu/H-x86_64-pc-linux-gnu/bin/../lib/gcc/nios2-elf/4.9.1/mno-hw-mul/libgcc.a(_muldi3.o)
 .comment       0x0000000000000000       0x24 ../master_bsp//libhal_bsp.a(alt_irq_handler.o)
 .comment       0x0000000000000000       0x24 ../master_bsp//libhal_bsp.a(alt_irq_vars.o)
 .comment       0x0000000000000000       0x24 ../master_bsp//libhal_bsp.a(alt_load.o)
 .comment       0x0000000000000000       0x24 ../master_bsp//libhal_bsp.a(alt_main.o)
 .comment       0x0000000000000000       0x24 ../master_bsp//libhal_bsp.a(alt_printf.o)
 .comment       0x0000000000000000       0x24 ../master_bsp//libhal_bsp.a(alt_putchar.o)
 .comment       0x0000000000000000       0x24 ../master_bsp//libhal_bsp.a(alt_putstr.o)
 .comment       0x0000000000000000       0x24 ../master_bsp//libhal_bsp.a(alt_sys_init.o)
 .comment       0x0000000000000000       0x24 ../master_bsp//libhal_bsp.a(altera_avalon_jtag_uart_write.o)
 .comment       0x0000000000000000       0x24 ../master_bsp//libhal_bsp.a(altera_avalon_mutex.o)
 .comment       0x0000000000000000       0x24 ../master_bsp//libhal_bsp.a(alt_dcache_flush_all.o)
 .comment       0x0000000000000000       0x24 ../master_bsp//libhal_bsp.a(alt_dev_llist_insert.o)
 .comment       0x0000000000000000       0x24 ../master_bsp//libhal_bsp.a(alt_errno.o)
 .comment       0x0000000000000000       0x24 ../master_bsp//libhal_bsp.a(alt_find_dev.o)
 .comment       0x0000000000000000       0x24 ../master_bsp//libhal_bsp.a(alt_icache_flush_all.o)
 .comment       0x0000000000000000       0x24 ../master_bsp//libhal_bsp.a(altera_nios2_qsys_irq.o)
 .comment       0x0000000000000000       0x24 /mnt/Storage/soft/nios2eds/bin/gnu/H-x86_64-pc-linux-gnu/bin/../lib/gcc/nios2-elf/4.9.1/../../../../../H-x86_64-pc-linux-gnu/nios2-elf/lib/mno-hw-mul/libsmallc.a(lib_a-int_errno.o)
 .comment       0x0000000000000000       0x24 /mnt/Storage/soft/nios2eds/bin/gnu/H-x86_64-pc-linux-gnu/bin/../lib/gcc/nios2-elf/4.9.1/../../../../../H-x86_64-pc-linux-gnu/nios2-elf/lib/mno-hw-mul/libsmallc.a(lib_a-memcmp.o)
 .comment       0x0000000000000000       0x24 /mnt/Storage/soft/nios2eds/bin/gnu/H-x86_64-pc-linux-gnu/bin/../lib/gcc/nios2-elf/4.9.1/../../../../../H-x86_64-pc-linux-gnu/nios2-elf/lib/mno-hw-mul/libsmallc.a(lib_a-strlen.o)

.debug
 *(.debug)

.line
 *(.line)

.debug_srcinfo
 *(.debug_srcinfo)

.debug_sfnames
 *(.debug_sfnames)

.debug_aranges  0x0000000000000000      0x488
 *(.debug_aranges)
 .debug_aranges
                0x0000000000000000       0x28 ../master_bsp//obj/HAL/src/crt0.o
 .debug_aranges
                0x0000000000000028       0x20 obj/default/asym.o
 .debug_aranges
                0x0000000000000048       0x18 obj/default/croutine.o
 .debug_aranges
                0x0000000000000060       0x20 obj/default/list.o
 .debug_aranges
                0x0000000000000080       0x28 obj/default/master.o
 .debug_aranges
                0x00000000000000a8       0x20 obj/default/portable/GCC/NiosII/port.o
 .debug_aranges
                0x00000000000000c8       0x20 obj/default/portable/MemMang/heap_1.o
 .debug_aranges
                0x00000000000000e8       0x20 obj/default/queue.o
 .debug_aranges
                0x0000000000000108       0x20 obj/default/tasks.o
 .debug_aranges
                0x0000000000000128       0x18 obj/default/timers.o
 .debug_aranges
                0x0000000000000140       0x40 obj/default/portable/GCC/NiosII/port_asm.o
 .debug_aranges
                0x0000000000000180       0x20 /mnt/Storage/soft/nios2eds/bin/gnu/H-x86_64-pc-linux-gnu/bin/../lib/gcc/nios2-elf/4.9.1/mno-hw-mul/libgcc.a(lib2-divmod.o)
 .debug_aranges
                0x00000000000001a0       0x20 /mnt/Storage/soft/nios2eds/bin/gnu/H-x86_64-pc-linux-gnu/bin/../lib/gcc/nios2-elf/4.9.1/mno-hw-mul/libgcc.a(lib2-mul.o)
 .debug_aranges
                0x00000000000001c0       0x20 /mnt/Storage/soft/nios2eds/bin/gnu/H-x86_64-pc-linux-gnu/bin/../lib/gcc/nios2-elf/4.9.1/../../../../../H-x86_64-pc-linux-gnu/nios2-elf/lib/mno-hw-mul/libsmallc.a(lib_a-memcpy.o)
 .debug_aranges
                0x00000000000001e0       0x20 /mnt/Storage/soft/nios2eds/bin/gnu/H-x86_64-pc-linux-gnu/bin/../lib/gcc/nios2-elf/4.9.1/../../../../../H-x86_64-pc-linux-gnu/nios2-elf/lib/mno-hw-mul/libsmallc.a(lib_a-memset.o)
 .debug_aranges
                0x0000000000000200       0x20 /mnt/Storage/soft/nios2eds/bin/gnu/H-x86_64-pc-linux-gnu/bin/../lib/gcc/nios2-elf/4.9.1/../../../../../H-x86_64-pc-linux-gnu/nios2-elf/lib/mno-hw-mul/libsmallc.a(lib_a-rand.o)
 .debug_aranges
                0x0000000000000220       0x20 /mnt/Storage/soft/nios2eds/bin/gnu/H-x86_64-pc-linux-gnu/bin/../lib/gcc/nios2-elf/4.9.1/mno-hw-mul/libgcc.a(_muldi3.o)
 .debug_aranges
                0x0000000000000240       0x20 ../master_bsp//libhal_bsp.a(alt_irq_handler.o)
 .debug_aranges
                0x0000000000000260       0x18 ../master_bsp//libhal_bsp.a(alt_irq_vars.o)
 .debug_aranges
                0x0000000000000278       0x20 ../master_bsp//libhal_bsp.a(alt_load.o)
 .debug_aranges
                0x0000000000000298       0x20 ../master_bsp//libhal_bsp.a(alt_main.o)
 .debug_aranges
                0x00000000000002b8       0x20 ../master_bsp//libhal_bsp.a(alt_printf.o)
 .debug_aranges
                0x00000000000002d8       0x20 ../master_bsp//libhal_bsp.a(alt_putchar.o)
 .debug_aranges
                0x00000000000002f8       0x20 ../master_bsp//libhal_bsp.a(alt_putstr.o)
 .debug_aranges
                0x0000000000000318       0x20 ../master_bsp//libhal_bsp.a(alt_sys_init.o)
 .debug_aranges
                0x0000000000000338       0x20 ../master_bsp//libhal_bsp.a(altera_avalon_jtag_uart_write.o)
 .debug_aranges
                0x0000000000000358       0x20 ../master_bsp//libhal_bsp.a(altera_avalon_mutex.o)
 .debug_aranges
                0x0000000000000378       0x20 ../master_bsp//libhal_bsp.a(alt_dcache_flush_all.o)
 .debug_aranges
                0x0000000000000398       0x20 ../master_bsp//libhal_bsp.a(alt_dev_llist_insert.o)
 .debug_aranges
                0x00000000000003b8       0x18 ../master_bsp//libhal_bsp.a(alt_errno.o)
 .debug_aranges
                0x00000000000003d0       0x20 ../master_bsp//libhal_bsp.a(alt_find_dev.o)
 .debug_aranges
                0x00000000000003f0       0x20 ../master_bsp//libhal_bsp.a(alt_icache_flush_all.o)
 .debug_aranges
                0x0000000000000410       0x20 ../master_bsp//libhal_bsp.a(altera_nios2_qsys_irq.o)
 .debug_aranges
                0x0000000000000430       0x18 /mnt/Storage/soft/nios2eds/bin/gnu/H-x86_64-pc-linux-gnu/bin/../lib/gcc/nios2-elf/4.9.1/../../../../../H-x86_64-pc-linux-gnu/nios2-elf/lib/mno-hw-mul/libsmallc.a(lib_a-int_errno.o)
 .debug_aranges
                0x0000000000000448       0x20 /mnt/Storage/soft/nios2eds/bin/gnu/H-x86_64-pc-linux-gnu/bin/../lib/gcc/nios2-elf/4.9.1/../../../../../H-x86_64-pc-linux-gnu/nios2-elf/lib/mno-hw-mul/libsmallc.a(lib_a-memcmp.o)
 .debug_aranges
                0x0000000000000468       0x20 /mnt/Storage/soft/nios2eds/bin/gnu/H-x86_64-pc-linux-gnu/bin/../lib/gcc/nios2-elf/4.9.1/../../../../../H-x86_64-pc-linux-gnu/nios2-elf/lib/mno-hw-mul/libsmallc.a(lib_a-strlen.o)

.debug_pubnames
 *(.debug_pubnames)

.debug_info     0x0000000000000000     0x6bbe
 *(.debug_info .gnu.linkonce.wi.*)
 .debug_info    0x0000000000000000       0x74 ../master_bsp//obj/HAL/src/crt0.o
 .debug_info    0x0000000000000074      0x798 obj/default/asym.o
 .debug_info    0x000000000000080c       0x98 obj/default/croutine.o
 .debug_info    0x00000000000008a4      0x2b7 obj/default/list.o
 .debug_info    0x0000000000000b5b      0x4f9 obj/default/master.o
 .debug_info    0x0000000000001054      0x4ee obj/default/portable/GCC/NiosII/port.o
 .debug_info    0x0000000000001542      0x1be obj/default/portable/MemMang/heap_1.o
 .debug_info    0x0000000000001700     0x1123 obj/default/queue.o
 .debug_info    0x0000000000002823     0x1d62 obj/default/tasks.o
 .debug_info    0x0000000000004585       0x98 obj/default/timers.o
 .debug_info    0x000000000000461d       0x80 obj/default/portable/GCC/NiosII/port_asm.o
 .debug_info    0x000000000000469d      0x234 /mnt/Storage/soft/nios2eds/bin/gnu/H-x86_64-pc-linux-gnu/bin/../lib/gcc/nios2-elf/4.9.1/mno-hw-mul/libgcc.a(lib2-divmod.o)
 .debug_info    0x00000000000048d1       0xb4 /mnt/Storage/soft/nios2eds/bin/gnu/H-x86_64-pc-linux-gnu/bin/../lib/gcc/nios2-elf/4.9.1/mno-hw-mul/libgcc.a(lib2-mul.o)
 .debug_info    0x0000000000004985      0x106 /mnt/Storage/soft/nios2eds/bin/gnu/H-x86_64-pc-linux-gnu/bin/../lib/gcc/nios2-elf/4.9.1/../../../../../H-x86_64-pc-linux-gnu/nios2-elf/lib/mno-hw-mul/libsmallc.a(lib_a-memcpy.o)
 .debug_info    0x0000000000004a8b       0xd5 /mnt/Storage/soft/nios2eds/bin/gnu/H-x86_64-pc-linux-gnu/bin/../lib/gcc/nios2-elf/4.9.1/../../../../../H-x86_64-pc-linux-gnu/nios2-elf/lib/mno-hw-mul/libsmallc.a(lib_a-memset.o)
 .debug_info    0x0000000000004b60       0xc3 /mnt/Storage/soft/nios2eds/bin/gnu/H-x86_64-pc-linux-gnu/bin/../lib/gcc/nios2-elf/4.9.1/../../../../../H-x86_64-pc-linux-gnu/nios2-elf/lib/mno-hw-mul/libsmallc.a(lib_a-rand.o)
 .debug_info    0x0000000000004c23      0x1e2 /mnt/Storage/soft/nios2eds/bin/gnu/H-x86_64-pc-linux-gnu/bin/../lib/gcc/nios2-elf/4.9.1/mno-hw-mul/libgcc.a(_muldi3.o)
 .debug_info    0x0000000000004e05      0x1a5 ../master_bsp//libhal_bsp.a(alt_irq_handler.o)
 .debug_info    0x0000000000004faa       0x88 ../master_bsp//libhal_bsp.a(alt_irq_vars.o)
 .debug_info    0x0000000000005032      0x1d2 ../master_bsp//libhal_bsp.a(alt_load.o)
 .debug_info    0x0000000000005204      0x1a1 ../master_bsp//libhal_bsp.a(alt_main.o)
 .debug_info    0x00000000000053a5      0x153 ../master_bsp//libhal_bsp.a(alt_printf.o)
 .debug_info    0x00000000000054f8      0x138 ../master_bsp//libhal_bsp.a(alt_putchar.o)
 .debug_info    0x0000000000005630      0x15d ../master_bsp//libhal_bsp.a(alt_putstr.o)
 .debug_info    0x000000000000578d      0x306 ../master_bsp//libhal_bsp.a(alt_sys_init.o)
 .debug_info    0x0000000000005a93      0x1a6 ../master_bsp//libhal_bsp.a(altera_avalon_jtag_uart_write.o)
 .debug_info    0x0000000000005c39      0x5ef ../master_bsp//libhal_bsp.a(altera_avalon_mutex.o)
 .debug_info    0x0000000000006228       0x8b ../master_bsp//libhal_bsp.a(alt_dcache_flush_all.o)
 .debug_info    0x00000000000062b3      0x1a8 ../master_bsp//libhal_bsp.a(alt_dev_llist_insert.o)
 .debug_info    0x000000000000645b       0x9f ../master_bsp//libhal_bsp.a(alt_errno.o)
 .debug_info    0x00000000000064fa      0x356 ../master_bsp//libhal_bsp.a(alt_find_dev.o)
 .debug_info    0x0000000000006850       0x8b ../master_bsp//libhal_bsp.a(alt_icache_flush_all.o)
 .debug_info    0x00000000000068db       0xb1 ../master_bsp//libhal_bsp.a(altera_nios2_qsys_irq.o)
 .debug_info    0x000000000000698c       0x83 /mnt/Storage/soft/nios2eds/bin/gnu/H-x86_64-pc-linux-gnu/bin/../lib/gcc/nios2-elf/4.9.1/../../../../../H-x86_64-pc-linux-gnu/nios2-elf/lib/mno-hw-mul/libsmallc.a(lib_a-int_errno.o)
 .debug_info    0x0000000000006a0f       0xed /mnt/Storage/soft/nios2eds/bin/gnu/H-x86_64-pc-linux-gnu/bin/../lib/gcc/nios2-elf/4.9.1/../../../../../H-x86_64-pc-linux-gnu/nios2-elf/lib/mno-hw-mul/libsmallc.a(lib_a-memcmp.o)
 .debug_info    0x0000000000006afc       0xc2 /mnt/Storage/soft/nios2eds/bin/gnu/H-x86_64-pc-linux-gnu/bin/../lib/gcc/nios2-elf/4.9.1/../../../../../H-x86_64-pc-linux-gnu/nios2-elf/lib/mno-hw-mul/libsmallc.a(lib_a-strlen.o)

.debug_abbrev   0x0000000000000000     0x23c6
 *(.debug_abbrev)
 .debug_abbrev  0x0000000000000000       0x12 ../master_bsp//obj/HAL/src/crt0.o
 .debug_abbrev  0x0000000000000012      0x208 obj/default/asym.o
 .debug_abbrev  0x000000000000021a       0x4b obj/default/croutine.o
 .debug_abbrev  0x0000000000000265       0xe7 obj/default/list.o
 .debug_abbrev  0x000000000000034c      0x1f3 obj/default/master.o
 .debug_abbrev  0x000000000000053f      0x278 obj/default/portable/GCC/NiosII/port.o
 .debug_abbrev  0x00000000000007b7      0x144 obj/default/portable/MemMang/heap_1.o
 .debug_abbrev  0x00000000000008fb      0x2c2 obj/default/queue.o
 .debug_abbrev  0x0000000000000bbd      0x418 obj/default/tasks.o
 .debug_abbrev  0x0000000000000fd5       0x4b obj/default/timers.o
 .debug_abbrev  0x0000000000001020       0x12 obj/default/portable/GCC/NiosII/port_asm.o
 .debug_abbrev  0x0000000000001032       0xd9 /mnt/Storage/soft/nios2eds/bin/gnu/H-x86_64-pc-linux-gnu/bin/../lib/gcc/nios2-elf/4.9.1/mno-hw-mul/libgcc.a(lib2-divmod.o)
 .debug_abbrev  0x000000000000110b       0x6f /mnt/Storage/soft/nios2eds/bin/gnu/H-x86_64-pc-linux-gnu/bin/../lib/gcc/nios2-elf/4.9.1/mno-hw-mul/libgcc.a(lib2-mul.o)
 .debug_abbrev  0x000000000000117a       0xa4 /mnt/Storage/soft/nios2eds/bin/gnu/H-x86_64-pc-linux-gnu/bin/../lib/gcc/nios2-elf/4.9.1/../../../../../H-x86_64-pc-linux-gnu/nios2-elf/lib/mno-hw-mul/libsmallc.a(lib_a-memcpy.o)
 .debug_abbrev  0x000000000000121e       0x8e /mnt/Storage/soft/nios2eds/bin/gnu/H-x86_64-pc-linux-gnu/bin/../lib/gcc/nios2-elf/4.9.1/../../../../../H-x86_64-pc-linux-gnu/nios2-elf/lib/mno-hw-mul/libsmallc.a(lib_a-memset.o)
 .debug_abbrev  0x00000000000012ac       0x7c /mnt/Storage/soft/nios2eds/bin/gnu/H-x86_64-pc-linux-gnu/bin/../lib/gcc/nios2-elf/4.9.1/../../../../../H-x86_64-pc-linux-gnu/nios2-elf/lib/mno-hw-mul/libsmallc.a(lib_a-rand.o)
 .debug_abbrev  0x0000000000001328       0xe0 /mnt/Storage/soft/nios2eds/bin/gnu/H-x86_64-pc-linux-gnu/bin/../lib/gcc/nios2-elf/4.9.1/mno-hw-mul/libgcc.a(_muldi3.o)
 .debug_abbrev  0x0000000000001408      0x13a ../master_bsp//libhal_bsp.a(alt_irq_handler.o)
 .debug_abbrev  0x0000000000001542       0x40 ../master_bsp//libhal_bsp.a(alt_irq_vars.o)
 .debug_abbrev  0x0000000000001582       0xe1 ../master_bsp//libhal_bsp.a(alt_load.o)
 .debug_abbrev  0x0000000000001663      0x127 ../master_bsp//libhal_bsp.a(alt_main.o)
 .debug_abbrev  0x000000000000178a       0xde ../master_bsp//libhal_bsp.a(alt_printf.o)
 .debug_abbrev  0x0000000000001868       0xd4 ../master_bsp//libhal_bsp.a(alt_putchar.o)
 .debug_abbrev  0x000000000000193c       0xe2 ../master_bsp//libhal_bsp.a(alt_putstr.o)
 .debug_abbrev  0x0000000000001a1e      0x1c5 ../master_bsp//libhal_bsp.a(alt_sys_init.o)
 .debug_abbrev  0x0000000000001be3       0xd5 ../master_bsp//libhal_bsp.a(altera_avalon_jtag_uart_write.o)
 .debug_abbrev  0x0000000000001cb8      0x24a ../master_bsp//libhal_bsp.a(altera_avalon_mutex.o)
 .debug_abbrev  0x0000000000001f02       0x42 ../master_bsp//libhal_bsp.a(alt_dcache_flush_all.o)
 .debug_abbrev  0x0000000000001f44      0x11c ../master_bsp//libhal_bsp.a(alt_dev_llist_insert.o)
 .debug_abbrev  0x0000000000002060       0x5a ../master_bsp//libhal_bsp.a(alt_errno.o)
 .debug_abbrev  0x00000000000020ba      0x12e ../master_bsp//libhal_bsp.a(alt_find_dev.o)
 .debug_abbrev  0x00000000000021e8       0x42 ../master_bsp//libhal_bsp.a(alt_icache_flush_all.o)
 .debug_abbrev  0x000000000000222a       0x67 ../master_bsp//libhal_bsp.a(altera_nios2_qsys_irq.o)
 .debug_abbrev  0x0000000000002291       0x37 /mnt/Storage/soft/nios2eds/bin/gnu/H-x86_64-pc-linux-gnu/bin/../lib/gcc/nios2-elf/4.9.1/../../../../../H-x86_64-pc-linux-gnu/nios2-elf/lib/mno-hw-mul/libsmallc.a(lib_a-int_errno.o)
 .debug_abbrev  0x00000000000022c8       0x7f /mnt/Storage/soft/nios2eds/bin/gnu/H-x86_64-pc-linux-gnu/bin/../lib/gcc/nios2-elf/4.9.1/../../../../../H-x86_64-pc-linux-gnu/nios2-elf/lib/mno-hw-mul/libsmallc.a(lib_a-memcmp.o)
 .debug_abbrev  0x0000000000002347       0x7f /mnt/Storage/soft/nios2eds/bin/gnu/H-x86_64-pc-linux-gnu/bin/../lib/gcc/nios2-elf/4.9.1/../../../../../H-x86_64-pc-linux-gnu/nios2-elf/lib/mno-hw-mul/libsmallc.a(lib_a-strlen.o)

.debug_line     0x0000000000000000     0x2cc1
 *(.debug_line)
 .debug_line    0x0000000000000000       0x66 ../master_bsp//obj/HAL/src/crt0.o
 .debug_line    0x0000000000000066      0x284 obj/default/asym.o
 .debug_line    0x00000000000002ea       0x73 obj/default/croutine.o
 .debug_line    0x000000000000035d      0x155 obj/default/list.o
 .debug_line    0x00000000000004b2      0x214 obj/default/master.o
 .debug_line    0x00000000000006c6      0x1dc obj/default/portable/GCC/NiosII/port.o
 .debug_line    0x00000000000008a2      0x1b7 obj/default/portable/MemMang/heap_1.o
 .debug_line    0x0000000000000a59      0x403 obj/default/queue.o
 .debug_line    0x0000000000000e5c      0x7b3 obj/default/tasks.o
 .debug_line    0x000000000000160f       0x73 obj/default/timers.o
 .debug_line    0x0000000000001682       0xdf obj/default/portable/GCC/NiosII/port_asm.o
 .debug_line    0x0000000000001761       0xc7 /mnt/Storage/soft/nios2eds/bin/gnu/H-x86_64-pc-linux-gnu/bin/../lib/gcc/nios2-elf/4.9.1/mno-hw-mul/libgcc.a(lib2-divmod.o)
 .debug_line    0x0000000000001828       0x80 /mnt/Storage/soft/nios2eds/bin/gnu/H-x86_64-pc-linux-gnu/bin/../lib/gcc/nios2-elf/4.9.1/mno-hw-mul/libgcc.a(lib2-mul.o)
 .debug_line    0x00000000000018a8      0x160 /mnt/Storage/soft/nios2eds/bin/gnu/H-x86_64-pc-linux-gnu/bin/../lib/gcc/nios2-elf/4.9.1/../../../../../H-x86_64-pc-linux-gnu/nios2-elf/lib/mno-hw-mul/libsmallc.a(lib_a-memcpy.o)
 .debug_line    0x0000000000001a08      0x15f /mnt/Storage/soft/nios2eds/bin/gnu/H-x86_64-pc-linux-gnu/bin/../lib/gcc/nios2-elf/4.9.1/../../../../../H-x86_64-pc-linux-gnu/nios2-elf/lib/mno-hw-mul/libsmallc.a(lib_a-memset.o)
 .debug_line    0x0000000000001b67       0xe4 /mnt/Storage/soft/nios2eds/bin/gnu/H-x86_64-pc-linux-gnu/bin/../lib/gcc/nios2-elf/4.9.1/../../../../../H-x86_64-pc-linux-gnu/nios2-elf/lib/mno-hw-mul/libsmallc.a(lib_a-rand.o)
 .debug_line    0x0000000000001c4b       0xa1 /mnt/Storage/soft/nios2eds/bin/gnu/H-x86_64-pc-linux-gnu/bin/../lib/gcc/nios2-elf/4.9.1/mno-hw-mul/libgcc.a(_muldi3.o)
 .debug_line    0x0000000000001cec       0xc8 ../master_bsp//libhal_bsp.a(alt_irq_handler.o)
 .debug_line    0x0000000000001db4       0x50 ../master_bsp//libhal_bsp.a(alt_irq_vars.o)
 .debug_line    0x0000000000001e04       0xa6 ../master_bsp//libhal_bsp.a(alt_load.o)
 .debug_line    0x0000000000001eaa       0xea ../master_bsp//libhal_bsp.a(alt_main.o)
 .debug_line    0x0000000000001f94      0x110 ../master_bsp//libhal_bsp.a(alt_printf.o)
 .debug_line    0x00000000000020a4       0x4d ../master_bsp//libhal_bsp.a(alt_putchar.o)
 .debug_line    0x00000000000020f1      0x105 ../master_bsp//libhal_bsp.a(alt_putstr.o)
 .debug_line    0x00000000000021f6      0x18a ../master_bsp//libhal_bsp.a(alt_sys_init.o)
 .debug_line    0x0000000000002380      0x104 ../master_bsp//libhal_bsp.a(altera_avalon_jtag_uart_write.o)
 .debug_line    0x0000000000002484      0x160 ../master_bsp//libhal_bsp.a(altera_avalon_mutex.o)
 .debug_line    0x00000000000025e4       0x4e ../master_bsp//libhal_bsp.a(alt_dcache_flush_all.o)
 .debug_line    0x0000000000002632       0xd8 ../master_bsp//libhal_bsp.a(alt_dev_llist_insert.o)
 .debug_line    0x000000000000270a       0x51 ../master_bsp//libhal_bsp.a(alt_errno.o)
 .debug_line    0x000000000000275b      0x16c ../master_bsp//libhal_bsp.a(alt_find_dev.o)
 .debug_line    0x00000000000028c7       0x4e ../master_bsp//libhal_bsp.a(alt_icache_flush_all.o)
 .debug_line    0x0000000000002915       0x8c ../master_bsp//libhal_bsp.a(altera_nios2_qsys_irq.o)
 .debug_line    0x00000000000029a1       0x60 /mnt/Storage/soft/nios2eds/bin/gnu/H-x86_64-pc-linux-gnu/bin/../lib/gcc/nios2-elf/4.9.1/../../../../../H-x86_64-pc-linux-gnu/nios2-elf/lib/mno-hw-mul/libsmallc.a(lib_a-int_errno.o)
 .debug_line    0x0000000000002a01      0x162 /mnt/Storage/soft/nios2eds/bin/gnu/H-x86_64-pc-linux-gnu/bin/../lib/gcc/nios2-elf/4.9.1/../../../../../H-x86_64-pc-linux-gnu/nios2-elf/lib/mno-hw-mul/libsmallc.a(lib_a-memcmp.o)
 .debug_line    0x0000000000002b63      0x15e /mnt/Storage/soft/nios2eds/bin/gnu/H-x86_64-pc-linux-gnu/bin/../lib/gcc/nios2-elf/4.9.1/../../../../../H-x86_64-pc-linux-gnu/nios2-elf/lib/mno-hw-mul/libsmallc.a(lib_a-strlen.o)

.debug_frame    0x0000000000000000      0xff4
 *(.debug_frame)
 .debug_frame   0x0000000000000000      0x108 obj/default/asym.o
 .debug_frame   0x0000000000000108       0x60 obj/default/list.o
 .debug_frame   0x0000000000000168       0x6c obj/default/master.o
 .debug_frame   0x00000000000001d4       0x80 obj/default/portable/GCC/NiosII/port.o
 .debug_frame   0x0000000000000254       0x64 obj/default/portable/MemMang/heap_1.o
 .debug_frame   0x00000000000002b8      0x2f0 obj/default/queue.o
 .debug_frame   0x00000000000005a8      0x594 obj/default/tasks.o
 .debug_frame   0x0000000000000b3c       0x8c /mnt/Storage/soft/nios2eds/bin/gnu/H-x86_64-pc-linux-gnu/bin/../lib/gcc/nios2-elf/4.9.1/mno-hw-mul/libgcc.a(lib2-divmod.o)
 .debug_frame   0x0000000000000bc8       0x20 /mnt/Storage/soft/nios2eds/bin/gnu/H-x86_64-pc-linux-gnu/bin/../lib/gcc/nios2-elf/4.9.1/mno-hw-mul/libgcc.a(lib2-mul.o)
 .debug_frame   0x0000000000000be8       0x20 /mnt/Storage/soft/nios2eds/bin/gnu/H-x86_64-pc-linux-gnu/bin/../lib/gcc/nios2-elf/4.9.1/../../../../../H-x86_64-pc-linux-gnu/nios2-elf/lib/mno-hw-mul/libsmallc.a(lib_a-memcpy.o)
 .debug_frame   0x0000000000000c08       0x20 /mnt/Storage/soft/nios2eds/bin/gnu/H-x86_64-pc-linux-gnu/bin/../lib/gcc/nios2-elf/4.9.1/../../../../../H-x86_64-pc-linux-gnu/nios2-elf/lib/mno-hw-mul/libsmallc.a(lib_a-memset.o)
 .debug_frame   0x0000000000000c28       0x40 /mnt/Storage/soft/nios2eds/bin/gnu/H-x86_64-pc-linux-gnu/bin/../lib/gcc/nios2-elf/4.9.1/../../../../../H-x86_64-pc-linux-gnu/nios2-elf/lib/mno-hw-mul/libsmallc.a(lib_a-rand.o)
 .debug_frame   0x0000000000000c68       0x54 /mnt/Storage/soft/nios2eds/bin/gnu/H-x86_64-pc-linux-gnu/bin/../lib/gcc/nios2-elf/4.9.1/mno-hw-mul/libgcc.a(_muldi3.o)
 .debug_frame   0x0000000000000cbc       0x34 ../master_bsp//libhal_bsp.a(alt_irq_handler.o)
 .debug_frame   0x0000000000000cf0       0x30 ../master_bsp//libhal_bsp.a(alt_load.o)
 .debug_frame   0x0000000000000d20       0x2c ../master_bsp//libhal_bsp.a(alt_main.o)
 .debug_frame   0x0000000000000d4c       0x54 ../master_bsp//libhal_bsp.a(alt_printf.o)
 .debug_frame   0x0000000000000da0       0x30 ../master_bsp//libhal_bsp.a(alt_putchar.o)
 .debug_frame   0x0000000000000dd0       0x30 ../master_bsp//libhal_bsp.a(alt_putstr.o)
 .debug_frame   0x0000000000000e00       0x3c ../master_bsp//libhal_bsp.a(alt_sys_init.o)
 .debug_frame   0x0000000000000e3c       0x20 ../master_bsp//libhal_bsp.a(altera_avalon_jtag_uart_write.o)
 .debug_frame   0x0000000000000e5c       0x90 ../master_bsp//libhal_bsp.a(altera_avalon_mutex.o)
 .debug_frame   0x0000000000000eec       0x20 ../master_bsp//libhal_bsp.a(alt_dcache_flush_all.o)
 .debug_frame   0x0000000000000f0c       0x2c ../master_bsp//libhal_bsp.a(alt_dev_llist_insert.o)
 .debug_frame   0x0000000000000f38       0x3c ../master_bsp//libhal_bsp.a(alt_find_dev.o)
 .debug_frame   0x0000000000000f74       0x20 ../master_bsp//libhal_bsp.a(alt_icache_flush_all.o)
 .debug_frame   0x0000000000000f94       0x20 ../master_bsp//libhal_bsp.a(altera_nios2_qsys_irq.o)
 .debug_frame   0x0000000000000fb4       0x20 /mnt/Storage/soft/nios2eds/bin/gnu/H-x86_64-pc-linux-gnu/bin/../lib/gcc/nios2-elf/4.9.1/../../../../../H-x86_64-pc-linux-gnu/nios2-elf/lib/mno-hw-mul/libsmallc.a(lib_a-memcmp.o)
 .debug_frame   0x0000000000000fd4       0x20 /mnt/Storage/soft/nios2eds/bin/gnu/H-x86_64-pc-linux-gnu/bin/../lib/gcc/nios2-elf/4.9.1/../../../../../H-x86_64-pc-linux-gnu/nios2-elf/lib/mno-hw-mul/libsmallc.a(lib_a-strlen.o)

.debug_str      0x0000000000000000     0x200c
 *(.debug_str)
 .debug_str     0x0000000000000000      0x436 obj/default/asym.o
                                        0x49a (size before relaxing)
 .debug_str     0x0000000000000436        0xb obj/default/croutine.o
                                        0x13a (size before relaxing)
 .debug_str     0x0000000000000441      0x109 obj/default/list.o
                                        0x27e (size before relaxing)
 .debug_str     0x000000000000054a       0x78 obj/default/master.o
                                        0x2ff (size before relaxing)
 .debug_str     0x00000000000005c2      0x186 obj/default/portable/GCC/NiosII/port.o
                                        0x2ff (size before relaxing)
 .debug_str     0x0000000000000748       0xbb obj/default/portable/MemMang/heap_1.o
                                        0x206 (size before relaxing)
 .debug_str     0x0000000000000803      0x471 obj/default/queue.o
                                        0x780 (size before relaxing)
 .debug_str     0x0000000000000c74      0x7d3 obj/default/tasks.o
                                        0xd60 (size before relaxing)
 .debug_str     0x0000000000001447        0x9 obj/default/timers.o
                                        0x138 (size before relaxing)
 .debug_str     0x0000000000001450      0x186 /mnt/Storage/soft/nios2eds/bin/gnu/H-x86_64-pc-linux-gnu/bin/../lib/gcc/nios2-elf/4.9.1/mno-hw-mul/libgcc.a(lib2-divmod.o)
                                        0x1d1 (size before relaxing)
 .debug_str     0x00000000000015d6       0x40 /mnt/Storage/soft/nios2eds/bin/gnu/H-x86_64-pc-linux-gnu/bin/../lib/gcc/nios2-elf/4.9.1/mno-hw-mul/libgcc.a(lib2-mul.o)
                                        0x192 (size before relaxing)
 .debug_str     0x0000000000001616      0x118 /mnt/Storage/soft/nios2eds/bin/gnu/H-x86_64-pc-linux-gnu/bin/../lib/gcc/nios2-elf/4.9.1/../../../../../H-x86_64-pc-linux-gnu/nios2-elf/lib/mno-hw-mul/libsmallc.a(lib_a-memcpy.o)
                                        0x1b8 (size before relaxing)
 .debug_str     0x000000000000172e       0x3e /mnt/Storage/soft/nios2eds/bin/gnu/H-x86_64-pc-linux-gnu/bin/../lib/gcc/nios2-elf/4.9.1/../../../../../H-x86_64-pc-linux-gnu/nios2-elf/lib/mno-hw-mul/libsmallc.a(lib_a-memset.o)
                                        0x1a4 (size before relaxing)
 .debug_str     0x000000000000176c       0xe7 /mnt/Storage/soft/nios2eds/bin/gnu/H-x86_64-pc-linux-gnu/bin/../lib/gcc/nios2-elf/4.9.1/../../../../../H-x86_64-pc-linux-gnu/nios2-elf/lib/mno-hw-mul/libsmallc.a(lib_a-rand.o)
                                        0x1ae (size before relaxing)
 .debug_str     0x0000000000001853       0x94 /mnt/Storage/soft/nios2eds/bin/gnu/H-x86_64-pc-linux-gnu/bin/../lib/gcc/nios2-elf/4.9.1/mno-hw-mul/libgcc.a(_muldi3.o)
                                        0x218 (size before relaxing)
 .debug_str     0x00000000000018e7       0x7a ../master_bsp//libhal_bsp.a(alt_irq_handler.o)
                                        0x1a1 (size before relaxing)
 .debug_str     0x0000000000001961       0x17 ../master_bsp//libhal_bsp.a(alt_irq_vars.o)
                                        0x12f (size before relaxing)
 .debug_str     0x0000000000001978      0x113 ../master_bsp//libhal_bsp.a(alt_load.o)
                                        0x225 (size before relaxing)
 .debug_str     0x0000000000001a8b       0x5e ../master_bsp//libhal_bsp.a(alt_main.o)
                                        0x1c7 (size before relaxing)
 .debug_str     0x0000000000001ae9       0x59 ../master_bsp//libhal_bsp.a(alt_printf.o)
                                         0xfb (size before relaxing)
 .debug_str     0x0000000000001b42       0x60 ../master_bsp//libhal_bsp.a(alt_putchar.o)
                                        0x176 (size before relaxing)
 .debug_str     0x0000000000001ba2       0x1c ../master_bsp//libhal_bsp.a(alt_putstr.o)
                                        0x182 (size before relaxing)
 .debug_str     0x0000000000001bbe      0x102 ../master_bsp//libhal_bsp.a(alt_sys_init.o)
                                        0x301 (size before relaxing)
 .debug_str     0x0000000000001cc0       0x32 ../master_bsp//libhal_bsp.a(altera_avalon_jtag_uart_write.o)
                                        0x21f (size before relaxing)
 .debug_str     0x0000000000001cf2       0xfc ../master_bsp//libhal_bsp.a(altera_avalon_mutex.o)
                                        0x324 (size before relaxing)
 .debug_str     0x0000000000001dee       0x1f ../master_bsp//libhal_bsp.a(alt_dcache_flush_all.o)
                                        0x13e (size before relaxing)
 .debug_str     0x0000000000001e0d       0x36 ../master_bsp//libhal_bsp.a(alt_dev_llist_insert.o)
                                        0x1b5 (size before relaxing)
 .debug_str     0x0000000000001e43       0x14 ../master_bsp//libhal_bsp.a(alt_errno.o)
                                        0x12e (size before relaxing)
 .debug_str     0x0000000000001e57       0x25 ../master_bsp//libhal_bsp.a(alt_find_dev.o)
                                        0x1ea (size before relaxing)
 .debug_str     0x0000000000001e7c       0x1f ../master_bsp//libhal_bsp.a(alt_icache_flush_all.o)
                                        0x13e (size before relaxing)
 .debug_str     0x0000000000001e9b       0x20 ../master_bsp//libhal_bsp.a(altera_nios2_qsys_irq.o)
                                        0x16e (size before relaxing)
 .debug_str     0x0000000000001ebb       0xd5 /mnt/Storage/soft/nios2eds/bin/gnu/H-x86_64-pc-linux-gnu/bin/../lib/gcc/nios2-elf/4.9.1/../../../../../H-x86_64-pc-linux-gnu/nios2-elf/lib/mno-hw-mul/libsmallc.a(lib_a-int_errno.o)
                                        0x19d (size before relaxing)
 .debug_str     0x0000000000001f90       0x3e /mnt/Storage/soft/nios2eds/bin/gnu/H-x86_64-pc-linux-gnu/bin/../lib/gcc/nios2-elf/4.9.1/../../../../../H-x86_64-pc-linux-gnu/nios2-elf/lib/mno-hw-mul/libsmallc.a(lib_a-memcmp.o)
                                        0x1a4 (size before relaxing)
 .debug_str     0x0000000000001fce       0x3e /mnt/Storage/soft/nios2eds/bin/gnu/H-x86_64-pc-linux-gnu/bin/../lib/gcc/nios2-elf/4.9.1/../../../../../H-x86_64-pc-linux-gnu/nios2-elf/lib/mno-hw-mul/libsmallc.a(lib_a-strlen.o)
                                        0x1aa (size before relaxing)

.debug_loc      0x0000000000000000     0x309f
 *(.debug_loc)
 .debug_loc     0x0000000000000000      0x12a obj/default/asym.o
 .debug_loc     0x000000000000012a       0x73 obj/default/list.o
 .debug_loc     0x000000000000019d       0xa0 obj/default/master.o
 .debug_loc     0x000000000000023d      0x24a obj/default/portable/GCC/NiosII/port.o
 .debug_loc     0x0000000000000487       0x78 obj/default/portable/MemMang/heap_1.o
 .debug_loc     0x00000000000004ff      0xb3c obj/default/queue.o
 .debug_loc     0x000000000000103b     0x130d obj/default/tasks.o
 .debug_loc     0x0000000000002348      0x273 /mnt/Storage/soft/nios2eds/bin/gnu/H-x86_64-pc-linux-gnu/bin/../lib/gcc/nios2-elf/4.9.1/mno-hw-mul/libgcc.a(lib2-divmod.o)
 .debug_loc     0x00000000000025bb       0x93 /mnt/Storage/soft/nios2eds/bin/gnu/H-x86_64-pc-linux-gnu/bin/../lib/gcc/nios2-elf/4.9.1/mno-hw-mul/libgcc.a(lib2-mul.o)
 .debug_loc     0x000000000000264e      0x11b /mnt/Storage/soft/nios2eds/bin/gnu/H-x86_64-pc-linux-gnu/bin/../lib/gcc/nios2-elf/4.9.1/../../../../../H-x86_64-pc-linux-gnu/nios2-elf/lib/mno-hw-mul/libsmallc.a(lib_a-memcpy.o)
 .debug_loc     0x0000000000002769       0xa5 /mnt/Storage/soft/nios2eds/bin/gnu/H-x86_64-pc-linux-gnu/bin/../lib/gcc/nios2-elf/4.9.1/../../../../../H-x86_64-pc-linux-gnu/nios2-elf/lib/mno-hw-mul/libsmallc.a(lib_a-memset.o)
 .debug_loc     0x000000000000280e      0x15d /mnt/Storage/soft/nios2eds/bin/gnu/H-x86_64-pc-linux-gnu/bin/../lib/gcc/nios2-elf/4.9.1/mno-hw-mul/libgcc.a(_muldi3.o)
 .debug_loc     0x000000000000296b       0x98 ../master_bsp//libhal_bsp.a(alt_irq_handler.o)
 .debug_loc     0x0000000000002a03       0x8d ../master_bsp//libhal_bsp.a(alt_load.o)
 .debug_loc     0x0000000000002a90      0x1c6 ../master_bsp//libhal_bsp.a(alt_printf.o)
 .debug_loc     0x0000000000002c56       0x2c ../master_bsp//libhal_bsp.a(alt_putchar.o)
 .debug_loc     0x0000000000002c82       0x37 ../master_bsp//libhal_bsp.a(alt_putstr.o)
 .debug_loc     0x0000000000002cb9       0x21 ../master_bsp//libhal_bsp.a(alt_sys_init.o)
 .debug_loc     0x0000000000002cda       0x8b ../master_bsp//libhal_bsp.a(altera_avalon_jtag_uart_write.o)
 .debug_loc     0x0000000000002d65      0x1b2 ../master_bsp//libhal_bsp.a(altera_avalon_mutex.o)
 .debug_loc     0x0000000000002f17       0x58 ../master_bsp//libhal_bsp.a(alt_dev_llist_insert.o)
 .debug_loc     0x0000000000002f6f       0x7e ../master_bsp//libhal_bsp.a(alt_find_dev.o)
 .debug_loc     0x0000000000002fed       0x94 /mnt/Storage/soft/nios2eds/bin/gnu/H-x86_64-pc-linux-gnu/bin/../lib/gcc/nios2-elf/4.9.1/../../../../../H-x86_64-pc-linux-gnu/nios2-elf/lib/mno-hw-mul/libsmallc.a(lib_a-memcmp.o)
 .debug_loc     0x0000000000003081       0x1e /mnt/Storage/soft/nios2eds/bin/gnu/H-x86_64-pc-linux-gnu/bin/../lib/gcc/nios2-elf/4.9.1/../../../../../H-x86_64-pc-linux-gnu/nios2-elf/lib/mno-hw-mul/libsmallc.a(lib_a-strlen.o)

.debug_macinfo
 *(.debug_macinfo)

.debug_weaknames
 *(.debug_weaknames)

.debug_funcnames
 *(.debug_funcnames)

.debug_typenames
 *(.debug_typenames)

.debug_varnames
 *(.debug_varnames)

.debug_alt_sim_info
                0x0000000000000000       0x10
 *(.debug_alt_sim_info)
 .debug_alt_sim_info
                0x0000000000000000       0x10 ../master_bsp//obj/HAL/src/crt0.o
                0x0000000000007590                __alt_data_end = 0x7590
                0x0000000000007590                PROVIDE (__alt_stack_pointer, __alt_data_end)
                0x0000000000007174                PROVIDE (__alt_stack_limit, __alt_stack_base)
                0x0000000000007174                PROVIDE (__alt_heap_start, end)
                0x0000000000007590                PROVIDE (__alt_heap_limit, 0x7590)
OUTPUT(master.elf elf32-littlenios2)

.debug_ranges   0x0000000000000000      0x230
 .debug_ranges  0x0000000000000000       0x20 ../master_bsp//obj/HAL/src/crt0.o
 .debug_ranges  0x0000000000000020       0x18 obj/default/asym.o
 .debug_ranges  0x0000000000000038       0x18 obj/default/master.o
 .debug_ranges  0x0000000000000050       0x20 obj/default/portable/GCC/NiosII/port.o
 .debug_ranges  0x0000000000000070       0xa8 obj/default/tasks.o
 .debug_ranges  0x0000000000000118       0x38 obj/default/portable/GCC/NiosII/port_asm.o
 .debug_ranges  0x0000000000000150       0x38 /mnt/Storage/soft/nios2eds/bin/gnu/H-x86_64-pc-linux-gnu/bin/../lib/gcc/nios2-elf/4.9.1/mno-hw-mul/libgcc.a(_muldi3.o)
 .debug_ranges  0x0000000000000188       0x10 ../master_bsp//libhal_bsp.a(alt_irq_handler.o)
 .debug_ranges  0x0000000000000198       0x48 ../master_bsp//libhal_bsp.a(alt_load.o)
 .debug_ranges  0x00000000000001e0       0x18 ../master_bsp//libhal_bsp.a(alt_printf.o)
 .debug_ranges  0x00000000000001f8       0x18 ../master_bsp//libhal_bsp.a(alt_sys_init.o)
 .debug_ranges  0x0000000000000210       0x20 ../master_bsp//libhal_bsp.a(alt_dev_llist_insert.o)
