Archive member included to satisfy reference by file (symbol)

/mnt/Storage/soft/nios2eds/bin/gnu/H-x86_64-pc-linux-gnu/bin/../lib/gcc/nios2-elf/4.9.1/mno-hw-mul/libgcc.a(lib2-mul.o)
                              obj/default/queue.o (__mulsi3)
/mnt/Storage/soft/nios2eds/bin/gnu/H-x86_64-pc-linux-gnu/bin/../lib/gcc/nios2-elf/4.9.1/../../../../../H-x86_64-pc-linux-gnu/nios2-elf/lib/mno-hw-mul/libsmallc.a(lib_a-memcpy.o)
                              obj/default/queue.o (memcpy)
/mnt/Storage/soft/nios2eds/bin/gnu/H-x86_64-pc-linux-gnu/bin/../lib/gcc/nios2-elf/4.9.1/../../../../../H-x86_64-pc-linux-gnu/nios2-elf/lib/mno-hw-mul/libsmallc.a(lib_a-memset.o)
                              obj/default/tasks.o (memset)
../master_bsp//libhal_bsp.a(alt_irq_handler.o)
                              obj/default/portable/GCC/NiosII/port_asm.o (alt_irq_handler)
../master_bsp//libhal_bsp.a(alt_irq_vars.o)
                              obj/default/portable/GCC/NiosII/port.o (alt_irq_active)
../master_bsp//libhal_bsp.a(alt_load.o)
                              ../master_bsp//obj/HAL/src/crt0.o (alt_load)
../master_bsp//libhal_bsp.a(alt_main.o)
                              ../master_bsp//obj/HAL/src/crt0.o (alt_main)
../master_bsp//libhal_bsp.a(alt_printf.o)
                              obj/default/master.o (alt_printf)
../master_bsp//libhal_bsp.a(alt_putchar.o)
                              ../master_bsp//libhal_bsp.a(alt_printf.o) (alt_putchar)
../master_bsp//libhal_bsp.a(alt_putstr.o)
                              obj/default/master.o (alt_putstr)
../master_bsp//libhal_bsp.a(alt_usleep.o)
                              obj/default/master.o (usleep)
../master_bsp//libhal_bsp.a(alt_sys_init.o)
                              ../master_bsp//libhal_bsp.a(alt_main.o) (alt_irq_init)
../master_bsp//libhal_bsp.a(altera_avalon_jtag_uart_write.o)
                              ../master_bsp//libhal_bsp.a(alt_putchar.o) (altera_avalon_jtag_uart_write)
../master_bsp//libhal_bsp.a(altera_avalon_mutex.o)
                              obj/default/asym.o (altera_avalon_mutex_open)
../master_bsp//libhal_bsp.a(alt_busy_sleep.o)
                              ../master_bsp//libhal_bsp.a(alt_usleep.o) (alt_busy_sleep)
../master_bsp//libhal_bsp.a(alt_dcache_flush_all.o)
                              ../master_bsp//libhal_bsp.a(alt_load.o) (alt_dcache_flush_all)
../master_bsp//libhal_bsp.a(alt_dev_llist_insert.o)
                              ../master_bsp//libhal_bsp.a(alt_sys_init.o) (alt_dev_llist_insert)
../master_bsp//libhal_bsp.a(alt_errno.o)
                              ../master_bsp//libhal_bsp.a(altera_avalon_mutex.o) (alt_errno)
../master_bsp//libhal_bsp.a(alt_find_dev.o)
                              ../master_bsp//libhal_bsp.a(altera_avalon_mutex.o) (alt_find_dev)
../master_bsp//libhal_bsp.a(alt_icache_flush_all.o)
                              ../master_bsp//libhal_bsp.a(alt_load.o) (alt_icache_flush_all)
../master_bsp//libhal_bsp.a(altera_nios2_qsys_irq.o)
                              ../master_bsp//libhal_bsp.a(alt_sys_init.o) (altera_nios2_qsys_irq_init)
/mnt/Storage/soft/nios2eds/bin/gnu/H-x86_64-pc-linux-gnu/bin/../lib/gcc/nios2-elf/4.9.1/../../../../../H-x86_64-pc-linux-gnu/nios2-elf/lib/mno-hw-mul/libsmallc.a(lib_a-int_errno.o)
                              ../master_bsp//libhal_bsp.a(altera_avalon_mutex.o) (errno)
/mnt/Storage/soft/nios2eds/bin/gnu/H-x86_64-pc-linux-gnu/bin/../lib/gcc/nios2-elf/4.9.1/../../../../../H-x86_64-pc-linux-gnu/nios2-elf/lib/mno-hw-mul/libsmallc.a(lib_a-memcmp.o)
                              ../master_bsp//libhal_bsp.a(alt_find_dev.o) (memcmp)
/mnt/Storage/soft/nios2eds/bin/gnu/H-x86_64-pc-linux-gnu/bin/../lib/gcc/nios2-elf/4.9.1/../../../../../H-x86_64-pc-linux-gnu/nios2-elf/lib/mno-hw-mul/libsmallc.a(lib_a-strlen.o)
                              ../master_bsp//libhal_bsp.a(alt_putstr.o) (strlen)
/mnt/Storage/soft/nios2eds/bin/gnu/H-x86_64-pc-linux-gnu/bin/../lib/gcc/nios2-elf/4.9.1/mno-hw-mul/libgcc.a(lib2-divmod.o)
                              ../master_bsp//libhal_bsp.a(alt_busy_sleep.o) (__udivsi3)

Allocating common symbols
Common symbol       size              file

alt_irq             0x100             ../master_bsp//libhal_bsp.a(alt_irq_handler.o)
errno               0x4               /mnt/Storage/soft/nios2eds/bin/gnu/H-x86_64-pc-linux-gnu/bin/../lib/gcc/nios2-elf/4.9.1/../../../../../H-x86_64-pc-linux-gnu/nios2-elf/lib/mno-hw-mul/libsmallc.a(lib_a-int_errno.o)

Memory Configuration

Name             Origin             Length             Attributes
reset            0x0000000000000000 0x0000000000000020
onchip_memory2_0 0x0000000000000020 0x0000000000005630
memory_buff      0x0000000000010000 0x0000000000001fa0
*default*        0x0000000000000000 0xffffffffffffffff

Linker script and memory map

LOAD ../master_bsp//obj/HAL/src/crt0.o
LOAD obj/default/asym.o
LOAD obj/default/croutine.o
LOAD obj/default/list.o
LOAD obj/default/master.o
LOAD obj/default/portable/GCC/NiosII/port.o
LOAD obj/default/portable/MemMang/heap_1.o
LOAD obj/default/queue.o
LOAD obj/default/tasks.o
LOAD obj/default/timers.o
LOAD obj/default/portable/GCC/NiosII/port_asm.o
LOAD /mnt/Storage/soft/nios2eds/bin/gnu/H-x86_64-pc-linux-gnu/bin/../lib/gcc/nios2-elf/4.9.1/../../../../../H-x86_64-pc-linux-gnu/nios2-elf/lib/mno-hw-mul/libstdc++.a
LOAD /mnt/Storage/soft/nios2eds/bin/gnu/H-x86_64-pc-linux-gnu/bin/../lib/gcc/nios2-elf/4.9.1/../../../../../H-x86_64-pc-linux-gnu/nios2-elf/lib/mno-hw-mul/libm.a
LOAD /mnt/Storage/soft/nios2eds/bin/gnu/H-x86_64-pc-linux-gnu/bin/../lib/gcc/nios2-elf/4.9.1/mno-hw-mul/libgcc.a
START GROUP
LOAD /mnt/Storage/soft/nios2eds/bin/gnu/H-x86_64-pc-linux-gnu/bin/../lib/gcc/nios2-elf/4.9.1/../../../../../H-x86_64-pc-linux-gnu/nios2-elf/lib/mno-hw-mul/libsmallc.a
LOAD /mnt/Storage/soft/nios2eds/bin/gnu/H-x86_64-pc-linux-gnu/bin/../lib/gcc/nios2-elf/4.9.1/mno-hw-mul/libgcc.a
LOAD ../master_bsp//libhal_bsp.a
LOAD /mnt/Storage/soft/nios2eds/bin/gnu/H-x86_64-pc-linux-gnu/bin/../lib/gcc/nios2-elf/4.9.1/../../../../../H-x86_64-pc-linux-gnu/nios2-elf/lib/mno-hw-mul/libm.a
END GROUP
LOAD /mnt/Storage/soft/nios2eds/bin/gnu/H-x86_64-pc-linux-gnu/bin/../lib/gcc/nios2-elf/4.9.1/mno-hw-mul/libgcc.a
                0x0000000000000000                __alt_mem_onchip_memory2_0 = 0x0
                0x0000000000010000                __alt_mem_memory_buff = 0x10000

.entry          0x0000000000000000       0x20
 *(.entry)
 .entry         0x0000000000000000       0x20 ../master_bsp//obj/HAL/src/crt0.o
                0x0000000000000000                __reset
                0x000000000000000c                _exit

.exceptions     0x0000000000000020      0x1bc
                0x0000000000000020                PROVIDE (__ram_exceptions_start, ABSOLUTE (.))
                0x0000000000000020                . = ALIGN (0x20)
 *(.irq)
 *(.exceptions.entry.label)
 *(.exceptions.entry.user)
 *(.exceptions.entry.ecc_fatal)
 *(.exceptions.entry)
 .exceptions.entry
                0x0000000000000020       0x8c obj/default/portable/GCC/NiosII/port_asm.o
 *(.exceptions.irqtest.user)
 *(.exceptions.irqtest)
 .exceptions.irqtest
                0x00000000000000ac       0x14 obj/default/portable/GCC/NiosII/port_asm.o
 *(.exceptions.irqhandler.user)
 *(.exceptions.irqhandler)
 .exceptions.irqhandler
                0x00000000000000c0        0x4 obj/default/portable/GCC/NiosII/port_asm.o
 *(.exceptions.irqreturn.user)
 *(.exceptions.irqreturn)
 .exceptions.irqreturn
                0x00000000000000c4       0x8c obj/default/portable/GCC/NiosII/port_asm.o
                0x00000000000000c4                restore_sp_from_pxCurrentTCB
 *(.exceptions.notirq.label)
 *(.exceptions.notirq.user)
 *(.exceptions.notirq)
 *(.exceptions.soft.user)
 *(.exceptions.soft)
 .exceptions.soft
                0x0000000000000150       0x2c obj/default/portable/GCC/NiosII/port_asm.o
 *(.exceptions.unknown.user)
 *(.exceptions.unknown)
 *(.exceptions.exit.label)
 *(.exceptions.exit.user)
 *(.exceptions.exit)
 *(.exceptions)
 .exceptions    0x000000000000017c       0x60 ../master_bsp//libhal_bsp.a(alt_irq_handler.o)
                0x000000000000017c                alt_irq_handler
                0x00000000000001dc                PROVIDE (__ram_exceptions_end, ABSOLUTE (.))
                0x0000000000000020                PROVIDE (__flash_exceptions_start, LOADADDR (.exceptions))

.text           0x00000000000001dc     0x2dbc
                0x00000000000001dc                PROVIDE (stext, ABSOLUTE (.))
 *(.interp)
 *(.hash)
 *(.dynsym)
 *(.dynstr)
 *(.gnu.version)
 *(.gnu.version_d)
 *(.gnu.version_r)
 *(.rel.init)
 *(.rela.init)
 *(.rel.text .rel.text.* .rel.gnu.linkonce.t.*)
 *(.rela.text .rela.text.* .rela.gnu.linkonce.t.*)
 *(.rel.fini)
 *(.rela.fini)
 *(.rel.rodata .rel.rodata.* .rel.gnu.linkonce.r.*)
 *(.rela.rodata .rela.rodata.* .rela.gnu.linkonce.r.*)
 *(.rel.data .rel.data.* .rel.gnu.linkonce.d.*)
 *(.rela.data .rela.data.* .rela.gnu.linkonce.d.*)
 *(.rel.tdata .rel.tdata.* .rel.gnu.linkonce.td.*)
 *(.rela.tdata .rela.tdata.* .rela.gnu.linkonce.td.*)
 *(.rel.tbss .rel.tbss.* .rel.gnu.linkonce.tb.*)
 *(.rela.tbss .rela.tbss.* .rela.gnu.linkonce.tb.*)
 *(.rel.ctors)
 *(.rela.ctors)
 *(.rel.dtors)
 *(.rela.dtors)
 *(.rel.got)
 *(.rela.got)
 *(.rel.sdata .rel.sdata.* .rel.gnu.linkonce.s.*)
 *(.rela.sdata .rela.sdata.* .rela.gnu.linkonce.s.*)
 *(.rel.sbss .rel.sbss.* .rel.gnu.linkonce.sb.*)
 *(.rela.sbss .rela.sbss.* .rela.gnu.linkonce.sb.*)
 *(.rel.sdata2 .rel.sdata2.* .rel.gnu.linkonce.s2.*)
 *(.rela.sdata2 .rela.sdata2.* .rela.gnu.linkonce.s2.*)
 *(.rel.sbss2 .rel.sbss2.* .rel.gnu.linkonce.sb2.*)
 *(.rela.sbss2 .rela.sbss2.* .rela.gnu.linkonce.sb2.*)
 *(.rel.bss .rel.bss.* .rel.gnu.linkonce.b.*)
 *(.rela.bss .rela.bss.* .rela.gnu.linkonce.b.*)
 *(.rel.plt)
 *(.rela.plt)
 *(.rel.dyn)
 *(.init)
 *(.plt)
 *(.text .stub .text.* .gnu.linkonce.t.*)
 .text          0x00000000000001dc       0x3c ../master_bsp//obj/HAL/src/crt0.o
                0x00000000000001dc                _start
 .text          0x0000000000000218       0x54 obj/default/asym.o
                0x0000000000000218                xAsymMutexInit
                0x0000000000000258                xAsymReqQueuInit
 .text          0x000000000000026c        0x0 obj/default/croutine.o
 .text          0x000000000000026c       0xe4 obj/default/list.o
                0x000000000000026c                vListInitialise
                0x000000000000028c                vListInitialiseItem
                0x0000000000000294                vListInsertEnd
                0x00000000000002c4                vListInsert
                0x0000000000000318                uxListRemove
 .text          0x0000000000000350       0xf4 obj/default/master.o
                0x0000000000000350                masterTask
                0x0000000000000370                waste
 .text.startup  0x0000000000000444       0x78 obj/default/master.o
                0x0000000000000444                main
 .text          0x00000000000004bc      0x198 obj/default/portable/GCC/NiosII/port.o
                0x00000000000004bc                vPortSysTickHandler
                0x00000000000004ec                pxPortInitialiseStack
                0x000000000000052c                vPortEndScheduler
                0x0000000000000530                alt_irq_register
                0x00000000000005c8                xPortStartScheduler
 .text          0x0000000000000654       0xa8 obj/default/portable/MemMang/heap_1.o
                0x0000000000000654                pvPortMalloc
                0x00000000000006e0                vPortFree
                0x00000000000006e4                vPortInitialiseBlocks
                0x00000000000006ec                xPortGetFreeHeapSize
 .text          0x00000000000006fc      0xa48 obj/default/queue.o
                0x00000000000008b8                xQueueGenericReset
                0x0000000000000970                xQueueGenericCreate
                0x00000000000009fc                xQueueCreateCountingSemaphore
                0x0000000000000a30                xQueueGenericSend
                0x0000000000000bac                xQueueCreateMutex
                0x0000000000000c2c                xQueueGiveMutexRecursive
                0x0000000000000c8c                xQueueGenericSendFromISR
                0x0000000000000d1c                xQueueGiveFromISR
                0x0000000000000dac                xQueueGenericReceive
                0x0000000000000f54                xQueueTakeMutexRecursive
                0x0000000000000fd8                xQueueReceiveFromISR
                0x0000000000001064                xQueuePeekFromISR
                0x00000000000010ac                uxQueueMessagesWaiting
                0x00000000000010dc                uxQueueSpacesAvailable
                0x000000000000111c                uxQueueMessagesWaitingFromISR
                0x0000000000001124                vQueueDelete
                0x0000000000001128                xQueueIsQueueEmptyFromISR
                0x0000000000001134                xQueueIsQueueFullFromISR
 .text          0x0000000000001144     0x166c obj/default/tasks.o
                0x00000000000011f8                uxTaskPriorityGetFromISR
                0x0000000000001208                xTaskResumeFromISR
                0x00000000000012b0                vTaskEndScheduler
                0x00000000000012c8                vTaskSuspendAll
                0x00000000000012d8                xTaskGetTickCount
                0x00000000000012e0                xTaskGetTickCountFromISR
                0x00000000000012e8                uxTaskGetNumberOfTasks
                0x00000000000012f0                xTaskIncrementTick
                0x000000000000144c                vTaskSwitchContext
                0x0000000000001514                vTaskPlaceOnEventList
                0x000000000000157c                vTaskPlaceOnUnorderedEventList
                0x00000000000015f0                xTaskRemoveFromEventList
                0x0000000000001694                xTaskRemoveFromUnorderedEventList
                0x0000000000001720                vTaskSetTimeOutState
                0x0000000000001734                vTaskMissedYield
                0x0000000000001740                uxTaskGetStackHighWaterMark
                0x0000000000001774                xTaskGetCurrentTaskHandle
                0x000000000000177c                vTaskPriorityInherit
                0x0000000000001858                xTaskPriorityDisinherit
                0x00000000000018f4                vTaskEnterCritical
                0x0000000000001924                vTaskExitCritical
                0x0000000000001960                xTaskGenericCreate
                0x0000000000001bdc                vTaskStartScheduler
                0x0000000000001c50                vTaskDelete
                0x0000000000001d00                uxTaskPriorityGet
                0x0000000000001d38                vTaskPrioritySet
                0x0000000000001e3c                vTaskSuspend
                0x0000000000001f18                vTaskResume
                0x0000000000001fb0                xTaskResumeAll
                0x00000000000020d4                vTaskDelayUntil
                0x000000000000215c                vTaskDelay
                0x0000000000002230                xTaskCheckForTimeOut
                0x00000000000022b0                uxTaskResetEventItemValue
                0x00000000000022d4                pvTaskIncrementMutexHeldCount
                0x00000000000022f4                ulTaskNotifyTake
                0x00000000000023bc                xTaskNotifyWait
                0x00000000000024c8                xTaskGenericNotify
                0x00000000000025d8                xTaskGenericNotifyFromISR
                0x00000000000026f0                vTaskNotifyGiveFromISR
 .text          0x00000000000027b0        0x0 obj/default/timers.o
 .text          0x00000000000027b0        0x0 obj/default/portable/GCC/NiosII/port_asm.o
 .text          0x00000000000027b0       0x28 /mnt/Storage/soft/nios2eds/bin/gnu/H-x86_64-pc-linux-gnu/bin/../lib/gcc/nios2-elf/4.9.1/mno-hw-mul/libgcc.a(lib2-mul.o)
                0x00000000000027b0                __mulsi3
 .text          0x00000000000027d8       0x28 /mnt/Storage/soft/nios2eds/bin/gnu/H-x86_64-pc-linux-gnu/bin/../lib/gcc/nios2-elf/4.9.1/../../../../../H-x86_64-pc-linux-gnu/nios2-elf/lib/mno-hw-mul/libsmallc.a(lib_a-memcpy.o)
                0x00000000000027d8                memcpy
 .text          0x0000000000002800       0x20 /mnt/Storage/soft/nios2eds/bin/gnu/H-x86_64-pc-linux-gnu/bin/../lib/gcc/nios2-elf/4.9.1/../../../../../H-x86_64-pc-linux-gnu/nios2-elf/lib/mno-hw-mul/libsmallc.a(lib_a-memset.o)
                0x0000000000002800                memset
 .text          0x0000000000002820        0x0 ../master_bsp//libhal_bsp.a(alt_irq_handler.o)
 .text          0x0000000000002820        0x0 ../master_bsp//libhal_bsp.a(alt_irq_vars.o)
 .text          0x0000000000002820       0xf8 ../master_bsp//libhal_bsp.a(alt_load.o)
                0x0000000000002820                alt_load
 .text          0x0000000000002918       0x2c ../master_bsp//libhal_bsp.a(alt_main.o)
                0x0000000000002918                alt_main
 .text          0x0000000000002944      0x16c ../master_bsp//libhal_bsp.a(alt_printf.o)
                0x0000000000002944                alt_printf
 .text          0x0000000000002ab0       0x48 ../master_bsp//libhal_bsp.a(alt_putchar.o)
                0x0000000000002ab0                alt_putchar
 .text          0x0000000000002af8       0x38 ../master_bsp//libhal_bsp.a(alt_putstr.o)
                0x0000000000002af8                alt_putstr
 .text          0x0000000000002b30        0x4 ../master_bsp//libhal_bsp.a(alt_usleep.o)
                0x0000000000002b30                usleep
 .text          0x0000000000002b34       0x34 ../master_bsp//libhal_bsp.a(alt_sys_init.o)
                0x0000000000002b34                alt_irq_init
                0x0000000000002b54                alt_sys_init
 .text          0x0000000000002b68       0x34 ../master_bsp//libhal_bsp.a(altera_avalon_jtag_uart_write.o)
                0x0000000000002b68                altera_avalon_jtag_uart_write
 .text          0x0000000000002b9c      0x100 ../master_bsp//libhal_bsp.a(altera_avalon_mutex.o)
                0x0000000000002b9c                altera_avalon_mutex_open
                0x0000000000002bf4                altera_avalon_mutex_close
                0x0000000000002bf8                altera_avalon_mutex_lock
                0x0000000000002c1c                altera_avalon_mutex_trylock
                0x0000000000002c44                altera_avalon_mutex_unlock
                0x0000000000002c64                altera_avalon_mutex_is_mine
                0x0000000000002c8c                altera_avalon_mutex_first_lock
 .text          0x0000000000002c9c       0x88 ../master_bsp//libhal_bsp.a(alt_busy_sleep.o)
                0x0000000000002c9c                alt_busy_sleep
 .text          0x0000000000002d24        0x4 ../master_bsp//libhal_bsp.a(alt_dcache_flush_all.o)
                0x0000000000002d24                alt_dcache_flush_all
 .text          0x0000000000002d28       0x78 ../master_bsp//libhal_bsp.a(alt_dev_llist_insert.o)
                0x0000000000002d28                alt_dev_llist_insert
 .text          0x0000000000002da0        0x0 ../master_bsp//libhal_bsp.a(alt_errno.o)
 .text          0x0000000000002da0       0x74 ../master_bsp//libhal_bsp.a(alt_find_dev.o)
                0x0000000000002da0                alt_find_dev
 .text          0x0000000000002e14        0x4 ../master_bsp//libhal_bsp.a(alt_icache_flush_all.o)
                0x0000000000002e14                alt_icache_flush_all
 .text          0x0000000000002e18        0x8 ../master_bsp//libhal_bsp.a(altera_nios2_qsys_irq.o)
                0x0000000000002e18                altera_nios2_qsys_irq_init
 .text          0x0000000000002e20        0x0 /mnt/Storage/soft/nios2eds/bin/gnu/H-x86_64-pc-linux-gnu/bin/../lib/gcc/nios2-elf/4.9.1/../../../../../H-x86_64-pc-linux-gnu/nios2-elf/lib/mno-hw-mul/libsmallc.a(lib_a-int_errno.o)
 .text          0x0000000000002e20       0x30 /mnt/Storage/soft/nios2eds/bin/gnu/H-x86_64-pc-linux-gnu/bin/../lib/gcc/nios2-elf/4.9.1/../../../../../H-x86_64-pc-linux-gnu/nios2-elf/lib/mno-hw-mul/libsmallc.a(lib_a-memcmp.o)
                0x0000000000002e20                memcmp
 .text          0x0000000000002e50       0x1c /mnt/Storage/soft/nios2eds/bin/gnu/H-x86_64-pc-linux-gnu/bin/../lib/gcc/nios2-elf/4.9.1/../../../../../H-x86_64-pc-linux-gnu/nios2-elf/lib/mno-hw-mul/libsmallc.a(lib_a-strlen.o)
                0x0000000000002e50                strlen
 .text          0x0000000000002e6c      0x12c /mnt/Storage/soft/nios2eds/bin/gnu/H-x86_64-pc-linux-gnu/bin/../lib/gcc/nios2-elf/4.9.1/mno-hw-mul/libgcc.a(lib2-divmod.o)
                0x0000000000002ed8                __divsi3
                0x0000000000002f2c                __modsi3
                0x0000000000002f88                __udivsi3
                0x0000000000002f90                __umodsi3
 *(.gnu.warning.*)
 *(.fini)
                0x0000000000002f98                PROVIDE (__etext, ABSOLUTE (.))
                0x0000000000002f98                PROVIDE (_etext, ABSOLUTE (.))
                0x0000000000002f98                PROVIDE (etext, ABSOLUTE (.))
 *(.eh_frame_hdr)
                0x0000000000002f98                . = ALIGN (0x4)
                0x0000000000002f98                PROVIDE (__preinit_array_start, ABSOLUTE (.))
 *(.preinit_array)
                0x0000000000002f98                PROVIDE (__preinit_array_end, ABSOLUTE (.))
                0x0000000000002f98                PROVIDE (__init_array_start, ABSOLUTE (.))
 *(.init_array)
                0x0000000000002f98                PROVIDE (__init_array_end, ABSOLUTE (.))
                0x0000000000002f98                PROVIDE (__fini_array_start, ABSOLUTE (.))
 *(.fini_array)
                0x0000000000002f98                PROVIDE (__fini_array_end, ABSOLUTE (.))
 *(.eh_frame)
 *(.gcc_except_table .gcc_except_table.*)
 *(.dynamic)
                0x0000000000002f98                PROVIDE (__CTOR_LIST__, ABSOLUTE (.))
 *(.ctors)
 *(SORT(.ctors.*))
                0x0000000000002f98                PROVIDE (__CTOR_END__, ABSOLUTE (.))
                0x0000000000002f98                PROVIDE (__DTOR_LIST__, ABSOLUTE (.))
 *(.dtors)
 *(SORT(.dtors.*))
                0x0000000000002f98                PROVIDE (__DTOR_END__, ABSOLUTE (.))
 *(.jcr)
                0x0000000000002f98                . = ALIGN (0x4)

.rodata         0x0000000000002f98       0xbc
                0x0000000000002f98                PROVIDE (__ram_rodata_start, ABSOLUTE (.))
                0x0000000000002f98                . = ALIGN (0x4)
 *(.rodata .rodata.* .gnu.linkonce.r.*)
 .rodata.str1.4
                0x0000000000002f98        0xd obj/default/asym.o
                                         0x10 (size before relaxing)
 *fill*         0x0000000000002fa5        0x3 
 .rodata.str1.4
                0x0000000000002fa8       0xa4 obj/default/master.o
                                         0xb4 (size before relaxing)
 .rodata.str1.4
                0x000000000000304c        0x8 obj/default/tasks.o
 .rodata.str1.4
                0x0000000000000000       0x10 ../master_bsp//libhal_bsp.a(alt_sys_init.o)
 *(.rodata1)
                0x0000000000003054                . = ALIGN (0x4)
                0x0000000000003054                PROVIDE (__ram_rodata_end, ABSOLUTE (.))
                0x0000000000002f98                PROVIDE (__flash_rodata_start, LOADADDR (.rodata))

.rwdata         0x0000000000003054       0x24 load address 0x0000000000003078
                0x0000000000003054                PROVIDE (__ram_rwdata_start, ABSOLUTE (.))
                0x0000000000003054                . = ALIGN (0x4)
 *(.got.plt)
 *(.got)
 *(.data1)
 *(.data .data.* .gnu.linkonce.d.*)
 .data          0x0000000000003054        0x0 ../master_bsp//obj/HAL/src/crt0.o
 .data          0x0000000000003054        0x0 obj/default/asym.o
 .data          0x0000000000003054        0x0 obj/default/croutine.o
 .data          0x0000000000003054        0x0 obj/default/list.o
 .data          0x0000000000003054        0x0 obj/default/master.o
 .data          0x0000000000003054        0x0 obj/default/portable/GCC/NiosII/port.o
 .data          0x0000000000003054        0x0 obj/default/portable/MemMang/heap_1.o
 .data          0x0000000000003054        0x0 obj/default/queue.o
 .data          0x0000000000003054        0x0 obj/default/tasks.o
 .data          0x0000000000003054        0x0 obj/default/timers.o
 .data          0x0000000000003054        0x0 obj/default/portable/GCC/NiosII/port_asm.o
 .data          0x0000000000003054        0x0 /mnt/Storage/soft/nios2eds/bin/gnu/H-x86_64-pc-linux-gnu/bin/../lib/gcc/nios2-elf/4.9.1/mno-hw-mul/libgcc.a(lib2-mul.o)
 .data          0x0000000000003054        0x0 /mnt/Storage/soft/nios2eds/bin/gnu/H-x86_64-pc-linux-gnu/bin/../lib/gcc/nios2-elf/4.9.1/../../../../../H-x86_64-pc-linux-gnu/nios2-elf/lib/mno-hw-mul/libsmallc.a(lib_a-memcpy.o)
 .data          0x0000000000003054        0x0 /mnt/Storage/soft/nios2eds/bin/gnu/H-x86_64-pc-linux-gnu/bin/../lib/gcc/nios2-elf/4.9.1/../../../../../H-x86_64-pc-linux-gnu/nios2-elf/lib/mno-hw-mul/libsmallc.a(lib_a-memset.o)
 .data          0x0000000000003054        0x0 ../master_bsp//libhal_bsp.a(alt_irq_handler.o)
 .data          0x0000000000003054        0x0 ../master_bsp//libhal_bsp.a(alt_irq_vars.o)
 .data          0x0000000000003054        0x0 ../master_bsp//libhal_bsp.a(alt_load.o)
 .data          0x0000000000003054        0x0 ../master_bsp//libhal_bsp.a(alt_main.o)
 .data          0x0000000000003054        0x0 ../master_bsp//libhal_bsp.a(alt_printf.o)
 .data          0x0000000000003054        0x0 ../master_bsp//libhal_bsp.a(alt_putchar.o)
 .data          0x0000000000003054        0x0 ../master_bsp//libhal_bsp.a(alt_putstr.o)
 .data          0x0000000000003054        0x0 ../master_bsp//libhal_bsp.a(alt_usleep.o)
 .data          0x0000000000003054       0x10 ../master_bsp//libhal_bsp.a(alt_sys_init.o)
 .data          0x0000000000003064        0x0 ../master_bsp//libhal_bsp.a(altera_avalon_jtag_uart_write.o)
 .data          0x0000000000003064        0x0 ../master_bsp//libhal_bsp.a(altera_avalon_mutex.o)
 .data          0x0000000000003064        0x0 ../master_bsp//libhal_bsp.a(alt_busy_sleep.o)
 .data          0x0000000000003064        0x0 ../master_bsp//libhal_bsp.a(alt_dcache_flush_all.o)
 .data          0x0000000000003064        0x0 ../master_bsp//libhal_bsp.a(alt_dev_llist_insert.o)
 .data          0x0000000000003064        0x0 ../master_bsp//libhal_bsp.a(alt_errno.o)
 .data          0x0000000000003064        0x0 ../master_bsp//libhal_bsp.a(alt_find_dev.o)
 .data          0x0000000000003064        0x0 ../master_bsp//libhal_bsp.a(alt_icache_flush_all.o)
 .data          0x0000000000003064        0x0 ../master_bsp//libhal_bsp.a(altera_nios2_qsys_irq.o)
 .data          0x0000000000003064        0x0 /mnt/Storage/soft/nios2eds/bin/gnu/H-x86_64-pc-linux-gnu/bin/../lib/gcc/nios2-elf/4.9.1/../../../../../H-x86_64-pc-linux-gnu/nios2-elf/lib/mno-hw-mul/libsmallc.a(lib_a-int_errno.o)
 .data          0x0000000000003064        0x0 /mnt/Storage/soft/nios2eds/bin/gnu/H-x86_64-pc-linux-gnu/bin/../lib/gcc/nios2-elf/4.9.1/../../../../../H-x86_64-pc-linux-gnu/nios2-elf/lib/mno-hw-mul/libsmallc.a(lib_a-memcmp.o)
 .data          0x0000000000003064        0x0 /mnt/Storage/soft/nios2eds/bin/gnu/H-x86_64-pc-linux-gnu/bin/../lib/gcc/nios2-elf/4.9.1/../../../../../H-x86_64-pc-linux-gnu/nios2-elf/lib/mno-hw-mul/libsmallc.a(lib_a-strlen.o)
 .data          0x0000000000003064        0x0 /mnt/Storage/soft/nios2eds/bin/gnu/H-x86_64-pc-linux-gnu/bin/../lib/gcc/nios2-elf/4.9.1/mno-hw-mul/libgcc.a(lib2-divmod.o)
                0x000000000000b064                _gp = ABSOLUTE ((. + 0x8000))
                0x000000000000b064                PROVIDE (gp, _gp)
 *(.rwdata .rwdata.*)
 *(.sdata .sdata.* .gnu.linkonce.s.*)
 .sdata         0x0000000000003064        0x4 ../master_bsp//libhal_bsp.a(alt_irq_vars.o)
                0x0000000000003064                alt_priority_mask
 .sdata         0x0000000000003068        0x4 ../master_bsp//libhal_bsp.a(alt_sys_init.o)
                0x0000000000003068                jtag_uart_0
 .sdata         0x000000000000306c        0x8 ../master_bsp//libhal_bsp.a(altera_avalon_mutex.o)
                0x000000000000306c                alt_mutex_list
 .sdata         0x0000000000003074        0x4 ../master_bsp//libhal_bsp.a(alt_errno.o)
                0x0000000000003074                alt_errno
 *(.sdata2 .sdata2.* .gnu.linkonce.s2.*)
                0x0000000000003078                . = ALIGN (0x4)
                0x0000000000003078                _edata = ABSOLUTE (.)
                0x0000000000003078                PROVIDE (edata, ABSOLUTE (.))
                0x0000000000003078                PROVIDE (__ram_rwdata_end, ABSOLUTE (.))
                0x0000000000003078                PROVIDE (__flash_rwdata_start, LOADADDR (.rwdata))

.bss            0x000000000000309c     0x2560
                0x000000000000309c                __bss_start = ABSOLUTE (.)
                0x000000000000309c                PROVIDE (__sbss_start, ABSOLUTE (.))
                0x000000000000309c                PROVIDE (___sbss_start, ABSOLUTE (.))
 *(.dynsbss)
 *(.sbss .sbss.* .gnu.linkonce.sb.*)
 .sbss          0x000000000000309c        0x4 obj/default/asym.o
 .sbss          0x00000000000030a0        0x8 obj/default/portable/MemMang/heap_1.o
 .sbss          0x00000000000030a8       0x38 obj/default/tasks.o
                0x00000000000030dc                pxCurrentTCB
 .sbss          0x00000000000030e0        0x4 ../master_bsp//libhal_bsp.a(alt_irq_vars.o)
                0x00000000000030e0                alt_irq_active
 .sbss          0x00000000000030e4        0xc ../master_bsp//libhal_bsp.a(alt_main.o)
                0x00000000000030e4                alt_envp
                0x00000000000030e8                alt_argv
                0x00000000000030ec                alt_argc
 .sbss          0x00000000000030f0        0x4 /mnt/Storage/soft/nios2eds/bin/gnu/H-x86_64-pc-linux-gnu/bin/../lib/gcc/nios2-elf/4.9.1/../../../../../H-x86_64-pc-linux-gnu/nios2-elf/lib/mno-hw-mul/libsmallc.a(lib_a-int_errno.o)
                0x00000000000030f0                errno
 *(.sbss2 .sbss2.* .gnu.linkonce.sb2.*)
 *(.scommon)
                0x00000000000030f4                PROVIDE (__sbss_end, ABSOLUTE (.))
                0x00000000000030f4                PROVIDE (___sbss_end, ABSOLUTE (.))
 *(.dynbss)
 *(.bss .bss.* .gnu.linkonce.b.*)
 .bss           0x00000000000030f4        0x0 ../master_bsp//obj/HAL/src/crt0.o
 .bss           0x00000000000030f4        0x0 obj/default/asym.o
 .bss           0x00000000000030f4        0x0 obj/default/croutine.o
 .bss           0x00000000000030f4        0x0 obj/default/list.o
 .bss           0x00000000000030f4        0x0 obj/default/master.o
 .bss           0x00000000000030f4        0x0 obj/default/portable/GCC/NiosII/port.o
 .bss           0x00000000000030f4     0x2340 obj/default/portable/MemMang/heap_1.o
 .bss           0x0000000000005434        0x0 obj/default/queue.o
 .bss           0x0000000000005434       0xc8 obj/default/tasks.o
 .bss           0x00000000000054fc        0x0 obj/default/timers.o
 .bss           0x00000000000054fc        0x0 obj/default/portable/GCC/NiosII/port_asm.o
 .bss           0x00000000000054fc        0x0 /mnt/Storage/soft/nios2eds/bin/gnu/H-x86_64-pc-linux-gnu/bin/../lib/gcc/nios2-elf/4.9.1/mno-hw-mul/libgcc.a(lib2-mul.o)
 .bss           0x00000000000054fc        0x0 /mnt/Storage/soft/nios2eds/bin/gnu/H-x86_64-pc-linux-gnu/bin/../lib/gcc/nios2-elf/4.9.1/../../../../../H-x86_64-pc-linux-gnu/nios2-elf/lib/mno-hw-mul/libsmallc.a(lib_a-memcpy.o)
 .bss           0x00000000000054fc        0x0 /mnt/Storage/soft/nios2eds/bin/gnu/H-x86_64-pc-linux-gnu/bin/../lib/gcc/nios2-elf/4.9.1/../../../../../H-x86_64-pc-linux-gnu/nios2-elf/lib/mno-hw-mul/libsmallc.a(lib_a-memset.o)
 .bss           0x00000000000054fc        0x0 ../master_bsp//libhal_bsp.a(alt_irq_handler.o)
 .bss           0x00000000000054fc        0x0 ../master_bsp//libhal_bsp.a(alt_irq_vars.o)
 .bss           0x00000000000054fc        0x0 ../master_bsp//libhal_bsp.a(alt_load.o)
 .bss           0x00000000000054fc        0x0 ../master_bsp//libhal_bsp.a(alt_main.o)
 .bss           0x00000000000054fc        0x0 ../master_bsp//libhal_bsp.a(alt_printf.o)
 .bss           0x00000000000054fc        0x0 ../master_bsp//libhal_bsp.a(alt_putchar.o)
 .bss           0x00000000000054fc        0x0 ../master_bsp//libhal_bsp.a(alt_putstr.o)
 .bss           0x00000000000054fc        0x0 ../master_bsp//libhal_bsp.a(alt_usleep.o)
 .bss           0x00000000000054fc        0x0 ../master_bsp//libhal_bsp.a(alt_sys_init.o)
 .bss           0x00000000000054fc        0x0 ../master_bsp//libhal_bsp.a(altera_avalon_jtag_uart_write.o)
 .bss           0x00000000000054fc        0x0 ../master_bsp//libhal_bsp.a(altera_avalon_mutex.o)
 .bss           0x00000000000054fc        0x0 ../master_bsp//libhal_bsp.a(alt_busy_sleep.o)
 .bss           0x00000000000054fc        0x0 ../master_bsp//libhal_bsp.a(alt_dcache_flush_all.o)
 .bss           0x00000000000054fc        0x0 ../master_bsp//libhal_bsp.a(alt_dev_llist_insert.o)
 .bss           0x00000000000054fc        0x0 ../master_bsp//libhal_bsp.a(alt_errno.o)
 .bss           0x00000000000054fc        0x0 ../master_bsp//libhal_bsp.a(alt_find_dev.o)
 .bss           0x00000000000054fc        0x0 ../master_bsp//libhal_bsp.a(alt_icache_flush_all.o)
 .bss           0x00000000000054fc        0x0 ../master_bsp//libhal_bsp.a(altera_nios2_qsys_irq.o)
 .bss           0x00000000000054fc        0x0 /mnt/Storage/soft/nios2eds/bin/gnu/H-x86_64-pc-linux-gnu/bin/../lib/gcc/nios2-elf/4.9.1/../../../../../H-x86_64-pc-linux-gnu/nios2-elf/lib/mno-hw-mul/libsmallc.a(lib_a-int_errno.o)
 .bss           0x00000000000054fc        0x0 /mnt/Storage/soft/nios2eds/bin/gnu/H-x86_64-pc-linux-gnu/bin/../lib/gcc/nios2-elf/4.9.1/../../../../../H-x86_64-pc-linux-gnu/nios2-elf/lib/mno-hw-mul/libsmallc.a(lib_a-memcmp.o)
 .bss           0x00000000000054fc        0x0 /mnt/Storage/soft/nios2eds/bin/gnu/H-x86_64-pc-linux-gnu/bin/../lib/gcc/nios2-elf/4.9.1/../../../../../H-x86_64-pc-linux-gnu/nios2-elf/lib/mno-hw-mul/libsmallc.a(lib_a-strlen.o)
 .bss           0x00000000000054fc        0x0 /mnt/Storage/soft/nios2eds/bin/gnu/H-x86_64-pc-linux-gnu/bin/../lib/gcc/nios2-elf/4.9.1/mno-hw-mul/libgcc.a(lib2-divmod.o)
 *(COMMON)
 COMMON         0x00000000000054fc      0x100 ../master_bsp//libhal_bsp.a(alt_irq_handler.o)
                0x00000000000054fc                alt_irq
                0x00000000000055fc                . = ALIGN (0x4)
                0x00000000000055fc                __bss_end = ABSOLUTE (.)

.onchip_memory2_0
                0x00000000000055fc        0x0
                0x00000000000055fc                PROVIDE (_alt_partition_onchip_memory2_0_start, ABSOLUTE (.))
 *(.onchip_memory2_0 .onchip_memory2_0. onchip_memory2_0.*)
                0x00000000000055fc                . = ALIGN (0x4)
                0x00000000000055fc                PROVIDE (_alt_partition_onchip_memory2_0_end, ABSOLUTE (.))
                0x00000000000055fc                _end = ABSOLUTE (.)
                0x00000000000055fc                end = ABSOLUTE (.)
                0x00000000000055fc                __alt_stack_base = ABSOLUTE (.)
                0x00000000000055fc                PROVIDE (_alt_partition_onchip_memory2_0_load_addr, LOADADDR (.onchip_memory2_0))

.memory_buff    0x0000000000010000        0x0 load address 0x00000000000055fc
                0x0000000000010000                PROVIDE (_alt_partition_memory_buff_start, ABSOLUTE (.))
 *(.memory_buff .memory_buff. memory_buff.*)
                0x0000000000010000                . = ALIGN (0x4)
                0x0000000000010000                PROVIDE (_alt_partition_memory_buff_end, ABSOLUTE (.))
                0x00000000000055fc                PROVIDE (_alt_partition_memory_buff_load_addr, LOADADDR (.memory_buff))

.stab
 *(.stab)

.stabstr
 *(.stabstr)

.stab.excl
 *(.stab.excl)

.stab.exclstr
 *(.stab.exclstr)

.stab.index
 *(.stab.index)

.stab.indexstr
 *(.stab.indexstr)

.comment        0x0000000000000000       0x23
 *(.comment)
 .comment       0x0000000000000000       0x23 obj/default/asym.o
                                         0x24 (size before relaxing)
 .comment       0x0000000000000000       0x24 obj/default/croutine.o
 .comment       0x0000000000000000       0x24 obj/default/list.o
 .comment       0x0000000000000000       0x24 obj/default/master.o
 .comment       0x0000000000000000       0x24 obj/default/portable/GCC/NiosII/port.o
 .comment       0x0000000000000000       0x24 obj/default/portable/MemMang/heap_1.o
 .comment       0x0000000000000000       0x24 obj/default/queue.o
 .comment       0x0000000000000000       0x24 obj/default/tasks.o
 .comment       0x0000000000000000       0x24 obj/default/timers.o
 .comment       0x0000000000000000       0x24 /mnt/Storage/soft/nios2eds/bin/gnu/H-x86_64-pc-linux-gnu/bin/../lib/gcc/nios2-elf/4.9.1/mno-hw-mul/libgcc.a(lib2-mul.o)
 .comment       0x0000000000000000       0x24 /mnt/Storage/soft/nios2eds/bin/gnu/H-x86_64-pc-linux-gnu/bin/../lib/gcc/nios2-elf/4.9.1/../../../../../H-x86_64-pc-linux-gnu/nios2-elf/lib/mno-hw-mul/libsmallc.a(lib_a-memcpy.o)
 .comment       0x0000000000000000       0x24 /mnt/Storage/soft/nios2eds/bin/gnu/H-x86_64-pc-linux-gnu/bin/../lib/gcc/nios2-elf/4.9.1/../../../../../H-x86_64-pc-linux-gnu/nios2-elf/lib/mno-hw-mul/libsmallc.a(lib_a-memset.o)
 .comment       0x0000000000000000       0x24 ../master_bsp//libhal_bsp.a(alt_irq_handler.o)
 .comment       0x0000000000000000       0x24 ../master_bsp//libhal_bsp.a(alt_irq_vars.o)
 .comment       0x0000000000000000       0x24 ../master_bsp//libhal_bsp.a(alt_load.o)
 .comment       0x0000000000000000       0x24 ../master_bsp//libhal_bsp.a(alt_main.o)
 .comment       0x0000000000000000       0x24 ../master_bsp//libhal_bsp.a(alt_printf.o)
 .comment       0x0000000000000000       0x24 ../master_bsp//libhal_bsp.a(alt_putchar.o)
 .comment       0x0000000000000000       0x24 ../master_bsp//libhal_bsp.a(alt_putstr.o)
 .comment       0x0000000000000000       0x24 ../master_bsp//libhal_bsp.a(alt_usleep.o)
 .comment       0x0000000000000000       0x24 ../master_bsp//libhal_bsp.a(alt_sys_init.o)
 .comment       0x0000000000000000       0x24 ../master_bsp//libhal_bsp.a(altera_avalon_jtag_uart_write.o)
 .comment       0x0000000000000000       0x24 ../master_bsp//libhal_bsp.a(altera_avalon_mutex.o)
 .comment       0x0000000000000000       0x24 ../master_bsp//libhal_bsp.a(alt_busy_sleep.o)
 .comment       0x0000000000000000       0x24 ../master_bsp//libhal_bsp.a(alt_dcache_flush_all.o)
 .comment       0x0000000000000000       0x24 ../master_bsp//libhal_bsp.a(alt_dev_llist_insert.o)
 .comment       0x0000000000000000       0x24 ../master_bsp//libhal_bsp.a(alt_errno.o)
 .comment       0x0000000000000000       0x24 ../master_bsp//libhal_bsp.a(alt_find_dev.o)
 .comment       0x0000000000000000       0x24 ../master_bsp//libhal_bsp.a(alt_icache_flush_all.o)
 .comment       0x0000000000000000       0x24 ../master_bsp//libhal_bsp.a(altera_nios2_qsys_irq.o)
 .comment       0x0000000000000000       0x24 /mnt/Storage/soft/nios2eds/bin/gnu/H-x86_64-pc-linux-gnu/bin/../lib/gcc/nios2-elf/4.9.1/../../../../../H-x86_64-pc-linux-gnu/nios2-elf/lib/mno-hw-mul/libsmallc.a(lib_a-int_errno.o)
 .comment       0x0000000000000000       0x24 /mnt/Storage/soft/nios2eds/bin/gnu/H-x86_64-pc-linux-gnu/bin/../lib/gcc/nios2-elf/4.9.1/../../../../../H-x86_64-pc-linux-gnu/nios2-elf/lib/mno-hw-mul/libsmallc.a(lib_a-memcmp.o)
 .comment       0x0000000000000000       0x24 /mnt/Storage/soft/nios2eds/bin/gnu/H-x86_64-pc-linux-gnu/bin/../lib/gcc/nios2-elf/4.9.1/../../../../../H-x86_64-pc-linux-gnu/nios2-elf/lib/mno-hw-mul/libsmallc.a(lib_a-strlen.o)
 .comment       0x0000000000000000       0x24 /mnt/Storage/soft/nios2eds/bin/gnu/H-x86_64-pc-linux-gnu/bin/../lib/gcc/nios2-elf/4.9.1/mno-hw-mul/libgcc.a(lib2-divmod.o)

.debug
 *(.debug)

.line
 *(.line)

.debug_srcinfo
 *(.debug_srcinfo)

.debug_sfnames
 *(.debug_sfnames)

.debug_aranges  0x0000000000000000      0x488
 *(.debug_aranges)
 .debug_aranges
                0x0000000000000000       0x28 ../master_bsp//obj/HAL/src/crt0.o
 .debug_aranges
                0x0000000000000028       0x20 obj/default/asym.o
 .debug_aranges
                0x0000000000000048       0x18 obj/default/croutine.o
 .debug_aranges
                0x0000000000000060       0x20 obj/default/list.o
 .debug_aranges
                0x0000000000000080       0x28 obj/default/master.o
 .debug_aranges
                0x00000000000000a8       0x20 obj/default/portable/GCC/NiosII/port.o
 .debug_aranges
                0x00000000000000c8       0x20 obj/default/portable/MemMang/heap_1.o
 .debug_aranges
                0x00000000000000e8       0x20 obj/default/queue.o
 .debug_aranges
                0x0000000000000108       0x20 obj/default/tasks.o
 .debug_aranges
                0x0000000000000128       0x18 obj/default/timers.o
 .debug_aranges
                0x0000000000000140       0x40 obj/default/portable/GCC/NiosII/port_asm.o
 .debug_aranges
                0x0000000000000180       0x20 /mnt/Storage/soft/nios2eds/bin/gnu/H-x86_64-pc-linux-gnu/bin/../lib/gcc/nios2-elf/4.9.1/mno-hw-mul/libgcc.a(lib2-mul.o)
 .debug_aranges
                0x00000000000001a0       0x20 /mnt/Storage/soft/nios2eds/bin/gnu/H-x86_64-pc-linux-gnu/bin/../lib/gcc/nios2-elf/4.9.1/../../../../../H-x86_64-pc-linux-gnu/nios2-elf/lib/mno-hw-mul/libsmallc.a(lib_a-memcpy.o)
 .debug_aranges
                0x00000000000001c0       0x20 /mnt/Storage/soft/nios2eds/bin/gnu/H-x86_64-pc-linux-gnu/bin/../lib/gcc/nios2-elf/4.9.1/../../../../../H-x86_64-pc-linux-gnu/nios2-elf/lib/mno-hw-mul/libsmallc.a(lib_a-memset.o)
 .debug_aranges
                0x00000000000001e0       0x20 ../master_bsp//libhal_bsp.a(alt_irq_handler.o)
 .debug_aranges
                0x0000000000000200       0x18 ../master_bsp//libhal_bsp.a(alt_irq_vars.o)
 .debug_aranges
                0x0000000000000218       0x20 ../master_bsp//libhal_bsp.a(alt_load.o)
 .debug_aranges
                0x0000000000000238       0x20 ../master_bsp//libhal_bsp.a(alt_main.o)
 .debug_aranges
                0x0000000000000258       0x20 ../master_bsp//libhal_bsp.a(alt_printf.o)
 .debug_aranges
                0x0000000000000278       0x20 ../master_bsp//libhal_bsp.a(alt_putchar.o)
 .debug_aranges
                0x0000000000000298       0x20 ../master_bsp//libhal_bsp.a(alt_putstr.o)
 .debug_aranges
                0x00000000000002b8       0x20 ../master_bsp//libhal_bsp.a(alt_usleep.o)
 .debug_aranges
                0x00000000000002d8       0x20 ../master_bsp//libhal_bsp.a(alt_sys_init.o)
 .debug_aranges
                0x00000000000002f8       0x20 ../master_bsp//libhal_bsp.a(altera_avalon_jtag_uart_write.o)
 .debug_aranges
                0x0000000000000318       0x20 ../master_bsp//libhal_bsp.a(altera_avalon_mutex.o)
 .debug_aranges
                0x0000000000000338       0x20 ../master_bsp//libhal_bsp.a(alt_busy_sleep.o)
 .debug_aranges
                0x0000000000000358       0x20 ../master_bsp//libhal_bsp.a(alt_dcache_flush_all.o)
 .debug_aranges
                0x0000000000000378       0x20 ../master_bsp//libhal_bsp.a(alt_dev_llist_insert.o)
 .debug_aranges
                0x0000000000000398       0x18 ../master_bsp//libhal_bsp.a(alt_errno.o)
 .debug_aranges
                0x00000000000003b0       0x20 ../master_bsp//libhal_bsp.a(alt_find_dev.o)
 .debug_aranges
                0x00000000000003d0       0x20 ../master_bsp//libhal_bsp.a(alt_icache_flush_all.o)
 .debug_aranges
                0x00000000000003f0       0x20 ../master_bsp//libhal_bsp.a(altera_nios2_qsys_irq.o)
 .debug_aranges
                0x0000000000000410       0x18 /mnt/Storage/soft/nios2eds/bin/gnu/H-x86_64-pc-linux-gnu/bin/../lib/gcc/nios2-elf/4.9.1/../../../../../H-x86_64-pc-linux-gnu/nios2-elf/lib/mno-hw-mul/libsmallc.a(lib_a-int_errno.o)
 .debug_aranges
                0x0000000000000428       0x20 /mnt/Storage/soft/nios2eds/bin/gnu/H-x86_64-pc-linux-gnu/bin/../lib/gcc/nios2-elf/4.9.1/../../../../../H-x86_64-pc-linux-gnu/nios2-elf/lib/mno-hw-mul/libsmallc.a(lib_a-memcmp.o)
 .debug_aranges
                0x0000000000000448       0x20 /mnt/Storage/soft/nios2eds/bin/gnu/H-x86_64-pc-linux-gnu/bin/../lib/gcc/nios2-elf/4.9.1/../../../../../H-x86_64-pc-linux-gnu/nios2-elf/lib/mno-hw-mul/libsmallc.a(lib_a-strlen.o)
 .debug_aranges
                0x0000000000000468       0x20 /mnt/Storage/soft/nios2eds/bin/gnu/H-x86_64-pc-linux-gnu/bin/../lib/gcc/nios2-elf/4.9.1/mno-hw-mul/libgcc.a(lib2-divmod.o)

.debug_pubnames
 *(.debug_pubnames)

.debug_info     0x0000000000000000     0x6682
 *(.debug_info .gnu.linkonce.wi.*)
 .debug_info    0x0000000000000000       0x74 ../master_bsp//obj/HAL/src/crt0.o
 .debug_info    0x0000000000000074      0x29a obj/default/asym.o
 .debug_info    0x000000000000030e       0x98 obj/default/croutine.o
 .debug_info    0x00000000000003a6      0x2b7 obj/default/list.o
 .debug_info    0x000000000000065d      0x5bf obj/default/master.o
 .debug_info    0x0000000000000c1c      0x4ee obj/default/portable/GCC/NiosII/port.o
 .debug_info    0x000000000000110a      0x1be obj/default/portable/MemMang/heap_1.o
 .debug_info    0x00000000000012c8     0x1123 obj/default/queue.o
 .debug_info    0x00000000000023eb     0x1d62 obj/default/tasks.o
 .debug_info    0x000000000000414d       0x98 obj/default/timers.o
 .debug_info    0x00000000000041e5       0x80 obj/default/portable/GCC/NiosII/port_asm.o
 .debug_info    0x0000000000004265       0xb4 /mnt/Storage/soft/nios2eds/bin/gnu/H-x86_64-pc-linux-gnu/bin/../lib/gcc/nios2-elf/4.9.1/mno-hw-mul/libgcc.a(lib2-mul.o)
 .debug_info    0x0000000000004319      0x106 /mnt/Storage/soft/nios2eds/bin/gnu/H-x86_64-pc-linux-gnu/bin/../lib/gcc/nios2-elf/4.9.1/../../../../../H-x86_64-pc-linux-gnu/nios2-elf/lib/mno-hw-mul/libsmallc.a(lib_a-memcpy.o)
 .debug_info    0x000000000000441f       0xd5 /mnt/Storage/soft/nios2eds/bin/gnu/H-x86_64-pc-linux-gnu/bin/../lib/gcc/nios2-elf/4.9.1/../../../../../H-x86_64-pc-linux-gnu/nios2-elf/lib/mno-hw-mul/libsmallc.a(lib_a-memset.o)
 .debug_info    0x00000000000044f4      0x1a5 ../master_bsp//libhal_bsp.a(alt_irq_handler.o)
 .debug_info    0x0000000000004699       0x88 ../master_bsp//libhal_bsp.a(alt_irq_vars.o)
 .debug_info    0x0000000000004721      0x1d2 ../master_bsp//libhal_bsp.a(alt_load.o)
 .debug_info    0x00000000000048f3      0x1a1 ../master_bsp//libhal_bsp.a(alt_main.o)
 .debug_info    0x0000000000004a94      0x153 ../master_bsp//libhal_bsp.a(alt_printf.o)
 .debug_info    0x0000000000004be7      0x138 ../master_bsp//libhal_bsp.a(alt_putchar.o)
 .debug_info    0x0000000000004d1f      0x15d ../master_bsp//libhal_bsp.a(alt_putstr.o)
 .debug_info    0x0000000000004e7c       0xd0 ../master_bsp//libhal_bsp.a(alt_usleep.o)
 .debug_info    0x0000000000004f4c      0x306 ../master_bsp//libhal_bsp.a(alt_sys_init.o)
 .debug_info    0x0000000000005252      0x1a6 ../master_bsp//libhal_bsp.a(altera_avalon_jtag_uart_write.o)
 .debug_info    0x00000000000053f8      0x5ef ../master_bsp//libhal_bsp.a(altera_avalon_mutex.o)
 .debug_info    0x00000000000059e7       0xd1 ../master_bsp//libhal_bsp.a(alt_busy_sleep.o)
 .debug_info    0x0000000000005ab8       0x8b ../master_bsp//libhal_bsp.a(alt_dcache_flush_all.o)
 .debug_info    0x0000000000005b43      0x1a8 ../master_bsp//libhal_bsp.a(alt_dev_llist_insert.o)
 .debug_info    0x0000000000005ceb       0x9f ../master_bsp//libhal_bsp.a(alt_errno.o)
 .debug_info    0x0000000000005d8a      0x356 ../master_bsp//libhal_bsp.a(alt_find_dev.o)
 .debug_info    0x00000000000060e0       0x8b ../master_bsp//libhal_bsp.a(alt_icache_flush_all.o)
 .debug_info    0x000000000000616b       0xb1 ../master_bsp//libhal_bsp.a(altera_nios2_qsys_irq.o)
 .debug_info    0x000000000000621c       0x83 /mnt/Storage/soft/nios2eds/bin/gnu/H-x86_64-pc-linux-gnu/bin/../lib/gcc/nios2-elf/4.9.1/../../../../../H-x86_64-pc-linux-gnu/nios2-elf/lib/mno-hw-mul/libsmallc.a(lib_a-int_errno.o)
 .debug_info    0x000000000000629f       0xed /mnt/Storage/soft/nios2eds/bin/gnu/H-x86_64-pc-linux-gnu/bin/../lib/gcc/nios2-elf/4.9.1/../../../../../H-x86_64-pc-linux-gnu/nios2-elf/lib/mno-hw-mul/libsmallc.a(lib_a-memcmp.o)
 .debug_info    0x000000000000638c       0xc2 /mnt/Storage/soft/nios2eds/bin/gnu/H-x86_64-pc-linux-gnu/bin/../lib/gcc/nios2-elf/4.9.1/../../../../../H-x86_64-pc-linux-gnu/nios2-elf/lib/mno-hw-mul/libsmallc.a(lib_a-strlen.o)
 .debug_info    0x000000000000644e      0x234 /mnt/Storage/soft/nios2eds/bin/gnu/H-x86_64-pc-linux-gnu/bin/../lib/gcc/nios2-elf/4.9.1/mno-hw-mul/libgcc.a(lib2-divmod.o)

.debug_abbrev   0x0000000000000000     0x22a7
 *(.debug_abbrev)
 .debug_abbrev  0x0000000000000000       0x12 ../master_bsp//obj/HAL/src/crt0.o
 .debug_abbrev  0x0000000000000012      0x144 obj/default/asym.o
 .debug_abbrev  0x0000000000000156       0x4b obj/default/croutine.o
 .debug_abbrev  0x00000000000001a1       0xe7 obj/default/list.o
 .debug_abbrev  0x0000000000000288      0x1d1 obj/default/master.o
 .debug_abbrev  0x0000000000000459      0x278 obj/default/portable/GCC/NiosII/port.o
 .debug_abbrev  0x00000000000006d1      0x144 obj/default/portable/MemMang/heap_1.o
 .debug_abbrev  0x0000000000000815      0x2c2 obj/default/queue.o
 .debug_abbrev  0x0000000000000ad7      0x418 obj/default/tasks.o
 .debug_abbrev  0x0000000000000eef       0x4b obj/default/timers.o
 .debug_abbrev  0x0000000000000f3a       0x12 obj/default/portable/GCC/NiosII/port_asm.o
 .debug_abbrev  0x0000000000000f4c       0x6f /mnt/Storage/soft/nios2eds/bin/gnu/H-x86_64-pc-linux-gnu/bin/../lib/gcc/nios2-elf/4.9.1/mno-hw-mul/libgcc.a(lib2-mul.o)
 .debug_abbrev  0x0000000000000fbb       0xa4 /mnt/Storage/soft/nios2eds/bin/gnu/H-x86_64-pc-linux-gnu/bin/../lib/gcc/nios2-elf/4.9.1/../../../../../H-x86_64-pc-linux-gnu/nios2-elf/lib/mno-hw-mul/libsmallc.a(lib_a-memcpy.o)
 .debug_abbrev  0x000000000000105f       0x8e /mnt/Storage/soft/nios2eds/bin/gnu/H-x86_64-pc-linux-gnu/bin/../lib/gcc/nios2-elf/4.9.1/../../../../../H-x86_64-pc-linux-gnu/nios2-elf/lib/mno-hw-mul/libsmallc.a(lib_a-memset.o)
 .debug_abbrev  0x00000000000010ed      0x13a ../master_bsp//libhal_bsp.a(alt_irq_handler.o)
 .debug_abbrev  0x0000000000001227       0x40 ../master_bsp//libhal_bsp.a(alt_irq_vars.o)
 .debug_abbrev  0x0000000000001267       0xe1 ../master_bsp//libhal_bsp.a(alt_load.o)
 .debug_abbrev  0x0000000000001348      0x127 ../master_bsp//libhal_bsp.a(alt_main.o)
 .debug_abbrev  0x000000000000146f       0xde ../master_bsp//libhal_bsp.a(alt_printf.o)
 .debug_abbrev  0x000000000000154d       0xd4 ../master_bsp//libhal_bsp.a(alt_putchar.o)
 .debug_abbrev  0x0000000000001621       0xe2 ../master_bsp//libhal_bsp.a(alt_putstr.o)
 .debug_abbrev  0x0000000000001703       0x96 ../master_bsp//libhal_bsp.a(alt_usleep.o)
 .debug_abbrev  0x0000000000001799      0x1c5 ../master_bsp//libhal_bsp.a(alt_sys_init.o)
 .debug_abbrev  0x000000000000195e       0xd5 ../master_bsp//libhal_bsp.a(altera_avalon_jtag_uart_write.o)
 .debug_abbrev  0x0000000000001a33      0x24a ../master_bsp//libhal_bsp.a(altera_avalon_mutex.o)
 .debug_abbrev  0x0000000000001c7d       0x8d ../master_bsp//libhal_bsp.a(alt_busy_sleep.o)
 .debug_abbrev  0x0000000000001d0a       0x42 ../master_bsp//libhal_bsp.a(alt_dcache_flush_all.o)
 .debug_abbrev  0x0000000000001d4c      0x11c ../master_bsp//libhal_bsp.a(alt_dev_llist_insert.o)
 .debug_abbrev  0x0000000000001e68       0x5a ../master_bsp//libhal_bsp.a(alt_errno.o)
 .debug_abbrev  0x0000000000001ec2      0x12e ../master_bsp//libhal_bsp.a(alt_find_dev.o)
 .debug_abbrev  0x0000000000001ff0       0x42 ../master_bsp//libhal_bsp.a(alt_icache_flush_all.o)
 .debug_abbrev  0x0000000000002032       0x67 ../master_bsp//libhal_bsp.a(altera_nios2_qsys_irq.o)
 .debug_abbrev  0x0000000000002099       0x37 /mnt/Storage/soft/nios2eds/bin/gnu/H-x86_64-pc-linux-gnu/bin/../lib/gcc/nios2-elf/4.9.1/../../../../../H-x86_64-pc-linux-gnu/nios2-elf/lib/mno-hw-mul/libsmallc.a(lib_a-int_errno.o)
 .debug_abbrev  0x00000000000020d0       0x7f /mnt/Storage/soft/nios2eds/bin/gnu/H-x86_64-pc-linux-gnu/bin/../lib/gcc/nios2-elf/4.9.1/../../../../../H-x86_64-pc-linux-gnu/nios2-elf/lib/mno-hw-mul/libsmallc.a(lib_a-memcmp.o)
 .debug_abbrev  0x000000000000214f       0x7f /mnt/Storage/soft/nios2eds/bin/gnu/H-x86_64-pc-linux-gnu/bin/../lib/gcc/nios2-elf/4.9.1/../../../../../H-x86_64-pc-linux-gnu/nios2-elf/lib/mno-hw-mul/libsmallc.a(lib_a-strlen.o)
 .debug_abbrev  0x00000000000021ce       0xd9 /mnt/Storage/soft/nios2eds/bin/gnu/H-x86_64-pc-linux-gnu/bin/../lib/gcc/nios2-elf/4.9.1/mno-hw-mul/libgcc.a(lib2-divmod.o)

.debug_line     0x0000000000000000     0x2bc1
 *(.debug_line)
 .debug_line    0x0000000000000000       0x66 ../master_bsp//obj/HAL/src/crt0.o
 .debug_line    0x0000000000000066      0x126 obj/default/asym.o
 .debug_line    0x000000000000018c       0x73 obj/default/croutine.o
 .debug_line    0x00000000000001ff      0x155 obj/default/list.o
 .debug_line    0x0000000000000354      0x267 obj/default/master.o
 .debug_line    0x00000000000005bb      0x1dd obj/default/portable/GCC/NiosII/port.o
 .debug_line    0x0000000000000798      0x1b7 obj/default/portable/MemMang/heap_1.o
 .debug_line    0x000000000000094f      0x403 obj/default/queue.o
 .debug_line    0x0000000000000d52      0x7b3 obj/default/tasks.o
 .debug_line    0x0000000000001505       0x73 obj/default/timers.o
 .debug_line    0x0000000000001578       0xdf obj/default/portable/GCC/NiosII/port_asm.o
 .debug_line    0x0000000000001657       0x80 /mnt/Storage/soft/nios2eds/bin/gnu/H-x86_64-pc-linux-gnu/bin/../lib/gcc/nios2-elf/4.9.1/mno-hw-mul/libgcc.a(lib2-mul.o)
 .debug_line    0x00000000000016d7      0x160 /mnt/Storage/soft/nios2eds/bin/gnu/H-x86_64-pc-linux-gnu/bin/../lib/gcc/nios2-elf/4.9.1/../../../../../H-x86_64-pc-linux-gnu/nios2-elf/lib/mno-hw-mul/libsmallc.a(lib_a-memcpy.o)
 .debug_line    0x0000000000001837      0x15f /mnt/Storage/soft/nios2eds/bin/gnu/H-x86_64-pc-linux-gnu/bin/../lib/gcc/nios2-elf/4.9.1/../../../../../H-x86_64-pc-linux-gnu/nios2-elf/lib/mno-hw-mul/libsmallc.a(lib_a-memset.o)
 .debug_line    0x0000000000001996       0xc8 ../master_bsp//libhal_bsp.a(alt_irq_handler.o)
 .debug_line    0x0000000000001a5e       0x50 ../master_bsp//libhal_bsp.a(alt_irq_vars.o)
 .debug_line    0x0000000000001aae       0xa6 ../master_bsp//libhal_bsp.a(alt_load.o)
 .debug_line    0x0000000000001b54       0xea ../master_bsp//libhal_bsp.a(alt_main.o)
 .debug_line    0x0000000000001c3e      0x110 ../master_bsp//libhal_bsp.a(alt_printf.o)
 .debug_line    0x0000000000001d4e       0x4d ../master_bsp//libhal_bsp.a(alt_putchar.o)
 .debug_line    0x0000000000001d9b      0x105 ../master_bsp//libhal_bsp.a(alt_putstr.o)
 .debug_line    0x0000000000001ea0       0xcf ../master_bsp//libhal_bsp.a(alt_usleep.o)
 .debug_line    0x0000000000001f6f      0x18a ../master_bsp//libhal_bsp.a(alt_sys_init.o)
 .debug_line    0x00000000000020f9      0x104 ../master_bsp//libhal_bsp.a(altera_avalon_jtag_uart_write.o)
 .debug_line    0x00000000000021fd      0x160 ../master_bsp//libhal_bsp.a(altera_avalon_mutex.o)
 .debug_line    0x000000000000235d       0xc0 ../master_bsp//libhal_bsp.a(alt_busy_sleep.o)
 .debug_line    0x000000000000241d       0x4e ../master_bsp//libhal_bsp.a(alt_dcache_flush_all.o)
 .debug_line    0x000000000000246b       0xd8 ../master_bsp//libhal_bsp.a(alt_dev_llist_insert.o)
 .debug_line    0x0000000000002543       0x51 ../master_bsp//libhal_bsp.a(alt_errno.o)
 .debug_line    0x0000000000002594      0x16c ../master_bsp//libhal_bsp.a(alt_find_dev.o)
 .debug_line    0x0000000000002700       0x4e ../master_bsp//libhal_bsp.a(alt_icache_flush_all.o)
 .debug_line    0x000000000000274e       0x8c ../master_bsp//libhal_bsp.a(altera_nios2_qsys_irq.o)
 .debug_line    0x00000000000027da       0x60 /mnt/Storage/soft/nios2eds/bin/gnu/H-x86_64-pc-linux-gnu/bin/../lib/gcc/nios2-elf/4.9.1/../../../../../H-x86_64-pc-linux-gnu/nios2-elf/lib/mno-hw-mul/libsmallc.a(lib_a-int_errno.o)
 .debug_line    0x000000000000283a      0x162 /mnt/Storage/soft/nios2eds/bin/gnu/H-x86_64-pc-linux-gnu/bin/../lib/gcc/nios2-elf/4.9.1/../../../../../H-x86_64-pc-linux-gnu/nios2-elf/lib/mno-hw-mul/libsmallc.a(lib_a-memcmp.o)
 .debug_line    0x000000000000299c      0x15e /mnt/Storage/soft/nios2eds/bin/gnu/H-x86_64-pc-linux-gnu/bin/../lib/gcc/nios2-elf/4.9.1/../../../../../H-x86_64-pc-linux-gnu/nios2-elf/lib/mno-hw-mul/libsmallc.a(lib_a-strlen.o)
 .debug_line    0x0000000000002afa       0xc7 /mnt/Storage/soft/nios2eds/bin/gnu/H-x86_64-pc-linux-gnu/bin/../lib/gcc/nios2-elf/4.9.1/mno-hw-mul/libgcc.a(lib2-divmod.o)

.debug_frame    0x0000000000000000      0xee4
 *(.debug_frame)
 .debug_frame   0x0000000000000000       0x3c obj/default/asym.o
 .debug_frame   0x000000000000003c       0x60 obj/default/list.o
 .debug_frame   0x000000000000009c       0x6c obj/default/master.o
 .debug_frame   0x0000000000000108       0x80 obj/default/portable/GCC/NiosII/port.o
 .debug_frame   0x0000000000000188       0x64 obj/default/portable/MemMang/heap_1.o
 .debug_frame   0x00000000000001ec      0x2f0 obj/default/queue.o
 .debug_frame   0x00000000000004dc      0x594 obj/default/tasks.o
 .debug_frame   0x0000000000000a70       0x20 /mnt/Storage/soft/nios2eds/bin/gnu/H-x86_64-pc-linux-gnu/bin/../lib/gcc/nios2-elf/4.9.1/mno-hw-mul/libgcc.a(lib2-mul.o)
 .debug_frame   0x0000000000000a90       0x20 /mnt/Storage/soft/nios2eds/bin/gnu/H-x86_64-pc-linux-gnu/bin/../lib/gcc/nios2-elf/4.9.1/../../../../../H-x86_64-pc-linux-gnu/nios2-elf/lib/mno-hw-mul/libsmallc.a(lib_a-memcpy.o)
 .debug_frame   0x0000000000000ab0       0x20 /mnt/Storage/soft/nios2eds/bin/gnu/H-x86_64-pc-linux-gnu/bin/../lib/gcc/nios2-elf/4.9.1/../../../../../H-x86_64-pc-linux-gnu/nios2-elf/lib/mno-hw-mul/libsmallc.a(lib_a-memset.o)
 .debug_frame   0x0000000000000ad0       0x34 ../master_bsp//libhal_bsp.a(alt_irq_handler.o)
 .debug_frame   0x0000000000000b04       0x30 ../master_bsp//libhal_bsp.a(alt_load.o)
 .debug_frame   0x0000000000000b34       0x2c ../master_bsp//libhal_bsp.a(alt_main.o)
 .debug_frame   0x0000000000000b60       0x54 ../master_bsp//libhal_bsp.a(alt_printf.o)
 .debug_frame   0x0000000000000bb4       0x30 ../master_bsp//libhal_bsp.a(alt_putchar.o)
 .debug_frame   0x0000000000000be4       0x30 ../master_bsp//libhal_bsp.a(alt_putstr.o)
 .debug_frame   0x0000000000000c14       0x20 ../master_bsp//libhal_bsp.a(alt_usleep.o)
 .debug_frame   0x0000000000000c34       0x3c ../master_bsp//libhal_bsp.a(alt_sys_init.o)
 .debug_frame   0x0000000000000c70       0x20 ../master_bsp//libhal_bsp.a(altera_avalon_jtag_uart_write.o)
 .debug_frame   0x0000000000000c90       0x90 ../master_bsp//libhal_bsp.a(altera_avalon_mutex.o)
 .debug_frame   0x0000000000000d20       0x30 ../master_bsp//libhal_bsp.a(alt_busy_sleep.o)
 .debug_frame   0x0000000000000d50       0x20 ../master_bsp//libhal_bsp.a(alt_dcache_flush_all.o)
 .debug_frame   0x0000000000000d70       0x2c ../master_bsp//libhal_bsp.a(alt_dev_llist_insert.o)
 .debug_frame   0x0000000000000d9c       0x3c ../master_bsp//libhal_bsp.a(alt_find_dev.o)
 .debug_frame   0x0000000000000dd8       0x20 ../master_bsp//libhal_bsp.a(alt_icache_flush_all.o)
 .debug_frame   0x0000000000000df8       0x20 ../master_bsp//libhal_bsp.a(altera_nios2_qsys_irq.o)
 .debug_frame   0x0000000000000e18       0x20 /mnt/Storage/soft/nios2eds/bin/gnu/H-x86_64-pc-linux-gnu/bin/../lib/gcc/nios2-elf/4.9.1/../../../../../H-x86_64-pc-linux-gnu/nios2-elf/lib/mno-hw-mul/libsmallc.a(lib_a-memcmp.o)
 .debug_frame   0x0000000000000e38       0x20 /mnt/Storage/soft/nios2eds/bin/gnu/H-x86_64-pc-linux-gnu/bin/../lib/gcc/nios2-elf/4.9.1/../../../../../H-x86_64-pc-linux-gnu/nios2-elf/lib/mno-hw-mul/libsmallc.a(lib_a-strlen.o)
 .debug_frame   0x0000000000000e58       0x8c /mnt/Storage/soft/nios2eds/bin/gnu/H-x86_64-pc-linux-gnu/bin/../lib/gcc/nios2-elf/4.9.1/mno-hw-mul/libgcc.a(lib2-divmod.o)

.debug_str      0x0000000000000000     0x1e37
 *(.debug_str)
 .debug_str     0x0000000000000000      0x208 obj/default/asym.o
                                        0x253 (size before relaxing)
 .debug_str     0x0000000000000208       0x34 obj/default/croutine.o
                                        0x13a (size before relaxing)
 .debug_str     0x000000000000023c      0x106 obj/default/list.o
                                        0x27e (size before relaxing)
 .debug_str     0x0000000000000342      0x14d obj/default/master.o
                                        0x35f (size before relaxing)
 .debug_str     0x000000000000048f      0x17f obj/default/portable/GCC/NiosII/port.o
                                        0x2ff (size before relaxing)
 .debug_str     0x000000000000060e       0xc3 obj/default/portable/MemMang/heap_1.o
                                        0x206 (size before relaxing)
 .debug_str     0x00000000000006d1      0x4ec obj/default/queue.o
                                        0x780 (size before relaxing)
 .debug_str     0x0000000000000bbd      0x7d3 obj/default/tasks.o
                                        0xd60 (size before relaxing)
 .debug_str     0x0000000000001390        0x9 obj/default/timers.o
                                        0x138 (size before relaxing)
 .debug_str     0x0000000000001399      0x147 /mnt/Storage/soft/nios2eds/bin/gnu/H-x86_64-pc-linux-gnu/bin/../lib/gcc/nios2-elf/4.9.1/mno-hw-mul/libgcc.a(lib2-mul.o)
                                        0x192 (size before relaxing)
 .debug_str     0x00000000000014e0      0x118 /mnt/Storage/soft/nios2eds/bin/gnu/H-x86_64-pc-linux-gnu/bin/../lib/gcc/nios2-elf/4.9.1/../../../../../H-x86_64-pc-linux-gnu/nios2-elf/lib/mno-hw-mul/libsmallc.a(lib_a-memcpy.o)
                                        0x1b8 (size before relaxing)
 .debug_str     0x00000000000015f8       0x3e /mnt/Storage/soft/nios2eds/bin/gnu/H-x86_64-pc-linux-gnu/bin/../lib/gcc/nios2-elf/4.9.1/../../../../../H-x86_64-pc-linux-gnu/nios2-elf/lib/mno-hw-mul/libsmallc.a(lib_a-memset.o)
                                        0x1a4 (size before relaxing)
 .debug_str     0x0000000000001636       0x7a ../master_bsp//libhal_bsp.a(alt_irq_handler.o)
                                        0x1a1 (size before relaxing)
 .debug_str     0x00000000000016b0       0x17 ../master_bsp//libhal_bsp.a(alt_irq_vars.o)
                                        0x12f (size before relaxing)
 .debug_str     0x00000000000016c7      0x113 ../master_bsp//libhal_bsp.a(alt_load.o)
                                        0x225 (size before relaxing)
 .debug_str     0x00000000000017da       0x5e ../master_bsp//libhal_bsp.a(alt_main.o)
                                        0x1c7 (size before relaxing)
 .debug_str     0x0000000000001838       0x59 ../master_bsp//libhal_bsp.a(alt_printf.o)
                                         0xfb (size before relaxing)
 .debug_str     0x0000000000001891       0x60 ../master_bsp//libhal_bsp.a(alt_putchar.o)
                                        0x176 (size before relaxing)
 .debug_str     0x00000000000018f1       0x1c ../master_bsp//libhal_bsp.a(alt_putstr.o)
                                        0x182 (size before relaxing)
 .debug_str     0x000000000000190d       0x24 ../master_bsp//libhal_bsp.a(alt_usleep.o)
                                        0x140 (size before relaxing)
 .debug_str     0x0000000000001931      0x102 ../master_bsp//libhal_bsp.a(alt_sys_init.o)
                                        0x301 (size before relaxing)
 .debug_str     0x0000000000001a33       0x32 ../master_bsp//libhal_bsp.a(altera_avalon_jtag_uart_write.o)
                                        0x21f (size before relaxing)
 .debug_str     0x0000000000001a65      0x102 ../master_bsp//libhal_bsp.a(altera_avalon_mutex.o)
                                        0x324 (size before relaxing)
 .debug_str     0x0000000000001b67       0x33 ../master_bsp//libhal_bsp.a(alt_busy_sleep.o)
                                        0x154 (size before relaxing)
 .debug_str     0x0000000000001b9a       0x1f ../master_bsp//libhal_bsp.a(alt_dcache_flush_all.o)
                                        0x13e (size before relaxing)
 .debug_str     0x0000000000001bb9       0x36 ../master_bsp//libhal_bsp.a(alt_dev_llist_insert.o)
                                        0x1b5 (size before relaxing)
 .debug_str     0x0000000000001bef       0x14 ../master_bsp//libhal_bsp.a(alt_errno.o)
                                        0x12e (size before relaxing)
 .debug_str     0x0000000000001c03       0x25 ../master_bsp//libhal_bsp.a(alt_find_dev.o)
                                        0x1ea (size before relaxing)
 .debug_str     0x0000000000001c28       0x1f ../master_bsp//libhal_bsp.a(alt_icache_flush_all.o)
                                        0x13e (size before relaxing)
 .debug_str     0x0000000000001c47       0x20 ../master_bsp//libhal_bsp.a(altera_nios2_qsys_irq.o)
                                        0x16e (size before relaxing)
 .debug_str     0x0000000000001c67       0xd5 /mnt/Storage/soft/nios2eds/bin/gnu/H-x86_64-pc-linux-gnu/bin/../lib/gcc/nios2-elf/4.9.1/../../../../../H-x86_64-pc-linux-gnu/nios2-elf/lib/mno-hw-mul/libsmallc.a(lib_a-int_errno.o)
                                        0x19d (size before relaxing)
 .debug_str     0x0000000000001d3c       0x3e /mnt/Storage/soft/nios2eds/bin/gnu/H-x86_64-pc-linux-gnu/bin/../lib/gcc/nios2-elf/4.9.1/../../../../../H-x86_64-pc-linux-gnu/nios2-elf/lib/mno-hw-mul/libsmallc.a(lib_a-memcmp.o)
                                        0x1a4 (size before relaxing)
 .debug_str     0x0000000000001d7a       0x3e /mnt/Storage/soft/nios2eds/bin/gnu/H-x86_64-pc-linux-gnu/bin/../lib/gcc/nios2-elf/4.9.1/../../../../../H-x86_64-pc-linux-gnu/nios2-elf/lib/mno-hw-mul/libsmallc.a(lib_a-strlen.o)
                                        0x1aa (size before relaxing)
 .debug_str     0x0000000000001db8       0x7f /mnt/Storage/soft/nios2eds/bin/gnu/H-x86_64-pc-linux-gnu/bin/../lib/gcc/nios2-elf/4.9.1/mno-hw-mul/libgcc.a(lib2-divmod.o)
                                        0x1d1 (size before relaxing)

.debug_loc      0x0000000000000000     0x2e80
 *(.debug_loc)
 .debug_loc     0x0000000000000000       0x73 obj/default/list.o
 .debug_loc     0x0000000000000073       0x80 obj/default/master.o
 .debug_loc     0x00000000000000f3      0x24a obj/default/portable/GCC/NiosII/port.o
 .debug_loc     0x000000000000033d       0x78 obj/default/portable/MemMang/heap_1.o
 .debug_loc     0x00000000000003b5      0xb3c obj/default/queue.o
 .debug_loc     0x0000000000000ef1     0x130d obj/default/tasks.o
 .debug_loc     0x00000000000021fe       0x93 /mnt/Storage/soft/nios2eds/bin/gnu/H-x86_64-pc-linux-gnu/bin/../lib/gcc/nios2-elf/4.9.1/mno-hw-mul/libgcc.a(lib2-mul.o)
 .debug_loc     0x0000000000002291      0x11b /mnt/Storage/soft/nios2eds/bin/gnu/H-x86_64-pc-linux-gnu/bin/../lib/gcc/nios2-elf/4.9.1/../../../../../H-x86_64-pc-linux-gnu/nios2-elf/lib/mno-hw-mul/libsmallc.a(lib_a-memcpy.o)
 .debug_loc     0x00000000000023ac       0xa5 /mnt/Storage/soft/nios2eds/bin/gnu/H-x86_64-pc-linux-gnu/bin/../lib/gcc/nios2-elf/4.9.1/../../../../../H-x86_64-pc-linux-gnu/nios2-elf/lib/mno-hw-mul/libsmallc.a(lib_a-memset.o)
 .debug_loc     0x0000000000002451       0x98 ../master_bsp//libhal_bsp.a(alt_irq_handler.o)
 .debug_loc     0x00000000000024e9       0x8d ../master_bsp//libhal_bsp.a(alt_load.o)
 .debug_loc     0x0000000000002576      0x1c6 ../master_bsp//libhal_bsp.a(alt_printf.o)
 .debug_loc     0x000000000000273c       0x2c ../master_bsp//libhal_bsp.a(alt_putchar.o)
 .debug_loc     0x0000000000002768       0x37 ../master_bsp//libhal_bsp.a(alt_putstr.o)
 .debug_loc     0x000000000000279f       0x21 ../master_bsp//libhal_bsp.a(alt_usleep.o)
 .debug_loc     0x00000000000027c0       0x21 ../master_bsp//libhal_bsp.a(alt_sys_init.o)
 .debug_loc     0x00000000000027e1       0x8b ../master_bsp//libhal_bsp.a(altera_avalon_jtag_uart_write.o)
 .debug_loc     0x000000000000286c      0x1b2 ../master_bsp//libhal_bsp.a(altera_avalon_mutex.o)
 .debug_loc     0x0000000000002a1e       0x67 ../master_bsp//libhal_bsp.a(alt_busy_sleep.o)
 .debug_loc     0x0000000000002a85       0x58 ../master_bsp//libhal_bsp.a(alt_dev_llist_insert.o)
 .debug_loc     0x0000000000002add       0x7e ../master_bsp//libhal_bsp.a(alt_find_dev.o)
 .debug_loc     0x0000000000002b5b       0x94 /mnt/Storage/soft/nios2eds/bin/gnu/H-x86_64-pc-linux-gnu/bin/../lib/gcc/nios2-elf/4.9.1/../../../../../H-x86_64-pc-linux-gnu/nios2-elf/lib/mno-hw-mul/libsmallc.a(lib_a-memcmp.o)
 .debug_loc     0x0000000000002bef       0x1e /mnt/Storage/soft/nios2eds/bin/gnu/H-x86_64-pc-linux-gnu/bin/../lib/gcc/nios2-elf/4.9.1/../../../../../H-x86_64-pc-linux-gnu/nios2-elf/lib/mno-hw-mul/libsmallc.a(lib_a-strlen.o)
 .debug_loc     0x0000000000002c0d      0x273 /mnt/Storage/soft/nios2eds/bin/gnu/H-x86_64-pc-linux-gnu/bin/../lib/gcc/nios2-elf/4.9.1/mno-hw-mul/libgcc.a(lib2-divmod.o)

.debug_macinfo
 *(.debug_macinfo)

.debug_weaknames
 *(.debug_weaknames)

.debug_funcnames
 *(.debug_funcnames)

.debug_typenames
 *(.debug_typenames)

.debug_varnames
 *(.debug_varnames)

.debug_alt_sim_info
                0x0000000000000000       0x40
 *(.debug_alt_sim_info)
 .debug_alt_sim_info
                0x0000000000000000       0x10 ../master_bsp//obj/HAL/src/crt0.o
 .debug_alt_sim_info
                0x0000000000000010       0x30 ../master_bsp//libhal_bsp.a(alt_busy_sleep.o)
                0x0000000000005650                __alt_data_end = 0x5650
                0x0000000000005650                PROVIDE (__alt_stack_pointer, __alt_data_end)
                0x00000000000055fc                PROVIDE (__alt_stack_limit, __alt_stack_base)
                0x00000000000055fc                PROVIDE (__alt_heap_start, end)
                0x0000000000005650                PROVIDE (__alt_heap_limit, 0x5650)
OUTPUT(master.elf elf32-littlenios2)

.debug_ranges   0x0000000000000000      0x1e0
 .debug_ranges  0x0000000000000000       0x20 ../master_bsp//obj/HAL/src/crt0.o
 .debug_ranges  0x0000000000000020       0x18 obj/default/master.o
 .debug_ranges  0x0000000000000038       0x20 obj/default/portable/GCC/NiosII/port.o
 .debug_ranges  0x0000000000000058       0xa8 obj/default/tasks.o
 .debug_ranges  0x0000000000000100       0x38 obj/default/portable/GCC/NiosII/port_asm.o
 .debug_ranges  0x0000000000000138       0x10 ../master_bsp//libhal_bsp.a(alt_irq_handler.o)
 .debug_ranges  0x0000000000000148       0x48 ../master_bsp//libhal_bsp.a(alt_load.o)
 .debug_ranges  0x0000000000000190       0x18 ../master_bsp//libhal_bsp.a(alt_printf.o)
 .debug_ranges  0x00000000000001a8       0x18 ../master_bsp//libhal_bsp.a(alt_sys_init.o)
 .debug_ranges  0x00000000000001c0       0x20 ../master_bsp//libhal_bsp.a(alt_dev_llist_insert.o)
