Archive member included to satisfy reference by file (symbol)

../slave_bsp//libhal_bsp.a(alt_load.o)
                              ../slave_bsp//obj/HAL/src/crt0.o (alt_load)
../slave_bsp//libhal_bsp.a(alt_main.o)
                              ../slave_bsp//obj/HAL/src/crt0.o (alt_main)
../slave_bsp//libhal_bsp.a(alt_printf.o)
                              obj/default/slave.o (alt_printf)
../slave_bsp//libhal_bsp.a(alt_putchar.o)
                              ../slave_bsp//libhal_bsp.a(alt_printf.o) (alt_putchar)
../slave_bsp//libhal_bsp.a(alt_putstr.o)
                              obj/default/slave.o (alt_putstr)
../slave_bsp//libhal_bsp.a(alt_usleep.o)
                              obj/default/slave.o (usleep)
../slave_bsp//libhal_bsp.a(alt_sys_init.o)
                              ../slave_bsp//libhal_bsp.a(alt_main.o) (alt_irq_init)
../slave_bsp//libhal_bsp.a(altera_avalon_jtag_uart_write.o)
                              ../slave_bsp//libhal_bsp.a(alt_putchar.o) (altera_avalon_jtag_uart_write)
../slave_bsp//libhal_bsp.a(altera_avalon_mutex.o)
                              obj/default/asym.o (altera_avalon_mutex_open)
../slave_bsp//libhal_bsp.a(alt_busy_sleep.o)
                              ../slave_bsp//libhal_bsp.a(alt_usleep.o) (alt_busy_sleep)
../slave_bsp//libhal_bsp.a(alt_dcache_flush_all.o)
                              ../slave_bsp//libhal_bsp.a(alt_load.o) (alt_dcache_flush_all)
../slave_bsp//libhal_bsp.a(alt_dev_llist_insert.o)
                              ../slave_bsp//libhal_bsp.a(alt_sys_init.o) (alt_dev_llist_insert)
../slave_bsp//libhal_bsp.a(alt_errno.o)
                              ../slave_bsp//libhal_bsp.a(altera_avalon_mutex.o) (alt_errno)
../slave_bsp//libhal_bsp.a(alt_find_dev.o)
                              ../slave_bsp//libhal_bsp.a(altera_avalon_mutex.o) (alt_find_dev)
../slave_bsp//libhal_bsp.a(alt_icache_flush_all.o)
                              ../slave_bsp//libhal_bsp.a(alt_load.o) (alt_icache_flush_all)
../slave_bsp//libhal_bsp.a(altera_nios2_qsys_irq.o)
                              ../slave_bsp//libhal_bsp.a(alt_sys_init.o) (altera_nios2_qsys_irq_init)
/mnt/Storage/soft/nios2eds/bin/gnu/H-x86_64-pc-linux-gnu/bin/../lib/gcc/nios2-elf/4.9.1/../../../../../H-x86_64-pc-linux-gnu/nios2-elf/lib/mno-hw-mul/libsmallc.a(lib_a-int_errno.o)
                              ../slave_bsp//libhal_bsp.a(altera_avalon_mutex.o) (errno)
/mnt/Storage/soft/nios2eds/bin/gnu/H-x86_64-pc-linux-gnu/bin/../lib/gcc/nios2-elf/4.9.1/../../../../../H-x86_64-pc-linux-gnu/nios2-elf/lib/mno-hw-mul/libsmallc.a(lib_a-memcmp.o)
                              ../slave_bsp//libhal_bsp.a(alt_find_dev.o) (memcmp)
/mnt/Storage/soft/nios2eds/bin/gnu/H-x86_64-pc-linux-gnu/bin/../lib/gcc/nios2-elf/4.9.1/../../../../../H-x86_64-pc-linux-gnu/nios2-elf/lib/mno-hw-mul/libsmallc.a(lib_a-strlen.o)
                              ../slave_bsp//libhal_bsp.a(alt_putstr.o) (strlen)
/mnt/Storage/soft/nios2eds/bin/gnu/H-x86_64-pc-linux-gnu/bin/../lib/gcc/nios2-elf/4.9.1/mno-hw-mul/libgcc.a(lib2-divmod.o)
                              ../slave_bsp//libhal_bsp.a(alt_busy_sleep.o) (__udivsi3)
/mnt/Storage/soft/nios2eds/bin/gnu/H-x86_64-pc-linux-gnu/bin/../lib/gcc/nios2-elf/4.9.1/mno-hw-mul/libgcc.a(lib2-mul.o)
                              ../slave_bsp//libhal_bsp.a(alt_busy_sleep.o) (__mulsi3)

Allocating common symbols
Common symbol       size              file

errno               0x4               /mnt/Storage/soft/nios2eds/bin/gnu/H-x86_64-pc-linux-gnu/bin/../lib/gcc/nios2-elf/4.9.1/../../../../../H-x86_64-pc-linux-gnu/nios2-elf/lib/mno-hw-mul/libsmallc.a(lib_a-int_errno.o)

Memory Configuration

Name             Origin             Length             Attributes
reset            0x0000000000000000 0x0000000000000020
onchip_memory2_1 0x0000000000000020 0x0000000000001f80
memory_buff      0x0000000000010000 0x0000000000001fa0
*default*        0x0000000000000000 0xffffffffffffffff

Linker script and memory map

LOAD ../slave_bsp//obj/HAL/src/crt0.o
LOAD obj/default/asym.o
LOAD obj/default/slave.o
LOAD /mnt/Storage/soft/nios2eds/bin/gnu/H-x86_64-pc-linux-gnu/bin/../lib/gcc/nios2-elf/4.9.1/../../../../../H-x86_64-pc-linux-gnu/nios2-elf/lib/mno-hw-mul/libstdc++.a
LOAD /mnt/Storage/soft/nios2eds/bin/gnu/H-x86_64-pc-linux-gnu/bin/../lib/gcc/nios2-elf/4.9.1/../../../../../H-x86_64-pc-linux-gnu/nios2-elf/lib/mno-hw-mul/libm.a
LOAD /mnt/Storage/soft/nios2eds/bin/gnu/H-x86_64-pc-linux-gnu/bin/../lib/gcc/nios2-elf/4.9.1/mno-hw-mul/libgcc.a
START GROUP
LOAD /mnt/Storage/soft/nios2eds/bin/gnu/H-x86_64-pc-linux-gnu/bin/../lib/gcc/nios2-elf/4.9.1/../../../../../H-x86_64-pc-linux-gnu/nios2-elf/lib/mno-hw-mul/libsmallc.a
LOAD /mnt/Storage/soft/nios2eds/bin/gnu/H-x86_64-pc-linux-gnu/bin/../lib/gcc/nios2-elf/4.9.1/mno-hw-mul/libgcc.a
LOAD ../slave_bsp//libhal_bsp.a
LOAD /mnt/Storage/soft/nios2eds/bin/gnu/H-x86_64-pc-linux-gnu/bin/../lib/gcc/nios2-elf/4.9.1/../../../../../H-x86_64-pc-linux-gnu/nios2-elf/lib/mno-hw-mul/libm.a
END GROUP
LOAD /mnt/Storage/soft/nios2eds/bin/gnu/H-x86_64-pc-linux-gnu/bin/../lib/gcc/nios2-elf/4.9.1/mno-hw-mul/libgcc.a
                0x0000000000000000                __alt_mem_onchip_memory2_1 = 0x0
                0x0000000000010000                __alt_mem_memory_buff = 0x10000

.entry          0x0000000000000000       0x20
 *(.entry)
 .entry         0x0000000000000000       0x20 ../slave_bsp//obj/HAL/src/crt0.o
                0x0000000000000000                __reset
                0x000000000000000c                _exit

.exceptions     0x0000000000000020        0x0
                0x0000000000000020                PROVIDE (__ram_exceptions_start, ABSOLUTE (.))
                0x0000000000000020                . = ALIGN (0x20)
 *(.irq)
 *(.exceptions.entry.label)
 *(.exceptions.entry.user)
 *(.exceptions.entry.ecc_fatal)
 *(.exceptions.entry)
 *(.exceptions.irqtest.user)
 *(.exceptions.irqtest)
 *(.exceptions.irqhandler.user)
 *(.exceptions.irqhandler)
 *(.exceptions.irqreturn.user)
 *(.exceptions.irqreturn)
 *(.exceptions.notirq.label)
 *(.exceptions.notirq.user)
 *(.exceptions.notirq)
 *(.exceptions.soft.user)
 *(.exceptions.soft)
 *(.exceptions.unknown.user)
 *(.exceptions.unknown)
 *(.exceptions.exit.label)
 *(.exceptions.exit.user)
 *(.exceptions.exit)
 *(.exceptions)
                0x0000000000000020                PROVIDE (__ram_exceptions_end, ABSOLUTE (.))
                0x0000000000000020                PROVIDE (__flash_exceptions_start, LOADADDR (.exceptions))

.text           0x0000000000000020      0xc74
                0x0000000000000020                PROVIDE (stext, ABSOLUTE (.))
 *(.interp)
 *(.hash)
 *(.dynsym)
 *(.dynstr)
 *(.gnu.version)
 *(.gnu.version_d)
 *(.gnu.version_r)
 *(.rel.init)
 *(.rela.init)
 *(.rel.text .rel.text.* .rel.gnu.linkonce.t.*)
 *(.rela.text .rela.text.* .rela.gnu.linkonce.t.*)
 *(.rel.fini)
 *(.rela.fini)
 *(.rel.rodata .rel.rodata.* .rel.gnu.linkonce.r.*)
 *(.rela.rodata .rela.rodata.* .rela.gnu.linkonce.r.*)
 *(.rel.data .rel.data.* .rel.gnu.linkonce.d.*)
 *(.rela.data .rela.data.* .rela.gnu.linkonce.d.*)
 *(.rel.tdata .rel.tdata.* .rel.gnu.linkonce.td.*)
 *(.rela.tdata .rela.tdata.* .rela.gnu.linkonce.td.*)
 *(.rel.tbss .rel.tbss.* .rel.gnu.linkonce.tb.*)
 *(.rela.tbss .rela.tbss.* .rela.gnu.linkonce.tb.*)
 *(.rel.ctors)
 *(.rela.ctors)
 *(.rel.dtors)
 *(.rela.dtors)
 *(.rel.got)
 *(.rela.got)
 *(.rel.sdata .rel.sdata.* .rel.gnu.linkonce.s.*)
 *(.rela.sdata .rela.sdata.* .rela.gnu.linkonce.s.*)
 *(.rel.sbss .rel.sbss.* .rel.gnu.linkonce.sb.*)
 *(.rela.sbss .rela.sbss.* .rela.gnu.linkonce.sb.*)
 *(.rel.sdata2 .rel.sdata2.* .rel.gnu.linkonce.s2.*)
 *(.rela.sdata2 .rela.sdata2.* .rela.gnu.linkonce.s2.*)
 *(.rel.sbss2 .rel.sbss2.* .rel.gnu.linkonce.sb2.*)
 *(.rela.sbss2 .rela.sbss2.* .rela.gnu.linkonce.sb2.*)
 *(.rel.bss .rel.bss.* .rel.gnu.linkonce.b.*)
 *(.rela.bss .rela.bss.* .rela.gnu.linkonce.b.*)
 *(.rel.plt)
 *(.rela.plt)
 *(.rel.dyn)
 *(.init)
 *(.plt)
 *(.text .stub .text.* .gnu.linkonce.t.*)
 .text          0x0000000000000020       0x3c ../slave_bsp//obj/HAL/src/crt0.o
                0x0000000000000020                _start
 .text          0x000000000000005c      0x290 obj/default/asym.o
                0x000000000000005c                xAsymMutexInit
                0x000000000000009c                xAsymReqQueuInit
                0x00000000000000ec                xAsymGetReq
                0x0000000000000158                xAsymReqQueueNotEmpty
                0x0000000000000194                xAsymTaskCreate
                0x00000000000001b4                vAsymServeReq
                0x0000000000000298                vAsymStartScheduler
 .text          0x00000000000002ec      0x16c obj/default/slave.o
                0x00000000000002ec                xZerothTask
                0x0000000000000320                xFirstTask
                0x0000000000000354                xSecondTask
                0x0000000000000388                xThirdTask
                0x00000000000003bc                xFourthTask
                0x00000000000003f0                xFifthTask
                0x0000000000000424                xSixthTask
 .text.startup  0x0000000000000458       0x9c obj/default/slave.o
                0x0000000000000458                main
 .text          0x00000000000004f4       0xf8 ../slave_bsp//libhal_bsp.a(alt_load.o)
                0x00000000000004f4                alt_load
 .text          0x00000000000005ec       0x2c ../slave_bsp//libhal_bsp.a(alt_main.o)
                0x00000000000005ec                alt_main
 .text          0x0000000000000618      0x16c ../slave_bsp//libhal_bsp.a(alt_printf.o)
                0x0000000000000618                alt_printf
 .text          0x0000000000000784       0x48 ../slave_bsp//libhal_bsp.a(alt_putchar.o)
                0x0000000000000784                alt_putchar
 .text          0x00000000000007cc       0x38 ../slave_bsp//libhal_bsp.a(alt_putstr.o)
                0x00000000000007cc                alt_putstr
 .text          0x0000000000000804        0x4 ../slave_bsp//libhal_bsp.a(alt_usleep.o)
                0x0000000000000804                usleep
 .text          0x0000000000000808       0x34 ../slave_bsp//libhal_bsp.a(alt_sys_init.o)
                0x0000000000000808                alt_irq_init
                0x0000000000000828                alt_sys_init
 .text          0x000000000000083c       0x34 ../slave_bsp//libhal_bsp.a(altera_avalon_jtag_uart_write.o)
                0x000000000000083c                altera_avalon_jtag_uart_write
 .text          0x0000000000000870      0x100 ../slave_bsp//libhal_bsp.a(altera_avalon_mutex.o)
                0x0000000000000870                altera_avalon_mutex_open
                0x00000000000008c8                altera_avalon_mutex_close
                0x00000000000008cc                altera_avalon_mutex_lock
                0x00000000000008f0                altera_avalon_mutex_trylock
                0x0000000000000918                altera_avalon_mutex_unlock
                0x0000000000000938                altera_avalon_mutex_is_mine
                0x0000000000000960                altera_avalon_mutex_first_lock
 .text          0x0000000000000970       0x88 ../slave_bsp//libhal_bsp.a(alt_busy_sleep.o)
                0x0000000000000970                alt_busy_sleep
 .text          0x00000000000009f8        0x4 ../slave_bsp//libhal_bsp.a(alt_dcache_flush_all.o)
                0x00000000000009f8                alt_dcache_flush_all
 .text          0x00000000000009fc       0x78 ../slave_bsp//libhal_bsp.a(alt_dev_llist_insert.o)
                0x00000000000009fc                alt_dev_llist_insert
 .text          0x0000000000000a74        0x0 ../slave_bsp//libhal_bsp.a(alt_errno.o)
 .text          0x0000000000000a74       0x74 ../slave_bsp//libhal_bsp.a(alt_find_dev.o)
                0x0000000000000a74                alt_find_dev
 .text          0x0000000000000ae8        0x4 ../slave_bsp//libhal_bsp.a(alt_icache_flush_all.o)
                0x0000000000000ae8                alt_icache_flush_all
 .text          0x0000000000000aec        0x8 ../slave_bsp//libhal_bsp.a(altera_nios2_qsys_irq.o)
                0x0000000000000aec                altera_nios2_qsys_irq_init
 .text          0x0000000000000af4        0x0 /mnt/Storage/soft/nios2eds/bin/gnu/H-x86_64-pc-linux-gnu/bin/../lib/gcc/nios2-elf/4.9.1/../../../../../H-x86_64-pc-linux-gnu/nios2-elf/lib/mno-hw-mul/libsmallc.a(lib_a-int_errno.o)
 .text          0x0000000000000af4       0x30 /mnt/Storage/soft/nios2eds/bin/gnu/H-x86_64-pc-linux-gnu/bin/../lib/gcc/nios2-elf/4.9.1/../../../../../H-x86_64-pc-linux-gnu/nios2-elf/lib/mno-hw-mul/libsmallc.a(lib_a-memcmp.o)
                0x0000000000000af4                memcmp
 .text          0x0000000000000b24       0x1c /mnt/Storage/soft/nios2eds/bin/gnu/H-x86_64-pc-linux-gnu/bin/../lib/gcc/nios2-elf/4.9.1/../../../../../H-x86_64-pc-linux-gnu/nios2-elf/lib/mno-hw-mul/libsmallc.a(lib_a-strlen.o)
                0x0000000000000b24                strlen
 .text          0x0000000000000b40      0x12c /mnt/Storage/soft/nios2eds/bin/gnu/H-x86_64-pc-linux-gnu/bin/../lib/gcc/nios2-elf/4.9.1/mno-hw-mul/libgcc.a(lib2-divmod.o)
                0x0000000000000bac                __divsi3
                0x0000000000000c00                __modsi3
                0x0000000000000c5c                __udivsi3
                0x0000000000000c64                __umodsi3
 .text          0x0000000000000c6c       0x28 /mnt/Storage/soft/nios2eds/bin/gnu/H-x86_64-pc-linux-gnu/bin/../lib/gcc/nios2-elf/4.9.1/mno-hw-mul/libgcc.a(lib2-mul.o)
                0x0000000000000c6c                __mulsi3
 *(.gnu.warning.*)
 *(.fini)
                0x0000000000000c94                PROVIDE (__etext, ABSOLUTE (.))
                0x0000000000000c94                PROVIDE (_etext, ABSOLUTE (.))
                0x0000000000000c94                PROVIDE (etext, ABSOLUTE (.))
 *(.eh_frame_hdr)
                0x0000000000000c94                . = ALIGN (0x4)
                0x0000000000000c94                PROVIDE (__preinit_array_start, ABSOLUTE (.))
 *(.preinit_array)
                0x0000000000000c94                PROVIDE (__preinit_array_end, ABSOLUTE (.))
                0x0000000000000c94                PROVIDE (__init_array_start, ABSOLUTE (.))
 *(.init_array)
                0x0000000000000c94                PROVIDE (__init_array_end, ABSOLUTE (.))
                0x0000000000000c94                PROVIDE (__fini_array_start, ABSOLUTE (.))
 *(.fini_array)
                0x0000000000000c94                PROVIDE (__fini_array_end, ABSOLUTE (.))
 *(.eh_frame)
 *(.gcc_except_table .gcc_except_table.*)
 *(.dynamic)
                0x0000000000000c94                PROVIDE (__CTOR_LIST__, ABSOLUTE (.))
 *(.ctors)
 *(SORT(.ctors.*))
                0x0000000000000c94                PROVIDE (__CTOR_END__, ABSOLUTE (.))
                0x0000000000000c94                PROVIDE (__DTOR_LIST__, ABSOLUTE (.))
 *(.dtors)
 *(SORT(.dtors.*))
                0x0000000000000c94                PROVIDE (__DTOR_END__, ABSOLUTE (.))
 *(.jcr)
                0x0000000000000c94                . = ALIGN (0x4)

.rodata         0x0000000000000c94       0xcc
                0x0000000000000c94                PROVIDE (__ram_rodata_start, ABSOLUTE (.))
                0x0000000000000c94                . = ALIGN (0x4)
 *(.rodata .rodata.* .gnu.linkonce.r.*)
 .rodata.str1.4
                0x0000000000000c94        0xd obj/default/asym.o
                                         0x10 (size before relaxing)
 *fill*         0x0000000000000ca1        0x3 
 .rodata.str1.4
                0x0000000000000ca4       0xbc obj/default/slave.o
 .rodata.str1.4
                0x0000000000000000       0x10 ../slave_bsp//libhal_bsp.a(alt_sys_init.o)
 *(.rodata1)
                0x0000000000000d60                . = ALIGN (0x4)
                0x0000000000000d60                PROVIDE (__ram_rodata_end, ABSOLUTE (.))
                0x0000000000000c94                PROVIDE (__flash_rodata_start, LOADADDR (.rodata))

.rwdata         0x0000000000000d60       0x20 load address 0x0000000000000d80
                0x0000000000000d60                PROVIDE (__ram_rwdata_start, ABSOLUTE (.))
                0x0000000000000d60                . = ALIGN (0x4)
 *(.got.plt)
 *(.got)
 *(.data1)
 *(.data .data.* .gnu.linkonce.d.*)
 .data          0x0000000000000d60        0x0 ../slave_bsp//obj/HAL/src/crt0.o
 .data          0x0000000000000d60        0x0 obj/default/asym.o
 .data          0x0000000000000d60        0x0 obj/default/slave.o
 .data          0x0000000000000d60        0x0 ../slave_bsp//libhal_bsp.a(alt_load.o)
 .data          0x0000000000000d60        0x0 ../slave_bsp//libhal_bsp.a(alt_main.o)
 .data          0x0000000000000d60        0x0 ../slave_bsp//libhal_bsp.a(alt_printf.o)
 .data          0x0000000000000d60        0x0 ../slave_bsp//libhal_bsp.a(alt_putchar.o)
 .data          0x0000000000000d60        0x0 ../slave_bsp//libhal_bsp.a(alt_putstr.o)
 .data          0x0000000000000d60        0x0 ../slave_bsp//libhal_bsp.a(alt_usleep.o)
 .data          0x0000000000000d60       0x10 ../slave_bsp//libhal_bsp.a(alt_sys_init.o)
 .data          0x0000000000000d70        0x0 ../slave_bsp//libhal_bsp.a(altera_avalon_jtag_uart_write.o)
 .data          0x0000000000000d70        0x0 ../slave_bsp//libhal_bsp.a(altera_avalon_mutex.o)
 .data          0x0000000000000d70        0x0 ../slave_bsp//libhal_bsp.a(alt_busy_sleep.o)
 .data          0x0000000000000d70        0x0 ../slave_bsp//libhal_bsp.a(alt_dcache_flush_all.o)
 .data          0x0000000000000d70        0x0 ../slave_bsp//libhal_bsp.a(alt_dev_llist_insert.o)
 .data          0x0000000000000d70        0x0 ../slave_bsp//libhal_bsp.a(alt_errno.o)
 .data          0x0000000000000d70        0x0 ../slave_bsp//libhal_bsp.a(alt_find_dev.o)
 .data          0x0000000000000d70        0x0 ../slave_bsp//libhal_bsp.a(alt_icache_flush_all.o)
 .data          0x0000000000000d70        0x0 ../slave_bsp//libhal_bsp.a(altera_nios2_qsys_irq.o)
 .data          0x0000000000000d70        0x0 /mnt/Storage/soft/nios2eds/bin/gnu/H-x86_64-pc-linux-gnu/bin/../lib/gcc/nios2-elf/4.9.1/../../../../../H-x86_64-pc-linux-gnu/nios2-elf/lib/mno-hw-mul/libsmallc.a(lib_a-int_errno.o)
 .data          0x0000000000000d70        0x0 /mnt/Storage/soft/nios2eds/bin/gnu/H-x86_64-pc-linux-gnu/bin/../lib/gcc/nios2-elf/4.9.1/../../../../../H-x86_64-pc-linux-gnu/nios2-elf/lib/mno-hw-mul/libsmallc.a(lib_a-memcmp.o)
 .data          0x0000000000000d70        0x0 /mnt/Storage/soft/nios2eds/bin/gnu/H-x86_64-pc-linux-gnu/bin/../lib/gcc/nios2-elf/4.9.1/../../../../../H-x86_64-pc-linux-gnu/nios2-elf/lib/mno-hw-mul/libsmallc.a(lib_a-strlen.o)
 .data          0x0000000000000d70        0x0 /mnt/Storage/soft/nios2eds/bin/gnu/H-x86_64-pc-linux-gnu/bin/../lib/gcc/nios2-elf/4.9.1/mno-hw-mul/libgcc.a(lib2-divmod.o)
 .data          0x0000000000000d70        0x0 /mnt/Storage/soft/nios2eds/bin/gnu/H-x86_64-pc-linux-gnu/bin/../lib/gcc/nios2-elf/4.9.1/mno-hw-mul/libgcc.a(lib2-mul.o)
                0x0000000000008d70                _gp = ABSOLUTE ((. + 0x8000))
                0x0000000000008d70                PROVIDE (gp, _gp)
 *(.rwdata .rwdata.*)
 *(.sdata .sdata.* .gnu.linkonce.s.*)
 .sdata         0x0000000000000d70        0x4 ../slave_bsp//libhal_bsp.a(alt_sys_init.o)
                0x0000000000000d70                jtag_uart_1
 .sdata         0x0000000000000d74        0x8 ../slave_bsp//libhal_bsp.a(altera_avalon_mutex.o)
                0x0000000000000d74                alt_mutex_list
 .sdata         0x0000000000000d7c        0x4 ../slave_bsp//libhal_bsp.a(alt_errno.o)
                0x0000000000000d7c                alt_errno
 *(.sdata2 .sdata2.* .gnu.linkonce.s2.*)
                0x0000000000000d80                . = ALIGN (0x4)
                0x0000000000000d80                _edata = ABSOLUTE (.)
                0x0000000000000d80                PROVIDE (edata, ABSOLUTE (.))
                0x0000000000000d80                PROVIDE (__ram_rwdata_end, ABSOLUTE (.))
                0x0000000000000d80                PROVIDE (__flash_rwdata_start, LOADADDR (.rwdata))

.bss            0x0000000000000da0       0x54
                0x0000000000000da0                __bss_start = ABSOLUTE (.)
                0x0000000000000da0                PROVIDE (__sbss_start, ABSOLUTE (.))
                0x0000000000000da0                PROVIDE (___sbss_start, ABSOLUTE (.))
 *(.dynsbss)
 *(.sbss .sbss.* .gnu.linkonce.sb.*)
 .sbss          0x0000000000000da0        0x4 obj/default/asym.o
 .sbss          0x0000000000000da4        0xc ../slave_bsp//libhal_bsp.a(alt_main.o)
                0x0000000000000da4                alt_envp
                0x0000000000000da8                alt_argv
                0x0000000000000dac                alt_argc
 .sbss          0x0000000000000db0        0x4 /mnt/Storage/soft/nios2eds/bin/gnu/H-x86_64-pc-linux-gnu/bin/../lib/gcc/nios2-elf/4.9.1/../../../../../H-x86_64-pc-linux-gnu/nios2-elf/lib/mno-hw-mul/libsmallc.a(lib_a-int_errno.o)
                0x0000000000000db0                errno
 *(.sbss2 .sbss2.* .gnu.linkonce.sb2.*)
 *(.scommon)
                0x0000000000000db4                PROVIDE (__sbss_end, ABSOLUTE (.))
                0x0000000000000db4                PROVIDE (___sbss_end, ABSOLUTE (.))
 *(.dynbss)
 *(.bss .bss.* .gnu.linkonce.b.*)
 .bss           0x0000000000000db4        0x0 ../slave_bsp//obj/HAL/src/crt0.o
 .bss           0x0000000000000db4       0x40 obj/default/asym.o
 .bss           0x0000000000000df4        0x0 obj/default/slave.o
 .bss           0x0000000000000df4        0x0 ../slave_bsp//libhal_bsp.a(alt_load.o)
 .bss           0x0000000000000df4        0x0 ../slave_bsp//libhal_bsp.a(alt_main.o)
 .bss           0x0000000000000df4        0x0 ../slave_bsp//libhal_bsp.a(alt_printf.o)
 .bss           0x0000000000000df4        0x0 ../slave_bsp//libhal_bsp.a(alt_putchar.o)
 .bss           0x0000000000000df4        0x0 ../slave_bsp//libhal_bsp.a(alt_putstr.o)
 .bss           0x0000000000000df4        0x0 ../slave_bsp//libhal_bsp.a(alt_usleep.o)
 .bss           0x0000000000000df4        0x0 ../slave_bsp//libhal_bsp.a(alt_sys_init.o)
 .bss           0x0000000000000df4        0x0 ../slave_bsp//libhal_bsp.a(altera_avalon_jtag_uart_write.o)
 .bss           0x0000000000000df4        0x0 ../slave_bsp//libhal_bsp.a(altera_avalon_mutex.o)
 .bss           0x0000000000000df4        0x0 ../slave_bsp//libhal_bsp.a(alt_busy_sleep.o)
 .bss           0x0000000000000df4        0x0 ../slave_bsp//libhal_bsp.a(alt_dcache_flush_all.o)
 .bss           0x0000000000000df4        0x0 ../slave_bsp//libhal_bsp.a(alt_dev_llist_insert.o)
 .bss           0x0000000000000df4        0x0 ../slave_bsp//libhal_bsp.a(alt_errno.o)
 .bss           0x0000000000000df4        0x0 ../slave_bsp//libhal_bsp.a(alt_find_dev.o)
 .bss           0x0000000000000df4        0x0 ../slave_bsp//libhal_bsp.a(alt_icache_flush_all.o)
 .bss           0x0000000000000df4        0x0 ../slave_bsp//libhal_bsp.a(altera_nios2_qsys_irq.o)
 .bss           0x0000000000000df4        0x0 /mnt/Storage/soft/nios2eds/bin/gnu/H-x86_64-pc-linux-gnu/bin/../lib/gcc/nios2-elf/4.9.1/../../../../../H-x86_64-pc-linux-gnu/nios2-elf/lib/mno-hw-mul/libsmallc.a(lib_a-int_errno.o)
 .bss           0x0000000000000df4        0x0 /mnt/Storage/soft/nios2eds/bin/gnu/H-x86_64-pc-linux-gnu/bin/../lib/gcc/nios2-elf/4.9.1/../../../../../H-x86_64-pc-linux-gnu/nios2-elf/lib/mno-hw-mul/libsmallc.a(lib_a-memcmp.o)
 .bss           0x0000000000000df4        0x0 /mnt/Storage/soft/nios2eds/bin/gnu/H-x86_64-pc-linux-gnu/bin/../lib/gcc/nios2-elf/4.9.1/../../../../../H-x86_64-pc-linux-gnu/nios2-elf/lib/mno-hw-mul/libsmallc.a(lib_a-strlen.o)
 .bss           0x0000000000000df4        0x0 /mnt/Storage/soft/nios2eds/bin/gnu/H-x86_64-pc-linux-gnu/bin/../lib/gcc/nios2-elf/4.9.1/mno-hw-mul/libgcc.a(lib2-divmod.o)
 .bss           0x0000000000000df4        0x0 /mnt/Storage/soft/nios2eds/bin/gnu/H-x86_64-pc-linux-gnu/bin/../lib/gcc/nios2-elf/4.9.1/mno-hw-mul/libgcc.a(lib2-mul.o)
 *(COMMON)
                0x0000000000000df4                . = ALIGN (0x4)
                0x0000000000000df4                __bss_end = ABSOLUTE (.)

.onchip_memory2_1
                0x0000000000000df4        0x0
                0x0000000000000df4                PROVIDE (_alt_partition_onchip_memory2_1_start, ABSOLUTE (.))
 *(.onchip_memory2_1 .onchip_memory2_1. onchip_memory2_1.*)
                0x0000000000000df4                . = ALIGN (0x4)
                0x0000000000000df4                PROVIDE (_alt_partition_onchip_memory2_1_end, ABSOLUTE (.))
                0x0000000000000df4                _end = ABSOLUTE (.)
                0x0000000000000df4                end = ABSOLUTE (.)
                0x0000000000000df4                __alt_stack_base = ABSOLUTE (.)
                0x0000000000000df4                PROVIDE (_alt_partition_onchip_memory2_1_load_addr, LOADADDR (.onchip_memory2_1))

.memory_buff    0x0000000000010000        0x0 load address 0x0000000000000df4
                0x0000000000010000                PROVIDE (_alt_partition_memory_buff_start, ABSOLUTE (.))
 *(.memory_buff .memory_buff. memory_buff.*)
                0x0000000000010000                . = ALIGN (0x4)
                0x0000000000010000                PROVIDE (_alt_partition_memory_buff_end, ABSOLUTE (.))
                0x0000000000000df4                PROVIDE (_alt_partition_memory_buff_load_addr, LOADADDR (.memory_buff))

.stab
 *(.stab)

.stabstr
 *(.stabstr)

.stab.excl
 *(.stab.excl)

.stab.exclstr
 *(.stab.exclstr)

.stab.index
 *(.stab.index)

.stab.indexstr
 *(.stab.indexstr)

.comment        0x0000000000000000       0x23
 *(.comment)
 .comment       0x0000000000000000       0x23 obj/default/asym.o
                                         0x24 (size before relaxing)
 .comment       0x0000000000000000       0x24 obj/default/slave.o
 .comment       0x0000000000000000       0x24 ../slave_bsp//libhal_bsp.a(alt_load.o)
 .comment       0x0000000000000000       0x24 ../slave_bsp//libhal_bsp.a(alt_main.o)
 .comment       0x0000000000000000       0x24 ../slave_bsp//libhal_bsp.a(alt_printf.o)
 .comment       0x0000000000000000       0x24 ../slave_bsp//libhal_bsp.a(alt_putchar.o)
 .comment       0x0000000000000000       0x24 ../slave_bsp//libhal_bsp.a(alt_putstr.o)
 .comment       0x0000000000000000       0x24 ../slave_bsp//libhal_bsp.a(alt_usleep.o)
 .comment       0x0000000000000000       0x24 ../slave_bsp//libhal_bsp.a(alt_sys_init.o)
 .comment       0x0000000000000000       0x24 ../slave_bsp//libhal_bsp.a(altera_avalon_jtag_uart_write.o)
 .comment       0x0000000000000000       0x24 ../slave_bsp//libhal_bsp.a(altera_avalon_mutex.o)
 .comment       0x0000000000000000       0x24 ../slave_bsp//libhal_bsp.a(alt_busy_sleep.o)
 .comment       0x0000000000000000       0x24 ../slave_bsp//libhal_bsp.a(alt_dcache_flush_all.o)
 .comment       0x0000000000000000       0x24 ../slave_bsp//libhal_bsp.a(alt_dev_llist_insert.o)
 .comment       0x0000000000000000       0x24 ../slave_bsp//libhal_bsp.a(alt_errno.o)
 .comment       0x0000000000000000       0x24 ../slave_bsp//libhal_bsp.a(alt_find_dev.o)
 .comment       0x0000000000000000       0x24 ../slave_bsp//libhal_bsp.a(alt_icache_flush_all.o)
 .comment       0x0000000000000000       0x24 ../slave_bsp//libhal_bsp.a(altera_nios2_qsys_irq.o)
 .comment       0x0000000000000000       0x24 /mnt/Storage/soft/nios2eds/bin/gnu/H-x86_64-pc-linux-gnu/bin/../lib/gcc/nios2-elf/4.9.1/../../../../../H-x86_64-pc-linux-gnu/nios2-elf/lib/mno-hw-mul/libsmallc.a(lib_a-int_errno.o)
 .comment       0x0000000000000000       0x24 /mnt/Storage/soft/nios2eds/bin/gnu/H-x86_64-pc-linux-gnu/bin/../lib/gcc/nios2-elf/4.9.1/../../../../../H-x86_64-pc-linux-gnu/nios2-elf/lib/mno-hw-mul/libsmallc.a(lib_a-memcmp.o)
 .comment       0x0000000000000000       0x24 /mnt/Storage/soft/nios2eds/bin/gnu/H-x86_64-pc-linux-gnu/bin/../lib/gcc/nios2-elf/4.9.1/../../../../../H-x86_64-pc-linux-gnu/nios2-elf/lib/mno-hw-mul/libsmallc.a(lib_a-strlen.o)
 .comment       0x0000000000000000       0x24 /mnt/Storage/soft/nios2eds/bin/gnu/H-x86_64-pc-linux-gnu/bin/../lib/gcc/nios2-elf/4.9.1/mno-hw-mul/libgcc.a(lib2-divmod.o)
 .comment       0x0000000000000000       0x24 /mnt/Storage/soft/nios2eds/bin/gnu/H-x86_64-pc-linux-gnu/bin/../lib/gcc/nios2-elf/4.9.1/mno-hw-mul/libgcc.a(lib2-mul.o)

.debug
 *(.debug)

.line
 *(.line)

.debug_srcinfo
 *(.debug_srcinfo)

.debug_sfnames
 *(.debug_sfnames)

.debug_aranges  0x0000000000000000      0x300
 *(.debug_aranges)
 .debug_aranges
                0x0000000000000000       0x28 ../slave_bsp//obj/HAL/src/crt0.o
 .debug_aranges
                0x0000000000000028       0x20 obj/default/asym.o
 .debug_aranges
                0x0000000000000048       0x28 obj/default/slave.o
 .debug_aranges
                0x0000000000000070       0x20 ../slave_bsp//libhal_bsp.a(alt_load.o)
 .debug_aranges
                0x0000000000000090       0x20 ../slave_bsp//libhal_bsp.a(alt_main.o)
 .debug_aranges
                0x00000000000000b0       0x20 ../slave_bsp//libhal_bsp.a(alt_printf.o)
 .debug_aranges
                0x00000000000000d0       0x20 ../slave_bsp//libhal_bsp.a(alt_putchar.o)
 .debug_aranges
                0x00000000000000f0       0x20 ../slave_bsp//libhal_bsp.a(alt_putstr.o)
 .debug_aranges
                0x0000000000000110       0x20 ../slave_bsp//libhal_bsp.a(alt_usleep.o)
 .debug_aranges
                0x0000000000000130       0x20 ../slave_bsp//libhal_bsp.a(alt_sys_init.o)
 .debug_aranges
                0x0000000000000150       0x20 ../slave_bsp//libhal_bsp.a(altera_avalon_jtag_uart_write.o)
 .debug_aranges
                0x0000000000000170       0x20 ../slave_bsp//libhal_bsp.a(altera_avalon_mutex.o)
 .debug_aranges
                0x0000000000000190       0x20 ../slave_bsp//libhal_bsp.a(alt_busy_sleep.o)
 .debug_aranges
                0x00000000000001b0       0x20 ../slave_bsp//libhal_bsp.a(alt_dcache_flush_all.o)
 .debug_aranges
                0x00000000000001d0       0x20 ../slave_bsp//libhal_bsp.a(alt_dev_llist_insert.o)
 .debug_aranges
                0x00000000000001f0       0x18 ../slave_bsp//libhal_bsp.a(alt_errno.o)
 .debug_aranges
                0x0000000000000208       0x20 ../slave_bsp//libhal_bsp.a(alt_find_dev.o)
 .debug_aranges
                0x0000000000000228       0x20 ../slave_bsp//libhal_bsp.a(alt_icache_flush_all.o)
 .debug_aranges
                0x0000000000000248       0x20 ../slave_bsp//libhal_bsp.a(altera_nios2_qsys_irq.o)
 .debug_aranges
                0x0000000000000268       0x18 /mnt/Storage/soft/nios2eds/bin/gnu/H-x86_64-pc-linux-gnu/bin/../lib/gcc/nios2-elf/4.9.1/../../../../../H-x86_64-pc-linux-gnu/nios2-elf/lib/mno-hw-mul/libsmallc.a(lib_a-int_errno.o)
 .debug_aranges
                0x0000000000000280       0x20 /mnt/Storage/soft/nios2eds/bin/gnu/H-x86_64-pc-linux-gnu/bin/../lib/gcc/nios2-elf/4.9.1/../../../../../H-x86_64-pc-linux-gnu/nios2-elf/lib/mno-hw-mul/libsmallc.a(lib_a-memcmp.o)
 .debug_aranges
                0x00000000000002a0       0x20 /mnt/Storage/soft/nios2eds/bin/gnu/H-x86_64-pc-linux-gnu/bin/../lib/gcc/nios2-elf/4.9.1/../../../../../H-x86_64-pc-linux-gnu/nios2-elf/lib/mno-hw-mul/libsmallc.a(lib_a-strlen.o)
 .debug_aranges
                0x00000000000002c0       0x20 /mnt/Storage/soft/nios2eds/bin/gnu/H-x86_64-pc-linux-gnu/bin/../lib/gcc/nios2-elf/4.9.1/mno-hw-mul/libgcc.a(lib2-divmod.o)
 .debug_aranges
                0x00000000000002e0       0x20 /mnt/Storage/soft/nios2eds/bin/gnu/H-x86_64-pc-linux-gnu/bin/../lib/gcc/nios2-elf/4.9.1/mno-hw-mul/libgcc.a(lib2-mul.o)

.debug_pubnames
 *(.debug_pubnames)

.debug_info     0x0000000000000000     0x2b58
 *(.debug_info .gnu.linkonce.wi.*)
 .debug_info    0x0000000000000000       0x73 ../slave_bsp//obj/HAL/src/crt0.o
 .debug_info    0x0000000000000073      0x532 obj/default/asym.o
 .debug_info    0x00000000000005a5      0x62c obj/default/slave.o
 .debug_info    0x0000000000000bd1      0x1d2 ../slave_bsp//libhal_bsp.a(alt_load.o)
 .debug_info    0x0000000000000da3      0x17b ../slave_bsp//libhal_bsp.a(alt_main.o)
 .debug_info    0x0000000000000f1e      0x153 ../slave_bsp//libhal_bsp.a(alt_printf.o)
 .debug_info    0x0000000000001071      0x138 ../slave_bsp//libhal_bsp.a(alt_putchar.o)
 .debug_info    0x00000000000011a9      0x15d ../slave_bsp//libhal_bsp.a(alt_putstr.o)
 .debug_info    0x0000000000001306       0xd0 ../slave_bsp//libhal_bsp.a(alt_usleep.o)
 .debug_info    0x00000000000013d6      0x2da ../slave_bsp//libhal_bsp.a(alt_sys_init.o)
 .debug_info    0x00000000000016b0      0x190 ../slave_bsp//libhal_bsp.a(altera_avalon_jtag_uart_write.o)
 .debug_info    0x0000000000001840      0x5ef ../slave_bsp//libhal_bsp.a(altera_avalon_mutex.o)
 .debug_info    0x0000000000001e2f       0xd1 ../slave_bsp//libhal_bsp.a(alt_busy_sleep.o)
 .debug_info    0x0000000000001f00       0x8b ../slave_bsp//libhal_bsp.a(alt_dcache_flush_all.o)
 .debug_info    0x0000000000001f8b      0x1a8 ../slave_bsp//libhal_bsp.a(alt_dev_llist_insert.o)
 .debug_info    0x0000000000002133       0x9f ../slave_bsp//libhal_bsp.a(alt_errno.o)
 .debug_info    0x00000000000021d2      0x356 ../slave_bsp//libhal_bsp.a(alt_find_dev.o)
 .debug_info    0x0000000000002528       0x8b ../slave_bsp//libhal_bsp.a(alt_icache_flush_all.o)
 .debug_info    0x00000000000025b3       0x8b ../slave_bsp//libhal_bsp.a(altera_nios2_qsys_irq.o)
 .debug_info    0x000000000000263e       0x83 /mnt/Storage/soft/nios2eds/bin/gnu/H-x86_64-pc-linux-gnu/bin/../lib/gcc/nios2-elf/4.9.1/../../../../../H-x86_64-pc-linux-gnu/nios2-elf/lib/mno-hw-mul/libsmallc.a(lib_a-int_errno.o)
 .debug_info    0x00000000000026c1       0xed /mnt/Storage/soft/nios2eds/bin/gnu/H-x86_64-pc-linux-gnu/bin/../lib/gcc/nios2-elf/4.9.1/../../../../../H-x86_64-pc-linux-gnu/nios2-elf/lib/mno-hw-mul/libsmallc.a(lib_a-memcmp.o)
 .debug_info    0x00000000000027ae       0xc2 /mnt/Storage/soft/nios2eds/bin/gnu/H-x86_64-pc-linux-gnu/bin/../lib/gcc/nios2-elf/4.9.1/../../../../../H-x86_64-pc-linux-gnu/nios2-elf/lib/mno-hw-mul/libsmallc.a(lib_a-strlen.o)
 .debug_info    0x0000000000002870      0x234 /mnt/Storage/soft/nios2eds/bin/gnu/H-x86_64-pc-linux-gnu/bin/../lib/gcc/nios2-elf/4.9.1/mno-hw-mul/libgcc.a(lib2-divmod.o)
 .debug_info    0x0000000000002aa4       0xb4 /mnt/Storage/soft/nios2eds/bin/gnu/H-x86_64-pc-linux-gnu/bin/../lib/gcc/nios2-elf/4.9.1/mno-hw-mul/libgcc.a(lib2-mul.o)

.debug_abbrev   0x0000000000000000     0x1408
 *(.debug_abbrev)
 .debug_abbrev  0x0000000000000000       0x12 ../slave_bsp//obj/HAL/src/crt0.o
 .debug_abbrev  0x0000000000000012      0x208 obj/default/asym.o
 .debug_abbrev  0x000000000000021a      0x16b obj/default/slave.o
 .debug_abbrev  0x0000000000000385       0xe1 ../slave_bsp//libhal_bsp.a(alt_load.o)
 .debug_abbrev  0x0000000000000466      0x120 ../slave_bsp//libhal_bsp.a(alt_main.o)
 .debug_abbrev  0x0000000000000586       0xde ../slave_bsp//libhal_bsp.a(alt_printf.o)
 .debug_abbrev  0x0000000000000664       0xd4 ../slave_bsp//libhal_bsp.a(alt_putchar.o)
 .debug_abbrev  0x0000000000000738       0xe2 ../slave_bsp//libhal_bsp.a(alt_putstr.o)
 .debug_abbrev  0x000000000000081a       0x96 ../slave_bsp//libhal_bsp.a(alt_usleep.o)
 .debug_abbrev  0x00000000000008b0      0x1c5 ../slave_bsp//libhal_bsp.a(alt_sys_init.o)
 .debug_abbrev  0x0000000000000a75       0xd5 ../slave_bsp//libhal_bsp.a(altera_avalon_jtag_uart_write.o)
 .debug_abbrev  0x0000000000000b4a      0x24a ../slave_bsp//libhal_bsp.a(altera_avalon_mutex.o)
 .debug_abbrev  0x0000000000000d94       0x8d ../slave_bsp//libhal_bsp.a(alt_busy_sleep.o)
 .debug_abbrev  0x0000000000000e21       0x42 ../slave_bsp//libhal_bsp.a(alt_dcache_flush_all.o)
 .debug_abbrev  0x0000000000000e63      0x11c ../slave_bsp//libhal_bsp.a(alt_dev_llist_insert.o)
 .debug_abbrev  0x0000000000000f7f       0x5a ../slave_bsp//libhal_bsp.a(alt_errno.o)
 .debug_abbrev  0x0000000000000fd9      0x12e ../slave_bsp//libhal_bsp.a(alt_find_dev.o)
 .debug_abbrev  0x0000000000001107       0x42 ../slave_bsp//libhal_bsp.a(alt_icache_flush_all.o)
 .debug_abbrev  0x0000000000001149       0x42 ../slave_bsp//libhal_bsp.a(altera_nios2_qsys_irq.o)
 .debug_abbrev  0x000000000000118b       0x37 /mnt/Storage/soft/nios2eds/bin/gnu/H-x86_64-pc-linux-gnu/bin/../lib/gcc/nios2-elf/4.9.1/../../../../../H-x86_64-pc-linux-gnu/nios2-elf/lib/mno-hw-mul/libsmallc.a(lib_a-int_errno.o)
 .debug_abbrev  0x00000000000011c2       0x7f /mnt/Storage/soft/nios2eds/bin/gnu/H-x86_64-pc-linux-gnu/bin/../lib/gcc/nios2-elf/4.9.1/../../../../../H-x86_64-pc-linux-gnu/nios2-elf/lib/mno-hw-mul/libsmallc.a(lib_a-memcmp.o)
 .debug_abbrev  0x0000000000001241       0x7f /mnt/Storage/soft/nios2eds/bin/gnu/H-x86_64-pc-linux-gnu/bin/../lib/gcc/nios2-elf/4.9.1/../../../../../H-x86_64-pc-linux-gnu/nios2-elf/lib/mno-hw-mul/libsmallc.a(lib_a-strlen.o)
 .debug_abbrev  0x00000000000012c0       0xd9 /mnt/Storage/soft/nios2eds/bin/gnu/H-x86_64-pc-linux-gnu/bin/../lib/gcc/nios2-elf/4.9.1/mno-hw-mul/libgcc.a(lib2-divmod.o)
 .debug_abbrev  0x0000000000001399       0x6f /mnt/Storage/soft/nios2eds/bin/gnu/H-x86_64-pc-linux-gnu/bin/../lib/gcc/nios2-elf/4.9.1/mno-hw-mul/libgcc.a(lib2-mul.o)

.debug_line     0x0000000000000000     0x1488
 *(.debug_line)
 .debug_line    0x0000000000000000       0x66 ../slave_bsp//obj/HAL/src/crt0.o
 .debug_line    0x0000000000000066      0x1ae obj/default/asym.o
 .debug_line    0x0000000000000214      0x18b obj/default/slave.o
 .debug_line    0x000000000000039f       0xa6 ../slave_bsp//libhal_bsp.a(alt_load.o)
 .debug_line    0x0000000000000445       0xbd ../slave_bsp//libhal_bsp.a(alt_main.o)
 .debug_line    0x0000000000000502      0x110 ../slave_bsp//libhal_bsp.a(alt_printf.o)
 .debug_line    0x0000000000000612       0x4d ../slave_bsp//libhal_bsp.a(alt_putchar.o)
 .debug_line    0x000000000000065f      0x105 ../slave_bsp//libhal_bsp.a(alt_putstr.o)
 .debug_line    0x0000000000000764       0xcf ../slave_bsp//libhal_bsp.a(alt_usleep.o)
 .debug_line    0x0000000000000833      0x15d ../slave_bsp//libhal_bsp.a(alt_sys_init.o)
 .debug_line    0x0000000000000990       0xf0 ../slave_bsp//libhal_bsp.a(altera_avalon_jtag_uart_write.o)
 .debug_line    0x0000000000000a80      0x160 ../slave_bsp//libhal_bsp.a(altera_avalon_mutex.o)
 .debug_line    0x0000000000000be0       0xc0 ../slave_bsp//libhal_bsp.a(alt_busy_sleep.o)
 .debug_line    0x0000000000000ca0       0x4e ../slave_bsp//libhal_bsp.a(alt_dcache_flush_all.o)
 .debug_line    0x0000000000000cee       0xd8 ../slave_bsp//libhal_bsp.a(alt_dev_llist_insert.o)
 .debug_line    0x0000000000000dc6       0x51 ../slave_bsp//libhal_bsp.a(alt_errno.o)
 .debug_line    0x0000000000000e17      0x16c ../slave_bsp//libhal_bsp.a(alt_find_dev.o)
 .debug_line    0x0000000000000f83       0x4e ../slave_bsp//libhal_bsp.a(alt_icache_flush_all.o)
 .debug_line    0x0000000000000fd1       0x50 ../slave_bsp//libhal_bsp.a(altera_nios2_qsys_irq.o)
 .debug_line    0x0000000000001021       0x60 /mnt/Storage/soft/nios2eds/bin/gnu/H-x86_64-pc-linux-gnu/bin/../lib/gcc/nios2-elf/4.9.1/../../../../../H-x86_64-pc-linux-gnu/nios2-elf/lib/mno-hw-mul/libsmallc.a(lib_a-int_errno.o)
 .debug_line    0x0000000000001081      0x162 /mnt/Storage/soft/nios2eds/bin/gnu/H-x86_64-pc-linux-gnu/bin/../lib/gcc/nios2-elf/4.9.1/../../../../../H-x86_64-pc-linux-gnu/nios2-elf/lib/mno-hw-mul/libsmallc.a(lib_a-memcmp.o)
 .debug_line    0x00000000000011e3      0x15e /mnt/Storage/soft/nios2eds/bin/gnu/H-x86_64-pc-linux-gnu/bin/../lib/gcc/nios2-elf/4.9.1/../../../../../H-x86_64-pc-linux-gnu/nios2-elf/lib/mno-hw-mul/libsmallc.a(lib_a-strlen.o)
 .debug_line    0x0000000000001341       0xc7 /mnt/Storage/soft/nios2eds/bin/gnu/H-x86_64-pc-linux-gnu/bin/../lib/gcc/nios2-elf/4.9.1/mno-hw-mul/libgcc.a(lib2-divmod.o)
 .debug_line    0x0000000000001408       0x80 /mnt/Storage/soft/nios2eds/bin/gnu/H-x86_64-pc-linux-gnu/bin/../lib/gcc/nios2-elf/4.9.1/mno-hw-mul/libgcc.a(lib2-mul.o)

.debug_frame    0x0000000000000000      0x5d4
 *(.debug_frame)
 .debug_frame   0x0000000000000000       0xe8 obj/default/asym.o
 .debug_frame   0x00000000000000e8       0xec obj/default/slave.o
 .debug_frame   0x00000000000001d4       0x30 ../slave_bsp//libhal_bsp.a(alt_load.o)
 .debug_frame   0x0000000000000204       0x2c ../slave_bsp//libhal_bsp.a(alt_main.o)
 .debug_frame   0x0000000000000230       0x54 ../slave_bsp//libhal_bsp.a(alt_printf.o)
 .debug_frame   0x0000000000000284       0x30 ../slave_bsp//libhal_bsp.a(alt_putchar.o)
 .debug_frame   0x00000000000002b4       0x30 ../slave_bsp//libhal_bsp.a(alt_putstr.o)
 .debug_frame   0x00000000000002e4       0x20 ../slave_bsp//libhal_bsp.a(alt_usleep.o)
 .debug_frame   0x0000000000000304       0x3c ../slave_bsp//libhal_bsp.a(alt_sys_init.o)
 .debug_frame   0x0000000000000340       0x20 ../slave_bsp//libhal_bsp.a(altera_avalon_jtag_uart_write.o)
 .debug_frame   0x0000000000000360       0x90 ../slave_bsp//libhal_bsp.a(altera_avalon_mutex.o)
 .debug_frame   0x00000000000003f0       0x30 ../slave_bsp//libhal_bsp.a(alt_busy_sleep.o)
 .debug_frame   0x0000000000000420       0x20 ../slave_bsp//libhal_bsp.a(alt_dcache_flush_all.o)
 .debug_frame   0x0000000000000440       0x2c ../slave_bsp//libhal_bsp.a(alt_dev_llist_insert.o)
 .debug_frame   0x000000000000046c       0x3c ../slave_bsp//libhal_bsp.a(alt_find_dev.o)
 .debug_frame   0x00000000000004a8       0x20 ../slave_bsp//libhal_bsp.a(alt_icache_flush_all.o)
 .debug_frame   0x00000000000004c8       0x20 ../slave_bsp//libhal_bsp.a(altera_nios2_qsys_irq.o)
 .debug_frame   0x00000000000004e8       0x20 /mnt/Storage/soft/nios2eds/bin/gnu/H-x86_64-pc-linux-gnu/bin/../lib/gcc/nios2-elf/4.9.1/../../../../../H-x86_64-pc-linux-gnu/nios2-elf/lib/mno-hw-mul/libsmallc.a(lib_a-memcmp.o)
 .debug_frame   0x0000000000000508       0x20 /mnt/Storage/soft/nios2eds/bin/gnu/H-x86_64-pc-linux-gnu/bin/../lib/gcc/nios2-elf/4.9.1/../../../../../H-x86_64-pc-linux-gnu/nios2-elf/lib/mno-hw-mul/libsmallc.a(lib_a-strlen.o)
 .debug_frame   0x0000000000000528       0x8c /mnt/Storage/soft/nios2eds/bin/gnu/H-x86_64-pc-linux-gnu/bin/../lib/gcc/nios2-elf/4.9.1/mno-hw-mul/libgcc.a(lib2-divmod.o)
 .debug_frame   0x00000000000005b4       0x20 /mnt/Storage/soft/nios2eds/bin/gnu/H-x86_64-pc-linux-gnu/bin/../lib/gcc/nios2-elf/4.9.1/mno-hw-mul/libgcc.a(lib2-mul.o)

.debug_str      0x0000000000000000      0xd32
 *(.debug_str)
 .debug_str     0x0000000000000000      0x319 obj/default/asym.o
                                        0x36b (size before relaxing)
 .debug_str     0x0000000000000319       0x8c obj/default/slave.o
                                        0x24a (size before relaxing)
 .debug_str     0x00000000000003a5      0x152 ../slave_bsp//libhal_bsp.a(alt_load.o)
                                        0x224 (size before relaxing)
 .debug_str     0x00000000000004f7       0x5e ../slave_bsp//libhal_bsp.a(alt_main.o)
                                        0x19d (size before relaxing)
 .debug_str     0x0000000000000555       0x59 ../slave_bsp//libhal_bsp.a(alt_printf.o)
                                         0xfa (size before relaxing)
 .debug_str     0x00000000000005ae       0x60 ../slave_bsp//libhal_bsp.a(alt_putchar.o)
                                        0x175 (size before relaxing)
 .debug_str     0x000000000000060e       0x23 ../slave_bsp//libhal_bsp.a(alt_putstr.o)
                                        0x181 (size before relaxing)
 .debug_str     0x0000000000000631       0x24 ../slave_bsp//libhal_bsp.a(alt_usleep.o)
                                        0x13f (size before relaxing)
 .debug_str     0x0000000000000655       0xca ../slave_bsp//libhal_bsp.a(alt_sys_init.o)
                                        0x2a7 (size before relaxing)
 .debug_str     0x000000000000071f       0x39 ../slave_bsp//libhal_bsp.a(altera_avalon_jtag_uart_write.o)
                                        0x1fd (size before relaxing)
 .debug_str     0x0000000000000758       0xfd ../slave_bsp//libhal_bsp.a(altera_avalon_mutex.o)
                                        0x323 (size before relaxing)
 .debug_str     0x0000000000000855       0x33 ../slave_bsp//libhal_bsp.a(alt_busy_sleep.o)
                                        0x153 (size before relaxing)
 .debug_str     0x0000000000000888       0x1f ../slave_bsp//libhal_bsp.a(alt_dcache_flush_all.o)
                                        0x13d (size before relaxing)
 .debug_str     0x00000000000008a7       0x36 ../slave_bsp//libhal_bsp.a(alt_dev_llist_insert.o)
                                        0x1b4 (size before relaxing)
 .debug_str     0x00000000000008dd       0x14 ../slave_bsp//libhal_bsp.a(alt_errno.o)
                                        0x12d (size before relaxing)
 .debug_str     0x00000000000008f1       0x25 ../slave_bsp//libhal_bsp.a(alt_find_dev.o)
                                        0x1e9 (size before relaxing)
 .debug_str     0x0000000000000916       0x1f ../slave_bsp//libhal_bsp.a(alt_icache_flush_all.o)
                                        0x13d (size before relaxing)
 .debug_str     0x0000000000000935       0x20 ../slave_bsp//libhal_bsp.a(altera_nios2_qsys_irq.o)
                                        0x144 (size before relaxing)
 .debug_str     0x0000000000000955      0x105 /mnt/Storage/soft/nios2eds/bin/gnu/H-x86_64-pc-linux-gnu/bin/../lib/gcc/nios2-elf/4.9.1/../../../../../H-x86_64-pc-linux-gnu/nios2-elf/lib/mno-hw-mul/libsmallc.a(lib_a-int_errno.o)
                                        0x19d (size before relaxing)
 .debug_str     0x0000000000000a5a       0xd4 /mnt/Storage/soft/nios2eds/bin/gnu/H-x86_64-pc-linux-gnu/bin/../lib/gcc/nios2-elf/4.9.1/../../../../../H-x86_64-pc-linux-gnu/nios2-elf/lib/mno-hw-mul/libsmallc.a(lib_a-memcmp.o)
                                        0x1a4 (size before relaxing)
 .debug_str     0x0000000000000b2e       0x3e /mnt/Storage/soft/nios2eds/bin/gnu/H-x86_64-pc-linux-gnu/bin/../lib/gcc/nios2-elf/4.9.1/../../../../../H-x86_64-pc-linux-gnu/nios2-elf/lib/mno-hw-mul/libsmallc.a(lib_a-strlen.o)
                                        0x1aa (size before relaxing)
 .debug_str     0x0000000000000b6c      0x186 /mnt/Storage/soft/nios2eds/bin/gnu/H-x86_64-pc-linux-gnu/bin/../lib/gcc/nios2-elf/4.9.1/mno-hw-mul/libgcc.a(lib2-divmod.o)
                                        0x1d1 (size before relaxing)
 .debug_str     0x0000000000000cf2       0x40 /mnt/Storage/soft/nios2eds/bin/gnu/H-x86_64-pc-linux-gnu/bin/../lib/gcc/nios2-elf/4.9.1/mno-hw-mul/libgcc.a(lib2-mul.o)
                                        0x192 (size before relaxing)

.debug_loc      0x0000000000000000      0xbb8
 *(.debug_loc)
 .debug_loc     0x0000000000000000       0xa7 obj/default/asym.o
 .debug_loc     0x00000000000000a7       0xe7 obj/default/slave.o
 .debug_loc     0x000000000000018e       0x8d ../slave_bsp//libhal_bsp.a(alt_load.o)
 .debug_loc     0x000000000000021b      0x1c6 ../slave_bsp//libhal_bsp.a(alt_printf.o)
 .debug_loc     0x00000000000003e1       0x2c ../slave_bsp//libhal_bsp.a(alt_putchar.o)
 .debug_loc     0x000000000000040d       0x37 ../slave_bsp//libhal_bsp.a(alt_putstr.o)
 .debug_loc     0x0000000000000444       0x21 ../slave_bsp//libhal_bsp.a(alt_usleep.o)
 .debug_loc     0x0000000000000465       0x21 ../slave_bsp//libhal_bsp.a(alt_sys_init.o)
 .debug_loc     0x0000000000000486       0x8b ../slave_bsp//libhal_bsp.a(altera_avalon_jtag_uart_write.o)
 .debug_loc     0x0000000000000511      0x1b2 ../slave_bsp//libhal_bsp.a(altera_avalon_mutex.o)
 .debug_loc     0x00000000000006c3       0x67 ../slave_bsp//libhal_bsp.a(alt_busy_sleep.o)
 .debug_loc     0x000000000000072a       0x58 ../slave_bsp//libhal_bsp.a(alt_dev_llist_insert.o)
 .debug_loc     0x0000000000000782       0x7e ../slave_bsp//libhal_bsp.a(alt_find_dev.o)
 .debug_loc     0x0000000000000800       0x94 /mnt/Storage/soft/nios2eds/bin/gnu/H-x86_64-pc-linux-gnu/bin/../lib/gcc/nios2-elf/4.9.1/../../../../../H-x86_64-pc-linux-gnu/nios2-elf/lib/mno-hw-mul/libsmallc.a(lib_a-memcmp.o)
 .debug_loc     0x0000000000000894       0x1e /mnt/Storage/soft/nios2eds/bin/gnu/H-x86_64-pc-linux-gnu/bin/../lib/gcc/nios2-elf/4.9.1/../../../../../H-x86_64-pc-linux-gnu/nios2-elf/lib/mno-hw-mul/libsmallc.a(lib_a-strlen.o)
 .debug_loc     0x00000000000008b2      0x273 /mnt/Storage/soft/nios2eds/bin/gnu/H-x86_64-pc-linux-gnu/bin/../lib/gcc/nios2-elf/4.9.1/mno-hw-mul/libgcc.a(lib2-divmod.o)
 .debug_loc     0x0000000000000b25       0x93 /mnt/Storage/soft/nios2eds/bin/gnu/H-x86_64-pc-linux-gnu/bin/../lib/gcc/nios2-elf/4.9.1/mno-hw-mul/libgcc.a(lib2-mul.o)

.debug_macinfo
 *(.debug_macinfo)

.debug_weaknames
 *(.debug_weaknames)

.debug_funcnames
 *(.debug_funcnames)

.debug_typenames
 *(.debug_typenames)

.debug_varnames
 *(.debug_varnames)

.debug_alt_sim_info
                0x0000000000000000       0x40
 *(.debug_alt_sim_info)
 .debug_alt_sim_info
                0x0000000000000000       0x10 ../slave_bsp//obj/HAL/src/crt0.o
 .debug_alt_sim_info
                0x0000000000000010       0x30 ../slave_bsp//libhal_bsp.a(alt_busy_sleep.o)
                0x0000000000001fa0                __alt_data_end = 0x1fa0
                0x0000000000001fa0                PROVIDE (__alt_stack_pointer, __alt_data_end)
                0x0000000000000df4                PROVIDE (__alt_stack_limit, __alt_stack_base)
                0x0000000000000df4                PROVIDE (__alt_heap_start, end)
                0x0000000000001fa0                PROVIDE (__alt_heap_limit, 0x1fa0)
OUTPUT(slave.elf elf32-littlenios2)

.debug_ranges   0x0000000000000000       0xe8
 .debug_ranges  0x0000000000000000       0x20 ../slave_bsp//obj/HAL/src/crt0.o
 .debug_ranges  0x0000000000000020       0x18 obj/default/asym.o
 .debug_ranges  0x0000000000000038       0x18 obj/default/slave.o
 .debug_ranges  0x0000000000000050       0x48 ../slave_bsp//libhal_bsp.a(alt_load.o)
 .debug_ranges  0x0000000000000098       0x18 ../slave_bsp//libhal_bsp.a(alt_printf.o)
 .debug_ranges  0x00000000000000b0       0x18 ../slave_bsp//libhal_bsp.a(alt_sys_init.o)
 .debug_ranges  0x00000000000000c8       0x20 ../slave_bsp//libhal_bsp.a(alt_dev_llist_insert.o)
